140	1.2
0.000000	0.000000	0.000000
rece2_m.pdb	54.675	87.230	19.860
ligand_m.pdb	-24.507	62.702	8.796
-0.523599	2.682859	-0.817071	138	119	137	1316.231
-0.942478	2.558223	-1.164189	135	120	135	1255.358
-0.314159	2.569130	-0.700837	139	119	139	1252.555
-0.523599	2.572710	-0.934665	138	119	137	1243.193
-0.628319	2.558223	-1.164189	136	121	135	1222.673
-0.628319	2.572710	-0.934665	137	119	137	1221.607
-1.570796	1.572701	-2.528730	127	124	136	1208.176
-1.989675	2.336046	-1.115799	117	133	33	1173.241
-0.942478	2.485945	-1.374853	133	122	135	1168.955
-2.513274	1.912224	0.366565	7	35	138	1154.691
-1.151917	2.485945	-1.374853	132	121	135	1152.623
-2.617994	1.815016	0.278951	8	33	0	1149.080
0.000000	2.738409	2.975671	13	29	114	1146.501
0.733038	2.214075	1.600691	118	123	137	1146.211
0.628319	2.203804	1.756176	119	127	135	1141.178
0.733038	2.099185	1.667006	120	123	136	1139.150
-2.827433	2.048538	0.806623	130	30	125	1134.481
0.837758	2.203804	1.756176	121	124	135	1131.065
-0.209440	2.539516	-0.476942	138	121	138	1130.644
-2.722714	2.134684	0.907065	129	29	124	1130.318
-0.837758	2.558223	-1.164189	135	120	136	1130.055
0.628319	2.321510	1.685664	118	127	136	1129.203
0.733038	2.084401	1.810502	121	125	134	1128.310
-1.466077	2.485945	-1.374853	130	122	136	1125.428
-1.780236	1.393612	1.952016	1	27	110	1121.436
-0.418879	2.682859	-0.817071	0	119	137	1120.359
-2.722714	2.216256	1.020029	130	29	123	1116.488
-1.675516	2.255601	-1.728131	122	139	132	1115.285
-0.314159	2.539516	-0.476942	136	121	138	1111.288
-1.466077	2.747398	1.727166	21	25	116	1110.893
-2.513274	1.793737	0.410270	8	34	138	1109.772
2.827433	1.971438	-2.765415	12	29	123	1108.235
-1.675516	2.645260	1.570203	21	25	116	1107.604
-0.733038	2.572710	-0.934665	137	119	136	1107.207
-1.256637	1.908408	-2.648903	134	114	2	1106.228
-2.722714	2.048538	0.806623	128	29	125	1102.651
-0.837758	1.858863	-3.106022	139	110	7	1102.280
-1.884956	2.442222	-1.195837	114	131	31	1097.432
-1.884956	2.740366	1.374341	22	25	118	1097.165
-3.036873	1.958989	0.712772	133	32	126	1097.060
2.827433	1.898741	-2.875735	12	30	125	1095.127
3.036873	0.534610	2.154808	11	19	16	1092.670
-2.932153	2.005145	0.941012	133	32	127	1090.826
-0.523599	0.142314	2.590387	123	122	26	1089.597
-0.314159	2.830209	2.734943	13	30	115	1089.073
2.932153	2.175711	-2.655523	9	28	119	1087.711
-2.303835	1.139125	-1.924528	119	127	26	1087.665
-1.570796	2.453499	-1.008861	113	129	29	1087.523
2.827433	2.043060	-2.653746	11	28	121	1087.176
-1.466077	2.937409	2.947245	131	35	125	1084.990
-3.036873	1.834787	0.751968	134	33	128	1084.679
-1.884956	2.226002	-1.060248	118	132	35	1084.417
-0.418879	2.460199	-0.822008	137	119	0	1082.707
0.104720	2.738409	2.975671	11	30	114	1081.465
0.733038	2.321510	1.685664	118	125	136	1080.777
-2.722714	2.267390	0.878499	128	27	121	1080.625
-1.570796	1.832690	-0.468440	122	138	35	1080.382
-1.570796	2.645260	1.570203	20	26	115	1079.944
-1.466077	2.838301	1.980061	25	21	117	1079.215
-1.047198	1.307513	1.628003	118	2	12	1078.744
0.000000	2.833517	-3.085508	17	28	116	1078.483
-2.408554	1.793737	0.410270	6	35	138	1078.159
0.628319	2.214075	1.600691	118	125	137	1078.068
-1.989675	2.226002	-1.060248	118	133	35	1076.872
-1.256637	1.975135	-2.539127	134	114	3	1076.188
0.837758	2.321510	1.685664	119	124	136	1076.082
-2.827433	1.833945	-2.320278	110	129	21	1075.814
2.722714	1.954572	-0.859208	4	13	37	1075.118
-2.932153	1.888979	0.982922	133	33	129	1074.309
0.733038	2.203804	1.756176	120	125	135	1074.158
-2.513274	1.815016	0.278951	7	34	0	1073.666
-2.617994	2.216256	1.020029	128	28	123	1073.420
-2.303835	1.115957	-1.787597	120	127	28	1072.976
0.523599	2.307301	1.336200	116	123	1	1072.215
0.000000	2.539516	-0.476942	2	118	139	1071.669
-1.466077	1.707500	-2.531497	130	123	135	1071.452
-2.722714	1.960212	-2.307561	110	127	21	1070.934
0.000000	2.937409	2.947245	12	32	117	1070.933
-3.141593	1.649932	0.576808	134	34	130	1069.898
2.513274	2.931927	-2.728768	115	0	0	1069.823
-1.466077	1.572701	-2.528730	129	123	136	1069.319
-1.780236	2.740366	1.374341	21	27	118	1068.968
-2.932153	2.048538	0.806623	131	31	125	1068.765
-3.036873	0.420680	2.088164	8	20	19	1068.490
2.094395	1.317907	-1.121023	131	26	12	1068.453
-3.036873	1.922616	0.844633	134	33	128	1068.252
-2.408554	1.912224	0.366565	5	36	138	1067.095
0.104720	2.635396	1.848850	117	5	137	1066.786
2.722714	1.865619	-0.952036	2	13	37	1066.657
0.104720	2.833517	-3.085508	15	29	116	1065.841
-0.209440	2.830209	2.734943	11	31	115	1065.190
-0.837758	2.608630	-1.378011	135	122	134	1064.989
-0.209440	2.717705	2.625995	9	30	113	1064.778
0.314159	2.722319	-2.954069	15	29	116	1064.146
-0.942478	2.608630	-1.378011	133	122	135	1063.771
-1.570796	1.634747	-2.426198	127	123	137	1063.591
-2.722714	2.178879	0.767722	128	28	122	1063.273
-1.989675	2.338083	-0.943400	117	136	34	1063.057
0.837758	2.324731	1.511186	119	121	138	1062.499
2.617994	2.036004	-0.757062	8	13	36	1062.085
3.036873	2.307188	-2.656134	7	27	117	1061.375
-3.036873	2.048538	0.806623	133	32	125	1061.214
-1.361357	2.043060	-2.653746	133	114	1	1060.229
-2.827433	2.213937	0.621892	128	27	119	1060.223
2.722714	2.036004	-0.757062	7	14	36	1059.970
-1.989675	2.244035	-1.229456	117	130	34	1059.638
-1.780236	2.849871	1.512012	23	24	119	1058.841
-2.199115	1.139125	-1.924528	120	126	27	1058.096
2.513274	0.534610	2.154808	26	21	121	1057.715
-2.617994	1.793737	0.410270	10	33	138	1057.553
-1.989675	1.258247	-1.953634	122	118	11	1057.146
-0.104720	2.937409	2.947245	14	31	117	1056.520
-2.722714	1.815016	0.278951	10	32	0	1056.345
-2.827433	2.134684	0.907065	130	31	124	1056.016
-1.884956	1.459902	-1.145835	124	125	32	1055.922
-0.209440	1.770460	2.154208	124	126	136	1055.278
-0.104720	2.661713	-0.529511	1	119	138	1054.901
-1.675516	2.747398	1.727166	24	22	117	1054.373
0.733038	1.990381	1.586005	120	121	137	1053.678
0.523599	2.324731	1.511186	116	126	138	1053.637
2.722714	2.157194	-0.792563	6	16	34	1052.258
-1.466077	1.908408	-2.648903	131	114	2	1052.202
-0.837758	2.672720	-1.110422	137	119	136	1051.938
0.314159	2.417202	-0.103363	4	120	139	1051.794
-2.932153	1.958989	0.712772	131	31	126	1050.230
-1.361357	1.908408	-2.648903	133	114	2	1050.064
-1.780236	1.298546	2.020601	139	27	110	1049.783
-1.361357	2.608630	-1.378011	132	121	135	1049.694
2.932153	2.108891	-2.532166	8	28	119	1049.387
-1.780236	2.033572	-1.842884	125	124	138	1049.035
-1.151917	1.437208	-2.529085	134	105	12	1048.983
0.733038	2.103223	1.521685	119	121	138	1048.665
-1.466077	0.704080	2.911636	115	124	10	1048.578
-2.827433	2.216256	1.020029	132	31	123	1048.333
-2.094395	2.244035	-1.229456	117	132	34	1047.893
-1.780236	1.374245	-1.226417	126	122	32	1047.582
0.418879	2.185580	1.287673	114	123	2	1047.339
-1.570796	2.572710	-0.934665	112	131	27	1047.261
-1.675516	1.199898	-2.777257	115	3	16	1045.814
2.827433	2.036004	-0.757062	5	14	36	1045.347
-1.780236	1.999226	-0.620717	119	138	33	1045.117
1.047198	2.870445	-2.291001	13	32	120	1044.659
-2.408554	1.103783	0.408254	120	22	0	1044.630
-2.932153	2.085731	0.671081	130	30	122	1044.599
0.628319	1.982107	1.720829	120	124	135	1044.527
2.617994	1.954572	-0.859208	6	13	37	1044.465
0.209440	2.833517	-3.085508	13	30	116	1044.448
-3.036873	1.865912	0.624453	132	32	126	1043.748
-2.932153	1.922616	0.844633	132	32	128	1043.657
0.628319	2.099185	1.667006	119	125	136	1043.334
-1.675516	0.858279	-2.138895	122	117	15	1043.301
-0.628319	1.858863	-3.106022	2	118	137	1043.197
1.570796	0.400542	-2.995729	24	25	124	1043.175
-1.675516	1.393612	1.952016	139	27	110	1043.171
-1.256637	1.840579	-2.536445	133	113	4	1042.998
-3.036873	1.743328	0.663347	132	33	129	1042.538
-0.418879	2.717705	2.625995	12	29	113	1042.325
0.628319	1.990381	1.586005	119	122	137	1040.991
-2.827433	1.969112	1.088273	132	32	128	1040.760
-0.104720	2.738409	2.975671	15	29	114	1040.597
3.036873	2.175711	-2.655523	7	29	119	1040.168
-0.314159	0.251672	2.848900	130	114	6	1040.109
-1.675516	1.915763	-0.724679	121	134	34	1040.083
2.408554	2.234383	-2.792065	17	22	119	1039.866
-1.466077	2.460199	-0.822008	113	131	29	1039.653
-1.256637	1.305241	-2.530249	132	105	14	1039.368
0.837758	1.964774	1.855507	124	123	133	1039.326
0.628319	0.389851	-2.340031	28	18	129	1038.922
-1.570796	2.460199	-0.822008	113	133	29	1038.748
-1.989675	0.761141	-2.781102	117	118	20	1038.616
-1.361357	2.461774	-1.734913	138	119	133	1038.280
-1.989675	2.740366	1.374341	24	23	118	1038.207
2.408554	1.162103	-1.322553	124	25	9	1038.070
-2.513274	1.770735	0.537245	9	34	136	1037.955
-0.523599	2.558223	-1.164189	136	121	136	1037.913
-1.675516	1.234375	-2.421194	124	123	0	1037.387
-1.361357	1.840579	-2.536445	131	113	5	1037.257
2.722714	1.908408	-2.648903	11	28	122	1037.104
-0.628319	2.569130	-0.700837	134	122	137	1037.084
-0.628319	2.717705	2.625995	16	27	113	1036.911
-1.884956	1.258247	-1.953634	123	117	10	1036.632
-2.199115	1.115957	-1.787597	121	126	28	1035.764
0.000000	1.642346	1.722617	130	135	116	1035.181
-1.466077	2.343265	-0.779061	114	132	31	1034.894
-3.141593	1.834787	0.751968	136	34	129	1034.733
-0.314159	2.717705	2.625995	11	30	113	1033.909
-1.675516	2.122474	-0.648314	117	136	31	1033.599
-1.466077	2.035818	-0.379479	118	139	32	1033.472
-3.036873	1.770735	0.537245	132	32	127	1033.208
0.733038	1.522373	1.764991	125	119	135	1033.110
2.617994	1.155458	-1.460623	121	23	7	1032.798
0.837758	1.982107	1.720829	123	121	135	1032.777
2.617994	2.931927	-2.728768	115	139	139	1032.691
-1.675516	1.314142	2.139329	137	24	109	1032.637
1.780236	1.983318	-0.247182	25	6	0	1032.584
-2.932153	0.519001	1.900488	9	20	18	1032.471
-2.932153	2.442222	-1.195837	128	31	133	1032.349
-1.466077	1.511948	-2.632360	129	106	10	1032.286
2.722714	1.986720	-0.993220	2	15	36	1032.180
-1.570796	2.747398	1.727166	23	23	116	1032.162
-1.256637	2.043060	-2.653746	135	114	1	1032.087
-1.466077	1.437208	-2.529085	129	105	13	1031.866
-2.617994	1.925185	0.231170	7	34	0	1031.442
-2.722714	2.156337	1.151558	131	31	125	1031.415
-1.570796	2.568462	0.150655	120	30	139	1031.414
-2.408554	2.026074	0.300945	4	36	138	1031.238
-1.884956	1.752959	-0.567548	124	139	36	1031.230
-1.675516	1.498261	-2.425270	125	123	138	1030.875
-1.570796	2.035818	-0.379479	119	0	32	1030.055
-1.675516	2.660483	-0.034608	119	29	138	1030.015
-1.466077	1.832690	-0.468440	121	137	35	1029.962
-2.408554	1.770735	0.537245	7	35	136	1029.923
-1.884956	2.627402	1.293552	20	27	117	1029.877
2.617994	2.157194	-0.792563	8	15	34	1029.785
0.942478	1.982107	1.720829	123	121	135	1029.710
0.104720	2.722319	-2.954069	18	27	116	1029.671
-1.361357	1.437208	-2.529085	131	105	13	1029.556
-1.780236	2.536533	1.466274	20	26	115	1029.271
-1.675516	2.442222	-1.195837	113	128	31	1029.247
-1.780236	1.510518	1.884920	3	28	110	1029.023
-1.780236	1.752959	-0.567548	124	138	36	1028.811
-1.151917	2.885017	0.655562	121	31	131	1028.691
2.617994	0.420680	2.088164	25	22	123	1028.642
-0.628319	2.676626	2.335353	10	30	113	1028.307
2.617994	2.112276	-1.027246	4	16	34	1028.000
-3.036873	2.005145	0.941012	135	33	127	1027.883
-1.675516	0.806832	3.022155	115	126	9	1027.753
-2.303835	2.396339	1.200900	126	24	120	1027.745
2.303835	1.892144	-2.005340	135	31	123	1027.622
-2.617994	1.673557	0.452526	10	33	139	1027.588
-1.780236	1.258247	-1.953634	124	115	11	1027.505
0.418879	2.278618	1.170386	114	122	3	1027.285
-2.617994	0.518569	1.644237	8	20	19	1027.049
-0.837758	0.889834	2.529957	124	109	7	1026.835
2.932153	2.043060	-2.653746	9	29	121	1026.834
2.408554	0.283625	2.405603	24	25	125	1026.800
-1.361357	1.707500	-2.531497	132	123	135	1026.605
2.827433	2.157194	-0.792563	5	16	34	1026.387
-0.942478	2.134684	0.907065	118	9	0	1026.227
-2.722714	1.498261	-2.425270	114	137	138	1026.107
2.827433	1.908408	-2.648903	10	29	122	1026.104
0.628319	1.990523	1.450326	118	120	139	1025.917
-1.884956	1.915467	-1.883143	123	125	139	1025.458
-2.722714	2.082784	1.042403	130	30	126	1025.333
2.094395	0.482460	2.849843	22	26	121	1024.975
-3.036873	2.085731	0.671081	132	31	122	1024.936
-0.733038	1.201164	2.355931	126	113	1	1024.836
0.837758	2.084401	1.810502	122	124	134	1024.625
3.036873	1.496414	-2.009267	120	26	1	1024.560
-1.675516	1.510518	1.884920	1	28	110	1024.541
-3.141593	1.865912	0.624453	134	33	126	1024.499
-1.884956	2.485945	-1.374853	113	128	30	1024.384
-1.361357	1.305241	-2.530249	130	105	14	1024.175
-1.256637	1.234375	-2.421194	132	104	16	1024.000
-1.675516	2.453499	-1.008861	113	131	30	1023.883
-0.733038	1.898741	-2.875735	3	117	138	1023.680
0.209440	2.722319	-2.954069	17	28	116	1022.937
-2.617994	2.768238	-1.679243	114	139	5	1022.843
-0.209440	2.738409	2.975671	17	27	114	1022.777
0.628319	2.807091	-2.687477	14	31	118	1022.308
-0.628319	2.801154	2.353143	11	31	115	1022.211
-0.418879	2.340210	0.562145	113	134	6	1022.033
-1.361357	1.975135	-2.539127	132	114	3	1021.844
-1.675516	1.697162	-1.249026	122	130	33	1021.774
-1.361357	2.386110	-1.481351	129	122	135	1021.111
2.408554	0.560531	2.378474	24	23	120	1020.905
-0.104720	1.770460	2.154208	124	125	136	1020.816
-2.513274	1.053682	0.689863	121	22	2	1020.727
0.523599	2.185580	1.287673	115	121	2	1020.707
-1.675516	1.367028	-2.420041	125	122	139	1020.518
0.523599	2.099185	1.667006	118	126	136	1020.328
-1.570796	1.707500	-2.531497	128	124	135	1020.033
0.628319	2.103223	1.521685	118	122	138	1019.957
-0.523599	2.830209	2.734943	17	28	115	1019.937
-1.675516	1.752959	-0.567548	124	137	36	1019.699
0.942478	2.084401	1.810502	123	122	134	1019.555
0.628319	2.307301	1.336200	116	121	1	1019.523
3.036873	1.743328	0.663347	137	34	129	1019.399
-2.932153	2.082784	1.042403	134	33	126	1019.238
3.036873	2.234383	-2.792065	8	29	119	1018.883
0.418879	0.451839	-2.078193	28	18	131	1018.758
2.094395	0.251672	2.848900	22	27	125	1018.629
0.628319	2.538504	1.699812	116	130	137	1018.310
-1.570796	0.704080	2.911636	115	126	10	1018.295
-1.675516	2.536533	1.466274	18	27	114	1018.225
-2.722714	2.886428	-1.793217	114	139	3	1018.196
2.617994	2.223375	-0.906185	7	17	33	1018.172
-1.989675	2.353029	-1.310529	115	129	32	1018.085
-0.733038	1.378096	0.774626	114	139	20	1017.865
1.989675	0.251672	2.848900	24	25	126	1017.753
0.209440	2.278618	1.170386	113	126	4	1017.674
1.989675	3.088868	-0.989501	17	29	121	1017.626
2.303835	1.432325	-1.029054	131	25	13	1017.070
2.827433	1.975135	-2.539127	9	28	120	1016.965
0.733038	1.865046	1.763384	123	122	134	1016.388
-1.989675	2.485945	-1.374853	113	129	30	1016.070
2.932153	2.157194	-0.792563	3	16	34	1015.920
-1.570796	2.245628	-1.899216	128	123	137	1015.905
-2.094395	0.761141	-2.781102	116	120	20	1015.820
-2.199115	1.139877	0.276382	118	18	137	1015.801
-1.675516	1.813816	-1.298435	120	129	31	1015.601
-0.942478	2.672720	-1.110422	135	120	136	1015.599
-1.780236	1.459902	-1.145835	125	124	32	1015.542
-1.466077	1.957868	-0.490784	119	137	33	1015.537
2.303835	0.927138	-2.569686	9	27	121	1015.254
-1.256637	1.234531	-2.190148	134	105	21	1015.184
-1.570796	2.682152	0.245751	121	31	136	1014.877
-2.617994	2.032917	-2.199917	111	127	22	1014.821
3.036873	0.426507	2.367872	7	20	18	1014.543
1.675516	0.281664	-2.969147	22	27	126	1014.541
1.466077	0.506104	-2.874910	24	25	124	1014.508
2.827433	1.954572	-0.859208	2	13	36	1014.401
-0.733038	1.803705	0.881076	113	138	16	1014.249
0.000000	1.934862	1.989776	128	124	136	1014.242
-1.780236	0.858279	-2.138895	121	118	16	1013.948
-0.314159	1.846350	1.893983	126	126	136	1013.763
-0.837758	1.665496	2.397872	131	119	137	1013.745
-0.942478	0.759800	2.546181	122	109	9	1013.675
-0.733038	1.616061	2.521531	133	116	138	1013.431
-1.780236	2.353029	-1.310529	114	127	32	1013.419
2.827433	2.245973	-0.702234	7	17	32	1013.225
-1.675516	2.898932	0.139973	121	32	133	1012.856
-2.932153	1.969112	1.088273	134	33	128	1012.666
-1.675516	1.915790	-1.216366	119	131	31	1012.532
-1.047198	2.485945	-1.374853	132	122	134	1012.174
-1.675516	2.780471	0.027732	119	30	136	1012.139
-0.628319	1.622114	0.701509	113	136	20	1012.131
2.617994	1.971438	-2.765415	13	26	122	1012.068
-0.209440	2.937409	2.947245	16	30	117	1012.032
0.523599	2.536533	1.466274	115	127	139	1011.776
-1.780236	1.495297	2.007188	2	26	109	1011.446
2.617994	2.079746	-0.897699	6	15	35	1011.242
-1.151917	1.234375	-2.421194	134	104	16	1011.156
-1.780236	1.286936	1.886053	0	29	112	1011.120
0.523599	2.321510	1.685664	117	129	136	1010.805
0.314159	0.451839	-2.078193	29	16	131	1010.763
0.837758	2.303283	1.855938	119	127	134	1010.687
-0.418879	2.780471	0.027732	110	123	14	1010.683
-1.780236	1.876049	-0.594378	121	138	34	1010.626
-1.989675	1.262380	-0.157609	117	17	132	1010.607
0.942478	2.099185	1.667006	121	121	136	1010.135
-1.989675	2.131223	-1.174311	119	131	36	1010.112
0.942478	2.417950	2.666662	125	11	123	1009.819
-2.932153	2.134684	0.907065	133	32	124	1009.507
2.722714	2.043060	-2.653746	12	27	121	1009.404
-0.628319	1.834787	0.751968	112	135	18	1009.384
-0.628319	1.579542	-0.755917	134	117	40	1009.360
0.837758	2.996437	-2.089121	18	27	120	1009.307
0.837758	0.609360	-2.464379	28	20	126	1009.268
-0.314159	2.449191	-0.633651	137	120	139	1009.072
-1.047198	1.971438	-2.765415	0	113	139	1009.002
-0.418879	2.830209	2.734943	15	29	115	1008.851
-1.570796	1.437208	-2.529085	126	124	137	1008.408
-1.151917	1.296978	-2.311511	135	105	18	1007.981
-2.408554	0.977824	0.441928	121	21	2	1007.450
-1.047198	2.558223	-1.164189	134	120	137	1007.266
-0.733038	2.825762	1.085035	121	30	129	1007.148
-2.303835	1.019495	-1.894487	120	127	27	1007.002
-1.047198	1.898741	-2.875735	139	114	138	1006.974
-0.418879	1.803705	0.881076	111	132	15	1006.833
0.837758	2.434090	1.592818	118	124	137	1006.507
0.314159	2.885017	0.655562	112	121	9	1006.491
-0.628319	1.803705	0.881076	112	136	16	1006.480
-0.628319	2.355120	0.388593	113	136	8	1006.159
-2.199115	2.705107	1.062142	23	26	119	1005.958
0.523599	2.278618	1.170386	115	120	3	1005.865
2.827433	1.841033	-2.756932	12	30	125	1005.703
-0.837758	1.898741	-2.875735	2	116	138	1005.657
-1.780236	1.197745	-1.173705	129	122	33	1005.456
-0.209440	2.569130	-0.700837	0	119	138	1005.127
-2.094395	2.353029	-1.310529	115	131	32	1005.097
-0.837758	1.378096	0.774626	115	1	20	1005.070
2.513274	2.112276	-1.027246	6	16	33	1004.404
-1.570796	2.166724	-0.401638	117	0	30	1004.385
-1.884956	2.660483	-0.034608	122	32	138	1004.277
-3.141593	1.496414	-2.009267	119	24	1	1004.165
-1.151917	1.361998	-2.207254	136	105	20	1004.099
-1.675516	2.849871	1.512012	22	26	119	1003.717
-0.209440	2.898932	0.139973	111	121	12	1003.661
0.209440	0.670850	-1.945257	29	14	133	1003.658
-0.104720	1.720612	2.279888	126	124	136	1003.464
-1.884956	1.377070	-1.980984	123	116	10	1003.304
0.733038	2.538504	1.699812	116	128	137	1003.130
-1.884956	1.374245	-1.226417	125	123	32	1002.843
-2.303835	1.232870	-1.822773	119	128	28	1002.732
-1.780236	2.558223	-1.164189	112	131	29	1002.711
-1.361357	1.431375	-2.313269	131	105	17	1002.272
-2.408554	2.278618	1.170386	126	26	122	1002.251
2.722714	1.471330	-1.886160	125	30	4	1002.140
2.827433	2.175711	-2.655523	11	27	119	1002.121
-1.780236	1.377070	-1.980984	125	115	10	1001.937
-1.466077	2.789817	0.395431	121	32	134	1001.888
-0.523599	2.569130	-0.700837	135	121	137	1001.873
-3.141593	1.770735	0.537245	134	33	128	1001.589
-0.942478	1.841033	-2.756932	0	114	0	1001.564
-1.466077	2.568462	0.150655	119	28	139	1001.488
-0.104720	2.717705	2.625995	7	31	113	1001.264
-0.209440	1.846350	1.893983	126	124	137	1001.170
2.722714	2.079746	-0.897699	4	15	35	1001.053
0.733038	2.423190	1.789783	118	128	136	1001.003
0.314159	2.833517	-3.085508	12	31	116	1000.877
0.942478	1.964774	1.855507	125	122	133	1000.859
-0.733038	1.922616	0.844633	113	137	16	1000.734
-0.733038	2.237695	-0.271388	3	31	128	1000.508
-0.314159	1.846833	2.826543	137	125	133	1000.506
-1.570796	2.261466	-1.557500	123	138	132	1000.460
-1.466077	1.652224	-0.996105	125	128	38	1000.166
0.628319	2.931927	-2.728768	12	32	118	999.765
-0.314159	1.555041	0.947813	112	130	6	999.655
-2.827433	2.085731	0.671081	129	29	123	999.402
0.314159	2.396339	1.200900	114	125	3	998.895
-1.675516	1.957868	-0.490784	120	139	33	998.682
-2.094395	0.879254	-2.733338	116	119	19	998.558
-0.523599	2.487747	2.505912	10	26	110	998.428
-2.199115	2.721001	2.060097	128	35	131	998.413
1.047198	1.982107	1.720829	124	120	135	998.411
-0.837758	2.487957	-0.274279	113	131	13	998.242
2.722714	1.975135	-2.539127	10	27	120	997.930
0.733038	2.536533	1.466274	117	124	139	997.848
2.513274	0.426507	2.367872	23	25	122	997.507
1.361357	0.727136	-1.633288	10	30	131	997.374
-2.827433	0.312219	-2.072057	117	14	138	997.114
1.780236	0.493314	3.117264	23	25	122	997.058
1.884956	0.493314	3.117264	22	27	122	996.768
0.942478	2.434090	1.592818	119	122	137	996.586
-1.884956	2.338083	-0.943400	117	134	34	996.568
-1.675516	2.417202	-0.103363	120	27	3	996.542
0.942478	2.303283	1.855938	121	125	134	996.240
-2.303835	1.258247	-1.953634	118	128	26	996.206
0.837758	2.423692	1.392696	118	120	139	996.133
-1.780236	1.304210	-2.084225	124	116	8	995.881
-0.628319	2.825762	1.085035	119	29	129	995.819
1.989675	0.378103	2.646436	27	21	123	995.747
-1.780236	1.697162	-1.249026	122	131	33	995.676
-2.932153	2.336046	-1.115799	129	31	135	995.527
-0.733038	1.665496	2.397872	132	118	137	995.521
2.932153	1.908408	-2.648903	9	31	123	995.514
-2.617994	2.355120	0.388593	9	32	126	995.332
2.932153	2.363101	-2.810456	9	26	117	995.320
-2.617994	2.156337	1.151558	129	29	125	995.022
2.722714	1.266731	-1.412461	122	23	8	994.874
-2.303835	2.278618	1.170386	125	23	122	994.754
-2.513274	1.925185	0.231170	5	35	0	994.727
-0.418879	1.748077	1.804354	125	126	137	994.527
2.303835	1.685031	-2.009038	136	31	124	994.387
2.408554	1.459902	-1.145835	129	26	11	994.258
-2.303835	2.435993	0.683844	126	23	120	994.257
0.209440	1.441473	1.448544	120	120	138	994.252
0.837758	2.538504	1.699812	117	126	137	994.234
0.942478	2.321510	1.685664	120	123	136	994.159
-1.884956	2.932096	2.377790	128	34	127	994.117
-0.942478	2.948048	1.133127	125	34	129	994.093
-2.617994	1.912224	0.366565	9	34	138	994.060
-1.466077	2.572710	-0.934665	111	129	27	994.039
0.523599	1.990381	1.586005	118	124	137	993.685
-0.628319	1.713452	0.789419	112	136	18	993.319
2.827433	2.156474	-2.912065	11	28	121	993.098
-0.523599	1.444527	2.664744	136	113	139	993.034
-0.523599	1.983318	-0.247182	139	30	126	992.965
-1.780236	1.484741	-1.279219	124	122	31	992.424
-1.047198	2.763799	0.760372	120	30	132	992.303
-0.733038	0.947774	2.395256	124	110	5	992.285
2.303835	2.146582	-1.793788	137	32	125	992.252
-1.675516	1.832690	-0.468440	122	139	35	992.231
-2.303835	2.838301	1.980061	129	35	129	992.181
0.837758	1.990381	1.586005	121	119	137	992.173
-0.733038	1.124930	2.219917	123	114	2	992.012
-1.151917	2.048538	0.806623	119	13	2	991.894
-0.733038	2.932096	2.377790	14	31	117	991.869
-2.722714	2.355120	0.388593	10	31	126	991.770
-0.733038	2.611256	-0.279110	110	124	19	991.685
0.523599	0.451839	-2.078193	27	20	131	991.567
2.303835	0.283625	2.405603	26	23	125	991.469
-2.932153	2.178879	0.767722	131	30	122	991.410
0.628319	2.434090	1.592818	116	127	137	991.408
2.303835	0.426507	2.367872	26	22	122	991.405
-1.884956	1.735719	-3.092485	124	120	134	991.360
-2.408554	0.851126	0.493370	121	20	4	991.284
-1.884956	2.134269	-1.948042	130	122	132	991.235
-0.104720	2.539516	-0.476942	0	119	0	991.229
0.628319	2.324731	1.511186	117	124	139	991.141
0.000000	1.813159	2.025395	129	122	136	991.102
-2.722714	0.451839	-2.078193	117	12	138	991.085
-1.780236	0.700065	3.115430	114	126	11	990.950
-1.256637	1.437208	-2.529085	132	105	12	990.732
-2.199115	2.386110	-1.481351	114	130	30	990.714
2.932153	2.245973	-0.702234	5	17	33	990.654
-1.675516	2.152901	-1.636788	121	0	134	990.576
2.513274	0.420680	2.088164	27	20	124	990.519
-2.199115	1.019495	-1.894487	117	124	19	990.517
1.151917	2.321510	1.685664	121	121	136	990.379
2.513274	1.155458	-1.460623	123	25	7	990.377
-0.733038	1.541082	2.424608	131	116	138	990.375
-2.094395	2.611256	-0.279110	122	31	0	990.348
-0.628319	1.616061	2.521531	134	116	138	990.297
0.733038	2.434090	1.592818	117	125	137	990.228
0.523599	0.525564	-2.288838	29	16	129	990.116
1.256637	2.303283	1.855938	122	123	134	989.817
-1.361357	2.343265	-0.779061	114	131	31	989.777
-1.151917	1.452754	-2.738631	133	106	8	989.726
-0.837758	2.734349	-0.289298	110	126	17	989.571
-0.104720	2.833517	-3.085508	19	27	116	989.523
-0.523599	2.717705	2.625995	14	28	113	989.322
-1.361357	1.234531	-2.190148	132	105	21	989.246
0.418879	2.097496	1.373172	115	123	1	989.058
-1.151917	2.763799	0.760372	122	32	132	989.019
2.094395	1.197745	-1.173705	129	26	11	988.938
0.209440	0.535020	-1.891846	28	16	133	988.817
2.722714	2.245973	-0.702234	9	16	33	988.789
-1.151917	2.558146	0.627191	120	30	135	988.699
-1.570796	1.999226	-0.620717	118	135	33	988.563
-0.314159	3.064492	1.647259	124	33	129	988.529
2.722714	0.848189	-1.705003	118	22	3	988.392
-2.303835	1.103783	0.408254	119	20	0	988.251
0.942478	2.203804	1.756176	121	123	135	988.199
-1.361357	2.364509	-1.644533	137	119	134	987.993
-0.837758	2.216256	1.020029	118	8	138	987.892
-1.466077	2.682152	0.245751	119	30	136	987.744
-1.256637	2.937409	2.947245	127	33	125	987.709
-1.361357	2.789817	0.395431	120	30	134	987.413
0.104720	2.937409	2.947245	10	33	117	987.398
0.733038	1.875561	1.632831	122	120	136	987.303
0.314159	2.185580	1.287673	114	125	2	987.085
-0.523599	2.111003	-0.268632	139	30	127	987.036
0.942478	2.324731	1.511186	120	120	137	987.004
-0.733038	1.743328	0.663347	113	137	20	986.886
1.570796	0.281664	-2.969147	24	25	127	986.786
-1.570796	1.498261	-2.425270	126	121	138	986.775
-2.827433	2.082784	1.042403	132	32	126	986.693
-1.361357	2.485945	-1.374853	131	121	136	986.625
2.722714	1.971438	-2.765415	13	28	123	986.605
-0.523599	1.834787	0.751968	111	133	18	986.522
-1.780236	2.040501	-1.411488	117	129	28	986.383
-3.141593	1.429580	-2.107232	119	24	0	986.344
-1.675516	2.245973	-0.702234	115	135	29	986.319
-3.141593	1.958989	0.712772	135	33	126	986.085
0.209440	2.517528	1.923289	117	4	135	986.030
-1.256637	1.431375	-2.313269	133	104	17	985.980
0.733038	1.652871	1.600681	122	118	137	985.910
-0.837758	1.841033	-2.756932	2	115	0	985.898
2.513274	1.496414	-2.009267	134	30	125	985.884
-2.408554	2.216256	1.020029	125	25	123	985.880
-0.837758	1.760169	1.678132	122	6	129	985.589
2.617994	1.986720	-0.993220	4	14	36	985.494
-1.884956	2.536533	1.466274	22	24	116	985.489
-1.256637	2.364509	-1.644533	138	118	135	985.435
-2.303835	1.139877	0.276382	119	21	138	985.435
-2.722714	1.833945	-2.320278	110	126	21	985.432
1.989675	0.493314	3.117264	19	29	121	985.384
-1.675516	2.035818	-0.379479	119	1	32	985.189
0.104720	2.931927	-2.728768	19	25	117	985.168
-1.675516	1.304210	-2.084225	126	115	8	985.165
-0.837758	1.589936	0.825020	114	0	18	985.155
-3.036873	0.398249	-1.812694	117	13	0	985.135
2.303835	0.560531	2.378474	25	21	120	985.079
1.884956	1.983318	-0.247182	25	7	0	985.033
-0.209440	2.572710	-0.934665	138	121	136	984.979
-0.314159	3.050410	3.138492	19	26	118	984.954
-1.780236	1.735719	-3.092485	126	119	134	984.931
-2.722714	2.085731	0.671081	128	28	123	984.886
-1.570796	2.338083	-0.943400	114	131	32	984.851
-1.570796	1.957868	-0.490784	119	138	33	984.680
-2.827433	1.922616	0.844633	130	31	128	984.669
-1.675516	1.377070	-1.980984	126	115	9	984.642
-1.151917	1.246495	-2.646872	132	105	12	984.474
-0.523599	1.690107	2.620910	136	116	138	984.467
-2.617994	0.405617	1.773533	5	21	20	984.457
-0.628319	1.898741	-2.875735	4	118	138	984.390
2.722714	2.572710	-0.934665	10	31	127	984.318
-2.513274	2.267390	0.878499	126	25	121	984.140
-0.837758	1.971438	-2.765415	3	115	139	984.074
1.884956	0.368784	2.974974	24	25	124	984.074
-1.884956	1.572701	-2.528730	116	6	6	983.965
-1.675516	1.559671	-1.074934	124	124	32	983.793
-0.733038	1.490555	2.543284	131	114	0	983.712
-1.570796	2.255601	-1.728131	133	119	134	983.585
-0.837758	0.947774	2.395256	123	111	5	983.305
2.617994	1.904429	-2.428029	10	27	120	983.299
0.942478	2.180752	1.908485	123	125	133	983.118
0.209440	0.725300	-2.975134	122	21	123	982.989
-1.256637	1.296978	-2.311511	133	104	18	982.910
-2.617994	1.886971	-2.196665	111	126	23	982.828
-2.827433	2.178879	0.767722	130	29	122	982.804
-1.151917	1.975135	-2.539127	136	114	3	982.629
-0.628319	0.142314	2.590387	122	123	26	982.587
-2.513274	2.216256	1.020029	127	27	123	982.554
0.837758	1.865046	1.763384	124	121	134	982.446
0.628319	2.211602	1.443930	117	122	139	982.410
-1.466077	2.166724	-0.401638	117	138	30	982.335
-1.989675	2.627402	1.293552	22	25	118	982.318
-1.884956	2.539532	-0.074548	122	31	1	982.305
-2.094395	2.336046	-1.115799	117	135	33	982.238
-2.303835	1.813159	2.025395	6	28	116	982.141
-0.837758	2.237695	-0.271388	4	31	128	981.990
-0.523599	0.251672	2.848900	126	114	7	981.971
-1.570796	2.336046	-1.115799	114	127	33	981.889
-1.256637	1.367028	-2.420041	133	104	15	981.852
-1.361357	2.937409	2.947245	129	34	125	981.748
-1.151917	1.431375	-2.313269	135	104	17	981.438
-1.361357	2.111003	-0.268632	117	139	31	981.358
2.617994	0.829198	-1.532491	119	21	6	981.299
0.209440	2.604150	-2.885208	18	26	115	981.292
-1.570796	2.122474	-0.648314	117	134	31	981.262
-0.837758	1.201164	2.355931	125	114	1	981.253
-0.628319	2.111003	-0.268632	1	30	127	981.234
0.209440	1.362302	1.239384	117	119	1	981.231
-0.733038	1.713452	0.789419	113	138	18	981.213
-0.628319	1.500204	0.737638	113	137	20	981.089
-0.104720	1.982107	1.720829	123	126	138	981.076
-1.151917	1.305241	-2.530249	133	105	13	980.890
2.617994	1.865619	-0.952036	3	13	37	980.747
-0.314159	1.832060	-0.821627	136	112	37	980.288
2.932153	1.898741	-2.875735	11	31	125	980.242
1.361357	0.386248	-2.690943	23	26	126	980.143
0.733038	2.931927	-2.728768	10	33	118	980.122
-1.675516	3.011274	0.434110	126	35	131	980.118
-2.722714	1.886971	-2.196665	111	128	23	980.065
2.513274	2.558223	-1.164189	10	31	127	980.059
-1.361357	2.449191	-0.633651	113	133	29	979.624
-3.036873	2.226002	-1.060248	132	32	137	979.588
-1.570796	2.111003	-0.268632	118	2	31	979.449
1.151917	2.108891	-2.532166	5	35	122	979.415
-2.617994	2.035818	-0.379479	137	33	6	979.285
-1.256637	1.377578	-2.636339	131	105	11	979.036
-3.141593	2.996437	-2.089121	114	1	2	979.005
-0.523599	2.676626	2.335353	8	30	113	978.994
-2.199115	1.273606	0.224545	118	20	136	978.979
-0.837758	1.466050	0.862104	115	0	18	978.943
0.418879	2.722319	-2.954069	13	30	115	978.919
2.303835	1.162103	-1.322553	126	26	9	978.895
-2.722714	0.405617	1.773533	7	20	20	978.852
-2.827433	2.886428	-1.793217	114	1	4	978.809
-0.733038	2.660483	-0.034608	113	132	8	978.717
3.036873	2.243347	-2.521049	8	27	116	978.715
-1.675516	1.673267	-0.665453	125	135	37	978.675
-1.151917	1.971438	-2.765415	139	112	139	978.604
-3.141593	2.243347	-2.521049	6	28	117	978.467
-2.094395	2.485945	-1.374853	113	131	30	978.167
-1.884956	2.608630	-1.378011	111	128	27	978.075
-1.361357	2.460199	-0.822008	112	130	29	978.064
-2.094395	2.307301	1.336200	124	21	122	978.007
-1.780236	2.485945	-1.374853	113	126	30	977.980
2.408554	0.641441	-2.842109	12	26	122	977.896
0.733038	2.303283	1.855938	119	128	134	977.888
0.837758	2.180752	1.908485	121	126	133	977.843
-1.466077	1.522416	-0.954956	127	129	39	977.731
-2.722714	1.793737	0.410270	12	32	138	977.657
1.047198	2.321510	1.685664	121	121	136	977.642
2.199115	1.484741	-1.279219	131	29	9	977.473
-1.047198	1.437208	-2.529085	136	105	12	977.356
1.047198	0.386248	-2.690943	28	20	127	977.232
2.722714	1.496414	-2.009267	124	31	1	977.220
1.780236	0.664008	1.360091	136	29	125	977.202
-2.094395	1.139877	0.276382	118	17	139	977.186
-0.104720	2.449191	-0.633651	0	118	0	977.140
-1.884956	1.892144	-2.005340	118	4	139	977.134
-1.151917	1.168406	-2.301519	135	105	19	977.112
-0.628319	1.760169	1.678132	123	128	139	976.889
-0.942478	1.426479	1.573427	118	0	12	976.821
2.827433	0.859754	1.603292	1	26	13	976.664
0.942478	2.395716	1.977184	120	128	134	976.530
-0.523599	2.603559	2.555114	12	27	111	976.510
-3.036873	2.729840	-1.368237	127	30	127	976.376
-0.418879	1.690107	2.620910	138	117	138	976.328
0.942478	2.744633	-2.391311	14	31	119	976.221
-1.466077	1.840579	-2.536445	129	113	5	976.172
-0.523599	2.780471	0.027732	110	125	15	976.113
2.513274	1.691693	-1.871572	128	34	3	976.054
-1.256637	2.518454	-1.565852	131	124	131	975.919
-1.570796	2.212686	-0.544809	116	137	30	975.836
-0.418879	1.865619	-0.952036	137	111	36	975.704
-2.199115	0.984265	-2.156073	115	125	15	975.424
-1.047198	1.546010	1.523462	119	2	12	975.385
3.036873	1.429580	-2.107232	120	26	0	975.305
2.932153	1.776419	-2.642421	10	32	125	975.287
2.617994	0.147206	-1.385164	117	16	1	975.251
0.733038	1.642346	1.722617	123	120	135	975.220
-1.570796	2.467647	0.287667	122	32	139	975.213
2.722714	1.685031	-2.009038	124	32	1	975.190
0.104720	0.725300	-2.975134	122	23	123	975.181
-1.780236	1.106275	-2.420800	122	124	1	975.149
-0.523599	2.660483	-0.034608	110	124	17	975.098
0.314159	2.681411	-2.667965	21	26	117	974.992
2.513274	0.283625	2.405603	23	26	125	974.812
0.837758	1.522373	1.764991	126	118	135	974.730
-0.733038	2.166724	-0.401638	1	31	129	974.571
-1.570796	1.821360	-2.984352	130	116	135	974.523
-2.094395	1.284798	0.078209	117	18	134	974.471
-0.942478	2.442222	-1.195837	133	119	136	974.469
-1.884956	1.522416	-0.954956	124	128	34	974.379
-2.827433	2.005145	0.941012	131	31	127	974.368
-0.418879	2.487747	2.505912	9	27	110	974.318
-1.989675	0.535020	-1.891846	122	119	20	974.265
2.722714	0.405617	1.773533	28	19	125	974.236
-1.151917	1.234531	-2.190148	136	105	21	974.093
-0.314159	1.865619	-0.952036	139	111	36	973.981
-0.104720	0.594963	2.997575	127	31	126	973.906
0.523599	2.463986	1.034407	114	120	4	973.856
0.628319	0.660897	-2.278593	28	18	128	973.851
-0.733038	1.780769	1.416330	119	7	132	973.816
-3.036873	2.336046	-1.115799	131	32	135	973.760
-0.942478	1.546010	1.523462	119	1	12	973.737
0.523599	1.533648	1.644808	122	120	136	973.626
-2.094395	2.261466	-1.557500	115	126	33	973.508
-0.837758	2.166724	-0.401638	3	31	129	973.306
2.722714	2.112276	-1.027246	2	17	34	973.016
2.094395	0.493314	3.117264	18	29	122	973.010
2.932153	2.307188	-2.656134	9	26	117	972.946
-1.361357	1.234375	-2.421194	130	104	16	972.843
-2.722714	1.969112	1.088273	130	31	128	972.776
2.827433	2.026196	-2.889057	12	29	123	972.725
-0.628319	2.807091	-2.687477	127	31	121	972.689
0.418879	2.833517	-3.085508	10	32	116	972.688
2.722714	1.904429	-2.428029	9	28	120	972.590
2.303835	3.088868	-0.989501	12	33	121	972.507
0.942478	2.870445	-2.291001	15	31	120	972.351
-2.303835	0.972820	-1.762780	121	126	29	972.267
-2.094395	2.386110	-1.481351	114	128	31	972.230
-2.932153	2.485945	-1.374853	137	21	112	972.135
-1.884956	2.131223	-1.174311	119	129	36	972.061
-1.256637	1.498261	-2.425270	133	104	14	972.025
-1.570796	0.916555	-2.287173	122	117	13	971.977
0.733038	2.180752	1.908485	121	128	133	971.962
0.523599	2.807091	-2.687477	16	30	118	971.898
-1.570796	2.950896	1.797889	25	22	119	971.828
-1.570796	2.343265	-0.779061	114	133	31	971.801
-1.466077	1.305241	-2.530249	128	105	14	971.799
-2.617994	1.724852	0.202831	8	32	2	971.746
2.722714	0.420680	2.088164	24	24	123	971.578
-1.466077	0.806832	3.022155	116	123	8	971.519
-1.884956	1.317907	-1.121023	127	124	33	971.502
-1.361357	2.747398	1.727166	20	26	116	971.479
-1.780236	1.367028	-2.420041	123	124	139	971.389
-3.141593	1.571702	-2.098435	119	25	139	971.346
-1.256637	1.168406	-2.301519	133	105	19	971.338
-2.408554	1.239414	0.348959	119	23	136	971.030
-1.361357	1.429580	-2.107232	132	105	21	970.861
-1.780236	2.442222	-1.195837	113	129	31	970.714
-1.570796	1.915790	-1.216366	118	129	30	970.651
2.722714	0.308059	2.021491	25	23	126	970.592
1.780236	0.251672	2.848900	27	21	126	970.476
-1.884956	1.807825	-2.090455	123	128	135	970.361
3.036873	2.043060	-2.653746	8	30	121	970.304
-1.675516	1.572701	-2.528730	125	125	136	969.871
-2.094395	2.211602	1.443930	124	23	124	969.837
-2.827433	2.049006	1.199930	133	32	127	969.833
-0.628319	1.739676	2.496017	134	118	137	969.789
1.151917	2.717705	2.625995	118	0	135	969.734
0.942478	2.214075	1.600691	121	120	137	969.619
-0.733038	1.016938	2.270674	123	112	4	969.616
-1.466077	1.431375	-2.313269	130	105	17	969.611
-1.570796	0.858279	-2.138895	123	116	15	969.542
-0.104720	1.026525	2.506945	136	108	2	969.442
3.036873	1.433341	0.524268	136	34	133	969.409
0.523599	2.931927	-2.728768	14	31	118	969.382
-0.733038	1.649932	0.576808	113	137	23	969.299
-0.628319	1.433341	0.524268	111	136	16	969.285
-1.780236	1.612085	1.968802	4	26	109	969.285
-2.932153	2.779245	-2.046268	114	138	3	969.281
-1.361357	2.885017	0.655562	124	34	131	969.164
-1.780236	1.957868	-0.490784	120	1	33	969.049
-1.989675	2.442222	-1.195837	114	132	31	968.817
-1.989675	1.339410	0.900087	3	39	138	968.747
2.513274	2.485945	-1.374853	5	31	127	968.717
-1.675516	1.928342	-1.351174	118	128	30	968.669
-3.141593	0.420680	2.088164	10	19	18	968.582
-2.303835	1.239414	0.348959	118	21	137	968.496
0.523599	2.214075	1.600691	117	126	137	968.474
-0.837758	2.825762	1.085035	122	32	129	968.463
-2.094395	2.825762	1.085035	22	26	120	968.444
0.733038	1.990523	1.450326	119	119	139	968.404
-2.932153	2.309655	0.726020	136	30	123	968.402
-1.361357	1.361998	-2.207254	132	105	20	968.279
-1.466077	1.911828	-0.364489	120	139	33	968.097
-2.617994	0.851126	0.493370	123	23	3	968.039
2.617994	1.043272	-1.522986	120	23	6	967.959
-1.047198	2.048538	0.806623	118	10	2	967.936
2.617994	0.308059	2.021491	27	21	126	967.909
-0.418879	2.569130	-0.700837	138	119	139	967.796
-3.141593	1.743328	0.663347	135	34	130	967.660
-2.827433	1.616061	2.521531	0	24	114	967.519
-2.513274	1.960212	-2.307561	111	123	20	967.505
1.780236	0.368784	2.974974	25	24	123	967.347
2.722714	0.632797	1.989858	25	21	120	967.253
-0.418879	1.184734	1.968919	129	113	6	967.228
-0.942478	2.082784	1.042403	119	10	138	967.227
-2.722714	1.904429	-2.428029	110	126	18	967.204
0.418879	0.591643	-2.098364	29	17	131	967.162
-2.199115	0.972820	-1.762780	122	125	29	967.144
-2.408554	1.012180	0.304066	120	22	0	967.046
-3.036873	2.178879	0.767722	133	31	122	967.032
-1.989675	1.329795	-0.042570	117	16	132	967.032
2.408554	0.420680	2.088164	28	19	123	966.950
0.837758	2.211602	1.443930	119	119	139	966.938
2.722714	1.841033	-2.756932	13	29	125	966.915
-2.722714	1.770735	0.537245	12	32	136	966.855
-0.837758	2.611256	-0.279110	110	126	19	966.837
2.722714	2.122474	-0.648314	9	14	34	966.764
-1.466077	2.237695	-0.271388	116	0	29	966.739
0.628319	1.875561	1.632831	120	122	136	966.509
-1.884956	1.035863	-3.110475	117	119	13	966.479
-3.036873	1.429580	-2.107232	119	22	139	966.455
1.675516	0.636205	1.561170	136	29	126	966.435
-2.408554	2.978333	-0.412090	124	34	133	966.431
2.303835	1.317907	-1.121023	129	25	12	966.414
-0.837758	2.856905	-0.318441	110	125	15	966.263
-1.989675	2.801154	2.353143	130	36	129	966.259
-1.151917	1.377578	-2.636339	133	105	11	966.244
1.884956	0.251672	2.848900	25	24	125	966.187
-1.780236	2.747398	1.727166	25	20	116	966.115
-0.837758	0.817846	2.390688	121	110	8	966.046
-1.256637	2.226413	-2.064034	136	103	12	965.938
-3.036873	1.990470	0.580283	131	31	123	965.908
-1.466077	1.560487	-2.323400	130	105	16	965.862
-1.884956	1.286936	1.886053	2	29	112	965.849
-1.256637	1.304210	-2.084225	134	105	22	965.849
0.209440	2.681411	-2.667965	22	24	117	965.727
-1.570796	1.752959	-0.567548	123	136	36	965.644
-2.303835	2.026074	0.300945	2	37	138	965.568
-2.617994	2.111003	-0.268632	138	35	5	965.531
-1.780236	0.916555	-2.287173	120	119	13	965.510
-1.466077	2.338083	-0.943400	114	129	32	965.421
-0.314159	2.213937	0.621892	113	133	6	965.416
-1.570796	2.294058	-0.421070	116	139	28	965.416
-2.617994	2.780208	-0.626453	124	34	137	965.409
2.932153	1.975135	-2.539127	8	29	121	965.405
-3.036873	1.498907	-2.207327	118	23	138	965.379
-1.780236	2.035818	-0.379479	120	3	32	965.363
-0.418879	1.767999	1.004737	111	133	13	965.299
-1.151917	1.498261	-2.425270	135	105	14	965.290
1.989675	0.368784	2.974974	22	27	123	965.259
-1.256637	2.676638	0.540364	120	31	134	965.193
2.722714	2.026196	-2.889057	12	27	122	965.178
-0.942478	1.748077	1.804354	121	4	132	965.171
-0.942478	1.339410	0.900087	116	2	18	965.104
-1.884956	2.146582	-1.793788	120	2	133	965.074
-2.932153	2.886428	-1.793217	114	3	4	965.025
-2.199115	1.181331	-2.060330	118	126	25	964.875
-0.733038	2.801154	2.353143	13	30	115	964.761
0.104720	2.807091	-2.687477	22	24	118	964.538
-1.466077	1.892348	0.496522	120	5	127	964.534
-1.780236	2.645260	1.570203	23	23	116	964.362
-1.047198	1.305241	-2.530249	135	105	13	964.347
-2.617994	1.960212	-2.307561	110	125	20	964.315
-1.256637	2.608630	-1.378011	133	120	135	964.230
-2.722714	1.652871	1.600681	7	28	118	964.180
-1.361357	1.560487	-2.323400	132	105	16	964.117
-3.141593	2.114380	0.531457	139	32	124	964.113
2.932153	1.490555	2.543284	3	24	107	963.930
0.314159	2.156337	1.151558	113	123	4	963.923
-0.209440	1.865619	-0.952036	0	112	36	963.884
-1.151917	2.518454	-1.565852	139	118	134	963.880
0.942478	2.272099	2.018594	121	128	132	963.874
-0.942478	0.844883	2.679708	124	108	9	963.865
-2.094395	1.232870	-1.822773	121	118	13	963.860
-1.151917	1.304210	-2.084225	136	106	23	963.726
-1.361357	2.682152	0.245751	118	28	137	963.669
-2.617994	1.696386	0.328123	10	32	0	963.656
-0.314159	1.954572	-0.859208	137	110	36	963.629
-0.942478	0.893140	2.251698	119	114	6	963.370
1.047198	2.738409	2.975671	123	16	125	963.358
2.199115	0.704080	2.911636	18	28	116	963.250
-1.989675	1.459902	-1.145835	123	126	32	963.150
-2.199115	1.232870	-1.822773	120	126	27	963.103
-1.466077	1.498261	-2.425270	129	105	14	963.040
-1.466077	3.011274	0.434110	123	32	131	962.994
2.094395	1.269614	-1.275246	129	28	10	962.836
-1.151917	2.085731	0.671081	118	12	4	962.804
-0.523599	2.554022	2.320619	7	29	111	962.779
-2.722714	2.672720	-1.110422	126	29	129	962.680
-1.570796	1.971438	-2.765415	129	115	139	962.586
0.314159	1.244075	1.286644	119	116	1	962.584
-1.361357	2.575994	0.391718	120	30	137	962.492
0.314159	2.519348	0.843503	113	121	6	962.476
2.827433	1.999226	-0.620717	7	13	36	962.406
-2.617994	2.134684	0.907065	127	28	124	962.282
1.361357	0.281664	-2.969147	27	21	127	962.238
-0.418879	2.005145	0.941012	111	132	13	962.217
2.722714	1.772673	-2.864760	14	29	127	962.211
-2.722714	2.779245	-2.046268	115	134	2	962.166
-2.722714	0.937395	0.729108	124	24	4	962.148
-0.523599	1.500204	0.737638	111	134	11	961.994
-0.418879	1.713452	0.789419	111	132	18	961.934
-1.361357	2.442222	-1.195837	123	117	12	961.844
-0.628319	0.400542	-2.995729	133	113	5	961.797
-1.466077	1.975135	-2.539127	130	113	4	961.763
-0.523599	1.567193	2.643172	136	114	139	961.755
-1.256637	2.780208	-0.626453	114	132	7	961.732
-0.942478	2.487957	-0.274279	113	133	13	961.658
2.199115	1.317907	-1.121023	130	26	12	961.523
2.722714	1.645417	-2.634725	14	30	128	961.419
2.199115	0.251672	2.848900	21	28	126	961.395
2.617994	0.942873	-1.607680	119	23	5	961.386
-2.408554	1.691817	2.061688	5	29	117	961.368
-1.570796	1.908408	-2.648903	129	115	2	961.351
-1.675516	3.050410	3.138492	1	39	123	961.317
-2.722714	2.784696	-1.013128	127	30	127	961.309
-2.408554	1.209341	0.471162	119	22	138	961.124
-0.628319	1.743328	0.663347	112	135	20	961.053
2.932153	1.971438	-2.765415	11	30	123	960.887
-1.884956	1.876049	-0.594378	122	139	35	960.754
2.932153	2.970019	-1.282382	126	35	132	960.737
0.000000	2.830209	2.734943	7	32	115	960.722
-2.094395	1.181331	-2.060330	116	123	15	960.590
0.837758	2.431584	2.307631	121	136	131	960.586
2.408554	1.577688	-1.814941	130	34	5	960.553
2.932153	2.122474	-0.648314	6	15	34	960.510
-0.628319	1.679696	0.912482	112	136	16	960.507
0.523599	1.875561	1.632831	119	123	136	960.230
0.837758	1.875561	1.632831	122	120	136	960.199
2.932153	1.571702	-2.098435	121	28	139	960.169
2.617994	0.534610	2.154808	24	23	121	960.050
-1.675516	2.434090	1.592818	19	25	113	960.017
-1.570796	0.857516	-2.432863	121	118	12	960.001
-0.418879	2.898932	0.139973	110	125	12	959.921
-1.780236	1.832690	-0.468440	123	1	35	959.904
-2.932153	1.767999	1.004737	133	32	130	959.827
-1.989675	2.453499	-1.008861	116	136	32	959.805
0.942478	2.304968	2.608978	125	9	122	959.758
3.036873	1.377070	-1.980984	121	25	2	959.730
-2.617994	2.082784	1.042403	128	29	126	959.659
-1.675516	1.495297	2.007188	1	26	109	959.610
0.523599	2.211602	1.443930	116	124	139	959.535
-1.780236	1.794699	-0.694061	123	136	36	959.510
-0.733038	1.804124	1.264249	117	8	135	959.492
2.199115	1.269614	-1.275246	128	27	10	959.480
1.675516	0.506104	-2.874910	21	28	124	959.469
0.837758	2.057608	1.951726	123	126	132	959.338
-1.884956	1.234375	-2.421194	121	113	21	959.282
-0.523599	1.616061	2.521531	134	116	138	959.257
-2.094395	1.865046	1.763384	129	25	127	959.148
2.827433	1.904429	-2.428029	9	29	121	959.067
-1.780236	1.269614	-1.275246	127	121	32	959.063
-2.827433	2.672720	-1.110422	128	31	129	959.052
-0.104720	0.077645	1.453433	117	13	139	959.029
2.408554	1.788829	-1.947553	134	30	124	958.994
-3.036873	1.888979	0.982922	135	34	130	958.969
-1.361357	1.246495	-2.646872	129	105	12	958.936
-1.570796	0.482460	2.849843	113	127	14	958.910
1.675516	0.400542	-2.995729	22	27	124	958.896
-0.733038	2.676626	2.335353	11	29	113	958.810
-2.827433	1.914854	1.214468	133	33	130	958.749
-0.733038	2.554022	2.320619	10	28	111	958.709
-1.780236	1.710583	-1.376890	121	129	32	958.692
-2.199115	2.396339	1.200900	125	22	120	958.516
-1.989675	1.046265	-2.958847	116	120	15	958.515
0.418879	2.396339	1.200900	115	123	3	958.456
-0.733038	1.794553	2.374618	133	120	137	958.323
2.827433	0.505463	2.594557	7	20	16	958.320
-0.628319	2.539532	-0.074548	110	126	19	958.209
-1.570796	2.898932	0.139973	119	30	133	958.187
2.617994	0.632797	1.989858	26	19	120	958.176
-1.047198	0.632708	2.566722	120	109	11	958.061
-0.733038	1.500204	0.737638	114	139	20	958.042
-1.780236	1.121943	-2.669042	116	4	16	958.034
3.036873	2.100482	-2.301084	5	28	117	957.898
2.932153	2.036004	-0.757062	3	14	36	957.875
-0.314159	1.602259	1.152656	114	131	2	957.824
-1.466077	2.467647	0.287667	121	30	139	957.721
3.036873	0.266262	-1.678068	115	126	25	957.665
-1.780236	1.432325	-1.029054	126	125	34	957.630
-1.989675	1.522416	-0.954956	124	129	34	957.608
-1.989675	0.400542	-2.995729	113	127	17	957.608
2.932153	2.234383	-2.792065	8	28	119	957.598
-2.199115	1.490555	2.543284	137	38	135	957.541
2.513274	1.043272	-1.522986	121	25	6	957.483
-2.199115	1.258247	-1.953634	118	126	25	957.414
-1.570796	1.679277	-1.122421	125	126	38	957.411
2.722714	2.103695	-2.777707	11	26	120	957.365
-2.303835	1.209341	0.471162	118	20	138	957.275
2.303835	1.050039	-2.552086	8	27	121	957.270
-2.513274	1.429580	-2.107232	119	13	138	957.238
-1.780236	2.223375	-0.906185	119	133	36	957.206
-1.675516	1.841033	-2.756932	127	116	1	957.181
1.884956	2.937409	2.947245	115	0	138	957.148
0.209440	0.591643	-2.098364	30	12	131	957.127
0.628319	1.652871	1.600681	121	119	137	957.036
-2.722714	1.431375	-2.313269	118	17	134	957.034
-1.466077	2.461774	-1.734913	136	119	133	957.029
2.827433	2.234383	-2.792065	12	27	120	957.012
-2.932153	1.914854	1.214468	135	34	130	957.012
2.513274	1.744927	-0.911892	5	10	40	957.009
-1.780236	2.152901	-1.636788	121	2	134	956.991
2.199115	0.599962	2.773556	21	27	118	956.804
1.466077	0.400542	-2.995729	26	23	125	956.774
-1.780236	2.245628	-1.899216	122	137	131	956.763
-0.523599	2.801154	2.353143	9	31	114	956.737
2.932153	1.999226	-0.620717	6	13	36	956.648
-2.932153	2.213937	0.621892	130	29	119	956.605
-0.837758	1.713452	0.789419	114	139	19	956.600
-1.151917	2.575994	0.391718	119	9	135	956.467
2.932153	2.026196	-2.889057	11	31	124	956.229
-2.303835	0.807476	-2.597675	115	121	22	956.161
-1.256637	1.846644	1.113766	125	33	133	956.105
2.827433	0.376428	-1.495532	115	127	27	956.100
-2.827433	0.182564	-2.125821	114	126	23	955.963
2.827433	2.122474	-0.648314	7	15	34	955.914
-2.094395	2.256702	-1.401367	116	129	33	955.874
2.932153	0.560531	2.378474	8	20	16	955.680
-3.036873	2.362948	-2.487477	4	27	116	955.584
-0.523599	1.803705	0.881076	111	134	15	955.577
-0.942478	1.413639	1.697982	117	0	10	955.549
2.513274	2.978333	-0.412090	18	29	123	955.534
-2.303835	2.705107	1.062142	24	24	119	955.490
-2.303835	1.074204	0.545276	120	19	1	955.479
2.722714	0.942873	-1.607680	119	21	5	955.354
-1.884956	1.579624	-1.199759	122	125	32	955.344
-0.209440	2.661713	-0.529511	0	119	138	955.337
-1.151917	1.898741	-2.875735	138	114	137	955.239
-1.675516	2.558223	-1.164189	112	129	28	955.199
2.199115	1.915467	-1.883143	138	32	125	955.040
2.617994	1.577688	-1.814941	127	32	4	955.021
2.408554	2.558223	-1.164189	12	30	127	955.010
-0.314159	2.898932	0.139973	110	123	12	954.989
-0.942478	1.307513	1.628003	118	1	12	954.900
-0.733038	2.417202	-0.103363	113	131	12	954.777
-0.314159	1.206585	0.933648	18	26	134	954.658
-2.827433	1.815016	0.278951	11	31	0	954.632
0.837758	1.413639	1.697982	127	116	136	954.591
0.523599	2.103223	1.521685	117	124	138	954.471
2.722714	2.156474	-2.912065	13	27	122	954.391
-0.837758	1.413639	1.697982	117	139	10	954.389
-1.989675	2.043729	-1.557938	120	133	5	954.304
-0.628319	2.740366	1.374341	123	32	127	954.285
0.942478	0.273777	-2.506756	26	22	129	954.224
1.047198	2.434090	1.592818	120	121	137	954.018
-2.827433	1.743328	0.663347	14	30	134	954.009
1.989675	0.700065	3.115430	19	28	118	954.004
2.617994	2.558223	-1.164189	8	32	128	953.936
0.523599	2.097496	1.373172	116	122	0	953.894
2.722714	1.773527	-1.039582	0	12	39	953.742
-2.303835	1.226043	-1.693533	120	128	30	953.724
-2.617994	2.049006	1.199930	129	30	127	953.722
-0.733038	2.627402	1.293552	123	32	127	953.712
2.513274	0.599962	2.773556	15	30	118	953.705
-1.151917	1.571702	-2.098435	135	105	21	953.699
-2.303835	1.055458	0.170394	119	21	138	953.610
2.094395	1.432325	-1.029054	133	26	13	953.570
-0.628319	1.085085	2.377673	127	111	2	953.533
-1.256637	1.429580	-2.107232	134	105	21	953.487
-1.570796	1.794699	-0.694061	122	134	36	953.472
-1.780236	1.813816	-1.298435	120	131	31	953.465
-2.513274	0.952433	0.584347	122	22	3	953.385
-1.884956	2.801154	2.353143	127	34	129	953.365
-0.628319	2.487747	2.505912	12	25	110	953.361
0.000000	0.859754	1.603292	118	129	21	953.244
-1.884956	1.181331	-2.060330	123	117	9	953.217
1.989675	1.484741	-1.279219	134	30	9	953.121
-1.675516	2.212686	-0.544809	116	138	29	953.061
-0.942478	1.378096	0.774626	116	2	20	952.991
-1.570796	1.707714	-0.787321	124	132	36	952.979
-1.361357	1.511948	-2.632360	131	105	10	952.765
0.314159	1.339550	1.370353	120	117	0	952.764
0.104720	1.720612	2.279888	127	123	136	952.748
1.256637	2.996437	-2.089121	12	33	121	952.623
2.199115	0.283625	2.405603	27	21	125	952.532
-1.884956	0.807476	-2.597675	125	112	27	952.503
-1.675516	1.296978	-2.311511	124	120	2	952.486
-0.628319	1.498261	-2.425270	138	34	126	952.450
2.722714	0.519001	1.900488	26	20	122	952.345
-0.942478	0.505463	2.594557	121	107	14	952.211
-0.733038	0.889834	2.529957	126	108	7	952.118
-0.837758	2.676626	2.335353	13	28	113	951.977
0.418879	2.340210	0.562145	127	27	118	951.949
0.209440	2.738409	2.975671	9	31	114	951.882
-1.466077	2.449191	-0.633651	113	135	29	951.863
-2.827433	1.001920	0.848054	125	25	3	951.840
-2.722714	0.518569	1.644237	10	20	19	951.764
-2.932153	1.846644	1.113766	134	33	131	951.747
2.617994	1.622749	0.121426	13	26	122	951.642
-0.733038	0.817846	2.390688	123	109	8	951.534
-2.408554	1.854119	0.134161	3	35	2	951.527
2.827433	1.496414	-2.009267	123	29	1	951.520
0.000000	2.635686	2.834950	10	29	112	951.447
-2.094395	2.364509	-1.644533	113	125	31	951.441
-0.733038	1.748077	1.804354	125	138	128	951.403
-2.722714	2.005145	0.941012	129	30	126	951.245
-2.199115	1.058706	-2.036438	116	124	17	951.236
-1.780236	2.149210	-1.482321	119	3	137	951.234
-2.932153	1.304210	-2.084225	119	20	0	951.201
0.733038	2.423692	1.392696	116	122	0	951.150
-0.628319	2.453499	-1.008861	136	118	136	950.841
-0.628319	1.922616	0.844633	112	135	16	950.762
0.418879	0.670850	-1.945257	27	19	132	950.695
-2.303835	1.541082	2.424608	139	38	136	950.664
-1.780236	2.539532	-0.074548	120	30	1	950.660
-2.408554	1.139877	0.276382	120	23	138	950.658
-2.827433	1.361998	-2.207254	118	19	137	950.653
3.036873	2.996437	-2.089121	114	2	2	950.466
0.523599	1.990470	0.580283	121	108	23	950.439
1.361357	0.506104	-2.874910	26	23	124	950.402
-1.675516	1.246495	-2.646872	114	2	14	950.356
-1.361357	1.279716	2.812101	124	137	128	950.329
-1.675516	2.450821	0.084741	122	31	1	950.155
-0.733038	1.085085	2.377673	125	111	3	950.143
1.256637	3.050410	3.138492	123	32	128	950.128
2.827433	1.571702	-2.098435	122	30	139	950.125
-2.617994	1.770735	0.537245	11	33	136	950.116
-2.932153	1.834787	0.751968	131	32	128	950.039
2.827433	1.471330	-1.886160	123	29	4	949.966
-0.314159	1.982107	1.720829	123	128	138	949.947
-2.408554	0.389851	-2.340031	117	10	137	949.915
-2.094395	1.382562	0.177141	117	18	133	949.914
2.827433	1.876049	-0.594378	7	11	38	949.897
-2.617994	2.237695	-0.271388	137	36	3	949.891
-0.314159	2.355120	0.388593	109	131	16	949.889
2.513274	1.590018	-1.941652	133	30	125	949.823
-0.523599	1.713452	0.789419	112	134	17	949.795
-0.628319	1.649932	0.576808	113	135	23	949.743
-1.884956	1.339410	0.900087	1	39	138	949.731
-1.675516	2.036004	-0.757062	118	134	33	949.724
-1.361357	1.634747	-2.426198	132	105	13	949.675
-2.827433	2.453499	-1.008861	129	31	133	949.633
2.408554	1.471330	-1.886160	135	31	126	949.616
-1.780236	2.244035	-1.229456	116	128	35	949.578
1.256637	2.203804	1.756176	125	120	134	949.550
0.418879	2.423692	1.392696	115	126	0	949.539
-2.932153	2.996437	-2.089121	114	137	1	949.491
0.837758	2.536533	1.466274	117	123	138	949.470
-3.141593	1.377070	-1.980984	120	24	2	949.402
-1.361357	2.569130	-0.700837	111	132	27	949.285
-0.733038	1.589936	0.825020	113	138	18	949.185
-1.466077	1.374245	-1.226417	131	123	39	949.157
0.523599	1.642346	1.722617	122	121	135	949.149
0.523599	1.803705	0.881076	119	110	19	949.125
0.837758	2.214075	1.600691	119	122	137	949.107
-2.199115	2.856905	-0.318441	122	33	135	949.054
-0.628319	1.294736	1.756184	119	121	2	949.010
-0.942478	0.937910	2.787575	127	107	8	948.968
2.408554	0.961838	1.839284	7	25	13	948.945
-2.094395	1.336522	0.435098	117	17	136	948.891
-1.989675	1.351855	-1.855234	122	117	12	948.837
-1.780236	2.019676	-1.980944	124	127	136	948.789
-0.733038	1.679696	0.912482	113	138	16	948.744
-0.837758	0.632708	2.566722	123	107	12	948.728
-0.733038	0.893140	2.251698	121	111	6	948.701
1.151917	2.996437	-2.089121	14	32	121	948.659
0.733038	2.948048	1.133127	112	122	8	948.594
-3.141593	0.398249	-1.812694	117	15	0	948.530
0.314159	0.670850	-1.945257	28	17	132	948.511
2.513274	0.652440	2.197129	25	21	119	948.503
2.617994	1.744927	-0.911892	3	11	38	948.481
1.361357	0.737893	1.866463	137	30	129	948.441
2.408554	2.103695	-2.777707	17	23	121	948.401
0.104720	1.339550	1.370353	118	121	139	948.343
0.837758	2.272099	2.018594	121	129	132	948.313
0.628319	1.880509	1.500204	119	120	138	948.196
0.418879	0.727399	-2.120567	29	16	130	948.132
-0.314159	2.937409	2.947245	18	29	117	948.042
-0.942478	1.158594	2.487618	122	137	131	948.002
1.256637	0.506104	-2.874910	27	21	124	947.947
-0.314159	1.515235	1.068565	113	131	3	947.916
-0.523599	0.400542	-2.995729	135	113	5	947.881
-2.199115	1.153930	-1.597104	123	126	32	947.854
-2.094395	2.518454	-1.565852	112	128	28	947.813
-3.036873	1.649932	0.576808	132	32	129	947.805
-1.361357	1.296978	-2.311511	131	104	18	947.738
0.837758	2.870445	-2.291001	17	30	120	947.620
-0.209440	1.119777	0.834702	18	27	132	947.565
2.199115	3.050410	3.138492	115	138	0	947.522
-2.617994	2.178879	0.767722	127	27	122	947.434
-1.989675	0.725300	-2.975134	115	120	18	947.351
2.617994	0.965426	1.686615	4	27	12	947.312
-2.199115	1.284798	0.078209	118	20	134	947.269
-2.408554	1.846833	2.826543	3	38	126	947.258
0.837758	2.099185	1.667006	120	122	136	947.090
-1.780236	1.928342	-1.351174	118	130	30	947.074
0.837758	2.103223	1.521685	121	119	138	947.063
-0.837758	1.085085	2.377673	124	112	3	947.060
-2.513274	2.341931	1.023926	127	26	121	946.995
-1.047198	2.642029	0.813274	121	31	132	946.957
-1.466077	1.776419	-2.642421	129	114	3	946.865
-1.884956	2.042874	-1.701367	120	3	135	946.745
3.036873	2.245973	-0.702234	3	17	32	946.732
1.361357	1.533648	1.644808	14	128	113	946.702
-0.314159	2.780471	0.027732	111	121	14	946.677
-1.675516	2.083752	-0.511086	118	139	32	946.669
-1.989675	0.958731	-2.852552	116	119	17	946.647
2.408554	1.043272	-1.522986	122	26	6	946.587
-1.256637	2.885017	0.655562	122	32	131	946.547
-1.047198	1.234375	-2.421194	136	105	16	946.476
0.523599	2.396339	1.200900	115	122	3	946.377
-0.209440	1.982107	1.720829	123	127	138	946.351
-2.094395	1.304210	-2.084225	116	124	14	946.321
-2.722714	1.184569	0.147517	9	24	13	946.266
-0.733038	1.739676	2.496017	134	118	137	946.212
-1.884956	2.336046	-1.115799	116	131	33	946.171
-3.036873	2.779245	-2.046268	114	0	3	946.139
2.408554	0.269108	-1.215563	118	18	3	946.128
-0.209440	1.954572	-0.859208	138	110	36	946.083
-0.628319	1.690107	2.620910	135	116	138	945.998
-1.047198	2.226413	-2.064034	1	104	12	945.977
2.722714	1.061389	-1.672248	119	23	4	945.947
-0.523599	1.553895	0.489607	110	134	16	945.921
2.722714	1.584581	-2.738702	15	30	130	945.879
0.733038	0.389851	-2.340031	27	20	129	945.848
-2.094395	1.451907	-0.066823	117	18	129	945.824
-1.466077	1.459902	-1.145835	129	125	39	945.715
-0.942478	2.601432	2.102535	10	30	113	945.699
-1.151917	2.539516	-0.476942	114	133	12	945.665
-1.675516	1.194360	2.110440	136	25	110	945.626
-1.989675	1.098383	-0.696430	135	124	39	945.596
-1.361357	1.377578	-2.636339	130	105	11	945.466
0.837758	2.517528	1.923289	118	130	136	945.466
0.523599	1.990523	1.450326	117	122	139	945.452
2.827433	1.772673	-2.864760	12	31	127	945.449
-0.523599	1.194360	2.110440	124	114	1	945.445
-1.570796	3.011274	0.434110	124	34	131	945.425
-1.570796	2.083752	-0.511086	118	137	31	945.411
1.256637	0.281664	-2.969147	28	20	126	945.369
0.104720	2.487957	-0.274279	6	117	0	945.335
2.094395	3.088868	-0.989501	15	30	120	945.234
1.361357	0.400542	-2.995729	27	21	125	945.150
-1.047198	2.395716	1.977184	7	29	111	945.116
-1.989675	1.213483	-1.039417	128	125	34	945.102
0.628319	2.185580	1.287673	117	120	2	945.025
-1.466077	1.760169	1.678132	112	139	14	944.953
2.722714	1.590018	-1.941652	124	31	2	944.953
-1.466077	1.432325	-1.029054	129	127	39	944.832
-0.942478	2.085731	0.671081	116	11	4	944.811
-1.570796	2.450821	0.084741	120	29	1	944.797
-1.570796	2.830209	2.734943	128	34	127	944.729
1.570796	0.506104	-2.874910	23	26	124	944.640
-2.408554	1.815016	0.278951	5	35	0	944.609
1.151917	2.870445	-2.291001	11	33	120	944.562
-1.151917	2.417386	-0.443097	114	134	14	944.546
-2.303835	1.061389	-1.672248	122	127	30	944.431
1.780236	0.400542	-2.995729	21	28	124	944.416
2.199115	0.378103	2.646436	23	25	123	944.346
-2.827433	1.846644	1.113766	132	32	130	944.280
-0.942478	1.572701	-2.528730	139	106	11	944.164
-0.209440	0.594963	2.997575	129	33	126	944.163
0.942478	2.536533	1.466274	118	121	139	944.152
-2.617994	1.904429	-2.428029	110	124	18	944.144
2.408554	0.505463	2.594557	21	27	120	944.110
-1.570796	1.431375	-2.313269	127	105	17	944.097
-1.151917	1.498907	-2.207327	136	105	19	944.041
-2.617994	1.854119	0.134161	6	33	2	944.039
2.617994	1.471330	-1.886160	126	32	4	944.015
-2.513274	0.518569	1.644237	6	21	19	943.996
-3.036873	1.692644	1.237670	138	34	135	943.987
2.513274	1.049272	-1.376344	122	23	8	943.957
-0.628319	2.932096	2.377790	12	32	117	943.930
-1.989675	1.451907	-0.066823	117	16	129	943.927
-1.151917	2.355120	0.388593	119	9	139	943.876
-1.780236	2.950896	1.797889	27	19	119	943.802
-1.780236	1.181331	-2.060330	124	116	9	943.756
2.827433	1.411944	2.444377	6	25	108	943.714
0.733038	1.982107	1.720829	121	122	135	943.672
2.827433	2.212686	-0.544809	10	15	33	943.645
-1.570796	1.770735	0.537245	119	6	128	943.541
-0.523599	1.589936	0.825020	112	134	9	943.513
-0.523599	1.911828	-0.364489	137	28	123	943.508
0.733038	2.870445	-2.291001	19	28	120	943.491
-0.418879	1.888979	0.982922	111	132	13	943.431
-2.094395	1.109345	-2.172718	116	124	14	943.393
-1.256637	2.661713	-0.529511	110	130	20	943.391
2.617994	2.572710	-0.934665	12	30	127	943.379
-1.570796	2.538504	1.699812	20	24	114	943.357
1.047198	2.099185	1.667006	123	119	136	943.178
3.036873	2.103118	2.194745	4	33	127	943.059
0.000000	1.085085	2.377673	135	109	2	943.053
-1.256637	1.246495	-2.646872	130	105	12	942.984
-2.513274	1.103783	0.408254	121	24	0	942.957
-2.617994	0.389851	-2.340031	113	126	21	942.941
-1.675516	1.298546	2.020601	138	26	110	942.922
-1.780236	2.042874	-1.701367	121	2	134	942.878
-1.780236	2.538504	1.699812	23	21	114	942.849
-1.570796	1.697162	-1.249026	124	123	37	942.840
-2.094395	1.206950	-0.037248	117	18	134	942.799
2.722714	1.712415	-2.747921	14	29	127	942.748
-1.047198	2.460902	0.490079	119	9	136	942.699
-3.036873	1.713452	0.789419	134	33	130	942.638
-2.722714	2.682859	-0.817071	123	33	138	942.623
-1.151917	2.487957	-0.274279	112	136	27	942.622
-0.104720	1.964774	1.855507	126	125	137	942.597
-1.675516	2.336046	-1.115799	114	128	31	942.591
-2.617994	1.957868	-0.490784	136	31	8	942.559
-2.094395	1.258247	-1.953634	120	119	11	942.549
2.408554	1.691693	-1.871572	130	35	3	942.475
-1.570796	1.620988	-0.875920	125	131	38	942.306
-1.570796	1.911828	-0.364489	121	0	34	942.303
2.199115	3.088868	-0.989501	14	32	121	942.290
2.932153	0.426507	2.367872	9	20	18	942.230
-0.942478	0.560531	2.378474	119	110	12	942.199
-0.418879	1.555041	0.947813	112	132	6	942.160
2.199115	0.368784	2.974974	19	29	124	942.071
-2.932153	2.558223	-1.164189	128	31	131	942.025
-2.932153	1.763887	-2.218450	110	131	23	941.991
-0.733038	2.948048	1.133127	122	31	129	941.981
0.628319	2.948048	1.133127	111	124	8	941.886
-1.884956	1.298546	2.020601	0	27	110	941.854
2.617994	2.978333	-0.412090	16	30	123	941.840
-1.361357	1.990470	0.580283	121	4	127	941.746
-0.628319	1.665496	2.397872	132	118	137	941.744
0.628319	2.423692	1.392696	116	123	0	941.701
-2.617994	2.185580	1.287673	130	31	125	941.688
2.199115	0.142314	2.590387	25	24	128	941.656
-1.884956	2.353029	-1.310529	114	128	32	941.654
-0.942478	1.772673	-2.864760	139	115	139	941.649
-2.617994	1.840579	-2.536445	110	123	16	941.616
-1.675516	2.568462	0.150655	122	31	139	941.556
0.628319	1.865046	1.763384	122	123	134	941.547
-1.989675	2.518454	-1.565852	112	126	28	941.535
-1.780236	2.083752	-0.511086	118	0	31	941.528
0.628319	1.510518	1.884920	126	120	133	941.472
-1.466077	1.697488	-2.322785	130	118	139	941.466
-1.361357	1.242312	2.941234	125	134	129	941.383
-1.989675	0.879254	-2.733338	117	118	19	941.285
-0.523599	2.937409	2.947245	18	25	116	941.163
0.837758	1.510518	1.884920	128	119	133	941.160
0.209440	1.339550	1.370353	119	119	139	941.139
1.570796	0.409009	-0.570243	115	115	28	941.105
-2.617994	1.234531	-2.190148	119	15	138	941.090
-1.361357	1.498261	-2.425270	131	105	14	941.058
0.733038	2.603559	2.555114	122	13	126	940.978
-2.827433	2.784696	-1.013128	121	32	136	940.934
-1.780236	2.453499	-1.008861	113	132	29	940.889
-1.256637	2.789817	0.395431	118	28	134	940.881
2.408554	1.374245	-1.226417	127	26	10	940.832
1.256637	1.032316	2.884221	26	5	120	940.831
-0.314159	1.760169	1.678132	129	1	116	940.757
-1.151917	1.429580	-2.107232	136	105	21	940.622
-2.617994	2.570050	-1.804492	114	137	5	940.584
2.827433	2.103695	-2.777707	12	28	122	940.562
-2.513274	0.053884	-2.408394	117	13	139	940.473
2.932153	1.841033	-2.756932	11	31	125	940.471
2.408554	2.386110	-1.481351	6	31	127	940.453
-1.361357	2.166724	-0.401638	116	136	30	940.436
-1.256637	1.904429	-2.428029	133	112	6	940.428
2.722714	1.898741	-2.875735	13	29	125	940.421
-0.104720	2.789817	0.395431	110	124	12	940.403
-0.837758	2.948048	1.133127	123	33	129	940.375
-2.617994	1.743328	0.663347	11	33	134	940.374
-1.675516	2.338083	-0.943400	114	132	31	940.317
-1.466077	1.367028	-2.420041	129	105	16	940.291
0.628319	2.536533	1.466274	116	125	139	940.289
-1.256637	0.734333	-2.446184	133	108	25	940.288
-3.141593	2.052181	2.326959	3	33	127	940.219
2.094395	0.704080	2.911636	20	27	116	940.201
0.209440	0.190569	1.929141	124	120	27	940.174
2.827433	1.840579	-2.536445	10	30	123	940.096
-2.722714	3.088868	-0.989501	120	30	130	940.089
-0.837758	2.932096	2.377790	16	30	117	940.072
-1.884956	1.432325	-1.029054	125	126	34	940.062
1.151917	2.203804	1.756176	123	121	134	940.021
3.036873	1.713452	0.789419	134	34	129	939.956
-2.199115	1.239414	0.348959	118	19	137	939.915
-1.675516	1.999226	-0.620717	119	136	33	939.886
2.827433	0.308059	2.021491	24	25	125	939.882
-1.884956	1.999226	-0.620717	120	139	33	939.799
-0.523599	1.707714	-0.787321	134	114	39	939.738
-2.513274	0.273777	-2.506756	113	127	21	939.711
-1.361357	0.721019	2.721536	115	126	10	939.606
0.837758	2.807091	-2.687477	10	32	117	939.600
2.408554	1.579624	-1.199759	130	28	10	939.594
-2.408554	0.952433	0.584347	121	20	3	939.471
-1.361357	1.898741	-2.875735	135	114	137	939.462
-1.466077	1.634747	-2.426198	130	105	13	939.397
-2.827433	1.673557	0.452526	13	30	139	939.356
0.000000	1.720612	2.279888	127	123	136	939.273
-2.722714	1.763887	-2.218450	113	120	30	939.065
-1.570796	2.335096	-0.588468	115	135	27	939.049
-2.932153	1.743328	0.663347	131	32	129	939.045
0.628319	1.642346	1.722617	122	121	135	939.025
1.989675	2.784696	-1.013128	17	30	126	939.013
2.513274	2.453499	-1.008861	13	30	129	938.960
2.722714	0.376428	-1.495532	115	129	27	938.893
-2.932153	1.634747	-2.426198	110	121	25	938.845
1.256637	2.423190	1.789783	121	122	135	938.835
2.827433	1.042085	-2.292950	130	27	123	938.832
2.199115	1.077642	-1.227073	126	25	10	938.775
2.617994	1.745952	0.084733	13	25	121	938.760
-2.617994	1.234375	-2.421194	111	125	15	938.726
-3.141593	2.237183	0.468799	138	30	119	938.714
-0.418879	1.834787	0.751968	110	131	18	938.700
2.513274	1.629346	-0.542669	139	25	13	938.680
-2.932153	1.803705	0.881076	133	33	130	938.664
-1.361357	1.498907	-2.207327	132	105	19	938.635
0.628319	0.525564	-2.288838	28	18	129	938.628
-2.408554	1.061389	-1.672248	121	128	30	938.570
-1.047198	2.245628	-1.899216	139	104	14	938.535
-1.989675	2.386110	-1.481351	113	127	31	938.508
-1.884956	1.329795	-0.042570	117	14	132	938.482
2.932153	0.505463	2.594557	4	22	13	938.453
-2.617994	0.937395	0.729108	122	22	3	938.387
-0.209440	1.969112	1.088273	114	138	137	938.290
2.932153	1.496414	-2.009267	121	28	1	938.286
-1.989675	1.317907	-1.121023	126	125	33	938.203
-1.570796	2.660483	-0.034608	118	27	138	938.157
-1.361357	2.417386	-0.443097	112	135	25	938.143
-0.523599	1.922616	0.844633	111	133	16	938.137
-1.675516	1.471330	-1.886160	127	115	10	938.015
-1.884956	2.747398	1.727166	26	18	116	938.010
0.000000	2.722319	-2.954069	20	26	116	937.978
-2.513274	1.673557	0.452526	8	34	139	937.976
0.523599	0.591643	-2.098364	27	20	130	937.968
-0.942478	2.734349	-0.289298	113	132	8	937.965
-3.036873	2.213937	0.621892	137	31	124	937.936
-1.780236	2.417202	-0.103363	121	29	3	937.914
-1.780236	1.630007	1.844552	5	28	110	937.858
-0.418879	1.206585	0.933648	20	25	135	937.856
0.628319	2.278618	1.170386	116	119	3	937.783
-2.932153	1.429580	-2.107232	118	20	139	937.780
-2.617994	1.964971	-2.100533	111	128	24	937.742
0.733038	1.630007	1.844552	125	121	134	937.697
2.199115	2.996437	-2.089121	125	34	129	937.664
-2.094395	1.118930	0.045983	118	18	137	937.634
-2.722714	2.890337	-0.825633	123	33	134	937.548
-0.837758	2.355462	2.151441	6	27	109	937.491
-1.256637	1.960212	-2.307561	133	112	8	937.470
-1.570796	2.948048	1.133127	136	34	131	937.414
-1.675516	1.121943	-2.669042	115	2	16	937.236
-1.466077	1.484741	-1.279219	129	122	38	937.232
-1.989675	1.437208	-2.529085	117	7	9	937.154
2.722714	0.505463	2.594557	9	20	16	937.111
2.722714	1.648538	-2.855044	14	30	130	937.090
2.932153	1.772673	-2.864760	11	32	128	937.064
2.408554	1.745952	0.084733	113	132	12	937.060
-0.837758	1.124930	2.219917	122	115	2	937.053
-1.047198	2.417386	-0.443097	111	128	24	937.032
-1.256637	1.361998	-2.207254	133	105	20	937.027
-0.418879	2.166980	-0.134879	5	27	121	937.024
0.733038	2.807091	-2.687477	12	32	117	936.906
-1.466077	1.579624	-1.199759	126	123	38	936.895
-2.094395	2.396339	1.200900	124	20	120	936.876
3.036873	1.435181	-0.739771	131	23	14	936.852
-1.884956	2.244035	-1.229456	117	129	34	936.845
-1.675516	1.351855	-1.855234	126	115	11	936.833
-2.827433	1.888979	0.982922	132	32	129	936.782
-1.884956	1.325286	-0.994192	127	126	34	936.782
2.932153	1.471330	-1.886160	122	27	4	936.778
1.047198	2.203804	1.756176	121	122	135	936.713
-1.780236	1.579624	-1.199759	123	123	31	936.706
-0.418879	1.522416	-0.954956	139	116	39	936.704
2.303835	1.596968	-1.328358	130	30	8	936.671
-0.628319	2.660483	-0.034608	109	127	17	936.618
2.827433	1.690453	-2.123076	122	30	138	936.581
0.837758	2.635396	1.848850	117	129	137	936.524
2.094395	0.378103	2.646436	25	23	123	936.520
2.617994	1.690453	-2.123076	125	33	138	936.493
-0.209440	2.833517	-3.085508	21	26	117	936.455
-0.523599	1.393612	1.952016	118	126	139	936.437
2.303835	1.471330	-1.886160	136	32	127	936.387
1.780236	2.083752	-0.511086	25	11	139	936.231
2.303835	1.049272	-1.376344	124	26	8	936.225
-2.932153	2.453499	-1.008861	131	33	133	936.179
-1.884956	1.559671	-1.074934	123	127	33	936.159
-1.780236	2.572710	-0.934665	114	136	11	936.124
1.466077	2.747398	1.727166	115	120	2	936.101
-0.942478	1.971438	-2.765415	1	114	139	936.024
-3.036873	2.442222	-1.195837	130	32	133	935.788
2.827433	1.351855	-1.855234	123	28	5	935.756
0.314159	2.536533	1.466274	115	130	139	935.487
2.199115	1.471330	-1.886160	138	32	127	935.469
-0.837758	1.834787	0.751968	114	139	18	935.410
1.780236	0.599643	-3.045235	22	27	121	935.404
0.418879	2.601432	2.102535	118	5	134	935.363
0.942478	0.481292	-2.529098	27	21	127	935.356
-1.675516	2.134269	-1.948042	127	124	137	935.297
2.303835	1.269614	-1.275246	127	26	10	935.293
-0.837758	1.803705	0.881076	114	139	16	935.290
-0.942478	1.908408	-2.648903	2	112	1	935.270
0.000000	2.637087	3.132730	17	27	114	935.258
1.361357	2.886428	-1.793217	16	31	122	935.230
-1.570796	1.314142	2.139329	136	23	108	935.221
-2.094395	2.442222	-1.195837	115	134	31	935.208
-1.884956	2.898932	0.139973	124	35	133	935.100
-2.199115	2.611256	-0.279110	123	33	0	935.003
-2.827433	2.114380	0.531457	128	27	120	934.969
0.523599	2.423692	1.392696	116	124	0	934.960
2.617994	2.672720	-1.110422	9	31	125	934.882
-0.733038	1.108079	2.612943	129	109	4	934.856
2.932153	1.351855	-1.855234	122	26	5	934.696
-0.628319	1.331651	2.344497	128	114	139	934.694
2.199115	0.927138	-2.569686	10	27	122	934.609
2.303835	0.807476	-2.597675	10	28	123	934.604
-2.513274	1.892144	-2.005340	116	120	33	934.503
-1.675516	2.538504	1.699812	22	22	113	934.447
-1.989675	1.661936	0.001037	118	16	127	934.373
-1.884956	1.427868	0.984637	0	39	136	934.361
-2.408554	1.074204	0.545276	120	21	1	934.292
-0.837758	0.975253	2.641082	126	108	6	934.266
3.036873	1.649932	0.576808	136	34	130	934.255
0.209440	2.807091	-2.687477	21	25	118	934.184
-1.884956	1.510518	1.884920	4	28	110	934.151
-1.047198	2.237695	-0.271388	112	134	26	934.116
-0.733038	1.433341	0.524268	112	138	16	934.099
0.418879	2.307301	1.336200	115	125	1	934.067
-0.837758	1.409552	0.647980	116	0	22	933.983
-2.617994	2.890337	-0.825633	121	32	134	933.946
-1.466077	0.927138	-2.569686	126	122	1	933.935
0.628319	2.512538	1.239900	116	122	1	933.852
-1.570796	0.806832	3.022155	116	124	9	933.821
-1.675516	0.790269	-2.282409	121	118	14	933.809
-1.989675	1.273606	0.224545	117	15	135	933.766
-1.256637	1.377070	-1.980984	134	106	24	933.704
-2.827433	2.676780	-1.901158	114	139	4	933.552
-0.733038	2.519348	0.843503	120	7	132	933.544
-1.989675	1.559671	-1.074934	122	127	33	933.540
-0.628319	1.124930	2.219917	125	113	1	933.519
0.523599	2.538504	1.699812	117	130	137	933.475
-1.780236	1.915763	-0.724679	120	135	34	933.459
-0.628319	1.589936	0.825020	113	135	9	933.401
-0.209440	1.602259	1.152656	114	129	2	933.334
-2.303835	0.977824	0.441928	120	19	2	933.311
-2.199115	1.118930	0.045983	118	20	136	933.254
-2.199115	2.435993	0.683844	126	21	120	933.248
-0.209440	3.050410	3.138492	17	27	118	933.210
-1.466077	2.453499	-1.008861	112	127	29	933.176
0.628319	1.522373	1.764991	124	119	135	933.107
-0.733038	2.937409	2.947245	23	22	118	933.099
-1.570796	1.876049	-0.594378	120	136	34	933.061
-1.256637	0.632797	1.989858	113	131	15	932.950
2.827433	0.916555	-2.287173	130	27	124	932.929
-1.047198	1.645417	-2.634725	118	122	15	932.908
-2.722714	1.865912	0.624453	12	32	134	932.845
-2.827433	1.804124	1.264249	134	33	132	932.811
0.942478	2.996437	-2.089121	16	29	120	932.655
2.513274	1.361031	-1.613971	123	28	4	932.628
0.104720	2.635686	2.834950	8	30	112	932.620
-2.513274	2.768238	-1.679243	114	137	5	932.599
-0.104720	1.934862	1.989776	127	125	135	932.509
-1.780236	1.892144	-2.005340	124	126	138	932.425
1.151917	1.982107	1.720829	126	118	135	932.358
-1.151917	2.676780	-1.901158	137	103	13	932.352
-3.141593	1.990470	0.580283	133	32	123	932.349
-1.675516	2.137615	2.988806	131	33	119	932.346
-1.361357	1.377070	-1.980984	132	106	24	932.304
2.303835	0.482460	2.849843	18	29	120	932.234
-0.942478	2.355462	2.151441	7	27	110	932.214
-1.256637	1.634747	-2.426198	134	105	13	932.213
0.418879	2.931927	-2.728768	17	30	119	932.191
2.199115	0.857516	-2.432863	9	28	124	932.086
-1.361357	1.367028	-2.420041	131	104	16	932.080
-0.523599	1.495002	-0.839810	137	117	40	932.071
0.000000	3.011274	0.434110	111	123	10	932.047
2.932153	2.103695	-2.777707	11	30	122	932.043
0.104720	1.510518	1.884920	133	131	116	932.028
2.408554	1.155458	-1.460623	124	26	7	931.962
-3.036873	1.892348	0.496522	131	32	124	931.928
-1.989675	0.842945	-2.907318	116	119	17	931.901
-1.047198	1.498261	-2.425270	137	105	14	931.890
-1.151917	2.676638	0.540364	119	29	134	931.819
-1.570796	1.704478	-0.106295	123	4	33	931.811
-0.942478	1.958989	0.712772	116	10	4	931.771
-0.942478	2.642029	0.813274	119	29	132	931.707
-0.314159	2.079746	-0.897699	137	108	34	931.706
-0.837758	0.893140	2.251698	120	112	6	931.688
1.780236	1.314142	2.139329	5	116	139	931.657
-1.989675	1.382562	0.177141	117	15	133	931.618
2.513274	0.506104	-2.874910	11	27	123	931.596
0.733038	1.846644	1.113766	121	108	14	931.584
-0.314159	2.572710	-0.934665	138	121	136	931.570
-2.722714	1.957868	-0.490784	137	31	8	931.539
-0.733038	2.539532	-0.074548	113	132	10	931.505
-0.209440	1.391324	1.109396	113	128	3	931.441
-1.361357	1.165407	3.092861	120	121	3	931.416
-1.570796	1.426725	2.102242	138	24	108	931.355
0.523599	2.870445	-2.291001	20	25	119	931.302
-2.199115	2.485945	-1.374853	113	132	30	931.279
0.418879	2.324731	1.511186	116	128	139	931.212
-0.942478	1.898741	-2.875735	0	115	138	931.198
-0.523599	2.049502	-0.137989	0	30	125	931.192
0.209440	0.599643	-3.045235	121	21	123	931.178
-1.884956	1.314142	2.139329	0	25	109	931.118
-2.408554	1.571702	-2.098435	119	113	32	931.055
2.932153	1.232870	-1.822773	123	25	6	931.029
-2.827433	2.354868	0.211543	10	31	128	931.026
-1.989675	1.410840	0.056219	117	16	132	931.003
-2.303835	1.273606	0.224545	118	21	134	930.985
-2.827433	1.834787	0.751968	14	30	132	930.959
-0.209440	2.449191	-0.633651	138	119	0	930.908
1.151917	0.386248	-2.690943	27	22	127	930.859
-2.408554	1.892348	0.496522	6	36	136	930.823
-2.722714	0.829531	0.665695	124	23	5	930.814
1.780236	1.298546	2.020601	6	114	1	930.761
2.303835	2.019676	-1.980944	135	31	123	930.659
2.094395	1.928342	-1.351174	6	27	18	930.633
2.408554	0.426507	2.367872	24	23	122	930.560
-2.932153	2.660113	-2.186513	115	136	1	930.503
-1.989675	1.432325	-1.029054	125	127	34	930.391
1.780236	0.727136	-1.633288	129	33	4	930.336
2.722714	1.351855	-1.855234	125	29	5	930.322
-2.303835	0.053884	-2.408394	118	9	139	930.288
-3.036873	0.312219	-2.072057	113	129	23	930.284
2.303835	0.704080	2.911636	16	29	116	930.270
-2.932153	1.975135	-2.539127	109	123	23	930.230
2.932153	1.498907	-2.207327	121	28	137	929.959
-1.466077	1.821360	-2.984352	132	115	136	929.957
0.628319	2.394960	0.862133	129	29	118	929.943
-0.733038	2.558223	-1.164189	135	121	135	929.870
0.104720	3.050410	3.138492	13	32	119	929.791
2.408554	1.685031	-2.009038	134	30	124	929.709
-1.256637	1.321019	-2.749776	131	105	10	929.677
-0.837758	0.689777	2.385011	120	109	10	929.673
-1.780236	1.139125	-1.924528	124	115	12	929.524
1.675516	0.493314	3.117264	25	24	122	929.508
-0.733038	1.622114	0.701509	114	138	19	929.492
-0.942478	0.632708	2.566722	121	108	11	929.449
2.827433	1.590018	-1.941652	123	30	2	929.407
2.932153	2.156474	-2.912065	11	30	122	929.336
1.256637	2.849871	1.512012	114	120	4	929.323
-0.628319	1.247736	2.242810	126	114	0	929.308
-0.942478	1.437208	-2.529085	138	105	12	929.262
-3.036873	1.679696	0.912482	135	33	131	929.249
-3.141593	1.922616	0.844633	136	34	128	929.152
-1.361357	1.181331	-2.060330	133	105	24	929.088
-2.199115	2.307301	1.336200	125	24	122	928.912
-3.036873	2.996437	-2.089121	114	139	1	928.897
-2.094395	1.321019	-2.749776	118	130	134	928.848
-1.884956	0.400542	-2.995729	113	125	17	928.791
-1.570796	2.789817	0.395431	123	34	134	928.681
-2.722714	2.341931	1.023926	130	29	121	928.607
1.989675	2.035818	-0.379479	25	11	139	928.591
2.617994	1.622993	-2.221629	133	28	121	928.564
-1.989675	2.307301	1.336200	123	20	122	928.506
0.628319	1.865912	0.624453	122	107	23	928.502
-2.303835	1.310722	0.558267	118	20	137	928.472
2.722714	1.459314	-1.765003	126	29	6	928.441
-1.780236	1.480942	0.273235	117	10	132	928.440
-1.780236	2.898932	0.139973	123	33	133	928.400
2.617994	0.599643	-3.045235	12	26	122	928.322
-1.884956	1.393612	1.952016	2	28	110	928.276
-1.047198	1.452754	-2.738631	135	106	8	928.265
-1.675516	0.594963	2.997575	114	126	12	928.244
-1.884956	2.040501	-1.411488	119	124	37	928.226
-1.675516	2.740366	1.374341	20	28	117	928.207
-2.722714	1.724852	0.202831	10	31	2	928.198
0.523599	1.522373	1.764991	123	120	135	928.173
-0.523599	1.201164	2.355931	129	112	0	928.132
-1.780236	2.336046	-1.115799	115	130	34	928.107
-1.675516	1.823386	-1.429807	120	127	30	928.103
-0.628319	1.865046	1.763384	116	138	139	928.086
2.303835	1.376560	-1.355481	128	28	9	928.070
0.942478	1.875561	1.632831	123	119	136	928.055
-1.047198	2.856905	-0.318441	113	134	5	928.011
2.722714	0.493314	3.117264	12	27	124	927.994
1.047198	2.108891	-2.532166	7	34	122	927.805
-0.733038	2.005145	0.941012	113	137	14	927.753
-2.408554	1.232870	-1.822773	118	129	28	927.709
-0.104720	3.050410	3.138492	18	30	120	927.707
-1.151917	0.560531	2.378474	116	114	13	927.706
-2.932153	1.770735	0.537245	130	31	127	927.679
-0.942478	2.978333	-0.412090	114	130	3	927.652
2.722714	1.340441	-1.731580	120	26	2	927.649
-0.942478	2.856905	-0.318441	114	131	5	927.642
-1.675516	1.710583	-1.376890	122	128	32	927.561
0.314159	2.661713	-0.529511	11	115	6	927.551
-0.104720	2.830209	2.734943	9	31	115	927.544
-1.884956	1.382562	0.177141	117	13	133	927.539
-3.141593	2.970019	-1.282382	122	33	132	927.531
-2.722714	0.182564	-2.125821	117	12	139	927.491
1.989675	0.482460	2.849843	24	24	121	927.489
-0.942478	1.305241	-2.530249	137	105	13	927.438
-1.361357	1.914854	1.214468	128	34	131	927.404
-2.722714	1.361998	-2.207254	118	17	137	927.340
2.513274	1.374245	-1.226417	126	25	10	927.316
-0.418879	1.567193	2.643172	137	114	139	927.313
2.199115	2.146582	-1.793788	139	33	125	927.270
-0.733038	1.178898	1.827305	115	128	3	927.252
-0.104720	1.481086	2.890269	137	125	129	927.229
2.199115	0.807476	-2.597675	11	27	123	927.229
-1.675516	1.429580	-2.107232	126	115	7	927.228
-2.408554	1.644848	2.743774	2	39	130	927.213
-0.733038	0.652440	2.197129	119	110	10	927.197
-2.303835	1.365452	0.310522	118	21	133	927.114
0.837758	2.423190	1.789783	118	127	135	927.084
-2.827433	1.904429	-2.428029	109	129	18	927.084
-1.675516	0.857516	-2.432863	120	119	12	927.057
-2.303835	1.925185	0.231170	2	36	0	927.020
-2.827433	2.239419	0.151693	10	32	130	926.966
0.628319	2.681411	-2.667965	16	30	117	926.960
-2.094395	1.317907	-1.121023	124	126	32	926.867
-0.628319	1.158594	2.487618	129	111	2	926.791
-1.047198	2.014149	0.444138	123	138	128	926.783
0.628319	1.546010	1.523462	121	118	138	926.768
2.094395	0.734333	-2.446184	135	39	131	926.767
3.036873	1.522237	3.102018	6	32	131	926.751
-1.570796	2.355165	-1.833173	135	120	132	926.662
2.513274	1.061389	-1.672248	121	27	4	926.565
-2.617994	2.575994	0.391718	9	31	124	926.437
0.733038	2.324731	1.511186	117	123	138	926.411
2.408554	1.590018	-1.941652	134	30	125	926.407
-2.827433	1.634747	-2.426198	111	119	25	926.290
-0.314159	1.643925	1.034629	113	130	4	926.256
0.523599	0.389851	-2.340031	29	16	129	926.192
0.104720	3.011274	0.434110	111	121	10	926.135
-1.780236	0.591643	-2.098364	122	118	18	926.074
-1.466077	1.269614	-1.275246	132	122	39	926.058
-3.141593	1.574849	-0.091505	10	10	32	925.874
-2.932153	2.563452	-2.044028	114	139	3	925.863
-2.094395	1.928342	-1.351174	118	133	9	925.863
-2.513274	1.904429	-2.428029	111	122	18	925.845
-1.675516	2.040501	-1.411488	117	128	28	925.759
-0.628319	1.393612	1.952016	118	126	0	925.635
-1.256637	1.560487	-2.323400	134	104	16	925.604
2.094395	0.368784	2.974974	21	28	124	925.537
-1.047198	1.908408	-2.648903	0	112	1	925.519
-0.942478	0.975253	2.641082	125	109	6	925.433
0.942478	2.948048	1.133127	114	119	7	925.408
-1.361357	1.168406	-2.301519	131	104	19	925.395
-1.570796	0.790269	-2.282409	122	117	14	925.385
-0.837758	1.555041	0.947813	114	0	16	925.293
-1.047198	1.880509	1.500204	117	130	8	925.288
-1.047198	2.343434	-2.013692	0	104	12	925.230
-3.141593	1.713452	0.789419	131	33	129	925.221
-0.837758	1.698726	-2.973576	138	109	10	925.207
-0.628319	1.529788	0.613208	113	136	23	925.080
-2.199115	2.255601	-1.728131	114	124	32	925.041
-1.780236	1.401926	1.822930	2	30	112	925.020
0.418879	2.103223	1.521685	116	125	138	924.948
-3.036873	2.534798	-2.266671	115	138	0	924.937
-2.932153	1.840579	-2.536445	109	122	23	924.902
-2.827433	2.156337	1.151558	133	32	125	924.897
-1.780236	1.246495	-2.646872	115	4	14	924.891
-0.314159	0.947774	2.395256	131	108	3	924.881
-0.418879	1.444527	2.664744	137	113	139	924.863
-1.675516	2.386110	-1.481351	121	127	3	924.827
1.256637	0.386248	-2.690943	25	24	127	924.804
-1.047198	2.558146	0.627191	119	28	135	924.751
2.722714	1.153930	-1.597104	120	23	5	924.693
3.036873	2.539516	-0.476942	11	31	127	924.689
-1.256637	1.452754	-2.738631	131	106	8	924.682
-0.418879	1.673267	-0.665453	133	116	40	924.621
-1.780236	0.727399	-2.120567	121	118	17	924.557
-0.942478	2.267390	0.878499	118	9	0	924.491
-0.733038	1.240183	2.587255	129	110	2	924.449
-0.733038	1.555041	0.947813	113	138	16	924.441
-0.942478	2.226413	-2.064034	3	105	12	924.372
-1.780236	1.576334	0.365236	117	10	131	924.295
-2.094395	2.705107	1.062142	21	28	119	924.251
-0.628319	1.567193	2.643172	134	113	0	924.108
3.036873	1.303305	3.043152	6	32	134	924.093
2.199115	1.892144	-2.005340	137	32	123	924.088
-2.199115	0.807476	-2.597675	116	119	22	924.083
-0.209440	2.036004	-0.757062	136	109	35	924.035
1.047198	2.849871	1.512012	112	123	5	924.015
2.827433	1.115957	-1.787597	118	23	2	923.969
0.209440	2.931927	-2.728768	20	27	119	923.938
2.303835	0.513579	-1.147354	116	111	27	923.922
-1.989675	2.211602	1.443930	123	21	124	923.918
1.989675	2.019676	-1.980944	2	33	123	923.877
-2.408554	0.540208	1.400497	8	20	21	923.826
-2.199115	2.825762	1.085035	24	25	119	923.818
-1.780236	1.317907	-1.121023	127	123	33	923.764
-1.780236	1.395545	-2.850807	122	110	6	923.749
-1.884956	0.725300	-2.975134	117	118	17	923.749
-2.513274	1.012180	0.304066	121	24	0	923.629
-1.884956	2.611256	-0.279110	119	28	0	923.590
1.780236	0.482460	2.849843	27	21	121	923.566
-1.047198	0.759800	2.546181	120	110	9	923.447
-0.523599	1.490555	2.543284	134	114	139	923.438
0.000000	1.760169	1.678132	129	136	117	923.374
-0.733038	1.971438	-2.765415	4	116	139	923.336
2.199115	2.784696	-1.013128	13	32	126	923.334
1.989675	2.890337	-0.825633	20	27	125	923.321
-1.466077	2.660113	-2.186513	136	103	11	923.262
1.570796	2.970019	-1.282382	19	27	122	923.250
1.151917	2.303283	1.855938	122	123	134	923.230
-1.466077	1.841033	-2.756932	131	115	1	923.165
-0.733038	2.036004	-0.757062	117	120	31	923.156
1.989675	1.317907	-1.121023	132	27	12	923.109
-0.314159	1.533648	1.644808	127	137	118	923.042
-1.780236	0.451839	-2.078193	122	118	19	922.996
2.932153	0.965426	1.686615	1	27	12	922.984
-1.884956	2.256702	-1.401367	115	126	34	922.960
-0.837758	0.844883	2.679708	126	107	9	922.929
1.466077	0.737893	1.866463	136	29	128	922.906
-1.466077	1.679277	-1.122421	125	125	38	922.894
-0.104720	0.482460	2.849843	129	33	127	922.819
-0.104720	1.846350	1.893983	126	123	137	922.793
-1.989675	1.555041	0.947813	2	39	136	922.763
2.932153	2.032917	-2.199917	5	28	118	922.746
-1.780236	1.351855	-1.855234	125	116	11	922.648
-0.942478	2.611256	-0.279110	113	132	10	922.605
-0.733038	0.560531	2.378474	121	108	13	922.595
3.036873	2.335096	-0.588468	6	18	31	922.586
2.408554	0.721019	2.721536	17	28	115	922.581
0.628319	2.744633	-2.391311	20	27	119	922.573
-1.884956	2.386110	-1.481351	113	125	31	922.558
-2.513274	1.074204	0.545276	121	23	1	922.531
-0.523599	0.368784	2.974974	128	114	5	922.479
-1.151917	2.395716	1.977184	8	29	111	922.407
1.151917	2.849871	1.512012	113	121	5	922.403
1.361357	2.303283	1.855938	123	122	134	922.398
-0.837758	2.519348	0.843503	120	9	133	922.329
0.104720	2.539516	-0.476942	4	118	139	922.289
-2.303835	1.889815	2.701570	0	38	127	922.289
-0.837758	1.283786	2.462124	127	113	1	922.246
-1.780236	2.255601	-1.728131	121	1	132	922.236
-1.151917	1.240183	2.587255	123	139	129	922.186
-2.199115	2.978333	-0.412090	121	31	133	922.176
-1.570796	2.672720	-1.110422	110	127	25	922.176
0.209440	2.512538	1.239900	113	128	2	922.131
0.733038	1.732838	1.127584	121	108	14	922.048
2.199115	1.197745	-1.173705	128	25	11	922.031
-1.361357	2.838301	1.980061	24	22	117	922.010
-1.047198	2.052794	-0.008526	113	8	22	921.898
2.932153	0.376428	-1.495532	115	125	27	921.894
-2.932153	1.821360	-2.984352	1	32	124	921.889
2.932153	2.212686	-0.544809	8	16	33	921.887
2.199115	1.496414	-2.009267	138	32	125	921.873
2.094395	0.803410	-1.984567	138	31	127	921.838
-2.094395	1.502469	0.151156	117	18	131	921.811
-0.837758	2.442222	-1.195837	133	119	136	921.792
-0.209440	1.813159	2.025395	131	118	2	921.661
-1.047198	1.321019	-2.749776	134	106	9	921.645
-1.466077	2.111003	-0.268632	117	0	31	921.616
-0.628319	2.554022	2.320619	8	28	111	921.596
-1.989675	1.374245	-1.226417	124	124	32	921.539
0.523599	1.760169	1.678132	120	122	136	921.395
2.408554	1.232870	-1.822773	123	31	1	921.387
-3.141593	1.892348	0.496522	133	32	124	921.350
-1.047198	2.518454	-1.565852	0	118	135	921.350
-1.570796	0.981485	-2.424766	122	118	11	921.251
-1.570796	1.367028	-2.420041	126	122	139	921.216
-2.094395	2.646182	-1.614036	110	127	26	921.189
-1.256637	2.460902	0.490079	120	30	137	921.181
-1.047198	2.134684	0.907065	119	11	0	921.013
-0.837758	2.431584	2.307631	10	26	110	921.003
-0.733038	1.393612	1.952016	118	128	0	920.988
1.256637	2.637087	3.132730	124	15	124	920.936
-1.047198	2.355462	2.151441	9	26	110	920.906
-1.780236	2.122474	-0.648314	117	138	31	920.904
1.989675	1.269614	-1.275246	131	28	10	920.824
2.408554	2.978333	-0.412090	19	27	123	920.804
2.722714	1.629346	-0.542669	136	25	13	920.801
2.513274	2.234383	-2.792065	16	23	119	920.752
-0.418879	2.114380	0.531457	112	132	7	920.615
2.827433	2.079746	-0.897699	2	16	35	920.599
2.617994	1.773527	-1.039582	1	12	37	920.571
-1.989675	1.365452	0.310522	117	15	134	920.548
-2.932153	1.865912	0.624453	131	32	127	920.547
-3.141593	2.353029	-1.310529	130	32	133	920.544
0.209440	1.391324	1.109396	116	122	2	920.489
2.408554	1.269614	-1.275246	125	25	10	920.487
0.418879	1.401926	1.822930	123	120	135	920.467
-1.570796	1.579624	-1.199759	127	124	38	920.446
-1.151917	2.100482	-2.301084	135	112	7	920.299
-1.570796	1.305241	-2.530249	126	105	14	920.295
2.722714	0.972820	-1.762780	118	24	2	920.256
-2.932153	1.908408	-2.648903	108	121	21	920.240
-1.989675	2.261466	-1.557500	115	124	33	920.210
0.000000	0.632708	2.566722	131	35	131	920.130
-1.884956	2.676626	2.335353	127	34	131	920.115
-0.837758	2.461774	-1.734913	1	104	15	920.109
-2.094395	1.377070	-1.980984	119	117	29	920.099
-0.628319	1.365228	2.563808	132	112	1	920.062
-0.733038	1.834787	0.751968	113	137	18	920.062
-1.466077	2.043060	-2.653746	131	114	1	920.039
-2.617994	2.278618	1.170386	129	29	123	920.017
2.722714	0.790269	-2.282409	133	27	123	919.969
0.523599	2.434090	1.592818	116	128	137	919.966
1.989675	0.505463	2.594557	27	20	121	919.964
-1.780236	1.690453	-2.123076	124	121	3	919.947
-1.780236	2.780471	0.027732	121	32	136	919.853
1.047198	2.744633	-2.391311	12	32	119	919.836
-2.303835	1.012180	0.304066	120	20	0	919.833
-3.036873	2.114380	0.531457	131	30	120	919.784
-0.104720	2.838301	1.980061	126	33	124	919.779
2.513274	0.308059	2.021491	28	19	126	919.722
2.722714	1.707714	-0.787321	4	9	40	919.698
-0.837758	1.247736	2.242810	124	116	0	919.615
-1.151917	2.780208	-0.626453	114	130	7	919.578
2.827433	1.865619	-0.952036	0	13	37	919.550
0.418879	2.681411	-2.667965	19	27	117	919.494
-1.675516	2.335096	-0.588468	115	137	27	919.472
2.303835	1.815016	0.278951	27	5	134	919.463
-0.209440	2.114380	0.531457	112	128	7	919.457
2.199115	2.035818	-0.379479	24	15	139	919.453
1.047198	2.886428	-1.793217	20	26	121	919.444
-1.989675	1.458370	0.400433	117	15	133	919.371
-0.733038	1.365228	2.563808	130	112	1	919.352
-1.675516	2.682859	-0.817071	112	126	25	919.322
2.617994	1.153930	-1.597104	121	25	5	919.317
-1.989675	1.139125	-1.924528	122	118	12	919.279
2.722714	1.776419	-2.642421	13	29	125	919.267
-0.523599	1.074029	1.909193	120	115	3	919.233
-1.047198	1.974950	2.220596	137	28	121	919.158
0.837758	2.304968	2.608978	125	10	122	919.078
2.722714	1.411944	2.444377	7	24	108	918.995
1.780236	2.035818	-0.379479	25	9	0	918.969
-2.932153	2.572710	-0.934665	125	34	0	918.926
0.418879	1.221608	1.421669	123	115	139	918.907
-0.418879	2.676626	2.335353	6	31	113	918.887
-0.837758	1.541082	2.424608	130	116	138	918.884
-0.733038	1.331651	2.344497	127	114	139	918.866
-1.884956	0.933766	-3.015917	117	119	15	918.861
2.722714	0.147206	-1.385164	117	14	1	918.861
2.094395	0.142314	2.590387	26	22	128	918.724
-0.523599	1.555041	0.947813	113	135	6	918.709
-1.047198	0.817846	2.390688	119	113	8	918.640
0.418879	2.434090	1.592818	116	129	137	918.628
-3.036873	1.904429	-2.428029	3	32	123	918.560
-1.780236	0.933766	-3.015917	118	117	15	918.530
-1.884956	2.043729	-1.557938	119	4	138	918.511
-1.256637	3.011274	0.434110	119	29	131	918.474
3.036873	2.195400	-2.217546	7	26	114	918.449
-1.570796	2.434090	1.592818	18	26	113	918.441
-1.780236	2.801154	2.353143	125	33	129	918.379
-3.141593	1.622114	0.701509	135	33	131	918.365
-1.361357	1.325286	-0.994192	132	120	38	918.345
-0.314159	1.391324	1.109396	113	131	2	918.214
-1.361357	2.558146	0.627191	123	34	135	918.159
-2.722714	0.312219	-2.072057	117	11	139	918.155
-1.047198	1.339410	0.900087	117	4	18	918.145
-2.199115	2.261466	-1.557500	114	127	31	918.074
0.942478	2.740366	1.374341	113	121	5	918.038
2.303835	1.893281	-1.083976	137	31	9	918.021
1.884956	0.594963	2.997575	24	25	120	917.996
-3.036873	1.622993	-2.221629	112	124	29	917.927
-1.884956	1.351855	-1.855234	123	116	12	917.906
2.827433	1.459314	-1.765003	125	28	6	917.878
-2.617994	2.267390	0.878499	127	26	121	917.835
-1.780236	1.296978	-2.311511	124	121	2	917.814
-1.151917	2.294058	-0.421070	112	131	26	917.781
-2.303835	0.934873	-2.010822	119	126	25	917.764
-1.675516	1.735719	-3.092485	128	118	134	917.763
0.104720	1.964774	1.855507	126	124	137	917.640
0.314159	1.770735	0.537245	118	112	25	917.587
-0.942478	0.817846	2.390688	120	111	7	917.538
-1.675516	0.879254	-2.733338	127	110	25	917.494
2.408554	2.453499	-1.008861	14	29	128	917.469
-0.314159	1.652224	-0.996105	0	114	37	917.420
-1.466077	0.819323	2.845960	115	126	8	917.412
-0.733038	2.487747	2.505912	13	25	110	917.312
-0.733038	1.411944	2.444377	129	114	139	917.258
-2.303835	2.978333	-0.412090	122	33	133	917.251
2.722714	1.490555	2.543284	5	24	107	917.243
-0.523599	1.283786	2.462124	131	112	0	917.227
-1.466077	2.890337	-0.825633	114	132	4	917.189
2.722714	2.129501	0.238290	29	14	132	917.168
-1.884956	0.858279	-2.138895	120	119	16	917.120
-1.570796	1.770119	-2.427175	128	124	136	917.107
-2.513274	1.685031	-2.009038	118	117	34	917.074
-1.151917	1.377070	-1.980984	136	106	24	917.062
2.513274	2.157194	-0.792563	10	15	34	917.025
-1.780236	1.429580	-2.107232	124	116	7	917.017
-0.733038	1.247736	2.242810	125	115	0	916.997
-0.733038	2.048538	0.806623	112	136	16	916.981
0.104720	0.721019	2.721536	127	32	131	916.959
-1.989675	2.324731	1.511186	124	21	122	916.934
-1.047198	2.085731	0.671081	117	11	4	916.928
0.523599	1.834787	0.751968	120	109	21	916.913
-0.418879	3.050410	3.138492	20	24	118	916.887
-1.361357	1.728940	1.931535	112	1	14	916.884
-2.303835	2.014149	0.444138	3	37	136	916.836
3.036873	1.834787	0.751968	138	35	129	916.835
-1.151917	1.704478	-0.106295	117	136	27	916.819
-0.209440	0.481292	-2.529098	1	27	118	916.756
-1.570796	1.560487	-2.323400	127	119	0	916.744
-2.408554	2.682859	-0.817071	125	28	129	916.705
1.151917	2.423190	1.789783	120	123	135	916.626
0.942478	2.103223	1.521685	122	118	138	916.607
0.314159	2.931927	-2.728768	19	29	119	916.532
-0.104720	1.914854	1.214468	115	136	135	916.495
-1.989675	1.584581	-2.738702	121	128	132	916.461
0.628319	2.201829	-0.001735	12	119	5	916.445
0.104720	1.642346	1.722617	130	133	117	916.362
1.047198	0.147206	-1.385164	134	37	0	916.317
0.837758	0.481292	-2.529098	28	19	127	916.311
-1.989675	1.375020	-0.170393	117	17	130	916.244
-2.199115	1.382562	0.177141	118	20	133	916.183
0.418879	0.525564	-2.288838	30	14	129	915.992
-2.094395	1.262380	-0.157609	117	19	132	915.978
3.036873	2.108891	-2.532166	7	29	119	915.937
0.418879	2.885017	0.655562	113	119	9	915.884
-1.047198	2.885017	0.655562	119	29	132	915.867
-2.722714	2.083752	-0.511086	136	33	6	915.855
0.209440	1.322568	1.499415	121	118	138	915.850
-2.408554	1.262791	-1.549229	121	130	32	915.831
-0.314159	2.849871	1.512012	121	30	127	915.824
2.827433	1.622993	-2.221629	122	30	136	915.809
2.094395	0.685083	-0.942363	118	112	31	915.774
-1.884956	1.823386	-1.429807	119	130	30	915.743
0.733038	1.643925	1.034629	121	107	17	915.741
-1.570796	1.234375	-2.421194	124	122	0	915.727
-1.466077	1.739971	-0.228876	122	2	34	915.592
-2.199115	1.429580	-2.107232	117	127	22	915.591
1.047198	2.214075	1.600691	121	119	137	915.469
-1.361357	1.361196	2.914780	126	135	128	915.461
-1.989675	1.234531	-2.190148	117	123	13	915.378
-2.094395	2.453499	-1.008861	116	137	32	915.360
-2.722714	0.389851	-2.340031	116	17	136	915.356
-0.628319	1.411944	2.444377	130	114	139	915.325
-0.837758	0.759800	2.546181	123	108	10	915.324
-2.722714	1.840579	-2.536445	110	125	16	915.188
2.722714	1.915763	-0.724679	6	12	37	915.141
-3.036873	2.558223	-1.164189	130	33	131	915.083
-0.418879	1.983318	-0.247182	137	30	126	914.991
-0.942478	1.834787	0.751968	115	0	19	914.890
0.104720	1.401926	1.822930	132	129	118	914.835
1.989675	1.197745	-1.173705	130	27	11	914.781
-1.047198	1.246495	-2.646872	134	105	12	914.752
-0.733038	0.400542	-2.995729	131	113	5	914.746
-2.303835	2.856905	-0.318441	124	34	135	914.745
-1.361357	1.304210	-2.084225	132	105	22	914.729
-1.466077	2.460902	0.490079	123	34	137	914.718
0.628319	2.303283	1.855938	118	130	134	914.691
