128	1.2
0.000000	0.000000	0.000000
rece1_m.pdb	31.640	33.000	7.455
ligand_m.pdb	-24.507	62.702	8.796
-2.617994	1.031435	1.241021	4	19	9	1358.055
-2.408554	1.427868	0.984637	5	23	6	1349.758
-2.513274	1.206585	0.933648	7	22	8	1320.203
-2.513274	1.244075	1.286644	1	20	6	1306.547
-2.408554	1.515235	1.068565	5	24	5	1302.078
-2.722714	0.913918	1.287618	6	18	10	1289.633
2.932153	1.648538	-2.855044	5	21	105	1252.035
-2.617994	0.814161	1.010949	9	19	11	1249.613
-2.513274	1.076262	0.966104	7	21	9	1221.430
-2.932153	2.036004	-0.757062	13	22	106	1220.697
-2.827433	1.794699	-0.694061	11	24	109	1215.498
3.036873	1.648538	-2.855044	4	20	105	1211.726
-2.513274	1.001920	0.848054	8	20	11	1205.145
-2.617994	1.125217	1.336294	4	20	7	1204.016
2.617994	2.556919	-2.655005	29	14	103	1202.227
-2.513274	1.270745	1.152533	127	20	6	1193.625
2.932153	1.698726	-2.973576	6	20	103	1192.708
-1.047198	2.213937	0.621892	95	10	13	1186.410
-0.418879	1.174782	-2.538755	8	26	113	1183.945
-2.617994	0.941718	1.125085	6	19	11	1180.949
2.932153	1.821360	-2.984352	6	18	103	1175.530
-2.513274	1.427868	0.984637	7	24	6	1170.672
-2.408554	1.579542	-0.755917	5	22	112	1169.605
-2.722714	0.712883	1.174216	8	17	12	1163.980
-2.722714	1.915763	-0.724679	10	23	108	1161.086
-2.513274	1.177998	1.061256	127	19	8	1160.078
2.827433	1.698726	-2.973576	7	21	103	1159.816
-2.722714	0.671396	1.004859	10	17	13	1154.732
2.722714	2.107523	3.129581	26	20	108	1152.172
-3.036873	2.019676	-1.980944	122	17	118	1151.336
2.722714	2.233709	3.070830	25	19	107	1151.020
-2.513274	1.377578	-2.636339	92	119	7	1150.550
-2.722714	0.829816	1.167147	6	17	11	1146.383
2.094395	1.444527	2.664744	37	14	2	1145.243
2.722714	1.698726	-2.973576	8	22	103	1143.338
-2.617994	1.057515	1.097998	1	19	9	1142.484
-2.513274	1.119777	0.834702	7	21	9	1140.090
-2.513274	0.943701	0.980328	8	20	10	1139.500
-2.303835	0.852911	1.933394	109	16	2	1139.418
2.513274	2.431406	-2.647820	30	14	104	1139.020
2.617994	2.362948	-2.487477	29	16	104	1138.725
-2.722714	1.832060	-0.821627	11	23	108	1137.689
-2.408554	1.177998	1.061256	0	20	10	1136.781
-2.513274	1.057515	1.097998	5	20	11	1133.855
-1.047198	2.309655	0.726020	96	11	11	1133.308
-1.466077	2.237183	0.468799	100	14	15	1128.042
-2.932153	2.157194	-0.792563	14	21	105	1127.225
-2.408554	1.270745	1.152533	3	22	5	1126.789
-1.256637	2.460902	0.490079	96	11	12	1126.638
-2.513274	1.300924	1.022478	8	23	8	1126.297
-2.513274	1.151198	1.197016	1	19	8	1126.219
-2.303835	1.300924	1.022478	126	20	9	1125.250
-2.827433	1.954572	-0.859208	12	24	108	1124.902
-3.141593	1.807825	-2.090455	122	19	119	1123.027
-2.617994	0.751046	0.863821	11	18	12	1120.404
-2.827433	1.832060	-0.821627	12	24	108	1120.180
-2.722714	1.752959	-0.567548	8	24	110	1119.215
-1.256637	2.237183	0.468799	96	11	15	1118.477
-2.617994	1.244075	1.286644	4	21	5	1118.195
-2.513274	0.866940	0.851229	9	19	12	1117.758
-2.408554	1.206585	0.933648	5	22	8	1117.578
2.722714	2.556919	-2.655005	29	15	103	1116.577
2.094395	1.523102	2.765920	38	14	0	1112.962
-2.513274	1.574849	-0.091505	117	10	24	1111.991
3.036873	1.253604	0.812222	10	27	127	1109.539
2.617994	2.107523	3.129581	27	19	108	1109.016
-0.418879	1.050039	-2.552086	7	26	112	1108.797
-1.256637	2.340210	0.562145	97	12	12	1107.359
-0.314159	1.174782	-2.538755	6	25	113	1103.992
-2.303835	1.391324	1.109396	125	21	6	1103.922
-2.617994	2.570050	-1.804492	111	2	116	1103.744
-0.733038	1.914854	1.214468	103	13	118	1103.565
-1.151917	2.213937	0.621892	96	11	13	1103.116
-1.466077	2.460902	0.490079	99	14	12	1102.714
-2.408554	1.339410	0.900087	5	22	7	1102.375
-2.617994	1.574849	-0.091505	118	10	24	1101.640
-2.303835	1.876049	-0.594378	107	9	25	1101.161
1.989675	1.444527	2.664744	37	12	2	1101.019
2.408554	2.485907	-2.835471	31	13	105	1100.249
-1.256637	2.213937	0.621892	98	13	13	1099.900
-0.942478	2.435993	0.683844	94	9	10	1099.556
-2.408554	1.958989	0.712772	26	31	121	1099.071
-2.722714	1.125217	1.336294	33	29	117	1098.232
2.094395	1.153930	-1.597104	104	13	20	1097.495
2.513274	2.362948	-2.487477	29	15	104	1097.426
-2.408554	1.300924	1.022478	5	23	7	1097.188
-2.932153	1.832060	-0.821627	13	25	108	1096.746
-2.722714	1.794699	-0.694061	9	24	109	1096.742
3.036873	1.772673	-2.864760	4	18	104	1096.341
2.513274	2.556919	-2.655005	29	13	103	1096.292
-0.418879	1.121943	-2.669042	7	27	115	1096.289
-1.047198	2.435993	0.683844	95	10	10	1096.162
2.722714	2.489741	-2.468428	28	15	103	1096.136
-2.932153	1.964971	-2.100533	113	12	120	1096.122
-2.722714	1.744927	-0.911892	11	25	110	1095.848
-2.513274	2.355120	0.388593	24	33	121	1095.604
-2.617994	1.673267	-0.665453	7	23	111	1092.969
2.932153	1.612720	-3.080498	8	21	102	1092.383
3.036873	1.776419	-2.642421	1	19	108	1091.848
-2.617994	0.671396	1.004859	8	17	14	1091.451
2.932153	1.841033	-2.756932	3	19	106	1091.063
-2.932153	1.892144	-2.005340	112	12	121	1091.046
-2.199115	2.083752	-0.511086	104	11	22	1090.563
-2.827433	2.108277	-2.095907	112	9	119	1089.375
2.617994	2.233709	3.070830	26	18	107	1088.736
3.036873	1.577029	-2.962888	6	21	104	1088.273
-2.408554	1.643925	1.034629	4	25	3	1088.094
2.827433	1.612720	-3.080498	9	22	102	1087.803
-2.827433	1.492424	-0.190932	118	7	25	1086.999
-2.303835	1.616900	-0.207457	112	10	25	1086.967
-3.141593	1.712415	-2.747921	2	18	106	1086.811
-2.513274	2.237183	0.468799	118	16	16	1086.715
2.932153	1.712415	-2.747921	3	21	107	1086.174
-2.199115	2.166724	-0.401638	105	13	20	1085.569
-2.303835	2.114380	0.531457	21	33	123	1085.005
-2.722714	1.579542	-0.755917	9	26	112	1084.801
2.303835	2.409450	-2.988432	32	13	106	1084.574
3.036873	1.841033	-2.756932	2	18	106	1082.836
2.932153	1.584581	-2.738702	3	23	107	1081.786
2.932153	1.691693	-1.871572	99	10	18	1081.702
2.199115	1.444527	2.664744	37	16	2	1081.413
1.884956	1.444527	2.664744	37	10	2	1080.679
-2.408554	0.308059	2.021491	106	20	7	1080.359
-2.827433	2.036004	-0.757062	12	21	105	1078.680
-2.722714	1.707714	-0.787321	10	24	110	1077.543
-2.513274	1.253604	0.812222	5	22	8	1076.422
-2.617994	0.829816	1.167147	6	18	11	1076.316
2.199115	1.061389	-1.672248	101	12	19	1075.967
-1.151917	2.435993	0.683844	97	12	10	1075.769
-2.408554	0.190569	1.929141	108	21	10	1075.086
-2.513274	1.707714	-0.787321	7	23	110	1074.617
2.932153	1.577029	-2.962888	7	22	104	1073.996
-2.932153	1.954572	-0.859208	14	23	107	1073.766
-2.408554	1.574849	-0.091505	116	11	23	1073.429
-2.513274	1.515235	1.068565	6	25	5	1072.852
3.036873	1.712415	-2.747921	2	19	107	1072.348
-2.827433	1.103208	1.477773	33	28	115	1072.104
2.513274	2.604150	-2.885208	31	13	104	1071.907
-2.617994	1.707714	-0.787321	8	24	110	1070.758
-2.513274	1.305241	-2.530249	92	119	9	1070.117
2.932153	1.471330	-1.886160	98	8	19	1069.788
-2.408554	1.752959	-0.567548	110	9	26	1069.509
2.617994	2.604150	-2.885208	30	15	104	1069.344
-2.617994	2.355165	-1.833173	18	22	105	1069.340
-0.418879	1.246495	-2.646872	8	27	115	1069.309
-1.361357	2.237183	0.468799	98	12	15	1068.901
-2.513274	1.339410	0.900087	7	22	7	1068.688
2.722714	1.612720	-3.080498	10	23	102	1068.218
-2.617994	1.794699	-0.694061	8	23	109	1067.984
-2.513274	1.794699	-0.694061	7	21	108	1067.734
-1.361357	2.460902	0.490079	97	12	12	1067.647
2.408554	1.431375	-2.313269	99	14	13	1067.355
-3.141593	1.685031	-2.009038	122	20	121	1067.289
3.036873	1.584581	-2.738702	2	21	107	1066.791
2.932153	2.617344	-2.439480	27	15	102	1065.962
-0.942478	2.267390	0.878499	96	11	9	1065.561
2.408554	1.498261	-2.425270	99	15	10	1065.441
-2.408554	1.581515	-0.419414	114	9	27	1064.848
-2.303835	1.579542	-0.755917	4	21	112	1064.570
2.827433	1.821360	-2.984352	6	19	102	1064.286
-1.047198	2.085731	0.671081	96	11	13	1064.243
-2.617994	2.244355	0.309899	26	32	124	1063.935
2.513274	2.152901	-1.636788	26	21	108	1063.840
-2.408554	1.629346	-0.542669	112	8	27	1063.407
-2.408554	1.456736	1.323154	127	21	3	1063.352
1.989675	0.942873	-1.607680	103	14	19	1063.282
-2.722714	1.673267	-0.665453	9	24	111	1062.980
-1.361357	2.213937	0.621892	100	14	13	1062.801
-0.837758	1.914854	1.214468	104	14	118	1062.677
-2.617994	1.915763	-0.724679	9	21	107	1062.645
-3.036873	1.685031	-2.009038	113	15	124	1062.371
-2.617994	0.943701	0.980328	8	20	10	1061.375
-3.141593	1.586948	-1.696296	99	6	21	1061.123
-2.932153	2.033572	-1.842884	107	8	125	1061.119
-1.570796	2.244355	0.309899	99	13	17	1061.036
-0.942478	2.394960	0.862133	95	11	8	1060.583
-2.513274	1.581515	-0.419414	115	9	27	1060.535
-1.047198	2.340210	0.562145	94	9	12	1060.389
2.932153	1.452754	-2.738631	4	24	108	1059.797
2.617994	2.489741	-2.468428	28	14	103	1059.742
-1.047198	2.394960	0.862133	97	12	8	1059.675
-2.303835	1.643925	1.034629	2	24	3	1059.383
-2.827433	2.122474	-0.648314	12	21	106	1058.828
-2.827433	0.588527	1.181755	10	16	14	1058.754
-1.151917	2.237183	0.468799	95	10	15	1058.619
-1.151917	2.340210	0.562145	96	10	13	1057.106
-2.722714	0.814161	1.010949	3	16	12	1056.965
-2.199115	1.602259	1.152656	123	21	4	1056.828
2.932153	1.817772	-1.689625	101	11	20	1056.815
-0.942478	1.679696	0.912482	100	15	122	1056.248
3.036873	1.808822	-1.817375	98	9	18	1055.468
-2.617994	0.866940	0.851229	10	19	12	1055.359
2.932153	1.475119	-1.648255	101	7	23	1055.256
-2.932153	1.074714	-2.805147	93	3	5	1054.820
2.408554	1.361998	-2.207254	99	14	15	1054.693
-0.733038	1.679696	0.912482	97	12	122	1054.684
-2.513274	1.661936	0.001037	117	12	22	1054.618
-0.628319	1.914854	1.214468	101	12	118	1053.671
-1.151917	2.460902	0.490079	94	9	12	1053.624
-2.199115	1.999226	-0.620717	104	9	23	1053.486
2.827433	2.489741	-2.468428	28	16	103	1053.114
-2.303835	0.970108	1.990771	109	15	0	1053.035
-2.513274	0.420680	2.088164	106	20	5	1052.797
3.036873	1.524811	-2.844718	4	21	106	1052.772
2.094395	1.019495	-1.894487	103	17	14	1052.471
-1.151917	2.309655	0.726020	98	12	11	1052.351
2.932153	1.487886	-3.066037	8	23	103	1052.342
-3.141593	2.317634	-2.185225	23	22	106	1051.582
-1.256637	2.435993	0.683844	98	13	10	1051.144
-2.408554	1.707244	-0.444770	112	10	26	1050.620
2.094395	1.490555	2.543284	37	15	2	1050.351
-2.827433	1.964971	-2.100533	104	6	126	1050.190
-2.722714	1.986720	-0.993220	12	23	107	1049.910
2.827433	1.452754	-2.738631	5	26	108	1049.801
-2.513274	1.673267	-0.665453	6	22	110	1049.641
2.827433	1.361998	-2.207254	95	9	14	1049.425
-1.151917	1.643925	1.034629	104	15	120	1049.308
2.408554	1.560487	-2.323400	100	15	12	1049.246
0.000000	0.088408	-0.311160	105	18	16	1049.234
-2.617994	1.437208	-2.529085	92	121	8	1049.221
-0.733038	1.803705	0.881076	98	14	123	1048.829
2.827433	2.071256	-3.018961	24	21	108	1047.799
2.408554	2.431406	-2.647820	30	13	104	1047.465
-1.151917	1.888979	0.982922	108	18	121	1047.375
2.303835	1.431375	-2.313269	101	16	13	1047.053
2.094395	1.115957	-1.787597	104	16	16	1046.854
1.884956	2.317634	-2.185225	17	35	118	1046.360
-2.513274	0.814161	1.010949	6	18	14	1046.051
-2.617994	1.579542	-0.755917	8	25	112	1045.535
2.827433	1.735719	-3.092485	9	20	102	1045.525
2.722714	1.452754	-2.738631	6	27	108	1045.375
-2.408554	2.114380	0.531457	24	32	122	1045.360
-2.303835	1.574849	-0.091505	115	11	24	1045.308
-2.827433	0.788382	1.331051	7	17	11	1045.148
-2.513274	1.409552	0.647980	4	23	4	1044.906
-1.047198	1.846644	1.113766	108	17	119	1044.316
-1.047198	1.883504	1.360457	110	13	115	1044.097
-2.827433	1.006146	1.389734	34	28	118	1043.722
-2.722714	2.354868	0.211543	26	32	123	1043.240
-2.408554	1.362302	1.239384	127	20	4	1042.734
-1.570796	2.467647	0.287667	98	12	14	1042.125
2.513274	1.498261	-2.425270	97	14	10	1042.093
-3.141593	1.622993	-2.221629	121	19	118	1041.715
-2.513274	1.362302	1.239384	0	21	4	1041.656
-2.303835	1.732838	1.127584	2	24	1	1040.781
-0.314159	1.050039	-2.552086	6	24	112	1040.684
-0.733038	2.134684	0.907065	93	8	9	1040.679
2.722714	1.735719	-3.092485	9	21	101	1040.467
-0.209440	1.794553	2.374618	109	3	113	1040.344
-2.513274	1.452754	-2.738631	92	119	4	1040.033
2.408554	1.572701	-2.528730	99	16	8	1039.891
2.932153	1.498907	-2.207327	92	6	15	1039.771
-0.209440	0.210568	-0.069559	104	17	17	1039.760
2.513274	2.485907	-2.835471	31	14	105	1039.641
-2.827433	1.707714	-0.787321	11	26	111	1039.449
3.036873	1.647395	3.085437	9	19	101	1039.415
2.932153	1.735719	-3.092485	8	19	102	1039.345
-2.827433	1.933328	-1.623328	13	24	111	1038.922
-2.513274	1.752959	-0.567548	111	10	26	1038.832
2.617994	2.485907	-2.835471	31	16	105	1038.554
-0.942478	1.803705	0.881076	101	16	123	1038.358
-0.837758	2.341931	1.023926	105	19	125	1038.356
-2.199115	1.441473	1.448544	115	15	6	1037.586
-2.408554	2.213937	0.621892	24	32	120	1036.687
-3.036873	2.042874	-1.701367	16	24	110	1036.461
-0.837758	2.049006	1.199930	105	16	119	1036.316
2.827433	1.155458	-1.460623	96	1	22	1036.261
2.513274	2.243347	-2.521049	30	17	105	1035.634
-0.314159	1.074714	-2.805147	6	26	116	1035.500
-2.408554	0.970108	1.990771	111	16	0	1035.312
-1.570796	2.355120	0.388593	100	14	14	1035.049
-2.408554	0.869748	2.095969	108	16	1	1034.953
-2.617994	1.377578	-2.636339	91	121	7	1034.886
-2.199115	1.767999	1.004737	120	20	0	1034.852
-2.408554	0.420680	2.088164	104	19	5	1034.652
2.932153	1.361998	-2.207254	94	7	14	1034.507
-2.617994	1.076262	0.966104	10	21	10	1034.426
-1.047198	1.888979	0.982922	106	17	121	1034.340
-2.513274	0.913918	1.287618	10	19	11	1034.215
-2.094395	0.190569	1.929141	101	18	10	1034.203
-0.942478	2.178879	0.767722	95	10	11	1033.959
2.513274	1.296978	-2.311511	97	13	13	1033.869
-3.036873	2.317634	-2.185225	23	23	107	1033.779
-2.408554	1.395545	-2.850807	92	117	3	1033.492
1.989675	1.616061	2.521531	38	14	0	1033.112
-2.932153	2.226413	-2.064034	21	24	107	1033.008
2.303835	2.363101	-2.810456	31	13	105	1032.956
2.303835	1.361998	-2.207254	101	15	15	1032.771
-2.722714	1.426479	1.573427	31	28	110	1032.438
-2.199115	1.957868	-0.490784	106	10	24	1032.179
2.827433	1.584581	-2.738702	4	24	107	1032.117
-2.408554	1.435181	-0.739771	5	23	114	1032.098
-2.303835	1.752959	-0.567548	109	8	26	1031.894
-1.361357	2.355120	0.388593	96	11	14	1031.815
2.094395	1.411944	2.444377	36	15	4	1031.720
-2.617994	1.616900	-0.207457	115	10	25	1031.719
-0.837758	2.267390	0.878499	95	9	9	1031.521
-2.303835	0.190569	1.929141	105	20	10	1031.355
2.303835	2.285175	-2.943090	33	14	107	1031.288
3.036873	1.377070	-1.980984	96	6	18	1031.209
-2.722714	0.941718	1.125085	3	18	11	1031.102
2.408554	1.763887	-2.218450	102	17	13	1030.930
-2.722714	1.031435	1.241021	4	19	9	1030.734
-2.932153	2.463986	1.034407	10	33	117	1030.619
2.303835	1.115957	-1.787597	100	12	17	1030.427
2.094395	1.541082	2.424608	37	16	2	1029.998
2.932153	1.577688	-1.814941	99	9	19	1029.897
2.408554	2.604150	-2.885208	30	12	104	1029.869
-1.151917	1.846644	1.113766	108	16	119	1029.396
2.094395	1.226043	-1.693533	104	14	18	1029.280
-0.418879	0.981485	-2.424766	7	24	110	1029.275
-2.199115	0.965426	1.686615	111	17	4	1028.535
1.884956	0.935636	-1.445855	103	13	21	1028.374
2.513274	2.173644	-2.403429	30	17	105	1028.324
-2.617994	2.114380	0.531457	7	24	115	1028.168
-0.942478	2.085731	0.671081	94	9	13	1027.845
2.722714	1.577029	-2.962888	9	24	104	1027.125
0.733038	0.409009	-0.570243	102	11	22	1026.855
0.418879	1.691817	2.061688	8	117	95	1026.842
-2.827433	1.439041	-0.617966	9	27	115	1026.578
-0.209440	1.665496	2.397872	109	0	113	1026.314
-1.047198	1.767999	1.004737	104	16	120	1026.166
2.827433	2.145635	-1.327708	22	23	108	1026.116
-2.408554	1.377578	-2.636339	92	118	7	1025.789
-0.418879	1.106275	-2.420800	7	25	111	1025.740
2.722714	1.329146	-0.648513	0	4	29	1025.678
-2.722714	2.131178	0.386663	29	30	124	1025.628
-3.036873	1.586948	-1.696296	98	5	21	1025.528
-2.408554	1.673267	-0.665453	110	7	27	1025.181
-2.408554	1.616900	-0.207457	113	10	25	1024.881
-2.827433	1.690453	-2.123076	103	7	0	1024.875
-2.303835	2.340210	0.562145	21	33	120	1024.866
-2.408554	1.707714	-0.787321	6	21	109	1024.656
1.466077	0.769035	-1.078574	104	10	24	1024.473
-3.141593	1.772673	-2.864760	3	17	104	1024.446
2.932153	2.145635	-1.327708	21	23	108	1024.098
-0.314159	0.376428	-1.495532	11	126	26	1023.878
-2.513274	1.579542	-0.755917	6	23	112	1023.793
-2.722714	1.245961	-2.997461	94	0	1	1023.449
2.827433	1.205845	-0.415993	3	2	28	1023.426
3.036873	1.612720	-3.080498	7	20	102	1023.417
-2.617994	1.601408	0.242409	1	25	123	1023.289
-3.141593	1.892144	-2.005340	123	19	118	1023.172
-2.617994	1.724852	0.202831	0	24	121	1023.109
-2.722714	2.114380	0.531457	30	29	122	1022.777
-2.722714	1.142003	-3.058022	94	1	1	1022.747
1.989675	1.115957	-1.787597	105	17	16	1022.535
2.617994	2.100482	-2.301084	30	19	105	1021.760
3.036873	1.484118	-1.529156	126	21	3	1021.328
-2.722714	0.532541	0.978737	11	16	14	1021.073
1.989675	1.490555	2.543284	37	13	2	1020.791
2.827433	1.648538	-2.855044	5	23	105	1020.535
-0.837758	1.643925	1.034629	99	12	120	1019.724
-2.408554	0.852911	1.933394	111	17	2	1019.430
-1.047198	1.914854	1.214468	109	15	117	1019.028
-2.722714	1.437208	-2.529085	92	123	8	1019.026
-2.722714	1.999226	-0.620717	10	21	106	1018.740
2.827433	2.200418	-3.056442	24	20	107	1018.592
-2.408554	1.555041	0.947813	3	24	3	1018.438
2.408554	1.296978	-2.311511	99	15	13	1018.393
-2.932153	2.317634	-2.185225	22	23	107	1017.953
1.989675	1.523102	2.765920	38	12	0	1017.848
-3.141593	1.452754	-2.738631	2	21	108	1017.820
2.199115	1.115957	-1.787597	102	14	17	1017.775
-1.675516	2.354868	0.211543	100	13	16	1017.716
-1.256637	2.114380	0.531457	97	12	15	1017.601
2.199115	1.232870	-1.822773	103	15	16	1017.557
0.314159	2.057608	1.951726	4	123	95	1017.490
-2.513274	1.551135	-0.642994	112	6	28	1017.359
2.827433	2.617344	-2.439480	27	14	102	1017.295
-1.047198	2.178879	0.767722	96	12	11	1017.287
-3.141593	1.645417	-2.634725	0	19	108	1016.990
-2.617994	1.515235	1.068565	6	25	127	1016.914
-2.513274	1.437208	-2.529085	92	119	8	1016.832
2.932153	1.590018	-1.941652	98	9	17	1016.384
-1.361357	1.391324	1.109396	103	15	120	1016.198
-2.827433	2.112276	-1.027246	14	23	108	1016.172
-1.466077	2.244355	0.309899	98	12	17	1016.158
-3.036873	1.690453	-2.123076	112	14	124	1015.952
-2.408554	1.834787	0.751968	26	31	121	1015.871
-1.256637	2.085731	0.671081	99	14	13	1015.824
-2.094395	0.405617	1.773533	104	20	7	1015.695
2.827433	1.524811	-2.844718	6	24	106	1015.658
-2.932153	1.986720	-0.993220	14	24	108	1015.461
-2.199115	2.122474	-0.648314	102	9	22	1015.394
-0.942478	2.341931	1.023926	97	13	6	1015.371
-2.617994	1.199898	-2.777257	109	16	7	1015.297
-2.827433	1.046265	-2.958847	94	3	4	1015.012
-2.827433	1.574849	-0.091505	120	9	24	1014.817
-2.722714	1.322568	1.499415	31	28	112	1014.709
-2.513274	0.712883	1.174216	11	16	14	1014.424
2.932153	1.377070	-1.980984	97	8	18	1014.343
-3.036873	1.524811	-2.844718	3	19	106	1014.092
2.408554	1.498907	-2.207327	100	14	15	1013.956
2.513274	2.233709	3.070830	27	17	107	1013.287
2.513274	1.429580	-2.107232	100	14	16	1013.198
2.722714	1.498907	-2.207327	94	9	15	1013.068
0.628319	1.630007	1.844552	8	114	95	1012.915
2.932153	1.524811	-2.844718	5	23	106	1012.732
-0.837758	2.394960	0.862133	94	9	8	1012.537
-3.036873	2.112276	-1.027246	16	22	105	1012.451
2.513274	1.498907	-2.207327	98	12	15	1012.160
-2.722714	1.471330	-1.886160	94	121	21	1012.052
-2.303835	0.420680	2.088164	102	19	5	1011.945
-2.513274	1.006146	1.389734	29	32	117	1011.735
-2.827433	2.283304	-2.345584	110	127	113	1011.569
2.827433	1.817772	-1.689625	102	12	20	1011.520
-0.837758	1.555041	0.947813	97	12	122	1011.331
-2.617994	1.391324	1.109396	6	24	1	1011.195
-0.628319	2.396339	1.200900	104	17	123	1011.186
-0.628319	1.803705	0.881076	96	12	123	1010.741
2.408554	2.175711	-2.655523	32	16	106	1010.666
-2.617994	1.103208	1.477773	30	31	115	1010.577
-2.303835	2.237183	0.468799	21	33	122	1010.428
-2.827433	1.744927	-0.911892	12	26	110	1010.195
-2.827433	0.965426	1.686615	30	30	113	1009.766
2.617994	2.137615	2.988806	27	19	109	1009.572
0.418879	1.846350	1.893983	5	118	96	1009.434
-1.151917	2.114380	0.531457	96	11	15	1009.284
2.513274	1.560487	-2.323400	98	14	12	1009.208
-2.722714	1.492424	-0.190932	117	8	25	1008.898
1.989675	0.972820	-1.762780	104	17	16	1008.836
-3.141593	1.577029	-2.962888	5	20	104	1008.604
-2.513274	1.832690	-0.468440	112	12	25	1008.462
2.303835	1.402149	2.788898	37	17	1	1008.386
-1.884956	1.153930	-1.597104	33	18	0	1008.323
2.722714	2.283304	-2.345584	28	18	104	1008.265
-2.827433	1.616900	-0.207457	117	9	24	1008.262
2.408554	2.363101	-2.810456	32	14	106	1007.978
-3.036873	1.708430	-1.627552	99	7	21	1007.798
-1.151917	2.519348	0.843503	98	14	7	1007.425
-3.036873	1.915467	-1.883143	107	10	126	1007.362
-2.932153	1.794699	-0.694061	12	25	109	1007.340
3.036873	1.496414	-2.009267	96	7	17	1007.300
0.314159	1.846350	1.893983	4	119	95	1007.075
2.094395	1.402149	2.788898	38	13	2	1006.982
-2.199115	0.405617	1.773533	106	21	7	1006.961
-3.141593	1.699172	-1.749717	112	14	123	1006.831
-2.617994	1.177998	1.061256	11	23	9	1006.008
-2.722714	1.574849	-0.091505	119	10	24	1005.757
-2.827433	0.636205	1.561170	32	30	119	1005.539
-1.570796	0.201102	1.249082	104	19	12	1005.422
-2.303835	1.958989	0.712772	24	32	121	1005.372
2.827433	1.496414	-2.009267	97	10	17	1005.242
2.827433	1.577029	-2.962888	8	23	104	1004.978
-2.513274	1.480878	1.194576	5	24	0	1004.867
-2.513274	2.085731	0.671081	27	31	120	1004.818
-0.104720	1.475119	-1.648255	10	22	107	1004.758
2.513274	2.100482	-2.301084	30	18	105	1004.726
1.989675	1.155458	-1.460623	105	13	22	1004.532
1.675516	2.283304	-2.345584	19	35	115	1004.465
1.989675	1.402149	2.788898	37	11	2	1004.281
2.617994	1.155458	-1.460623	97	5	22	1004.204
-2.932153	2.112276	-1.027246	15	22	105	1004.074
-2.722714	1.954572	-0.859208	11	23	107	1003.984
0.314159	2.084401	1.810502	2	122	96	1003.887
-3.036873	1.807825	-2.090455	120	18	121	1003.672
-0.209440	0.376428	-1.495532	10	0	26	1003.607
-2.408554	1.760169	1.678132	15	23	108	1003.422
-2.932153	1.915467	-1.883143	106	8	126	1003.389
-2.199115	2.035818	-0.379479	107	13	22	1003.358
-2.408554	1.119777	0.834702	6	21	10	1003.066
0.523599	0.833613	-1.357492	2	127	31	1002.979
-2.408554	1.507448	-0.514782	113	6	28	1002.779
-2.932153	1.157331	-2.906362	94	3	3	1002.704
-2.617994	1.744927	-0.911892	10	24	110	1002.668
-2.827433	1.527261	-0.304916	116	7	26	1002.606
-1.151917	1.515235	1.068565	102	14	120	1002.372
-2.617994	1.006146	1.389734	31	31	117	1002.230
-2.303835	2.085731	0.671081	23	33	121	1002.217
2.722714	1.157331	-2.906362	10	30	108	1002.076
2.617994	1.361998	-2.207254	98	13	14	1002.028
-2.617994	1.551135	-0.642994	7	24	113	1002.023
-0.209440	1.174782	-2.538755	5	24	113	1001.906
2.617994	2.431406	-2.647820	30	16	104	1001.767
-2.722714	1.084151	1.618525	29	30	113	1001.651
-2.617994	1.450513	-0.400625	117	7	28	1001.201
2.513274	1.584581	-2.738702	8	28	107	1001.086
-1.466077	2.467647	0.287667	96	11	14	1001.064
2.408554	2.173644	-2.403429	31	16	105	1001.061
0.628319	0.833613	-1.357492	1	0	31	1001.000
-2.827433	1.441473	1.448544	14	27	1	1000.941
-3.036873	2.131223	-1.174311	17	23	108	1000.836
3.036873	1.511948	-2.632360	1	22	109	1000.746
-2.617994	1.246495	-2.646872	92	121	8	1000.511
2.827433	1.772673	-2.864760	5	21	104	1000.249
2.617994	2.173644	-2.403429	30	18	105	1000.150
-1.466077	2.131178	0.386663	99	13	17	999.935
-2.722714	1.221608	1.421669	32	29	115	999.740
0.523599	1.630007	1.844552	6	115	95	999.706
2.617994	1.498907	-2.207327	98	13	14	999.655
-2.722714	1.876049	-0.594378	9	23	108	999.555
0.523599	1.748077	1.804354	5	116	95	999.249
2.513274	1.431375	-2.313269	97	12	13	999.234
-0.628319	1.174782	-2.538755	10	29	113	999.191
-2.513274	1.507448	-0.514782	114	6	28	999.136
-2.617994	1.142003	-3.058022	94	127	1	999.132
2.932153	1.772673	-2.864760	4	20	104	998.934
-0.314159	1.106275	-2.420800	6	24	111	998.824
-2.094395	2.083752	-0.511086	103	10	22	998.654
-0.942478	1.643925	1.034629	101	14	120	998.641
2.094395	1.061389	-1.672248	103	14	19	998.621
-2.722714	2.244355	0.309899	27	31	124	998.584
3.036873	1.928342	-1.351174	21	26	110	998.324
2.722714	2.200418	-3.056442	25	19	107	998.185
-1.047198	1.480878	1.194576	101	11	118	998.066
3.036873	1.429580	-2.107232	95	7	15	998.017
-2.617994	1.739971	-0.228876	114	11	23	997.770
2.617994	1.452754	-2.738631	7	28	108	997.758
3.036873	1.379086	-0.508192	2	6	28	997.726
0.418879	1.813159	2.025395	7	119	94	997.386
-2.617994	1.151198	1.197016	3	20	7	997.227
-2.827433	2.440898	-2.133300	21	21	105	997.104
-2.303835	1.087142	2.058815	109	14	126	997.027
3.036873	1.577688	-1.814941	98	7	20	996.800
-2.617994	1.815016	0.278951	1	24	120	996.656
2.408554	2.307188	-2.656134	31	15	105	996.503
-2.932153	1.933328	-1.623328	14	25	111	996.488
-2.722714	2.226413	-2.064034	112	8	118	996.381
-2.617994	1.307513	1.628003	28	30	110	996.104
-2.303835	1.957868	-0.490784	108	11	24	996.082
-2.303835	1.832690	-0.468440	109	10	25	995.982
-2.513274	1.322568	1.499415	28	31	112	995.881
-2.617994	0.981877	1.537100	28	32	115	995.525
-1.256637	1.391324	1.109396	102	14	120	995.521
-0.942478	2.463986	1.034407	97	13	5	995.248
-3.141593	1.708430	-1.627552	100	8	21	995.118
-2.094395	1.892348	0.496522	112	16	19	995.109
-2.932153	2.131223	-1.174311	16	23	108	995.055
-2.722714	1.339550	1.370353	33	28	115	994.968
2.722714	1.285402	-2.882049	9	29	107	994.913
1.884956	2.343434	-2.013692	20	35	121	994.349
2.722714	1.584581	-2.738702	5	26	107	994.250
2.932153	1.685031	-2.009038	97	10	16	994.012
-2.408554	1.321019	-2.749776	92	117	5	994.007
2.722714	1.454061	-2.950416	9	26	105	993.947
-3.036873	2.145635	-1.327708	2	25	127	993.797
2.408554	2.409450	-2.988432	32	15	106	993.750
2.408554	1.770119	-2.427175	100	17	9	993.722
1.151917	2.539516	-0.476942	20	36	120	993.320
-2.722714	1.451907	-0.066823	120	8	24	993.271
-1.989675	2.309655	0.726020	122	20	124	992.875
-2.722714	1.439041	-0.617966	8	26	115	992.773
0.942478	2.343265	-0.779061	19	35	115	992.609
2.722714	1.648538	-2.855044	6	24	105	992.564
1.361357	0.610738	-1.326786	103	14	21	992.479
-2.617994	1.816510	-0.008631	117	13	20	992.415
-2.513274	1.391324	1.109396	8	24	7	992.391
-2.408554	1.767999	1.004737	26	30	117	992.358
-3.141593	2.440898	-2.133300	24	18	101	992.323
3.036873	1.572701	-2.528730	0	22	111	991.738
-2.617994	2.355120	0.388593	26	32	121	991.715
2.617994	1.697488	-2.322785	98	14	11	991.688
-2.722714	1.616900	-0.207457	116	9	24	991.686
-2.513274	0.715701	0.699906	9	15	18	991.632
-0.837758	2.178879	0.767722	94	8	11	991.577
2.827433	1.647395	3.085437	10	21	100	991.501
1.989675	1.567193	2.643172	38	13	0	991.318
-2.303835	1.480878	1.194576	125	22	4	991.258
-1.361357	2.114380	0.531457	99	13	16	991.257
-2.303835	1.515235	1.068565	3	24	4	991.250
-2.722714	2.355165	-1.833173	19	22	105	990.994
-3.036873	1.964971	-2.100533	121	16	117	990.871
2.408554	1.367028	-2.420041	99	15	11	990.744
2.722714	2.431406	-2.647820	29	17	104	990.701
-2.408554	2.237183	0.468799	23	33	122	990.629
-1.256637	1.515235	1.068565	104	15	120	990.554
-2.722714	1.629346	-0.542669	8	25	112	990.539
-2.617994	1.832060	-0.821627	9	23	109	990.523
-2.827433	1.437208	-2.529085	92	125	8	990.497
-2.722714	2.450821	0.084741	23	33	123	990.110
2.722714	0.165485	-2.875396	102	19	11	990.094
-2.513274	1.555041	0.947813	5	25	3	989.680
-2.617994	1.876049	-0.594378	8	22	108	989.680
-2.617994	2.185580	1.287673	30	22	108	989.642
2.932153	2.173644	-2.403429	26	23	109	989.578
3.036873	1.571702	-2.098435	92	4	17	989.565
-2.408554	2.460902	0.490079	116	18	13	989.520
-1.361357	1.515235	1.068565	105	16	120	989.336
3.036873	1.698726	-2.973576	5	19	103	989.296
-1.151917	0.849888	1.767901	104	10	122	989.274
-2.617994	1.661936	0.001037	118	12	22	989.115
2.408554	1.634747	-2.426198	100	17	9	989.071
3.036873	2.705107	1.062142	17	33	112	989.069
-2.617994	1.439041	-0.617966	6	25	114	989.055
3.036873	1.586948	-1.696296	100	8	21	988.974
-0.209440	1.886971	-2.196665	28	115	109	988.935
-0.314159	1.121943	-2.669042	6	26	115	988.805
-2.408554	2.340210	0.562145	24	32	119	988.788
-0.628319	2.049006	1.199930	102	13	119	988.753
-2.722714	1.046265	-2.958847	93	1	3	988.588
3.036873	1.685031	-2.009038	96	8	16	988.480
-2.617994	1.527261	-0.304916	114	8	26	988.413
2.617994	1.524811	-2.844718	8	27	106	988.330
-2.617994	1.305241	-2.530249	92	121	9	988.228
-0.209440	1.720612	2.279888	107	2	114	988.228
-2.408554	2.768238	-1.679243	111	127	115	988.126
-0.837758	2.213937	0.621892	92	6	13	987.927
-2.827433	1.986720	-0.993220	13	24	108	987.922
-1.151917	1.914854	1.214468	110	15	117	987.772
-2.617994	0.616968	0.820489	12	16	14	987.771
-1.570796	2.129501	0.238290	99	12	19	987.658
-1.675516	0.077645	1.453433	103	18	13	987.648
2.408554	2.243347	-2.521049	31	15	105	987.533
-3.141593	1.788829	-1.947553	124	20	121	987.496
2.932153	1.106275	-2.420800	93	8	12	987.466
1.047198	0.441292	-0.890727	103	12	22	987.342
-0.418879	1.822312	-0.127211	39	17	117	987.185
-3.141593	2.131223	-1.174311	18	23	106	987.068
2.932153	1.647395	3.085437	10	20	101	986.913
-0.837758	2.134684	0.907065	95	10	9	986.905
-0.837758	1.883504	1.360457	107	12	115	986.643
-2.408554	1.794699	-0.694061	6	20	108	986.555
2.303835	1.588901	2.301496	35	21	2	986.501
2.513274	1.321019	-2.749776	10	31	109	986.482
-2.827433	1.305241	-2.530249	92	125	9	986.463
-2.094395	2.137615	2.988806	112	115	111	986.362
-0.837758	1.846644	1.113766	103	14	119	986.256
-2.827433	1.893281	-1.083976	14	25	109	986.086
2.303835	0.147206	-1.385164	30	28	0	986.049
0.523599	1.728940	1.931535	7	117	94	985.775
-1.151917	2.558146	0.627191	96	11	10	985.543
1.151917	0.147206	-1.385164	104	17	17	985.465
0.104720	0.088408	-0.311160	103	17	16	985.277
2.513274	1.452754	-2.738631	9	29	108	985.223
-2.827433	1.321019	-2.749776	93	0	4	985.131
-2.513274	2.131178	0.386663	24	32	125	985.116
-2.827433	1.915763	-0.724679	11	23	107	985.107
-2.617994	1.535018	0.028869	120	10	23	984.994
-2.827433	2.040501	-1.411488	16	25	108	984.922
-2.722714	1.739971	-0.228876	115	11	23	984.897
1.989675	1.665496	2.397872	38	15	0	984.874
-2.199115	1.876049	-0.594378	106	8	25	984.849
1.989675	1.481086	2.890269	39	11	127	984.832
-3.141593	1.361998	-2.207254	93	4	14	984.795
-2.513274	2.114380	0.531457	26	31	122	984.748
-2.408554	1.305241	-2.530249	92	118	9	984.715
-1.047198	1.643925	1.034629	102	14	120	984.705
-2.513274	2.575994	0.391718	116	18	12	984.703
-0.733038	1.589936	0.825020	95	12	124	984.570
2.932153	2.152901	-1.636788	18	23	109	984.562
2.722714	1.511948	-2.632360	4	27	109	984.561
-2.722714	2.036004	-0.757062	10	22	107	984.461
-2.408554	2.049006	1.199930	17	25	114	984.324
-2.932153	1.579542	-0.755917	12	27	113	984.273
-2.513274	1.339550	1.370353	1	21	4	984.234
0.837758	0.409009	-0.570243	101	10	22	984.173
1.780236	2.100482	-2.301084	19	35	116	984.081
2.827433	1.498907	-2.207327	93	7	15	983.966
-2.932153	0.636205	1.561170	34	29	119	983.929
2.827433	1.571702	-2.098435	97	11	15	983.714
2.932153	1.322972	-0.395699	4	4	28	983.702
-2.617994	1.492424	-0.190932	117	8	25	983.609
3.036873	1.590018	-1.941652	97	8	17	983.194
-2.513274	1.732838	1.127584	5	25	124	983.117
-2.513274	1.511948	-2.632360	92	119	6	983.064
-0.523599	1.246495	-2.646872	9	29	115	983.062
-2.827433	2.317634	-2.185225	21	24	107	983.057
-1.256637	1.922616	0.844633	109	21	124	982.939
-2.513274	1.492424	-0.190932	116	9	26	982.920
-1.151917	2.085731	0.671081	97	12	13	982.821
2.932153	1.300924	1.022478	12	27	0	982.820
2.827433	1.511948	-2.632360	3	25	109	982.734
2.932153	2.040501	-1.411488	22	24	109	982.678
-1.047198	1.803705	0.881076	103	17	123	982.645
-1.151917	2.394960	0.862133	99	14	8	982.614
-2.408554	1.466050	0.862104	3	23	5	982.609
-2.617994	1.426479	1.573427	29	29	110	982.579
-2.303835	1.739971	-0.228876	110	11	24	982.519
-1.151917	1.922616	0.844633	107	20	124	982.439
0.418879	0.088408	-0.311160	101	14	16	982.400
2.513274	2.489741	-2.468428	28	14	103	982.053
2.094395	1.645258	2.188109	36	19	2	981.519
2.094395	1.904429	-2.428029	104	20	10	981.402
2.932153	1.707714	-0.787321	0	11	28	981.359
-2.827433	1.673267	-0.665453	10	26	111	981.312
2.094395	0.972820	-1.762780	102	15	17	981.174
2.827433	2.681411	-2.667965	27	14	102	981.154
2.827433	2.407941	-2.316753	27	17	102	980.919
2.513274	2.307188	-2.656134	31	16	105	980.620
2.513274	1.634747	-2.426198	97	14	10	980.487
-3.036873	1.928342	-1.351174	19	26	110	980.469
1.884956	1.321609	2.687717	36	10	4	980.419
-2.827433	2.226413	-2.064034	112	9	118	980.409
-2.722714	1.307513	1.628003	30	29	110	980.380
-2.094395	1.793737	0.410270	112	15	21	980.352
-2.827433	0.712883	1.174216	9	17	12	980.328
3.036873	1.817772	-1.689625	100	10	20	980.157
3.036873	2.195400	-2.217546	25	23	108	980.098
-0.314159	1.199898	-2.777257	6	27	117	979.941
-0.314159	1.246495	-2.646872	6	26	115	979.754
2.617994	1.304210	-2.084225	98	12	17	979.740
-2.932153	1.084151	1.618525	33	27	113	979.645
-1.361357	2.244355	0.309899	96	10	17	979.466
-2.617994	1.391699	-0.288725	116	6	27	979.172
-2.932153	2.173644	-2.403429	110	1	113	979.157
3.036873	1.691693	-1.871572	97	8	18	979.154
2.827433	1.691693	-1.871572	99	11	18	978.913
2.932153	1.351855	-1.855234	98	7	20	978.756
2.932153	1.511948	-2.632360	2	24	109	978.707
-2.617994	1.546010	1.523462	30	28	110	978.558
2.722714	2.642029	0.813274	20	33	112	978.544
1.884956	1.481086	2.890269	38	9	0	978.441
-2.513274	0.751046	0.863821	9	19	13	978.424
-2.408554	1.527261	-0.304916	114	9	26	978.395
3.036873	1.471330	-1.886160	97	7	19	978.381
2.932153	1.496414	-2.009267	97	9	17	978.355
2.408554	1.697488	-2.322785	101	17	11	978.328
2.722714	1.496414	-2.009267	98	11	17	978.312
-3.141593	1.560487	-2.323400	121	18	119	978.219
-1.256637	2.355120	0.388593	95	10	14	978.117
-2.932153	2.146582	-1.793788	107	8	124	978.107
3.036873	2.244035	-1.229456	20	22	107	978.086
-3.141593	1.524811	-2.844718	3	20	106	977.870
-3.036873	1.612720	-3.080498	7	18	102	977.851
-2.199115	1.832690	-0.468440	108	10	25	977.748
-2.722714	0.616968	0.820489	12	14	16	977.727
-0.523599	0.391502	-1.171374	9	0	28	977.635
-2.722714	1.431375	-2.313269	90	121	13	977.622
-2.408554	1.450513	-0.400625	113	6	27	977.612
-2.408554	0.519001	1.900488	108	21	4	977.488
1.989675	1.411944	2.444377	36	13	4	977.377
0.418879	1.748077	1.804354	4	116	96	977.344
-1.256637	0.849888	1.767901	104	12	122	977.167
-2.617994	1.035863	-3.110475	94	1	2	977.142
-2.617994	1.339550	1.370353	31	30	114	977.082
-3.036873	0.626379	1.773610	33	30	117	977.046
-0.942478	1.888979	0.982922	104	17	121	977.016
-2.722714	2.440898	-2.133300	20	22	105	976.875
-2.722714	0.981877	1.537100	30	31	115	976.863
2.932153	1.429580	-2.107232	96	8	16	976.781
2.932153	1.571702	-2.098435	96	9	15	976.761
2.932153	1.454061	-2.950416	6	24	105	976.730
-2.932153	0.933766	-3.015917	95	7	4	976.691
1.989675	1.061389	-1.672248	104	16	18	976.547
-3.036873	1.788829	-1.947553	113	14	122	976.543
-1.989675	0.405617	1.773533	102	19	7	976.367
2.513274	1.763887	-2.218450	100	15	13	976.363
-3.036873	1.484118	-1.529156	101	4	24	976.328
-2.827433	2.019676	-1.980944	111	10	119	976.286
-2.722714	1.527261	-0.304916	115	8	26	976.223
-2.827433	0.859754	1.603292	31	30	116	976.211
2.408554	1.788829	-1.947553	102	14	20	976.186
-2.199115	2.340210	0.562145	19	34	120	976.178
2.513274	1.487886	-3.066037	13	26	103	976.124
-2.932153	1.807825	-2.090455	112	13	123	975.996
-1.047198	2.558146	0.627191	94	9	10	975.895
-2.513274	2.646182	-1.614036	111	2	116	975.845
0.837758	2.768238	-1.679243	34	23	120	975.757
-2.408554	1.933328	-1.623328	12	25	110	975.727
-2.827433	1.157331	-2.906362	94	2	3	975.672
-1.989675	1.892348	0.496522	110	16	19	975.672
2.617994	1.495002	-0.839810	127	9	28	975.672
-2.722714	1.600470	-1.453196	100	2	24	975.547
2.827433	1.560345	2.985899	13	22	100	975.399
-2.513274	1.321019	-2.749776	91	119	6	975.178
3.036873	1.395545	-2.850807	5	24	107	975.069
-2.094395	1.546010	1.523462	114	15	4	974.973
-2.617994	0.913918	1.287618	32	30	120	974.970
-2.513274	2.355165	-1.833173	16	22	105	974.939
-2.303835	0.308059	2.021491	103	20	7	974.918
2.827433	1.234375	-2.421194	95	10	11	974.835
-0.942478	1.914854	1.214468	108	15	117	974.688
-2.827433	1.739971	-0.228876	116	11	23	974.448
3.036873	1.234531	-2.190148	94	6	15	974.347
2.827433	1.808822	-1.817375	100	12	18	974.326
-2.932153	2.343434	-2.013692	21	22	106	974.256
-2.513274	1.704478	-0.106295	115	12	23	974.225
-1.047198	1.515235	1.068565	101	13	120	974.029
2.094395	1.690107	2.620910	39	15	126	973.911
-0.942478	1.767999	1.004737	102	15	121	973.750
3.036873	1.043272	-1.522986	94	125	21	973.665
-3.141593	1.808822	-1.817375	108	12	127	973.662
3.036873	1.699172	-1.749717	99	8	20	973.535
-0.837758	2.463986	1.034407	96	12	5	973.497
-2.513274	2.049006	1.199930	28	26	110	973.398
-2.513274	1.165407	3.092861	95	127	127	973.372
-3.141593	2.460010	-1.938011	21	17	101	973.103
-2.303835	2.213937	0.621892	22	33	120	973.100
-2.408554	1.883504	1.360457	25	27	110	973.098
2.827433	2.233709	3.070830	24	20	107	973.068
2.303835	1.634747	-2.426198	102	18	9	972.977
-3.141593	1.691693	-1.871572	122	20	125	972.961
-2.932153	2.134269	-1.948042	107	8	123	972.928
-3.141593	1.612720	-3.080498	6	19	102	972.899
-0.523599	1.121943	-2.669042	8	28	114	972.828
-2.722714	1.305241	-2.530249	91	122	10	972.593
-2.513274	1.832060	-0.821627	8	22	108	972.555
-2.513274	1.466050	0.862104	4	23	5	972.555
2.932153	1.858863	-3.106022	7	17	101	972.531
-2.513274	0.952433	0.584347	10	16	17	972.445
2.827433	1.945677	-2.999805	24	22	109	972.400
-1.047198	2.267390	0.878499	97	13	9	972.303
1.989675	1.162103	-1.322553	105	10	24	972.254
2.303835	1.560487	-2.323400	102	17	12	972.115
-2.408554	1.551135	-0.642994	5	22	112	972.090
2.722714	1.524811	-2.844718	7	26	106	972.062
1.675516	0.732892	-1.254330	102	11	22	972.053
-2.722714	1.551135	-0.642994	8	26	113	971.984
-3.141593	1.964971	-2.100533	124	19	116	971.969
-1.361357	1.803705	0.881076	110	21	124	971.926
0.733038	0.524769	-0.421955	101	8	24	971.921
0.314159	1.934862	1.989776	5	121	95	971.901
3.036873	1.304210	-2.084225	95	6	16	971.888
-2.932153	1.788829	-1.947553	111	13	122	971.837
-0.942478	2.134684	0.907065	96	12	9	971.820
-2.827433	2.173644	-2.403429	110	127	113	971.811
-3.141593	2.032917	-2.199917	123	17	114	971.787
2.617994	2.195400	-2.217546	28	19	103	971.731
1.675516	2.173644	-2.403429	19	35	114	971.696
-2.932153	1.492424	-0.190932	119	7	25	971.678
2.303835	1.498907	-2.207327	101	16	15	971.655
3.036873	1.821360	-2.984352	5	17	102	971.630
-2.408554	0.534610	2.154808	103	19	3	971.602
-2.722714	2.570050	-1.804492	19	16	100	971.392
2.199115	1.314142	2.139329	25	120	100	971.380
2.199115	1.402149	2.788898	38	15	2	971.375
-2.932153	1.456736	1.323154	15	28	1	971.039
0.209440	0.163506	0.573203	32	24	5	971.000
-0.209440	1.960212	-2.307561	28	116	107	970.956
-3.141593	1.648538	-2.855044	3	19	105	970.896
-2.722714	1.441473	1.448544	32	28	112	970.720
-2.408554	1.990470	0.580283	25	32	123	970.610
2.513274	2.409450	-2.988432	32	16	106	970.414
2.722714	1.304210	-2.084225	97	10	17	970.369
2.303835	2.149210	-1.482321	24	21	97	970.188
-2.827433	2.512538	1.239900	11	33	115	970.115
-2.722714	1.151198	1.197016	3	21	7	969.906
-2.932153	0.368784	2.974974	100	16	7	969.863
2.932153	1.586948	-1.696296	100	9	21	969.799
-1.570796	2.131178	0.386663	101	14	17	969.556
2.932153	1.285402	-2.882049	7	27	108	969.498
-2.513274	1.125217	1.336294	29	32	117	969.178
-0.314159	0.997766	-2.693871	6	25	114	969.164
-0.942478	1.804124	1.264249	106	13	116	969.084
2.408554	0.053884	-2.408394	101	15	14	968.922
-0.628319	1.883504	1.360457	103	10	116	968.887
1.361357	1.699172	-1.749717	24	28	119	968.831
-2.513274	1.707244	-0.444770	113	10	26	968.785
-0.733038	1.643925	1.034629	97	11	120	968.781
-0.209440	1.822312	-0.127211	38	21	117	968.693
-2.617994	0.283625	2.405603	102	19	7	968.574
-3.036873	2.343434	-2.013692	22	22	106	968.570
-2.932153	1.437208	-2.529085	92	127	8	968.536
-2.617994	1.451907	-0.066823	119	9	24	968.527
-2.617994	1.954572	-0.859208	11	21	106	968.520
-2.408554	0.961838	1.839284	109	17	127	968.482
-2.199115	1.300924	1.022478	124	21	9	968.438
2.722714	1.361031	-1.613971	96	7	19	968.389
-2.303835	0.632797	1.989858	107	17	5	968.266
2.513274	1.934802	2.927634	29	19	110	968.119
2.617994	1.395545	-2.850807	9	28	107	967.963
-2.408554	1.492424	-0.190932	115	9	26	967.940
-2.303835	1.555041	0.947813	121	20	5	967.938
-2.722714	1.057515	1.097998	3	20	9	967.789
-0.942478	1.846644	1.113766	105	15	119	967.788
1.884956	1.490555	2.543284	37	11	3	967.702
-2.722714	0.965426	1.686615	29	31	113	967.695
-2.199115	1.958989	0.712772	22	33	121	967.691
1.884956	0.266262	-1.678068	100	14	16	967.648
2.617994	2.307188	-2.656134	30	17	105	967.628
-2.827433	1.375020	-0.170393	119	6	26	967.627
2.932153	1.205845	-0.415993	3	2	28	967.553
2.827433	1.206585	0.933648	13	28	1	967.305
-2.303835	1.285402	-2.882049	93	116	3	967.253
-0.523599	1.106275	-2.420800	9	26	111	967.227
-0.418879	0.997766	-2.693871	7	26	114	967.168
2.094395	1.481086	2.890269	39	13	127	967.127
-2.094395	2.309655	0.726020	19	33	118	967.113
2.303835	1.498261	-2.425270	101	17	10	967.106
-2.199115	2.435993	0.683844	21	33	117	967.005
-2.932153	1.893281	-1.083976	15	25	110	966.926
-2.303835	1.999226	-0.620717	105	10	23	966.819
-2.617994	1.270745	1.152533	11	24	8	966.742
-2.722714	1.620988	-0.875920	10	26	112	966.688
-2.827433	0.829816	1.167147	6	18	11	966.504
-2.932153	1.484118	-1.529156	100	2	24	966.410
-1.884956	1.865912	0.624453	109	17	17	966.363
2.094395	1.262791	-1.549229	105	13	21	966.362
-0.837758	1.969112	1.088273	103	15	120	966.309
-2.932153	2.245628	-1.899216	107	8	123	966.232
-2.617994	0.933766	-3.015917	92	1	4	966.214
-2.617994	1.507448	-0.514782	115	7	28	966.212
2.199115	1.886971	-2.196665	104	18	15	966.207
-1.884956	1.340441	-1.731580	31	17	3	966.014
-2.408554	2.307301	1.336200	18	22	111	965.949
-2.932153	0.849888	1.767901	31	30	114	965.865
1.884956	1.541082	2.424608	37	13	2	965.863
-2.199115	1.793737	0.410270	114	15	21	965.830
-2.827433	1.471330	-1.886160	94	123	21	965.768
-2.199115	0.190569	1.929141	103	19	10	965.719
2.513274	0.389851	-2.340031	99	16	11	965.586
-2.722714	1.203760	1.556404	30	29	113	965.540
0.418879	1.612085	1.968802	7	116	95	965.417
2.932153	2.071256	-3.018961	23	22	108	965.346
-2.303835	1.707244	-0.444770	111	9	26	965.331
-2.513274	1.815016	0.278951	0	23	120	965.156
-3.141593	1.361031	-1.613971	93	127	19	965.111
-2.199115	1.616900	-0.207457	111	11	25	965.076
-0.418879	1.888979	0.982922	94	9	122	964.917
2.722714	1.647395	3.085437	12	21	100	964.865
2.827433	1.395545	-2.850807	6	26	107	964.855
-2.617994	1.375020	-0.170393	117	7	26	964.802
-2.303835	0.519001	1.900488	106	21	4	964.652
1.989675	0.935636	-1.445855	102	12	21	964.646
3.036873	0.506104	-2.874910	99	15	6	964.621
-2.408554	1.657997	-0.325127	111	9	26	964.372
-1.361357	1.732838	1.127584	109	16	119	964.329
2.722714	1.572701	-2.528730	3	27	111	964.254
-1.361357	1.692644	1.237670	109	14	117	964.154
2.932153	1.253604	0.812222	11	28	127	964.141
-2.617994	1.001920	0.848054	9	20	10	964.070
2.722714	1.162103	-1.322553	98	1	24	964.028
-2.932153	1.441473	1.448544	16	28	1	964.000
-2.932153	1.305241	-2.530249	92	127	9	963.850
-2.408554	1.339550	1.370353	127	21	2	963.805
-0.628319	1.245961	-2.997461	12	31	121	963.607
2.408554	2.522766	-3.059231	32	14	105	963.585
0.942478	0.210568	-0.069559	32	26	3	963.562
2.932153	2.558146	0.627191	13	33	114	963.318
-3.141593	1.498907	-2.207327	119	19	121	963.305
2.617994	1.744927	-0.911892	0	14	26	963.167
2.094395	1.365228	2.563808	36	14	4	963.111
-0.837758	2.005145	0.941012	95	8	10	963.087
2.722714	1.487886	-3.066037	11	25	103	962.957
-1.780236	1.226043	-1.693533	32	18	1	962.896
-3.141593	1.817772	-1.689625	99	8	20	962.870
2.932153	1.699172	-1.749717	100	10	20	962.708
-2.827433	1.322568	1.499415	33	27	113	962.690
2.827433	1.431375	-2.313269	95	10	12	962.612
-0.733038	1.834787	0.751968	96	15	126	962.590
-2.932153	1.699172	-1.749717	109	14	123	962.530
-2.722714	1.199898	-2.777257	111	16	7	962.504
2.408554	1.437208	-2.529085	99	16	8	962.484
-1.047198	2.460902	0.490079	93	8	12	962.333
-1.256637	1.803705	0.881076	107	19	123	962.294
3.036873	1.206585	0.933648	10	26	1	962.180
-2.617994	1.696386	0.328123	1	25	122	962.062
1.047198	2.449191	-0.633651	19	35	118	962.039
-3.141593	1.289408	0.683122	9	27	125	962.031
-2.827433	1.339550	1.370353	15	26	2	961.988
2.722714	1.155458	-1.460623	96	3	22	961.979
-2.932153	1.046265	-2.958847	95	5	3	961.936
2.722714	1.983195	-3.127984	26	21	110	961.918
2.827433	1.437208	-2.529085	2	26	112	961.879
3.036873	1.735719	-3.092485	7	18	101	961.873
2.303835	1.616061	2.521531	37	20	0	961.836
3.036873	1.431375	-2.313269	94	7	11	961.789
2.408554	1.429580	-2.107232	102	15	16	961.660
-2.827433	1.999226	-0.620717	11	22	106	961.344
-2.827433	1.125217	1.336294	35	27	117	961.279
-2.513274	1.500204	0.737638	3	24	2	961.188
-1.780236	0.294107	1.593880	101	18	9	961.160
-2.303835	1.270745	1.152533	115	16	9	961.141
-1.047198	1.922616	0.844633	104	19	124	961.109
-2.827433	2.354868	0.211543	28	31	123	960.993
2.827433	2.362948	-2.487477	28	18	104	960.808
-2.827433	1.927474	-1.754616	14	25	111	960.793
2.827433	1.377578	-2.636339	4	27	110	960.729
2.617994	1.431375	-2.313269	96	11	13	960.643
-3.036873	2.807091	-2.687477	21	23	110	960.627
1.884956	1.061389	-1.672248	106	17	18	960.598
2.617994	2.330158	2.977264	26	17	106	960.524
-3.036873	2.040501	-1.411488	19	25	109	960.379
-0.733038	2.049006	1.199930	104	15	119	960.364
-2.617994	2.131178	0.386663	27	31	124	960.353
-1.361357	1.602259	1.152656	107	15	118	960.338
-2.932153	1.377070	-1.980984	104	9	5	960.320
2.722714	1.205845	-0.415993	2	2	28	960.237
-2.199115	2.213937	0.621892	21	33	120	960.132
-1.780236	2.467647	0.287667	121	26	124	959.988
-3.141593	2.584774	1.046703	15	34	114	959.978
2.827433	2.556919	-2.655005	28	16	103	959.962
2.722714	2.330158	2.977264	25	18	106	959.954
-3.036873	1.915790	-1.216366	18	26	110	959.852
-3.036873	1.832060	-0.821627	15	25	108	959.848
-2.722714	1.377578	-2.636339	91	123	7	959.663
0.104720	1.246495	-2.646872	30	117	113	959.616
2.199115	1.509287	2.204647	34	20	4	959.588
2.722714	1.392869	3.136903	12	26	103	959.522
-3.036873	0.700065	3.115430	100	15	1	959.516
-2.408554	1.993909	1.312897	26	26	108	959.355
-2.932153	0.882554	1.443757	35	27	118	959.250
-0.837758	1.515235	1.068565	97	10	120	959.113
2.513274	2.108277	-2.095907	28	19	104	959.098
-2.827433	2.343434	-2.013692	20	23	106	959.066
2.094395	1.464952	2.329245	35	17	4	959.032
3.036873	1.296978	-2.311511	91	4	14	958.965
-1.675516	2.637087	3.132730	10	35	116	958.925
-2.932153	2.460010	-1.938011	20	18	101	958.865
-2.932153	1.471330	-1.886160	94	125	21	958.772
-2.827433	1.571702	-2.098435	102	7	2	958.763
2.722714	1.321019	-2.749776	7	29	109	958.738
-2.303835	1.657997	-0.325127	110	9	26	958.632
2.827433	1.304210	-2.084225	96	9	17	958.603
-2.722714	1.816510	-0.008631	118	13	20	958.441
-1.466077	0.201102	1.249082	102	18	12	958.406
-2.513274	1.451907	-0.066823	119	10	24	958.359
-3.141593	2.243347	-2.521049	23	24	108	958.342
1.884956	1.616061	2.521531	38	12	0	958.250
3.036873	2.040501	-1.411488	21	24	109	958.242
-2.932153	1.574849	-0.091505	120	9	23	958.201
2.513274	2.363101	-2.810456	31	16	105	958.195
3.036873	2.617344	-2.439480	25	16	101	958.069
-2.094395	2.178879	0.767722	20	33	118	957.958
-1.780236	1.340441	-1.731580	30	19	3	957.718
-2.617994	1.752959	-0.567548	7	23	110	957.684
1.047198	2.569130	-0.700837	18	36	118	957.665
2.199115	1.657997	-0.325127	4	120	34	957.606
-1.151917	1.803705	0.881076	105	18	123	957.568
1.361357	0.561629	-0.924576	100	9	23	957.561
-1.570796	2.237183	0.468799	102	15	15	957.500
-0.942478	1.922616	0.844633	102	18	124	957.339
2.513274	2.108891	-2.532166	32	18	106	957.298
2.408554	1.808822	-1.817375	12	32	126	957.265
1.884956	0.376428	-1.495532	98	12	17	957.178
2.932153	2.489741	-2.468428	27	17	103	957.130
2.722714	1.296978	-2.311511	98	12	12	957.121
-2.722714	1.035863	-3.110475	94	3	2	957.064
-1.466077	2.340210	0.562145	100	15	12	957.058
-0.628319	1.679696	0.912482	95	11	122	957.052
-0.628319	1.199898	-2.777257	11	30	117	957.047
-2.513274	1.616900	-0.207457	114	10	25	957.003
-3.036873	1.074714	-2.805147	94	5	5	956.920
0.837758	0.833613	-1.357492	127	2	31	956.901
2.617994	1.808822	-1.817375	100	11	22	956.895
2.827433	1.471330	-1.886160	99	10	19	956.889
1.151917	2.661713	-0.529511	19	35	121	956.848
-2.722714	0.664008	1.360091	33	29	121	956.815
2.932153	1.522237	3.102018	10	22	102	956.806
-2.617994	1.253604	0.812222	8	23	7	956.703
-1.047198	0.740650	1.681075	102	10	124	956.678
-3.141593	1.571702	-2.098435	122	21	125	956.625
-2.827433	2.245628	-1.899216	111	6	117	956.398
2.932153	1.459314	-1.765003	99	8	21	956.371
-2.408554	1.535018	0.028869	118	11	23	956.163
-2.408554	1.622114	0.701509	2	23	0	955.945
3.036873	1.106275	-2.420800	92	6	12	955.900
1.989675	1.644848	2.743774	39	12	126	955.791
-0.104720	1.665496	2.397872	108	0	113	955.786
1.675516	2.407941	-2.316753	19	35	116	955.611
-2.827433	2.534798	-2.266671	22	21	105	955.420
2.722714	1.361998	-2.207254	97	12	14	955.414
-2.303835	1.427868	0.984637	117	17	9	955.320
-2.303835	1.339410	0.900087	117	16	10	955.289
-2.408554	1.285402	-2.882049	92	118	3	955.235
-0.942478	1.480878	1.194576	99	10	118	954.977
0.104720	2.340210	0.562145	18	25	119	954.977
-3.141593	2.195400	-2.217546	24	24	108	954.961
2.827433	1.168406	-2.301519	93	8	14	954.815
0.942478	0.321905	-0.829121	102	13	20	954.667
-1.361357	1.888979	0.982922	102	14	11	954.654
-2.932153	0.540208	1.400497	33	10	1	954.598
2.932153	1.788829	-1.947553	98	11	16	954.476
-2.199115	1.339550	1.370353	116	16	7	954.395
2.827433	1.475119	-1.648255	102	9	23	954.381
-2.094395	1.914854	1.214468	119	20	126	954.262
-2.827433	2.660113	-2.186513	113	127	111	954.239
2.827433	1.487886	-3.066037	9	24	103	954.227
-2.303835	1.206585	0.933648	126	20	11	954.180
-1.466077	1.969112	1.088273	113	17	120	954.077
2.408554	1.622993	-2.221629	101	16	13	953.948
-2.722714	2.108277	-2.095907	111	9	119	953.938
-2.513274	1.876049	-0.594378	7	20	106	953.840
1.047198	0.321905	-0.829121	101	12	20	953.766
-3.141593	2.019676	-1.980944	17	24	109	953.742
-2.932153	2.440898	-2.133300	22	21	105	953.630
1.675516	0.201397	-0.716646	30	28	0	953.624
-2.617994	2.237183	0.468799	26	31	122	953.575
-1.256637	2.131178	0.386663	96	10	17	953.467
-2.827433	1.704478	-0.106295	118	11	22	953.325
-2.303835	1.362302	1.239384	115	16	7	953.234
-0.837758	1.803705	0.881076	99	15	123	953.214
2.199115	1.588901	2.301496	36	20	2	953.145
-3.036873	0.493314	3.117264	100	16	5	953.119
-3.141593	1.886971	-2.196665	122	19	118	953.062
-2.827433	1.586948	-1.696296	97	2	21	952.925
-2.827433	0.981877	1.537100	32	29	115	952.918
-2.513274	1.529788	0.613208	2	23	1	952.891
-1.780236	2.131178	0.386663	104	16	17	952.822
1.675516	1.915790	-1.216366	23	26	126	952.818
-2.827433	1.035863	-3.110475	95	5	2	952.810
-1.256637	1.888979	0.982922	110	19	121	952.787
3.036873	1.454061	-2.950416	6	23	105	952.682
-0.523599	1.174782	-2.538755	9	28	113	952.641
-2.408554	1.573572	1.278593	7	26	4	952.625
-1.361357	2.014149	0.444138	99	13	18	952.622
-2.827433	1.573572	1.278593	13	28	127	952.609
-0.837758	1.679696	0.912482	98	14	123	952.607
-3.036873	2.033572	-1.842884	17	24	110	952.594
2.617994	1.296978	-2.311511	98	13	13	952.480
-1.047198	1.076262	0.966104	98	15	5	952.447
-2.408554	1.876049	-0.594378	108	10	24	952.381
-1.570796	2.026074	0.300945	100	13	20	952.276
-1.256637	1.602259	1.152656	106	14	118	952.228
-3.036873	1.577688	-1.814941	111	16	125	952.213
-3.141593	2.338083	-0.943400	16	20	103	952.144
1.780236	0.833613	-1.357492	103	12	22	952.117
-2.722714	0.933766	-3.015917	93	3	4	952.102
-1.361357	1.480878	1.194576	105	14	118	952.021
-1.151917	2.178879	0.767722	98	13	11	952.003
-2.827433	1.561127	1.401111	14	28	127	951.992
-3.141593	2.031959	-1.268178	19	25	109	951.838
1.361357	0.513579	-1.147354	103	12	21	951.767
2.932153	2.534798	-2.266671	25	16	102	951.764
-1.466077	1.713452	0.789419	103	15	15	951.711
-2.827433	1.495002	-0.839810	11	27	114	951.656
-2.199115	2.309655	0.726020	22	33	117	951.579
2.722714	1.032316	2.884221	18	30	105	951.536
2.827433	1.305241	-2.530249	93	10	9	951.530
-2.617994	2.440898	-2.133300	110	5	117	951.518
1.570796	2.173644	-2.403429	21	35	114	951.508
0.523599	0.954456	-1.287293	2	126	32	951.373
-0.628319	1.713452	0.789419	94	12	125	951.355
-2.827433	2.355165	-1.833173	111	6	117	951.352
1.989675	1.541082	2.424608	37	14	2	951.328
1.780236	0.935636	-1.445855	105	14	21	951.298
-2.303835	2.131178	0.386663	113	16	18	951.172
1.780236	1.915790	-1.216366	21	27	126	951.162
-2.513274	1.993909	1.312897	27	25	110	951.133
2.722714	1.560345	2.985899	14	22	100	951.048
-2.827433	0.532541	0.978737	13	16	13	950.943
-2.827433	0.664008	1.360091	35	28	121	950.930
-2.303835	1.786634	-0.346247	111	11	25	950.883
3.036873	0.997766	-2.693871	95	9	8	950.798
-1.361357	2.048538	0.806623	101	13	13	950.783
3.036873	1.402149	2.788898	14	23	100	950.758
-2.199115	1.732838	1.127584	122	21	2	950.750
-0.628319	1.643925	1.034629	96	9	120	950.749
-3.036873	2.122474	-0.648314	14	22	106	950.686
-2.199115	0.519001	1.900488	104	20	4	950.680
-1.570796	2.014149	0.444138	102	15	18	950.652
1.570796	1.162103	-1.322553	15	27	1	950.598
1.361357	2.485945	-1.374853	25	26	0	950.592
-2.617994	2.237695	-0.271388	13	32	5	950.559
-2.722714	1.321019	-2.749776	93	126	4	950.498
0.523599	1.612085	1.968802	8	115	95	950.485
2.617994	1.487886	-3.066037	12	26	103	950.428
-1.884956	2.232413	2.735777	8	34	126	950.406
0.942478	0.201397	-0.716646	100	12	18	950.402
1.047198	2.261466	-1.557500	32	25	124	950.397
-0.733038	1.555041	0.947813	96	11	121	950.367
2.513274	1.361031	-1.613971	98	10	20	950.343
3.036873	2.173644	-2.403429	25	24	109	950.322
0.942478	2.364509	-1.644533	33	24	122	950.274
1.780236	0.718851	-1.442215	102	13	20	950.231
-1.256637	1.804124	1.264249	109	14	117	950.185
-2.513274	1.990470	0.580283	6	24	117	950.148
2.617994	1.498261	-2.425270	96	11	10	950.042
3.036873	1.155458	-1.460623	95	126	22	950.020
2.094395	1.391699	-0.288725	0	116	35	949.984
-1.570796	2.898932	0.139973	110	15	119	949.959
-1.256637	2.394960	0.862133	100	16	8	949.949
2.722714	1.361196	2.914780	16	25	101	949.926
2.722714	2.100482	-2.301084	28	22	109	949.852
-1.780236	0.077645	1.453433	105	19	13	949.770
-3.036873	0.329984	1.201621	17	9	16	949.689
-0.942478	1.732838	1.127584	103	14	118	949.606
2.199115	2.409450	-2.988432	32	12	106	949.481
-2.932153	0.965426	1.686615	32	29	113	949.476
1.884956	1.266731	-1.412461	108	13	23	949.444
1.256637	0.391502	-1.171374	103	13	21	949.429
-2.199115	1.427868	0.984637	115	16	8	949.320
2.303835	2.108891	-2.532166	33	15	106	949.301
-2.617994	0.788382	1.331051	11	18	12	949.262
-2.513274	1.804124	1.264249	27	27	112	949.176
-0.628319	0.513579	-1.147354	8	125	29	949.120
-2.827433	1.426479	1.573427	32	26	110	948.990
-3.036873	1.886971	-2.196665	121	18	119	948.938
2.827433	2.534798	-2.266671	26	15	102	948.834
-2.513274	0.308059	2.021491	108	21	8	948.719
-2.722714	1.704478	-0.106295	117	11	22	948.714
-1.884956	1.895117	2.121107	112	6	113	948.703
-1.047198	1.001920	0.848054	99	16	8	948.701
-2.722714	1.546010	1.523462	32	27	110	948.510
2.408554	2.234383	-2.792065	33	16	106	948.481
1.047198	0.718851	-1.442215	124	4	30	948.473
-2.513274	2.244355	0.309899	23	33	124	948.417
-2.617994	1.925185	0.231170	0	24	117	948.398
3.036873	1.645417	-2.634725	1	20	108	948.255
-1.466077	1.888979	0.982922	104	14	11	948.122
2.199115	0.053884	-2.408394	103	19	13	948.070
-2.932153	2.079746	-0.897699	14	23	107	948.027
-2.722714	0.142314	2.590387	101	18	10	947.977
-2.094395	0.965426	1.686615	109	17	4	947.914
0.314159	1.964774	1.855507	3	121	95	947.860
1.780236	0.732892	-1.254330	101	10	22	947.858
-3.036873	0.965426	1.686615	34	27	113	947.739
2.827433	1.234531	-2.190148	95	9	15	947.640
3.036873	1.361998	-2.207254	94	6	14	947.417
2.408554	1.690453	-2.123076	102	16	15	947.411
-2.827433	1.708430	-1.627552	97	4	21	947.370
3.036873	2.145635	-1.327708	20	23	108	947.361
1.989675	2.343434	-2.013692	17	35	121	947.359
-2.303835	1.933328	-1.623328	11	24	110	947.336
-2.303835	0.405617	1.773533	108	22	6	947.332
1.989675	0.727136	-1.633288	101	14	18	947.327
2.827433	1.329146	-0.648513	0	4	29	947.307
-1.989675	2.642029	0.813274	112	18	8	947.281
-0.523599	1.888979	0.982922	95	11	122	947.189
-2.513274	2.026074	0.300945	1	22	116	947.094
-2.617994	1.409552	0.647980	5	24	3	947.078
-0.733038	2.396339	1.200900	96	12	3	947.075
-2.303835	1.581515	-0.419414	112	8	27	947.038
-1.256637	2.309655	0.726020	99	13	11	947.036
2.303835	2.043060	-2.653746	34	15	108	947.032
2.827433	1.285402	-2.882049	8	28	108	946.850
-3.141593	1.377070	-1.980984	95	4	18	946.821
-2.827433	1.484118	-1.529156	100	1	24	946.806
2.094395	1.375020	-0.170393	1	114	34	946.731
2.827433	1.253604	0.812222	13	28	127	946.641
2.617994	1.572701	-2.528730	4	28	111	946.441
-2.408554	2.131178	0.386663	115	16	18	946.414
-2.827433	1.691693	-1.871572	109	14	123	946.346
2.827433	1.106275	-2.420800	94	9	12	946.284
-2.827433	2.166724	-0.401638	15	31	7	945.989
-1.466077	2.014149	0.444138	100	14	18	945.969
-0.314159	1.665496	2.397872	109	1	113	945.956
-3.141593	0.849888	1.767901	34	27	114	945.902
-2.513274	1.629346	-0.542669	112	8	27	945.887
2.827433	1.263772	-0.533073	1	4	28	945.841
1.151917	0.632622	-0.737642	102	8	25	945.824
-2.617994	1.322568	1.499415	30	30	112	945.818
-2.722714	1.535018	0.028869	121	10	23	945.818
-3.036873	2.036004	-0.757062	14	23	106	945.811
-0.314159	0.637681	-1.123423	6	2	31	945.711
-2.408554	1.452754	-2.738631	92	117	5	945.637
-2.827433	1.579542	-0.755917	11	26	112	945.621
2.513274	1.524811	-2.844718	10	28	106	945.573
2.303835	2.175711	-2.655523	33	14	107	945.570
-2.617994	1.704478	-0.106295	116	12	23	945.517
-0.104720	0.210568	-0.069559	102	16	17	945.455
2.932153	1.645417	-2.634725	2	22	108	945.438
0.628319	1.510518	1.884920	9	113	95	945.433
-2.932153	2.450821	0.084741	119	16	16	945.359
1.570796	2.014338	-1.127392	25	25	127	945.305
-0.942478	0.163506	0.573203	105	19	15	945.215
-3.141593	1.253604	0.812222	9	27	0	945.203
-0.418879	1.074714	-2.805147	7	28	116	945.094
2.722714	1.218146	-0.672643	127	2	29	945.079
-2.513274	2.014149	0.444138	119	15	18	945.055
-0.837758	0.163506	0.573203	103	18	14	945.029
2.722714	2.195400	-2.217546	27	20	103	945.008
2.617994	2.363101	-2.810456	31	17	106	944.893
-0.628319	1.993909	1.312897	103	12	117	944.884
-1.466077	1.391324	1.109396	105	16	120	944.793
-2.827433	2.157194	-0.792563	12	22	106	944.775
-1.466077	2.355120	0.388593	98	13	14	944.707
3.036873	1.498907	-2.207327	94	6	14	944.705
-2.827433	2.131178	0.386663	30	29	124	944.687
2.199115	1.240183	2.587255	35	15	6	944.608
2.303835	1.788829	-1.947553	104	15	20	944.580
-2.617994	2.563452	-2.044028	20	20	104	944.539
2.513274	1.496414	-2.009267	101	14	17	944.519
-2.827433	0.482460	2.849843	100	16	4	944.484
-2.303835	0.965426	1.686615	110	19	127	944.430
2.617994	1.571702	-2.098435	99	13	16	944.422
1.256637	0.210568	-0.069559	26	29	3	944.359
2.827433	1.645417	-2.634725	2	24	108	944.355
-2.513274	1.770735	0.537245	27	30	126	944.278
2.932153	1.509287	2.204647	23	27	127	944.262
-3.141593	1.234375	-2.421194	91	3	12	944.214
2.932153	1.232870	-1.822773	98	6	21	944.139
-3.036873	2.563452	-2.044028	22	16	101	944.078
-2.513274	1.524811	-2.844718	91	119	2	944.072
-2.827433	1.915467	-1.883143	105	7	126	944.071
-2.827433	1.807825	-2.090455	103	7	127	944.034
-2.094395	2.435993	0.683844	112	18	11	943.945
3.036873	2.584774	1.046703	17	34	114	943.929
-2.722714	1.964971	-2.100533	103	4	126	943.905
-3.036873	1.597178	-1.575607	100	5	23	943.901
-2.408554	1.793737	0.410270	117	14	21	943.850
3.036873	1.708430	-1.627552	100	9	21	943.790
-1.361357	1.922616	0.844633	111	21	124	943.758
-3.036873	0.251672	2.848900	102	19	8	943.742
1.884956	1.155458	-1.460623	106	14	22	943.650
2.722714	2.317634	-2.185225	26	18	102	943.623
0.942478	1.603064	2.865774	116	123	109	943.613
-2.932153	1.616900	-0.207457	118	9	24	943.587
1.151917	0.210568	-0.069559	28	28	3	943.517
-2.408554	2.355120	0.388593	23	33	121	943.324
2.094395	1.568892	2.098362	35	20	3	943.264
2.722714	1.234375	-2.421194	96	12	11	943.232
0.314159	1.691817	2.061688	7	118	95	943.222
-3.141593	1.484118	-1.529156	101	5	24	943.105
-3.141593	1.296978	-2.311511	93	4	13	943.093
-2.722714	2.512538	1.239900	8	32	117	943.067
-2.827433	1.600470	-1.453196	100	3	24	942.940
-2.932153	2.807091	-2.687477	20	23	110	942.893
-2.408554	2.156337	1.151558	18	25	114	942.789
-2.408554	0.632797	1.989858	109	18	5	942.762
2.932153	1.437208	-2.529085	1	24	112	942.758
-2.827433	2.627402	1.293552	12	33	113	942.756
-2.513274	1.925185	0.231170	0	22	117	942.750
3.036873	1.050039	-2.552086	92	7	10	942.731
3.036873	2.453499	-1.008861	17	18	102	942.692
3.036873	0.641441	-2.842109	99	15	4	942.654
3.036873	1.622993	-2.221629	123	20	118	942.641
0.000000	1.707244	-0.444770	33	22	105	942.628
2.617994	1.429580	-2.107232	99	13	16	942.601
-2.827433	1.221608	1.421669	34	27	115	942.582
-2.827433	1.429580	-2.107232	113	18	2	942.578
-2.932153	0.961838	1.839284	30	30	111	942.471
2.094395	1.588901	2.301496	36	18	2	942.335
2.513274	1.361998	-2.207254	97	13	15	942.281
-2.199115	2.114380	0.531457	19	33	123	942.231
-2.303835	2.049006	1.199930	15	26	115	942.211
-1.256637	0.814161	1.010949	101	18	6	942.158
3.036873	1.551135	-0.642994	1	7	29	942.143
1.884956	1.588901	2.301496	37	14	2	942.076
2.827433	1.296978	-2.311511	95	9	13	942.051
-2.408554	1.125217	1.336294	7	21	9	942.035
-3.036873	0.849888	1.767901	33	29	114	941.998
-2.722714	1.103208	1.477773	31	30	115	941.992
0.523599	0.201397	-0.716646	103	16	18	941.785
-2.094395	2.035818	-0.379479	105	12	22	941.746
-1.361357	1.649932	0.576808	99	12	13	941.730
-3.141593	1.305241	-2.530249	94	6	8	941.620
-2.932153	2.223375	-0.906185	14	22	106	941.611
-1.151917	1.076262	0.966104	100	17	5	941.608
2.827433	1.454061	-2.950416	7	25	105	941.597
1.675516	1.269614	-1.275246	15	27	2	941.594
2.827433	1.042085	-2.292950	93	8	15	941.582
1.151917	2.485945	-1.374853	33	24	124	941.478
2.199115	1.690453	-2.123076	103	17	16	941.453
-2.408554	2.646182	-1.614036	112	127	114	941.421
2.199115	0.934873	-2.010822	102	17	12	941.361
-2.513274	0.534610	2.154808	105	20	3	941.359
-3.036873	1.691693	-1.871572	95	4	19	941.349
2.932153	1.296978	-2.311511	92	6	14	941.337
-1.151917	1.602259	1.152656	104	13	118	941.328
2.722714	1.858863	-3.106022	9	19	101	941.086
-3.036873	2.646182	-1.614036	107	14	124	941.037
-2.617994	2.014149	0.444138	28	30	125	941.001
-2.513274	1.310722	0.558267	4	22	5	940.984
-2.827433	2.407941	-2.316753	111	126	112	940.968
2.199115	1.603064	2.865774	39	16	125	940.891
2.932153	1.234531	-2.190148	95	8	15	940.886
-2.408554	1.969112	1.088273	26	29	115	940.715
2.932153	1.042085	-2.292950	92	6	15	940.702
-2.827433	1.074714	-2.805147	92	1	5	940.662
-3.141593	1.234531	-2.190148	93	4	15	940.651
1.780236	0.492205	-1.397963	99	12	19	940.648
-2.303835	1.602259	1.152656	3	25	2	940.516
2.199115	2.431122	3.086379	34	12	107	940.423
1.256637	0.745971	-0.781286	103	7	26	940.390
-1.047198	2.237183	0.468799	94	8	15	940.366
-1.047198	1.555041	0.947813	100	15	122	940.207
-2.722714	2.049006	1.199930	31	23	110	940.179
-1.047198	2.341931	1.023926	99	14	6	940.139
-3.036873	0.958731	-2.852552	94	7	6	940.119
1.884956	1.567193	2.643172	38	11	0	940.088
-2.408554	2.467647	0.287667	21	34	121	940.076
-2.827433	0.671396	1.004859	5	16	14	940.057
-3.036873	0.594963	2.997575	101	17	2	939.922
-2.722714	0.859754	1.603292	30	31	116	939.845
-2.827433	1.572701	-2.528730	116	18	4	939.781
0.418879	2.057608	1.951726	4	122	94	939.780
1.466077	1.269614	-1.275246	18	27	2	939.721
-2.617994	1.892348	0.496522	7	25	118	939.703
-2.617994	0.712883	1.174216	34	29	123	939.667
2.199115	1.685031	-2.009038	104	16	18	939.648
0.000000	0.266262	-1.678068	11	2	24	939.603
2.932153	1.206585	0.933648	12	27	1	939.586
-2.827433	2.463986	1.034407	8	32	117	939.550
-1.989675	2.114380	0.531457	109	17	16	939.406
1.989675	0.182564	-2.125821	102	18	13	939.301
-1.570796	0.898758	-1.031948	24	25	116	939.291
-1.466077	1.803705	0.881076	110	21	6	939.289
-2.513274	1.535018	0.028869	119	11	23	939.260
2.827433	1.522237	3.102018	11	23	102	939.248
1.466077	1.435181	-0.739771	0	124	34	939.203
-1.256637	0.981877	1.537100	106	16	123	939.195
-2.932153	1.475119	-1.648255	99	2	22	939.172
2.513274	1.697488	-2.322785	99	15	11	939.168
2.827433	1.076262	0.966104	13	26	3	939.117
-2.617994	1.622749	0.121426	0	25	121	938.953
-1.256637	1.643925	1.034629	105	16	120	938.921
3.036873	1.234375	-2.421194	92	5	12	938.847
-3.141593	1.698726	-2.973576	5	18	103	938.806
-0.104720	0.266262	-1.678068	12	0	24	938.750
2.408554	1.285402	-2.882049	14	31	108	938.725
-2.408554	1.106275	-2.420800	93	118	12	938.704
2.827433	2.040501	-1.411488	23	24	109	938.654
2.932153	1.361031	-1.613971	94	3	19	938.608
-3.036873	2.079746	-0.897699	15	22	105	938.596
-2.827433	1.244075	1.286644	35	27	117	938.594
-2.513274	1.031435	1.241021	7	21	10	938.594
-0.628319	1.246495	-2.646872	11	30	115	938.527
2.827433	1.429580	-2.107232	97	10	16	938.453
-1.047198	1.804124	1.264249	108	13	116	938.452
2.617994	2.042874	-1.701367	103	13	22	938.332
3.036873	2.152901	-1.636788	17	23	109	938.270
-2.617994	1.184804	0.593386	5	22	7	938.227
-2.722714	2.237183	0.468799	28	30	122	938.092
-2.617994	2.156337	1.151558	30	24	110	938.008
-0.733038	2.463986	1.034407	104	19	126	937.957
-2.827433	1.188278	1.690808	31	29	110	937.910
-2.932153	1.577688	-1.814941	96	3	20	937.879
1.675516	2.195400	-2.217546	22	35	118	937.849
0.314159	0.409009	-0.570243	105	15	22	937.838
-1.989675	2.237695	-0.271388	103	14	19	937.807
-2.513274	2.870445	-2.291001	19	22	108	937.805
2.513274	1.367028	-2.420041	97	14	11	937.800
-2.722714	1.435181	-0.739771	9	26	115	937.797
-2.722714	0.588527	1.181755	13	17	13	937.662
-2.932153	1.691693	-1.871572	111	14	123	937.660
-2.513274	1.958989	0.712772	28	30	121	937.626
-1.675516	2.026074	0.300945	102	14	20	937.602
2.408554	2.040501	-1.411488	24	24	98	937.579
-2.617994	2.460010	-1.938011	18	21	104	937.559
2.094395	0.848189	-1.705003	101	14	17	937.520
-3.036873	1.571702	-2.098435	111	14	126	937.448
-3.141593	1.050039	-2.552086	91	5	10	937.424
-2.513274	0.869748	2.095969	110	17	1	937.375
-2.303835	2.676638	0.540364	114	18	10	937.363
-0.209440	0.637681	-1.123423	5	3	31	937.360
-1.780236	1.043272	-1.522986	33	20	126	937.245
2.617994	1.560345	2.985899	15	22	100	937.236
-2.617994	1.500204	0.737638	5	25	3	937.227
-2.617994	2.676780	-1.901158	112	0	114	937.194
-2.513274	0.750102	2.050636	108	20	127	937.102
-2.827433	0.142314	2.590387	103	20	10	937.078
-2.617994	2.036004	-0.757062	103	10	24	937.057
2.199115	1.581515	-0.419414	1	121	35	937.040
-1.361357	2.340210	0.562145	108	22	4	936.936
-0.628319	1.767999	1.004737	96	11	121	936.915
-1.047198	1.391324	1.109396	99	12	120	936.904
1.047198	2.518454	-1.565852	33	25	122	936.852
2.303835	0.053884	-2.408394	102	17	14	936.828
-2.513274	1.246495	-2.646872	91	118	8	936.582
-2.827433	2.079746	-0.897699	12	23	107	936.551
-2.617994	1.203760	1.556404	29	31	112	936.520
1.989675	1.588901	2.301496	37	16	2	936.506
-2.827433	1.084151	1.618525	31	29	113	936.431
2.932153	1.551135	-0.642994	2	7	29	936.394
-2.722714	1.362302	1.239384	34	28	117	936.374
-2.303835	1.969112	1.088273	24	30	115	936.351
-2.932153	2.407941	-2.316753	23	23	107	936.336
2.199115	1.365228	2.563808	35	16	4	936.332
-2.094395	1.846644	1.113766	119	19	127	936.281
2.827433	1.199898	-2.777257	7	29	110	936.270
-2.722714	1.661936	0.001037	119	11	22	936.258
-1.151917	1.692644	1.237670	106	13	117	936.256
2.722714	1.945677	-2.999805	26	21	109	936.172
1.361357	0.769035	-1.078574	105	11	24	936.075
2.722714	1.495002	-0.839810	126	9	28	936.063
-2.722714	1.645417	-2.634725	88	120	6	936.011
2.199115	0.398249	-1.812694	98	13	15	935.999
2.199115	1.704478	-0.106295	7	117	32	935.922
-2.827433	1.685031	-2.009038	104	7	0	935.845
-2.722714	1.498907	-2.207327	91	120	15	935.817
-1.466077	0.858261	-1.191729	24	25	117	935.807
2.827433	1.579542	-0.755917	0	9	28	935.802
2.199115	1.464952	2.329245	35	18	4	935.782
-3.036873	1.817772	-1.689625	98	7	20	935.736
-1.884956	0.077645	1.453433	107	20	13	935.719
0.837758	0.201397	-0.716646	101	13	18	935.700
2.827433	0.935636	-1.445855	95	126	22	935.601
3.036873	1.788829	-1.947553	97	9	16	935.599
-2.827433	1.661936	0.001037	121	11	22	935.565
-3.141593	1.431375	-2.313269	93	4	12	935.443
2.722714	1.808822	-1.817375	99	10	22	935.413
2.094395	0.942873	-1.607680	101	13	19	935.348
2.722714	1.817772	-1.689625	103	14	20	935.314
2.827433	0.386248	-2.690943	100	16	9	935.305
-0.418879	0.492205	-1.397963	10	125	28	935.303
-2.827433	1.865619	-0.952036	13	24	108	935.303
-3.141593	1.776419	-2.642421	1	17	108	935.293
-2.513274	1.546010	1.523462	28	29	110	935.291
-0.942478	2.309655	0.726020	94	10	11	935.214
-3.141593	1.181331	-2.060330	95	3	17	935.170
2.617994	1.735719	-3.092485	10	21	101	935.154
-2.513274	1.834787	0.751968	28	30	121	935.122
0.314159	0.459270	1.191562	30	32	118	935.052
-2.408554	1.084151	1.618525	124	22	127	935.031
0.942478	0.409009	-0.570243	99	9	22	934.840
1.047198	0.210568	-0.069559	30	27	3	934.796
-2.303835	1.527261	-0.304916	113	9	26	934.766
2.199115	1.690107	2.620910	38	17	126	934.735
-1.047198	1.692644	1.237670	104	12	117	934.685
-2.722714	1.006146	1.389734	33	29	117	934.627
2.513274	1.622993	-2.221629	100	15	13	934.516
2.408554	1.490555	2.543284	35	21	2	934.515
0.418879	1.728940	1.931535	6	117	94	934.506
1.466077	1.823386	-1.429807	23	27	124	934.445
-2.617994	1.221608	1.421669	30	31	114	934.411
-2.617994	0.664008	1.360091	31	31	121	934.384
-1.884956	1.892348	0.496522	108	16	19	934.379
-1.151917	1.767999	1.004737	106	17	120	934.159
2.303835	1.509287	2.204647	33	22	4	934.117
2.827433	1.590018	-1.941652	99	11	17	934.104
2.722714	1.305241	-2.530249	95	12	9	934.092
2.932153	1.234375	-2.421194	93	8	11	934.090
1.989675	0.628626	-1.751180	101	15	16	934.068
2.722714	1.077642	-1.227073	98	127	25	934.023
-2.303835	1.767999	1.004737	24	31	117	934.022
-1.256637	1.767999	1.004737	107	17	121	933.975
0.628319	1.401926	1.822930	9	111	97	933.954
2.094395	0.628626	-1.751180	100	14	16	933.888
2.932153	1.119777	0.834702	11	27	1	933.859
-1.675516	1.912224	0.366565	101	14	14	933.793
2.513274	1.927474	-1.754616	103	13	22	933.752
1.884956	2.034712	-2.419505	16	34	114	933.745
-2.617994	1.188278	1.690808	27	31	110	933.718
0.837758	1.401926	1.822930	13	110	97	933.708
-2.513274	1.643925	1.034629	5	26	2	933.625
2.617994	0.165485	-2.875396	104	20	11	933.516
-2.932153	1.597178	-1.575607	99	4	23	933.510
-2.199115	0.420680	2.088164	100	17	5	933.473
-2.303835	1.875561	1.632831	15	23	108	933.441
-2.827433	2.460010	-1.938011	111	4	115	933.412
-3.036873	2.108277	-2.095907	123	16	115	933.402
-2.094395	1.770735	0.537245	113	16	19	933.336
-2.408554	0.750102	2.050636	108	17	3	933.328
2.617994	1.321019	-2.749776	8	30	109	933.286
2.827433	2.108891	-2.532166	28	23	110	933.257
1.361357	0.685083	-0.942363	102	9	24	933.217
-2.827433	2.131223	-1.174311	14	23	107	933.129
2.932153	1.032316	2.884221	14	29	105	933.084
-0.209440	1.645258	2.188109	105	1	114	933.078
-2.199115	1.704478	-0.106295	111	13	23	933.047
-2.408554	1.244075	1.286644	0	21	4	933.016
1.884956	1.283786	2.462124	22	122	98	932.986
1.466077	0.147206	-1.385164	101	14	16	932.962
-2.932153	1.752959	-0.567548	11	25	110	932.926
-2.932153	0.493314	3.117264	98	14	5	932.874
2.303835	1.572701	-2.528730	100	18	8	932.738
-2.408554	2.082784	1.042403	25	29	115	932.707
-1.884956	1.043272	-1.522986	34	19	126	932.638
-2.199115	1.692644	1.237670	122	22	4	932.633
3.036873	0.368784	2.974974	104	20	5	932.617
2.932153	0.281664	-2.969147	101	18	9	932.594
-1.256637	1.914854	1.214468	110	15	118	932.534
2.722714	2.149210	-1.482321	24	22	108	932.450
1.989675	1.321609	2.687717	36	12	4	932.323
-1.361357	1.643925	1.034629	107	17	121	932.286
-2.513274	0.941718	1.125085	5	19	12	932.168
2.199115	1.226043	-1.693533	103	13	18	932.128
0.209440	2.084401	1.810502	2	123	96	932.109
-2.408554	2.119166	0.100552	111	15	21	932.018
-0.628319	1.804124	1.264249	100	9	117	931.958
-0.523599	1.883504	1.360457	102	9	116	931.931
-2.932153	1.886971	-2.196665	111	12	122	931.888
-3.036873	2.226413	-2.064034	22	24	107	931.859
-2.199115	1.084151	1.618525	112	17	4	931.848
-3.141593	1.388849	2.233847	21	27	1	931.844
2.617994	1.645417	-2.634725	5	27	109	931.838
-2.932153	1.586948	-1.696296	97	3	21	931.833
-2.722714	1.157331	-2.906362	93	0	3	931.668
3.036873	1.673267	-0.665453	1	10	28	931.630
2.199115	1.707244	-0.444770	3	123	34	931.586
2.094395	0.398249	-1.812694	99	14	15	931.583
3.036873	2.307188	-2.656134	25	23	108	931.578
-2.199115	1.892348	0.496522	114	16	19	931.566
-3.141593	1.106275	-2.420800	122	19	11	931.555
-2.827433	0.251672	2.848900	100	16	9	931.555
2.199115	1.153930	-1.597104	102	12	20	931.536
-2.932153	2.931927	-2.728768	19	22	108	931.293
2.827433	0.281664	-2.969147	102	19	8	931.270
2.617994	1.698726	-2.973576	9	24	103	931.255
-1.361357	2.467647	0.287667	95	9	14	931.248
-2.932153	1.927474	-1.754616	15	25	111	931.172
-2.199115	1.203760	1.556404	114	17	4	931.164
1.256637	0.561629	-0.924576	101	10	23	931.150
-0.209440	1.895117	2.121107	104	5	116	931.140
2.722714	1.571702	-2.098435	95	9	17	931.119
-0.837758	2.856905	-0.318441	117	119	112	931.023
-2.408554	1.914854	1.214468	25	28	112	930.941
-3.036873	2.355165	-1.833173	107	10	123	930.867
-0.104720	2.052181	2.326959	108	7	115	930.858
-2.722714	1.886971	-2.196665	104	4	125	930.846
-0.314159	1.305241	-2.530249	7	26	114	930.812
-2.617994	1.119777	0.834702	8	22	9	930.812
-1.256637	1.427868	0.984637	102	16	122	930.794
-1.570796	2.330158	2.977264	5	33	121	930.768
0.209440	0.088408	-0.311160	101	16	16	930.723
-2.303835	1.933878	0.034150	112	15	19	930.689
2.932153	1.807825	-2.090455	96	10	14	930.684
-2.827433	2.146582	-1.793788	106	6	124	930.634
-0.418879	0.441292	-0.890727	4	6	29	930.618
2.094395	1.975135	-2.539127	103	20	8	930.586
-0.942478	2.978333	-0.412090	118	119	111	930.547
2.199115	1.911828	-0.364489	7	123	32	930.523
-2.199115	1.480878	1.194576	123	21	4	930.375
-2.513274	2.255601	-1.728131	16	23	106	930.344
-1.989675	2.233709	3.070830	113	113	112	930.146
-3.141593	1.393612	1.952016	19	27	2	930.070
-2.094395	1.153930	-1.597104	34	16	0	930.013
2.408554	1.588901	2.301496	34	23	2	930.006
1.989675	1.262791	-1.549229	106	14	21	929.953
-0.314159	1.234375	-2.421194	7	25	112	929.906
-2.513274	1.527261	-0.304916	114	8	26	929.874
-2.513274	1.652871	1.600681	16	25	110	929.852
-0.733038	2.278618	1.170386	105	18	123	929.732
-1.361357	2.131178	0.386663	98	12	17	929.695
-0.628319	1.846644	1.113766	99	12	119	929.576
-2.513274	2.460902	0.490079	24	32	119	929.507
-1.675516	2.052181	2.326959	113	2	112	929.501
2.617994	1.612720	-3.080498	11	24	102	929.473
-2.722714	0.788382	1.331051	5	18	10	929.453
-1.466077	2.213937	0.621892	101	16	13	929.417
2.932153	1.498261	-2.425270	0	24	113	929.395
2.408554	1.833945	-2.320278	101	17	10	929.248
-2.513274	1.739971	-0.228876	112	12	24	929.227
-2.617994	1.427868	0.984637	8	25	6	929.211
2.932153	1.155458	-1.460623	95	0	22	929.129
2.827433	1.685031	-2.009038	98	11	15	929.060
-0.942478	2.642029	0.813274	95	10	7	928.948
1.570796	1.710583	-1.376890	22	27	125	928.822
-3.036873	1.808822	-1.817375	107	10	127	928.789
-1.466077	1.244075	1.286644	103	12	117	928.787
-0.942478	1.969112	1.088273	106	17	120	928.738
2.827433	1.699172	-1.749717	101	11	20	928.626
3.036873	2.534798	-2.266671	25	17	102	928.602
-3.036873	1.648538	-2.855044	3	17	105	928.595
-3.141593	1.584581	-2.738702	1	19	108	928.568
0.209440	2.213937	0.621892	17	25	117	928.533
0.523599	1.934862	1.989776	6	120	94	928.492
2.303835	2.522766	-3.059231	31	13	105	928.469
-2.513274	1.103208	1.477773	27	32	114	928.417
2.303835	2.125183	2.445598	37	18	113	928.332
2.827433	1.043272	-1.522986	95	1	21	928.324
-2.722714	1.933328	-1.623328	12	24	110	928.320
-2.303835	1.620988	-0.875920	5	21	111	928.316
-1.361357	2.354868	0.211543	91	6	11	928.235
1.675516	2.014338	-1.127392	24	26	127	928.152
0.837758	2.569130	-0.700837	24	27	100	928.091
-1.047198	2.642029	0.813274	96	12	7	928.068
-3.141593	1.590018	-1.941652	96	6	17	928.063
-2.303835	1.573572	1.278593	6	26	4	928.062
2.199115	1.361998	-2.207254	102	16	15	927.935
-0.418879	2.780471	0.027732	118	117	112	927.915
-0.314159	1.157331	-2.906362	6	27	118	927.898
2.094395	1.509287	2.204647	35	18	4	927.890
-1.884956	2.020545	2.088672	114	6	114	927.874
0.733038	1.049272	-1.376344	2	127	32	927.833
-2.408554	1.769149	1.550298	16	25	109	927.809
2.199115	1.567193	2.643172	38	17	0	927.793
0.733038	0.833613	-1.357492	0	2	31	927.678
-2.617994	1.629346	-0.542669	113	9	27	927.556
-1.256637	1.732838	1.127584	108	15	118	927.421
1.256637	0.610738	-1.326786	105	15	21	927.398
-3.141593	0.961838	1.839284	33	27	111	927.369
-3.141593	2.244035	-1.229456	19	23	107	927.307
-1.780236	1.743328	0.663347	115	22	11	927.250
-0.942478	1.555041	0.947813	99	14	122	927.219
-3.141593	2.112276	-1.027246	17	22	105	927.131
-2.303835	1.993909	1.312897	15	25	113	927.074
-0.733038	1.692644	1.237670	100	9	117	927.070
2.827433	2.256702	-1.401367	22	22	107	927.060
-0.418879	0.513579	-1.147354	7	1	29	927.040
-0.628319	1.555041	0.947813	94	9	122	927.036
-0.523599	1.199898	-2.777257	9	29	117	926.979
1.361357	0.819430	-0.915017	104	8	26	926.935
-2.827433	0.933766	-3.015917	94	5	4	926.851
-2.722714	0.283625	2.405603	104	20	7	926.844
1.780236	1.492424	-0.190932	1	113	34	926.816
-2.513274	1.673557	0.452526	120	13	21	926.784
-2.408554	0.943701	0.980328	126	19	11	926.766
2.199115	1.541082	2.424608	36	18	2	926.744
-1.884956	1.770735	0.537245	109	16	19	926.625
-2.513274	1.793737	0.410270	119	14	21	926.529
-1.780236	2.233709	3.070830	115	114	112	926.506
-3.036873	1.986720	-0.993220	16	25	108	926.504
0.418879	2.020545	2.088672	6	123	93	926.500
2.408554	1.685031	-2.009038	103	16	17	926.455
-2.932153	1.451907	-0.066823	121	7	24	926.386
1.884956	0.829198	-1.532491	103	14	20	926.311
-2.513274	1.234375	-2.421194	92	118	12	926.291
2.932153	1.673267	-0.665453	2	10	28	926.283
2.199115	1.523102	2.765920	38	16	0	926.279
-0.628319	1.074714	-2.805147	11	30	116	926.205
1.361357	1.586948	-1.696296	24	28	120	926.199
0.942478	0.519277	-0.673809	102	9	24	926.138
1.884956	1.049272	-1.376344	105	12	23	926.118
2.827433	1.832060	-0.821627	1	14	26	926.108
-1.466077	1.529788	0.613208	102	14	13	926.055
-0.837758	2.085731	0.671081	93	7	13	925.998
-2.303835	0.849888	1.767901	108	19	0	925.969
-0.104720	1.459314	-1.765003	8	22	108	925.961
-0.314159	1.770460	2.154208	105	4	115	925.953
2.932153	1.572701	-2.528730	1	23	111	925.926
-2.827433	1.876049	-0.594378	10	24	109	925.840
-2.408554	2.575994	0.391718	114	18	12	925.645
-1.780236	1.892348	0.496522	106	16	19	925.631
2.513274	1.572701	-2.528730	97	15	8	925.622
-1.884956	1.049272	-1.376344	33	20	124	925.614
-1.361357	1.958989	0.712772	100	13	15	925.545
-2.617994	0.759800	2.546181	103	10	9	925.542
2.303835	2.243347	-2.521049	31	14	105	925.518
2.094395	1.139125	-1.924528	104	18	14	925.500
2.722714	1.522237	3.102018	12	24	101	925.498
-0.733038	2.216256	1.020029	94	9	7	925.471
3.036873	1.450513	-0.400625	4	7	27	925.441
2.617994	1.927474	-1.754616	102	12	22	925.406
1.151917	0.561629	-0.924576	103	11	23	925.340
3.036873	1.487886	-3.066037	7	22	103	925.325
-0.314159	0.492205	-1.397963	10	127	28	925.307
-3.141593	1.597178	-1.575607	124	20	1	925.250
2.827433	1.788829	-1.947553	99	12	16	925.245
2.932153	0.506104	-2.874910	100	17	6	925.221
-0.523599	1.803705	0.881076	93	10	124	925.197
2.094395	1.232870	-1.822773	104	16	16	925.160
2.932153	1.339410	0.900087	11	28	126	925.039
-2.932153	1.571702	-2.098435	113	17	126	925.031
-3.141593	2.040501	-1.411488	20	25	109	925.031
-2.513274	1.199898	-2.777257	107	16	7	925.008
0.000000	0.210568	-0.069559	100	15	17	924.988
2.094395	1.616900	-0.207457	5	117	33	924.945
-3.141593	1.928342	-1.351174	20	26	110	924.918
-2.722714	2.112276	-1.027246	13	22	106	924.852
3.036873	1.927474	-1.754616	99	10	18	924.850
3.036873	1.351855	-1.855234	97	5	20	924.839
-1.151917	1.555041	0.947813	102	16	122	924.821
-2.932153	1.739971	-0.228876	117	11	23	924.776
-1.884956	2.233709	3.070830	114	114	112	924.726
-0.209440	1.121943	-2.669042	5	24	114	924.699
-2.408554	2.440898	-2.133300	110	5	117	924.683
-1.570796	1.546010	1.523462	105	14	121	924.682
-1.151917	2.049006	1.199930	112	16	118	924.638
-2.827433	1.451907	-0.066823	120	7	24	924.636
2.408554	1.807825	-2.090455	103	17	15	924.584
-2.617994	1.620988	-0.875920	9	25	111	924.582
3.036873	2.019676	-1.980944	18	24	109	924.570
-1.675516	1.834787	0.751968	113	22	8	924.535
-3.141593	1.496414	-2.009267	95	5	17	924.526
-1.570796	1.922616	0.844633	113	19	124	924.512
-2.722714	1.480878	1.194576	12	27	0	924.508
0.628319	2.779245	-2.046268	32	25	117	924.498
-2.932153	1.498907	-2.207327	117	18	1	924.477
2.827433	1.551135	-0.642994	2	8	28	924.460
2.722714	1.821360	-2.984352	7	20	102	924.355
-3.036873	2.226002	-1.060248	17	23	107	924.297
-2.199115	1.679696	0.912482	119	19	4	924.242
1.780236	1.158594	2.487618	23	122	99	924.180
-2.827433	1.245961	-2.997461	117	19	8	924.180
-2.932153	2.627402	1.293552	14	33	113	924.158
2.827433	1.074714	-2.805147	8	30	111	924.140
-2.513274	1.649932	0.576808	2	24	126	924.117
-0.523599	2.487747	2.505912	21	28	104	924.064
2.827433	2.149210	-1.482321	23	23	108	924.008
2.827433	1.459314	-1.765003	100	9	21	923.969
-1.675516	0.982609	-1.136920	26	24	117	923.923
-2.827433	1.546010	1.523462	33	26	110	923.884
-2.408554	0.993052	2.137478	109	15	127	923.797
-1.675516	2.014149	0.444138	104	16	18	923.744
3.036873	0.400542	-2.995729	100	17	7	923.688
-1.256637	1.958989	0.712772	99	12	15	923.671
-2.617994	0.882554	1.443757	30	32	117	923.580
2.932153	1.431375	-2.313269	95	9	11	923.570
1.884956	1.201164	2.355931	23	120	100	923.568
-0.209440	2.100482	-2.301084	28	117	107	923.538
1.884956	1.085085	2.377673	25	121	100	923.496
2.303835	1.481086	2.890269	38	18	127	923.471
-0.104720	1.922256	2.347806	108	5	114	923.457
1.780236	0.266262	-1.678068	101	14	17	923.391
0.628319	1.728940	1.931535	8	116	94	923.371
-1.361357	2.558146	0.627191	99	14	9	923.359
2.513274	1.808822	-1.817375	102	12	22	923.282
-2.827433	1.645417	-2.634725	88	122	6	923.256
2.827433	1.049272	-1.376344	96	127	23	923.210
-2.722714	0.426507	2.367872	105	20	5	923.203
2.722714	1.234531	-2.190148	97	11	15	923.149
-3.036873	1.168406	-2.301519	93	2	13	923.110
-0.104720	1.886971	-2.196665	29	117	110	923.015
1.151917	2.449191	-0.633651	17	36	118	923.013
-2.617994	1.555041	0.947813	6	26	4	923.008
-2.513274	1.450513	-0.400625	114	6	27	922.949
-2.827433	1.773527	-1.039582	13	26	110	922.941
1.466077	0.561629	-0.924576	99	8	23	922.932
-3.141593	1.600470	-1.453196	102	7	24	922.884
-1.884956	0.294107	1.593880	103	19	9	922.762
-2.408554	2.355165	-1.833173	18	23	105	922.730
-2.408554	1.322568	1.499415	26	32	112	922.723
0.209440	2.057608	1.951726	4	124	95	922.696
3.036873	1.168406	-2.301519	94	7	13	922.677
-0.104720	2.354868	0.211543	17	25	119	922.664
-2.827433	0.757389	1.501184	33	30	118	922.663
-2.617994	2.461774	-1.734913	111	3	116	922.645
-2.094395	2.111003	-0.268632	106	14	20	922.638
-2.303835	2.083752	-0.511086	106	12	22	922.560
3.036873	1.155389	2.837148	13	27	103	922.543
1.047198	0.409009	-0.570243	98	8	22	922.412
2.827433	1.577688	-1.814941	100	11	19	922.364
2.199115	1.452754	-2.738631	14	32	108	922.347
-2.617994	0.588527	1.181755	34	29	123	922.344
-1.780236	2.026074	0.300945	104	15	20	922.343
1.780236	1.283786	2.462124	22	121	98	922.308
-2.722714	2.460010	-1.938011	110	3	116	922.291
-0.942478	2.203804	1.756176	30	26	100	922.288
-1.780236	1.155458	-1.460623	32	21	127	922.172
-1.047198	1.679696	0.912482	102	16	122	922.166
0.314159	2.178879	0.767722	17	25	117	922.121
-2.303835	2.307301	1.336200	17	23	111	922.109
-3.036873	2.283304	-2.345584	22	24	107	922.049
0.523599	1.049272	-1.376344	4	125	32	922.013
1.570796	0.769035	-1.078574	103	9	24	921.983
-1.151917	1.480878	1.194576	102	12	118	921.981
2.199115	1.786634	-0.346247	6	121	33	921.927
2.722714	2.485907	-2.835471	32	18	104	921.911
2.722714	1.395545	-2.850807	8	28	107	921.889
-0.523599	2.049006	1.199930	100	12	119	921.885
-2.722714	1.498261	-2.425270	89	120	11	921.875
2.408554	2.261466	-1.557500	22	19	96	921.854
2.408554	1.571702	-2.098435	102	16	16	921.849
-2.827433	0.378103	2.646436	102	19	5	921.812
3.036873	1.439041	-0.617966	0	8	28	921.800
1.466077	1.710583	-1.376890	24	27	126	921.732
0.628319	1.846350	1.893983	7	116	96	921.694
-2.617994	2.467647	0.287667	117	17	14	921.633
0.628319	0.954456	-1.287293	1	127	33	921.628
0.523599	1.510518	1.884920	8	114	95	921.573
-2.827433	2.014338	-1.127392	14	24	109	921.523
-1.989675	1.911828	-0.364489	103	11	15	921.503
-2.932153	0.704080	2.911636	101	16	0	921.498
-2.408554	2.026074	0.300945	114	15	20	921.488
2.722714	1.429580	-2.107232	97	11	16	921.486
-0.837758	2.642029	0.813274	93	9	7	921.459
0.104720	0.398249	-1.812694	12	0	24	921.345
-2.408554	1.661936	0.001037	116	12	22	921.328
-3.036873	0.368784	2.974974	101	18	7	921.320
-2.303835	1.892348	0.496522	116	16	19	921.305
-2.827433	2.239419	0.151693	27	31	125	921.304
-3.141593	2.014338	-1.127392	18	25	109	921.279
0.418879	1.934862	1.989776	6	120	95	921.237
1.884956	0.972820	-1.762780	105	18	16	921.180
-2.932153	0.626379	1.773610	31	31	117	921.158
1.361357	1.934585	-1.487979	26	27	123	921.147
-2.513274	1.573572	1.278593	7	25	127	921.117
-1.466077	1.732838	1.127584	111	17	119	921.097
2.617994	1.043272	-1.522986	96	4	21	921.060
2.827433	1.586948	-1.696296	102	10	21	920.893
-1.780236	1.153930	-1.597104	32	19	0	920.888
2.932153	1.379086	-0.508192	2	6	28	920.861
-2.722714	1.601408	0.242409	2	26	123	920.812
1.780236	0.376428	-1.495532	99	13	17	920.803
-2.932153	1.375020	-0.170393	120	5	26	920.780
-2.408554	1.072154	1.761506	112	19	125	920.742
1.570796	1.823386	-1.429807	23	28	124	920.740
-1.570796	2.354868	0.211543	98	12	16	920.679
-0.628319	2.082784	1.042403	99	14	122	920.663
-0.628319	2.278618	1.170386	103	17	122	920.596
0.418879	1.865046	1.763384	3	117	97	920.592
2.932153	1.050039	-2.552086	93	9	10	920.562
2.722714	2.604150	-2.885208	28	16	103	920.549
-2.932153	2.239419	0.151693	28	30	126	920.531
2.722714	1.459314	-1.765003	102	11	21	920.513
-0.942478	1.515235	1.068565	99	12	120	920.492
-2.303835	0.859754	1.603292	111	20	2	920.445
-2.408554	1.391324	1.109396	125	20	4	920.445
-2.932153	2.040501	-1.411488	18	25	109	920.445
2.827433	1.858863	-3.106022	8	18	101	920.445
2.408554	0.451839	-2.078193	98	14	13	920.444
2.827433	1.377070	-1.980984	97	9	18	920.325
-1.047198	1.119777	0.834702	99	16	8	920.267
-0.209440	2.034712	-2.419505	28	117	105	920.229
1.570796	1.915790	-1.216366	24	26	126	920.219
2.827433	1.139125	-1.924528	2	24	4	920.133
2.827433	1.495002	-0.839810	126	8	28	920.121
-2.513274	0.933766	-3.015917	91	126	4	920.112
3.036873	1.289408	0.683122	9	28	125	920.109
1.256637	0.898758	-1.031948	30	23	100	920.070
0.209440	1.934862	1.989776	4	122	94	919.964
-2.513274	1.168406	-2.301519	93	119	13	919.891
-1.884956	2.642029	0.813274	110	16	9	919.875
-3.036873	2.223375	-0.906185	15	21	105	919.863
3.036873	2.131223	-1.174311	20	23	108	919.777
2.408554	1.452754	-2.738631	6	29	110	919.739
2.617994	2.018131	3.021778	28	20	109	919.738
-2.513274	1.456736	1.323154	7	25	1	919.727
2.932153	1.707500	-2.531497	0	22	110	919.697
2.617994	1.620988	-0.875920	0	11	27	919.679
-1.570796	1.713452	0.789419	105	16	15	919.670
1.466077	0.302491	-0.400410	29	28	1	919.669
2.827433	1.174782	-2.538755	94	10	9	919.668
-0.418879	1.157331	-2.906362	7	29	118	919.662
-2.722714	1.496414	-2.009267	93	121	19	919.632
0.628319	2.570050	-1.804492	34	21	119	919.580
-2.513274	0.882554	1.443757	28	33	117	919.568
-1.151917	1.391324	1.109396	100	13	120	919.545
-2.722714	2.283304	-2.345584	115	127	109	919.544
-0.523599	0.513579	-1.147354	8	127	29	919.518
2.513274	1.395545	-2.850807	11	29	107	919.419
-0.733038	1.804124	1.264249	102	11	117	919.392
-2.722714	1.456736	1.323154	13	27	1	919.348
-1.256637	2.014149	0.444138	97	11	18	919.337
2.303835	1.232870	-1.822773	101	14	16	919.333
-0.418879	0.685083	-0.942363	4	2	32	919.265
-2.408554	2.434090	1.592818	7	32	117	919.160
-2.722714	1.391699	-0.288725	116	6	27	919.111
2.827433	1.321019	-2.749776	5	27	109	919.105
2.513274	2.137615	2.988806	28	18	108	919.085
1.884956	1.043272	-1.522986	105	14	21	919.075
1.989675	1.226043	-1.693533	106	16	18	919.053
0.837758	2.338083	-0.943400	18	34	112	919.027
2.827433	1.367028	-2.420041	95	10	10	919.023
1.884956	2.100482	-2.301084	17	35	116	918.976
-3.141593	1.437208	-2.529085	94	6	7	918.941
-0.628319	1.589936	0.825020	93	10	124	918.852
-2.408554	2.005145	0.941012	25	30	117	918.824
-2.303835	1.936327	-0.099350	110	14	20	918.782
-0.733038	0.441292	-0.890727	7	1	29	918.672
1.675516	1.710583	-1.376890	21	28	125	918.645
2.722714	1.620988	-0.875920	127	11	27	918.576
-0.209440	2.173644	-2.403429	28	118	105	918.571
-3.141593	1.429580	-2.107232	91	1	18	918.530
1.570796	2.317634	-2.185225	24	35	118	918.509
2.303835	1.690453	-2.123076	101	16	16	918.439
1.151917	2.145635	-1.327708	33	24	0	918.380
2.827433	1.841033	-2.756932	3	21	106	918.325
1.151917	0.637681	-1.123423	104	13	23	918.305
0.104720	2.807091	-2.687477	29	26	114	918.295
-0.104720	0.415893	1.464890	33	30	118	918.270
-2.617994	1.435181	-0.739771	7	26	114	918.242
-2.303835	2.082784	1.042403	24	30	115	918.196
2.199115	0.632622	-0.737642	10	32	109	918.153
2.617994	1.560487	-2.323400	98	14	11	918.129
-2.617994	1.321019	-2.749776	92	122	5	918.114
-2.617994	2.460902	0.490079	27	31	119	918.039
-1.466077	1.515235	1.068565	107	16	120	917.889
-1.361357	0.814161	1.010949	103	19	6	917.887
2.199115	2.543197	2.990252	33	12	106	917.839
1.884956	1.665496	2.397872	38	13	0	917.793
1.047198	0.634455	-0.534790	43	17	120	917.773
2.094395	1.321609	2.687717	36	13	4	917.735
2.932153	1.690453	-2.123076	96	10	14	917.731
-0.628319	0.077645	1.453433	30	26	4	917.727
-2.827433	0.879254	-2.733338	91	1	9	917.710
-1.361357	2.435993	0.683844	100	15	10	917.691
-0.942478	2.340210	0.562145	93	8	13	917.688
1.780236	1.450513	-0.400625	127	116	36	917.666
-0.733038	2.082784	1.042403	101	15	122	917.644
-1.884956	1.391324	1.109396	92	121	16	917.613
-2.827433	0.534610	2.154808	121	23	5	917.609
-2.617994	1.466050	0.862104	6	25	4	917.570
-2.094395	1.969112	1.088273	117	19	127	917.484
-2.513274	2.082784	1.042403	27	28	115	917.477
-2.303835	1.551135	-0.642994	4	20	112	917.367
-3.141593	2.108277	-2.095907	18	23	108	917.340
1.884956	2.195400	-2.217546	17	35	118	917.333
-2.617994	1.480878	1.194576	10	26	0	917.312
-2.513274	1.441473	1.448544	29	31	112	917.300
-3.036873	0.636205	1.561170	36	27	119	917.284
-0.523599	1.050039	-2.552086	8	27	112	917.242
-2.199115	1.914854	1.214468	1	25	126	917.180
-2.722714	2.343434	-2.013692	19	23	105	917.109
-1.989675	1.934862	1.989776	114	8	114	917.102
3.036873	1.168025	0.717075	10	27	127	917.086
-1.570796	1.834787	0.751968	104	16	15	917.053
-2.408554	2.014149	0.444138	0	21	117	917.047
-0.314159	0.981485	-2.424766	6	23	110	917.039
-0.104720	0.088408	-0.311160	107	19	16	917.035
-2.303835	1.456736	1.323154	115	16	6	917.008
-2.408554	1.006146	1.389734	27	33	117	916.983
-2.199115	2.085731	0.671081	21	33	121	916.889
-2.513274	1.203760	1.556404	27	32	112	916.865
-2.303835	1.816510	-0.008631	112	14	21	916.864
-3.141593	1.954572	-0.859208	16	24	107	916.834
0.418879	2.180752	1.908485	3	123	95	916.762
2.303835	0.451839	-2.078193	99	15	13	916.756
1.780236	2.317634	-2.185225	19	35	118	916.748
2.827433	0.165485	-2.875396	100	17	11	916.746
-3.141593	1.577688	-1.814941	97	6	19	916.725
-2.617994	1.339410	0.900087	7	24	7	916.703
-2.617994	2.354868	0.211543	24	33	123	916.648
-3.141593	1.487886	-3.066037	6	21	103	916.647
-2.722714	2.463986	1.034407	6	31	117	916.634
2.094395	0.142314	2.590387	22	5	14	916.633
-2.199115	1.515235	1.068565	114	16	7	916.625
-3.036873	1.475119	-1.648255	99	4	22	916.619
2.408554	2.108891	-2.532166	32	17	106	916.564
0.733038	0.424766	-0.258729	98	7	22	916.560
2.303835	1.934585	-1.487979	27	24	99	916.558
-0.523599	1.846644	1.113766	97	10	119	916.540
-3.036873	1.560487	-2.323400	97	5	14	916.525
-0.837758	2.108277	-2.095907	22	105	112	916.471
2.932153	0.400542	-2.995729	102	18	7	916.422
-2.827433	1.431375	-2.313269	92	125	12	916.420
1.884956	1.581515	-0.419414	2	118	35	916.367
2.932153	1.130958	2.972931	12	28	104	916.305
0.314159	1.568892	2.098362	9	116	95	916.297
-0.733038	2.341931	1.023926	103	18	125	916.274
-2.932153	1.600470	-1.453196	101	4	24	916.264
-2.932153	0.757389	1.501184	35	28	118	916.257
-3.141593	1.454061	-2.950416	5	22	105	916.256
2.303835	1.541082	2.424608	36	20	2	916.245
-2.408554	1.832690	-0.468440	111	11	25	916.243
-2.513274	1.657997	-0.325127	112	10	25	916.240
-3.141593	0.368784	2.974974	102	19	6	916.211
2.932153	2.519348	0.843503	16	34	115	916.149
-2.932153	0.740650	1.681075	32	30	116	916.134
1.989675	1.616900	-0.207457	4	116	34	916.113
-1.466077	1.922616	0.844633	111	19	124	916.082
2.932153	0.493314	3.117264	104	20	4	916.047
-2.199115	1.934585	-1.487979	9	23	109	916.043
-1.361357	2.134684	0.907065	108	19	3	915.939
2.617994	1.634747	-2.426198	96	13	9	915.919
-2.617994	1.234375	-2.421194	92	122	11	915.839
-2.408554	2.149210	-1.482321	13	22	106	915.828
