144	1.2
0.000000	0.000000	0.000000
rece3_m.pdb	53.200	58.920	54.965
ligand_m.pdb	2.113	48.188	51.889
-1.047198	1.188278	1.690808	6	7	99	1294.147
-1.466077	0.882554	1.443757	138	143	103	1251.799
-1.047198	1.307513	1.628003	8	10	100	1244.918
-1.047198	1.294736	1.756184	9	7	101	1233.075
-1.047198	1.322568	1.499415	7	12	100	1226.439
-1.047198	1.084151	1.618525	3	7	97	1224.410
-1.047198	1.074029	1.909193	6	3	98	1223.105
-0.942478	1.307513	1.628003	8	11	100	1212.355
-1.361357	0.788382	1.331051	135	1	102	1210.911
-0.942478	1.084151	1.618525	3	8	97	1209.646
-3.141593	2.052794	-0.008526	12	125	132	1199.741
-1.151917	1.072154	1.761506	4	3	98	1194.065
-0.837758	1.084151	1.618525	3	8	97	1192.714
-0.837758	1.188278	1.690808	6	8	99	1191.473
-1.047198	1.184734	1.968919	9	4	100	1185.913
-1.361357	0.882554	1.443757	138	143	102	1183.699
-1.570796	0.859754	1.603292	137	140	102	1179.439
-0.733038	1.072154	1.761506	5	6	98	1178.276
-0.942478	1.072154	1.761506	4	6	97	1170.940
-1.151917	1.084151	1.618525	3	6	97	1169.648
-0.942478	1.203760	1.556404	5	10	98	1167.508
-0.942478	0.965426	1.686615	1	5	96	1159.855
-1.047198	1.072154	1.761506	4	4	98	1154.122
-0.942478	1.294736	1.756184	9	8	101	1153.627
-0.942478	1.322568	1.499415	7	13	100	1152.661
-1.570796	0.882554	1.443757	138	142	102	1152.459
-0.733038	1.188278	1.690808	6	9	99	1151.398
-0.837758	1.103208	1.477773	1	11	97	1150.996
3.036873	2.134684	0.907065	7	120	121	1150.442
-0.628319	1.072154	1.761506	5	7	98	1150.036
-1.675516	0.859754	1.603292	137	139	103	1149.174
-1.151917	1.184734	1.968919	9	2	100	1148.954
-1.570796	0.757389	1.501184	135	141	102	1148.659
-1.151917	0.961838	1.839284	2	1	97	1144.127
-0.942478	1.401926	1.822930	12	9	102	1144.021
-1.256637	1.072154	1.761506	4	2	98	1140.040
-0.942478	1.188278	1.690808	6	8	99	1138.072
-1.151917	1.294736	1.756184	9	6	101	1136.854
-1.256637	1.087142	2.058815	8	142	99	1133.100
-1.884956	0.849888	1.767901	135	136	103	1132.452
-1.151917	0.721019	2.721536	11	118	124	1130.936
-0.837758	1.072154	1.761506	5	5	98	1129.960
-1.675516	0.882554	1.443757	137	143	102	1129.621
2.408554	1.273606	0.224545	5	119	121	1129.040
-0.837758	0.965426	1.686615	1	6	96	1125.387
-1.151917	1.194360	2.110440	11	0	101	1124.187
2.513274	1.329795	-0.042570	141	118	118	1121.668
-1.256637	0.599962	2.773556	8	116	124	1119.143
2.617994	1.329795	-0.042570	0	119	118	1116.351
2.303835	1.622749	0.121426	138	122	118	1115.926
-1.047198	1.178898	1.827305	7	5	100	1115.577
-1.780236	0.965426	1.686615	139	137	103	1115.564
-1.047198	1.286936	1.886053	11	5	101	1114.984
2.513274	1.206950	-0.037248	142	119	115	1114.769
2.303835	1.535018	0.028869	139	122	119	1114.284
-1.151917	1.087142	2.058815	8	0	99	1112.041
-1.466077	0.859754	1.603292	138	139	102	1111.525
-1.780236	0.859754	1.603292	136	139	102	1111.211
-1.047198	0.965426	1.686615	1	4	97	1110.882
-0.523599	0.965426	1.686615	2	6	97	1110.111
-1.151917	1.188278	1.690808	6	6	98	1109.498
-0.942478	1.221608	1.421669	4	13	99	1109.497
-1.151917	1.322568	1.499415	7	11	100	1106.348
-0.733038	1.203760	1.556404	4	11	98	1106.206
-1.151917	1.074029	1.909193	6	1	98	1106.206
-1.361357	0.704080	2.911636	11	114	126	1106.099
-1.047198	1.221608	1.421669	4	12	99	1105.296
-1.361357	0.599962	2.773556	6	115	124	1103.955
-1.256637	0.970108	1.990771	4	142	97	1103.559
2.408554	1.206950	-0.037248	139	118	116	1103.393
-0.837758	1.221608	1.421669	3	13	98	1103.364
-0.942478	1.103208	1.477773	2	10	97	1103.272
2.408554	1.502469	0.151156	141	123	116	1102.905
-1.047198	1.203760	1.556404	5	9	98	1102.810
-1.466077	0.632708	2.566722	1	130	103	1102.466
-1.780236	0.849888	1.767901	136	136	103	1102.189
-1.047198	0.849888	1.767901	143	2	96	1101.713
-0.733038	1.307513	1.628003	7	12	100	1101.193
-0.628319	0.965426	1.686615	2	6	97	1101.153
-1.466077	0.913918	1.287618	138	2	102	1101.094
2.513274	1.273606	0.224545	8	120	121	1100.881
-0.837758	0.849888	1.767901	0	3	96	1099.606
-1.047198	1.103208	1.477773	2	9	97	1099.584
-0.942478	1.286936	1.886053	11	6	102	1099.380
-0.733038	0.965426	1.686615	2	5	97	1098.943
-1.256637	1.184734	1.968919	9	143	100	1098.576
-0.942478	1.178898	1.827305	8	5	100	1098.012
-0.837758	0.981877	1.537100	0	6	97	1097.254
-1.780236	0.740650	1.681075	133	138	103	1095.706
-1.361357	0.947774	2.395256	4	127	106	1095.396
2.408554	1.382562	0.177141	4	118	123	1095.210
-1.256637	0.882554	1.443757	138	143	102	1094.939
2.303835	1.329795	-0.042570	135	118	118	1094.805
-1.151917	1.393612	1.952016	14	4	103	1093.521
-0.733038	1.084151	1.618525	3	8	97	1092.789
-1.256637	0.852911	1.933394	0	142	97	1092.370
-0.837758	1.203760	1.556404	4	11	98	1091.794
-1.047198	0.961838	1.839284	3	2	97	1090.543
-0.418879	0.965426	1.686615	2	7	97	1089.944
-1.361357	0.913918	1.287618	138	2	102	1089.521
-2.722714	2.635396	1.848850	137	118	129	1089.174
1.780236	1.103783	0.408254	136	125	111	1088.446
-2.513274	1.880509	1.500204	5	122	118	1087.867
-0.418879	0.849888	1.767901	142	141	98	1087.588
-0.628319	0.859754	1.603292	142	3	97	1087.543
-0.733038	0.737893	1.866463	141	136	99	1087.223
-0.837758	1.294736	1.756184	9	9	101	1087.039
-1.047198	1.393612	1.952016	14	6	103	1085.522
-0.837758	1.178898	1.827305	8	6	100	1085.029
-1.466077	0.788382	1.331051	135	1	102	1084.956
-1.466077	0.947774	2.395256	2	126	106	1084.585
-1.570796	0.788382	1.331051	135	1	102	1084.401
-1.256637	1.178898	1.827305	8	2	99	1083.953
-1.151917	1.203760	1.556404	5	9	98	1083.823
2.303835	1.118930	0.045983	137	120	112	1083.509
-2.617994	2.676626	2.335353	129	120	134	1082.963
2.303835	2.309655	0.726020	128	121	122	1082.900
2.199115	1.451907	-0.066823	137	122	119	1082.349
-1.989675	0.852911	1.933394	134	133	104	1081.802
-0.837758	1.322568	1.499415	6	14	100	1081.734
-0.733038	0.981877	1.537100	143	9	96	1081.304
3.036873	2.216256	1.020029	5	119	122	1081.045
-1.151917	0.965426	1.686615	1	3	97	1080.675
-1.151917	1.286936	1.886053	11	3	101	1078.432
-0.942478	1.413639	1.697982	11	11	102	1078.258
2.827433	1.553895	0.489607	7	125	112	1078.132
-1.570796	0.740650	1.681075	134	138	102	1078.041
2.199115	1.622749	0.121426	136	122	118	1077.100
-1.256637	0.704080	2.911636	13	115	126	1073.798
-1.256637	0.961838	1.839284	2	0	97	1072.112
-1.466077	2.185580	1.287673	22	6	121	1070.669
-0.942478	0.961838	1.839284	3	3	97	1070.079
2.408554	1.329795	-0.042570	138	118	118	1069.982
-0.628319	1.084151	1.618525	3	9	97	1069.844
-0.523599	0.981877	1.537100	143	8	96	1068.463
1.780236	1.209341	0.471162	134	125	111	1068.191
-1.047198	1.426479	1.573427	10	12	102	1067.955
-0.418879	0.636205	1.561170	135	137	98	1067.245
1.884956	1.103783	0.408254	138	124	111	1067.203
-0.733038	1.103208	1.477773	1	10	97	1066.686
-0.314159	0.740650	1.681075	139	139	98	1066.505
-1.675516	0.757389	1.501184	134	142	102	1066.245
2.408554	1.118930	0.045983	140	120	112	1065.433
-1.361357	0.859754	1.603292	138	140	102	1064.246
-0.942478	0.849888	1.767901	0	0	97	1063.055
-1.151917	1.178898	1.827305	8	3	99	1062.878
2.617994	1.273606	0.224545	10	121	120	1062.744
2.303835	1.055458	0.170394	138	122	109	1062.422
1.884956	0.803813	0.191520	138	126	107	1061.989
2.408554	1.451907	-0.066823	142	122	119	1061.823
1.780236	1.239414	0.348959	133	124	114	1061.704
-1.361357	0.993052	2.137478	5	138	99	1061.348
2.094395	1.451907	-0.066823	134	123	119	1060.730
-0.314159	0.961838	1.839284	5	7	98	1060.598
1.047198	0.410700	0.270433	133	136	102	1060.048
-1.047198	1.413639	1.697982	11	10	102	1059.494
-0.733038	0.859754	1.603292	142	3	97	1057.699
-1.780236	0.961838	1.839284	139	134	104	1057.684
-1.256637	1.074029	1.909193	6	143	98	1057.366
-1.884956	0.740650	1.681075	132	139	101	1057.222
-1.256637	1.194360	2.110440	11	142	100	1056.585
2.303835	1.451907	-0.066823	140	122	119	1056.230
-0.628319	0.882554	1.443757	140	6	96	1054.491
-1.780236	0.852911	1.933394	136	133	103	1053.870
2.303835	1.724852	0.202831	137	122	118	1053.849
-1.466077	0.704080	2.911636	9	114	126	1053.605
2.408554	1.055458	0.170394	141	122	109	1053.553
2.408554	2.705107	1.062142	126	121	131	1053.532
-0.942478	1.124930	2.219917	10	137	104	1053.177
-1.151917	0.970108	1.990771	4	143	98	1052.535
2.513274	0.989150	0.045493	143	122	110	1052.531
-0.733038	0.961838	1.839284	4	5	97	1051.926
-1.675516	0.740650	1.681075	134	138	102	1051.645
-0.942478	1.184734	1.968919	10	3	101	1051.516
1.675516	1.273606	0.224545	131	123	118	1051.424
-1.151917	1.298546	2.020601	13	2	101	1051.359
-1.151917	0.849888	1.767901	143	1	96	1051.353
2.513274	2.467647	0.287667	141	119	130	1051.117
-0.837758	0.961838	1.839284	4	2	98	1050.733
1.675516	1.336522	0.435098	121	120	120	1050.460
-1.256637	0.981877	1.537100	141	142	102	1050.331
-0.837758	1.307513	1.628003	8	11	100	1050.276
2.303835	1.410840	0.056219	140	123	116	1049.840
2.513274	1.581515	-0.419414	141	123	126	1049.724
-1.151917	1.401926	1.822930	13	6	102	1048.427
-3.036873	1.622114	0.701509	9	126	112	1048.125
1.570796	1.209341	0.471162	120	122	118	1047.415
1.989675	0.759859	0.351923	137	127	102	1047.251
2.513274	2.705107	1.062142	128	120	130	1047.072
-0.942478	1.074029	1.909193	7	4	98	1046.301
-0.104720	0.882554	1.443757	140	7	96	1046.008
-1.780236	0.599962	2.773556	142	126	105	1045.889
-2.617994	2.603559	2.555114	125	122	135	1045.164
2.722714	2.558146	0.627191	140	119	129	1044.476
-1.884956	0.893140	2.251698	137	127	107	1043.979
-0.418879	0.626379	1.773610	140	136	99	1043.929
-0.209440	0.859754	1.603292	143	5	97	1043.794
-0.942478	0.859754	1.603292	142	3	96	1043.245
-0.942478	1.788829	-1.947553	3	141	40	1043.183
1.989675	1.139877	0.276382	139	122	114	1043.175
2.303835	1.206950	-0.037248	136	118	116	1042.993
-1.361357	0.852911	1.933394	143	141	97	1042.823
-0.837758	1.298546	2.020601	13	6	103	1042.809
2.199115	1.262380	-0.157609	138	122	118	1042.043
-1.047198	1.087142	2.058815	9	1	99	1041.833
-1.151917	0.852911	1.933394	1	143	97	1041.676
-1.466077	0.594963	2.997575	8	112	127	1041.557
-0.523599	1.072154	1.761506	5	8	98	1041.439
-1.675516	0.961838	1.839284	140	134	104	1041.352
-2.827433	2.635396	1.848850	134	118	129	1041.348
-1.047198	0.981877	1.537100	0	7	96	1041.289
2.303835	0.989150	0.045493	138	121	110	1040.532
-1.361357	1.087142	2.058815	7	140	99	1040.026
2.513274	1.410840	0.056219	141	118	118	1039.574
-2.722714	2.721001	2.060097	132	119	132	1039.396
-0.418879	0.737893	1.866463	143	138	99	1038.919
2.408554	1.070157	-0.073422	140	119	113	1038.597
-3.141593	2.216256	1.020029	8	120	122	1038.430
-0.523599	0.740650	1.681075	138	139	98	1037.612
-0.942478	1.426479	1.573427	10	13	101	1037.248
0.209440	0.712883	1.174216	133	138	98	1037.165
1.884956	0.851126	0.493370	134	128	101	1036.826
2.513274	1.139877	0.276382	9	122	118	1036.310
3.036873	1.911828	-0.364489	17	128	134	1036.307
-0.837758	0.737893	1.866463	140	136	99	1036.173
2.617994	2.460902	0.490079	140	119	128	1036.105
-1.047198	1.124930	2.219917	9	135	105	1036.020
0.314159	0.712883	1.174216	134	138	98	1035.859
2.303835	2.213937	0.621892	130	121	121	1035.665
-0.942478	0.981877	1.537100	0	7	96	1035.642
-1.884956	1.888979	0.982922	20	1	115	1035.398
-1.361357	0.981877	1.537100	141	142	102	1035.210
-0.104720	0.859754	1.603292	143	6	97	1034.723
1.989675	0.884060	0.334199	134	126	104	1034.708
-0.523599	0.415893	1.464890	130	133	101	1034.317
2.513274	1.262380	-0.157609	141	117	119	1034.000
-0.837758	0.859754	1.603292	142	4	96	1033.994
1.780236	1.139877	0.276382	134	123	114	1033.779
-1.570796	0.505463	2.594557	141	129	103	1033.160
-1.256637	0.993052	2.137478	6	140	98	1033.114
-1.047198	1.495297	2.007188	16	6	105	1032.930
-1.675516	0.852911	1.933394	137	133	103	1032.769
-0.314159	0.849888	1.767901	3	4	97	1032.544
-1.466077	0.849888	1.767901	138	137	102	1032.443
1.675516	1.209341	0.471162	132	126	111	1032.388
-0.523599	0.852911	1.933394	1	140	99	1032.242
-1.884956	2.048538	0.806623	22	4	120	1032.056
-0.628319	0.981877	1.537100	143	7	97	1031.867
2.199115	1.661936	0.001037	136	122	121	1031.416
-0.418879	0.852911	1.933394	2	141	99	1031.005
1.884956	1.239414	0.348959	135	123	113	1030.971
-1.047198	1.401926	1.822930	12	8	102	1030.842
-0.418879	0.961838	1.839284	1	0	98	1030.837
-0.314159	0.852911	1.933394	2	141	99	1030.588
-0.418879	0.740650	1.681075	139	139	98	1030.486
-1.151917	0.913918	1.287618	138	2	102	1030.282
-1.570796	2.278618	1.170386	23	5	123	1029.854
-0.628319	0.740650	1.681075	138	138	98	1029.717
-1.361357	1.184734	1.968919	9	142	100	1029.118
-1.780236	0.737893	1.866463	133	135	103	1029.014
2.094395	1.745952	0.084733	0	105	7	1029.014
2.513274	1.375020	-0.170393	141	117	121	1028.930
-1.884956	0.599962	2.773556	140	125	105	1028.828
1.675516	1.103783	0.408254	134	125	112	1028.665
-1.466077	0.869748	2.095969	1	138	97	1028.394
-0.733038	1.178898	1.827305	8	7	100	1028.374
1.884956	1.012180	0.304066	139	123	114	1028.321
-1.151917	1.006146	1.389734	141	1	102	1028.242
-0.628319	0.626379	1.773610	138	135	99	1028.196
-0.942478	0.737893	1.866463	140	135	99	1028.042
-0.628319	1.188278	1.690808	6	10	99	1027.568
-1.047198	0.632708	2.566722	8	119	122	1027.559
1.884956	1.139877	0.276382	137	123	114	1027.381
-1.780236	0.704080	2.911636	2	124	107	1027.202
-1.466077	2.211602	1.443930	23	2	121	1026.812
2.513274	1.382562	0.177141	7	119	123	1026.660
-1.466077	0.560531	2.378474	141	131	101	1026.534
-1.047198	0.405617	1.773533	133	137	99	1026.495
-1.884956	1.084151	1.618525	142	137	103	1025.996
-3.141593	1.643925	1.034629	2	123	109	1025.947
-0.104720	0.664008	1.360091	135	138	98	1025.042
-1.047198	1.298546	2.020601	13	4	101	1024.628
-0.837758	1.125217	1.336294	0	12	97	1024.521
2.722714	1.576334	0.365236	6	123	115	1024.470
2.617994	1.239414	0.348959	10	122	117	1024.382
-1.675516	0.518569	1.644237	127	139	101	1024.207
-1.780236	0.405617	1.773533	124	138	102	1024.184
2.617994	1.410840	0.056219	143	119	118	1024.161
-0.837758	1.006146	1.389734	142	10	96	1024.043
-1.989675	1.888979	0.982922	20	142	115	1023.668
2.199115	1.410840	0.056219	137	123	116	1023.515
-1.151917	0.737893	1.866463	141	142	96	1023.376
0.733038	0.829816	1.167147	136	0	96	1023.080
2.094395	1.649932	0.576808	127	118	119	1022.965
-1.675516	2.156337	1.151558	22	3	121	1022.379
0.418879	0.518569	1.644237	4	143	99	1022.258
2.513274	1.365452	0.310522	7	120	120	1021.829
-0.733038	1.125217	1.336294	143	13	97	1021.630
2.408554	2.237183	0.468799	135	120	123	1021.205
2.199115	1.925185	0.231170	133	122	121	1020.923
-1.256637	0.788382	1.331051	135	0	102	1020.910
2.408554	1.365452	0.310522	4	119	120	1020.821
-1.884956	0.852911	1.933394	135	133	105	1020.706
-2.722714	2.601432	2.102535	131	119	130	1020.450
-1.989675	0.737893	1.866463	131	136	102	1020.375
-1.047198	0.852911	1.933394	2	143	97	1020.268
-0.523599	0.849888	1.767901	142	140	98	1019.947
1.884956	0.759859	0.351923	134	127	102	1019.818
-0.209440	0.961838	1.839284	5	8	98	1019.369
-0.523599	0.737893	1.866463	142	138	99	1019.216
-0.733038	0.849888	1.767901	1	1	97	1018.884
-1.884956	0.869748	2.095969	136	129	105	1018.733
2.513274	1.103783	0.408254	9	124	115	1018.495
-0.837758	1.426479	1.573427	9	14	101	1018.427
-1.570796	0.965426	1.686615	141	137	103	1018.324
2.513274	2.085731	0.671081	135	121	118	1018.235
-2.094395	1.649932	0.576808	16	7	110	1018.063
0.104720	0.632797	1.989858	8	3	100	1017.915
-0.942478	0.993052	2.137478	6	136	102	1017.819
-1.361357	0.759800	2.546181	2	125	107	1017.794
-0.942478	1.087142	2.058815	9	2	99	1017.435
-0.104720	0.965426	1.686615	2	9	97	1017.085
-1.361357	0.750102	2.050636	142	137	99	1016.810
-1.361357	1.085085	2.377673	7	128	107	1016.808
-1.570796	0.737893	1.866463	135	134	103	1016.791
2.199115	2.340210	0.562145	128	121	124	1016.305
-1.884956	0.737893	1.866463	132	135	102	1016.262
-1.151917	0.947774	2.395256	7	130	105	1016.105
-1.466077	0.759800	2.546181	0	124	107	1016.066
2.303835	2.237183	0.468799	132	120	123	1015.958
2.617994	1.339550	1.370353	135	126	103	1015.740
2.199115	1.502469	0.151156	136	123	115	1015.665
-2.199115	1.888979	0.982922	19	137	115	1015.480
2.513274	1.336522	0.435098	1	125	109	1015.421
-3.036873	2.645260	1.570203	134	119	129	1015.417
-1.675516	0.759800	2.546181	140	123	107	1015.107
-1.361357	0.817846	2.390688	1	127	105	1015.104
2.513274	1.535018	0.028869	140	117	121	1015.025
2.094395	0.884060	0.334199	136	126	103	1014.873
2.408554	1.262380	-0.157609	138	117	119	1014.680
0.000000	0.588527	1.181755	132	136	99	1014.677
2.408554	1.492424	-0.190932	142	122	122	1013.567
2.617994	1.206950	-0.037248	0	119	116	1013.544
-0.104720	0.712883	1.174216	131	140	98	1013.369
2.199115	1.322972	-0.395699	136	122	123	1013.059
2.722714	1.329795	-0.042570	3	119	118	1012.665
-1.256637	0.849888	1.767901	142	0	96	1012.660
2.303835	1.502469	0.151156	139	123	115	1012.605
2.513274	1.070157	-0.073422	143	120	113	1012.338
2.932153	1.649932	0.576808	8	126	112	1012.197
-1.361357	0.961838	1.839284	2	143	97	1011.796
-2.513274	1.283786	2.462124	134	121	110	1011.710
1.151917	0.616968	0.820489	136	131	101	1011.439
-0.837758	1.074029	1.909193	8	3	99	1011.291
-2.617994	1.240183	2.587255	130	121	111	1011.149
2.199115	0.989150	0.045493	135	121	110	1011.120
2.827433	1.803705	0.881076	140	119	115	1010.950
2.408554	1.661936	0.001037	141	122	121	1010.932
2.408554	1.622749	0.121426	141	123	118	1010.611
2.199115	1.601408	0.242409	135	124	115	1010.542
-1.570796	0.849888	1.767901	137	137	102	1010.511
-1.884956	1.969112	1.088273	20	143	116	1010.409
-0.523599	0.961838	1.839284	1	143	98	1010.353
-1.989675	1.087142	2.058815	139	129	106	1010.130
0.942478	0.829816	1.167147	135	138	98	1010.126
2.199115	1.329795	-0.042570	132	118	118	1009.983
-0.942478	1.441473	1.448544	8	16	102	1009.939
-1.361357	0.970108	1.990771	3	141	97	1009.792
2.513274	1.451907	-0.066823	141	117	121	1009.710
-0.942478	1.568892	2.098362	16	143	109	1009.695
-1.361357	1.016938	2.270674	4	129	105	1009.581
-1.151917	0.599962	2.773556	9	116	125	1009.535
-0.837758	1.087142	2.058815	7	140	102	1009.499
-2.617994	2.721001	2.060097	135	118	132	1009.488
-0.628319	0.737893	1.866463	142	137	99	1009.461
0.209440	0.626379	1.773610	5	1	99	1009.357
-0.837758	1.247736	2.242810	15	3	105	1009.274
-0.314159	0.965426	1.686615	2	8	97	1009.163
0.628319	0.882554	1.443757	140	5	96	1008.923
-1.256637	0.664008	1.360091	131	143	99	1008.513
-0.209440	0.849888	1.767901	143	142	98	1008.501
0.000000	0.788382	1.331051	135	141	97	1008.451
-2.932153	1.743328	0.663347	12	126	115	1008.444
-1.256637	1.441473	1.448544	15	6	106	1008.340
-1.256637	0.415893	1.464890	125	139	101	1008.239
2.617994	1.262380	-0.157609	0	118	119	1008.087
-1.151917	1.103208	1.477773	2	9	97	1007.759
-0.733038	0.626379	1.773610	137	135	99	1007.390
-1.047198	1.194360	2.110440	12	0	103	1007.323
2.303835	2.014149	0.444138	133	121	119	1007.043
-0.837758	1.612085	1.968802	15	3	108	1007.016
-1.675516	0.849888	1.767901	137	136	103	1006.964
-1.361357	1.178898	1.827305	8	0	99	1006.947
1.884956	1.273606	0.224545	135	122	117	1006.855
-1.675516	0.505463	2.594557	139	129	103	1006.439
-1.256637	0.540208	1.400497	128	141	100	1006.380
-1.884956	0.961838	1.839284	138	134	104	1006.321
-2.303835	1.892348	0.496522	19	0	116	1006.147
2.199115	1.375020	-0.170393	137	122	120	1005.887
0.104720	0.532541	0.978737	128	135	100	1005.788
-2.827433	1.743328	0.663347	14	128	115	1005.553
-1.570796	2.082784	1.042403	21	8	119	1005.486
1.047198	0.712883	1.174216	139	137	98	1005.276
-1.151917	1.247736	2.242810	14	140	105	1005.114
2.827433	2.536533	1.466274	128	120	125	1005.055
0.837758	0.502651	0.463333	132	140	100	1004.980
-0.418879	1.072154	1.761506	5	9	98	1004.673
-1.256637	0.534610	2.154808	139	135	99	1004.618
2.303835	1.745952	0.084733	138	122	121	1004.247
-0.837758	0.740650	1.681075	141	0	96	1004.167
-1.570796	0.844883	2.679708	6	127	106	1004.060
-0.942478	1.533648	1.644808	13	14	103	1003.574
-1.780236	0.981877	1.537100	139	140	103	1003.494
-1.047198	0.737893	1.866463	139	135	99	1003.440
-2.513274	1.993909	1.312897	6	127	112	1003.430
-1.989675	0.849888	1.767901	135	136	104	1003.368
-0.523599	1.084151	1.618525	2	10	97	1003.308
-1.151917	0.981877	1.537100	0	6	96	1003.237
-2.617994	1.990381	1.586005	143	123	113	1003.077
-1.256637	1.084151	1.618525	3	5	97	1003.022
-1.047198	0.632797	1.989858	142	137	99	1002.904
-1.466077	0.700065	3.115430	13	111	128	1002.647
2.303835	1.103783	0.408254	143	128	106	1002.612
-2.513274	1.411944	2.444377	136	119	111	1002.581
0.418879	0.712883	1.174216	134	138	98	1002.314
0.000000	0.712883	1.174216	132	139	98	1001.970
2.199115	1.118930	0.045983	134	120	112	1001.763
1.989675	1.103783	0.408254	140	124	111	1001.761
-2.408554	1.411944	2.444377	138	119	111	1001.718
-1.047198	1.247736	2.242810	15	143	105	1001.710
-1.466077	1.807825	-2.090455	8	141	35	1001.692
1.989675	1.184569	0.147517	138	121	117	1001.536
-1.466077	1.124930	2.219917	8	136	101	1001.469
-1.256637	0.737893	1.866463	140	142	96	1001.367
-0.523599	0.626379	1.773610	139	135	99	1001.236
1.151917	0.542006	0.228337	131	136	102	1001.171
2.408554	0.989150	0.045493	141	122	110	1001.025
-1.989675	2.005145	0.941012	21	143	118	1000.881
-1.047198	1.807825	-2.090455	5	137	40	1000.869
2.513274	1.958989	0.712772	135	122	114	1000.806
-0.209440	1.072154	1.761506	4	11	98	1000.803
-0.523599	0.882554	1.443757	140	6	96	1000.649
-1.047198	0.941718	1.125085	137	5	102	1000.637
-1.361357	0.829816	1.167147	136	3	102	1000.231
2.617994	1.284798	0.078209	0	119	115	1000.145
-2.094395	2.245175	2.460236	1	111	142	1000.070
2.408554	1.535018	0.028869	137	117	121	999.984
2.617994	1.139877	0.276382	11	123	118	999.575
2.932153	1.601408	0.242409	12	126	118	999.269
-1.570796	2.185580	1.287673	22	3	121	999.080
-1.989675	1.922616	0.844633	21	1	117	999.078
-0.104720	0.981877	1.537100	142	9	97	998.987
2.408554	1.239414	0.348959	5	120	117	998.952
-1.151917	1.314142	2.139329	11	136	106	998.890
-1.570796	1.914854	1.214468	19	5	114	998.840
-2.932153	2.635396	1.848850	131	119	129	998.775
2.513274	1.284798	0.078209	141	119	115	998.717
1.989675	1.289408	0.683122	137	127	108	998.699
-1.256637	0.519001	1.900488	132	130	107	998.471
-1.256637	1.124930	2.219917	7	132	105	998.383
-0.942478	0.664008	1.360091	131	142	98	998.380
-1.780236	2.005145	0.941012	21	4	118	998.377
-1.570796	2.049006	1.199930	21	5	118	998.031
-0.628319	1.006146	1.389734	138	4	97	997.978
2.094395	1.139877	0.276382	132	122	108	997.906
-2.617994	1.993909	1.312897	4	125	112	997.862
-0.209440	0.965426	1.686615	2	8	97	997.855
-1.570796	0.981877	1.537100	141	140	102	997.740
-1.361357	1.194360	2.110440	10	140	101	997.702
-1.675516	0.965426	1.686615	140	137	103	997.606
-1.884956	1.728940	1.931535	18	139	106	997.312
-1.361357	0.594963	2.997575	10	113	127	997.256
-1.780236	0.757389	1.501184	134	142	102	997.237
-2.199115	2.245175	2.460236	142	111	142	996.711
-1.361357	0.893140	2.251698	1	129	104	996.656
-1.989675	0.961838	1.839284	137	134	104	996.583
2.932153	2.460902	0.490079	12	119	132	996.574
2.722714	1.803705	0.881076	137	119	115	996.552
-2.094395	0.594963	2.997575	138	123	107	996.382
-1.256637	0.965426	1.686615	0	3	96	996.312
-2.303835	1.411944	2.444377	141	119	111	996.135
2.513274	1.118930	0.045983	142	121	112	996.129
-0.628319	1.203760	1.556404	4	11	99	996.100
-1.151917	0.750102	2.050636	1	138	99	995.680
-0.418879	0.540208	1.400497	131	136	99	995.572
-1.466077	0.993052	2.137478	4	137	99	995.537
2.617994	2.627402	1.293552	126	121	128	995.398
-1.151917	1.124930	2.219917	8	133	105	995.264
-0.209440	0.588527	1.181755	130	137	99	995.190
-1.780236	1.072154	1.761506	142	135	105	995.175
2.617994	2.849871	1.512012	122	124	133	995.055
0.209440	0.588527	1.181755	133	135	99	994.952
2.408554	2.085731	0.671081	132	121	118	994.672
-3.036873	1.713452	0.789419	8	124	113	994.641
-0.942478	0.740650	1.681075	137	138	98	994.530
2.199115	1.055458	0.170394	135	121	109	994.342
-1.466077	0.415893	1.464890	124	141	101	994.286
-0.942478	0.852911	1.933394	143	136	99	994.282
-1.361357	0.965426	1.686615	141	140	103	994.265
2.303835	1.070157	-0.073422	137	119	114	994.135
2.722714	1.410840	0.056219	2	119	118	994.076
2.408554	2.267390	0.878499	128	121	119	993.957
-1.466077	2.307301	1.336200	23	5	123	993.885
-0.837758	1.413639	1.697982	10	12	102	993.824
-1.780236	0.819323	2.845960	4	124	108	993.535
-1.047198	0.970108	1.990771	5	0	97	993.288
2.094395	0.929031	0.185383	135	123	107	993.230
-0.942478	1.298546	2.020601	13	5	103	992.829
-1.989675	2.048538	0.806623	22	1	120	992.819
-1.047198	1.016938	2.270674	8	133	104	992.737
-2.094395	2.014149	0.444138	21	7	119	992.275
-1.884956	0.965426	1.686615	138	137	103	992.268
2.932153	1.576334	0.365236	5	122	116	992.161
2.513274	1.184569	0.147517	9	120	121	992.108
-1.675516	1.016938	2.270674	143	126	106	991.761
-0.942478	1.201164	2.355931	16	143	106	991.721
2.617994	0.989150	0.045493	2	123	110	991.569
-0.628319	0.849888	1.767901	142	140	98	991.539
-1.151917	0.993052	2.137478	7	141	99	991.213
-1.675516	0.294107	1.593880	121	141	102	991.209
1.570796	0.952433	0.584347	124	122	111	991.014
-3.141593	2.048538	0.806623	11	123	120	990.998
2.827433	2.740366	1.374341	130	119	130	990.956
-0.942478	1.509287	2.204647	16	141	110	990.929
-1.047198	1.533648	1.644808	13	12	104	990.855
-2.617994	1.365228	2.563808	131	119	112	990.745
-1.151917	1.016938	2.270674	7	132	104	990.715
-1.466077	1.201164	2.355931	7	127	108	990.668
0.418879	0.829816	1.167147	133	140	98	990.651
-0.418879	0.882554	1.443757	140	6	96	990.596
-1.361357	1.074029	1.909193	5	142	98	990.448
-0.837758	1.286936	1.886053	11	7	102	990.327
-0.628319	0.852911	1.933394	1	139	99	990.080
2.303835	2.705107	1.062142	123	122	130	989.910
2.303835	1.815016	0.278951	136	122	118	989.613
2.303835	1.139877	0.276382	142	126	109	989.557
-0.837758	1.184734	1.968919	10	5	101	989.442
-1.361357	0.806832	3.022155	16	113	127	989.439
0.418879	0.788382	1.331051	137	141	97	989.428
-1.151917	1.307513	1.628003	8	9	99	989.376
-1.466077	0.757389	1.501184	135	141	102	989.328
-0.314159	1.072154	1.761506	5	10	98	989.183
-1.675516	0.889834	2.529957	143	123	108	989.116
-0.209440	0.664008	1.360091	134	138	98	988.809
2.513274	2.463986	1.034407	128	120	124	988.717
-1.570796	0.993052	2.137478	3	136	99	988.716
-1.570796	0.772218	2.227380	142	135	98	988.701
-1.570796	0.869748	2.095969	143	137	98	988.496
-1.047198	1.339550	1.370353	6	15	100	988.397
2.303835	1.336522	0.435098	140	125	109	988.391
-0.418879	0.329984	1.201621	125	133	103	988.308
-0.209440	0.636205	1.561170	137	137	98	988.064
2.408554	1.724852	0.202831	140	122	118	987.998
-0.942478	1.892144	-2.005340	2	139	41	987.885
-1.466077	0.829816	1.167147	136	3	102	987.695
-0.209440	0.740650	1.681075	140	139	98	987.642
-1.047198	1.085085	2.377673	14	139	105	987.590
0.942478	0.410700	0.270433	132	137	102	987.336
0.733038	0.913918	1.287618	137	3	96	987.209
-1.361357	0.534610	2.154808	138	134	99	987.133
2.932153	1.553895	0.489607	9	127	112	987.046
-3.141593	2.049502	-0.137989	14	126	133	986.847
2.722714	1.262380	-0.157609	3	119	118	986.730
-1.675516	0.308059	2.021491	124	131	110	986.501
-1.780236	0.505463	2.594557	137	129	102	986.457
0.314159	0.626379	1.773610	5	2	99	986.193
-2.303835	1.912224	0.366565	20	2	118	986.010
3.036873	2.119166	0.100552	10	123	131	985.958
-2.617994	2.203804	1.756176	140	120	119	985.693
2.408554	1.375020	-0.170393	138	117	121	985.634
3.036873	1.679696	0.912482	2	121	111	985.456
-1.989675	1.834787	0.751968	17	5	111	985.441
2.199115	2.114380	0.531457	129	121	120	985.281
2.513274	2.740366	1.374341	122	123	130	984.912
-0.314159	1.194360	2.110440	9	5	102	984.823
-2.094395	2.307301	1.336200	18	137	117	984.703
-0.314159	0.420680	2.088164	3	119	122	984.500
-0.733038	1.221608	1.421669	2	13	98	984.352
-3.036873	1.649932	0.576808	11	126	114	984.229
2.094395	1.535018	0.028869	134	122	119	984.192
-0.314159	0.540208	1.400497	132	135	99	984.174
2.513274	2.584774	1.046703	128	120	127	984.012
-0.942478	1.314142	2.139329	15	3	105	983.832
-1.466077	1.087142	2.058815	6	139	99	983.810
-1.466077	1.886971	-2.196665	6	139	36	983.728
-1.151917	1.426725	2.102242	16	2	104	983.606
-1.570796	0.518569	1.644237	127	139	100	983.542
-1.256637	1.201164	2.355931	14	136	106	983.520
2.513274	1.480878	1.194576	134	121	108	983.391
1.989675	1.310722	0.558267	137	125	110	983.239
2.932153	2.216256	1.020029	2	118	122	983.202
2.199115	0.929031	0.185383	137	123	106	983.169
-2.199115	0.700065	3.115430	139	120	110	982.952
-1.047198	1.510518	1.884920	15	8	104	982.544
-1.047198	0.505463	2.594557	5	117	123	982.480
-3.141593	2.239419	0.151693	20	126	133	982.426
-0.418879	0.415893	1.464890	131	132	101	982.409
-1.884956	1.568892	2.098362	14	136	103	982.264
0.942478	0.712883	1.174216	138	137	98	982.220
-1.675516	0.632708	2.566722	142	129	103	982.143
-0.523599	0.859754	1.603292	142	5	96	982.047
-0.314159	1.084151	1.618525	1	11	97	982.013
-3.141593	1.622114	0.701509	6	124	112	981.880
-0.628319	0.961838	1.839284	1	142	98	981.780
2.932153	1.983318	-0.247182	15	126	133	981.750
0.837758	0.588527	1.181755	139	135	99	981.412
-0.628319	0.518569	1.644237	134	134	100	981.343
2.617994	1.118930	0.045983	1	121	112	981.331
-2.094395	1.888979	0.982922	20	140	115	981.181
-1.675516	0.737893	1.866463	134	134	103	981.132
-1.361357	0.737893	1.866463	140	141	96	981.078
-1.256637	0.750102	2.050636	143	139	97	980.678
0.000000	0.404273	0.918163	125	133	102	980.401
2.303835	1.574849	-0.091505	134	116	124	980.332
-2.094395	1.922616	0.844633	21	142	117	980.277
2.408554	1.103783	0.408254	139	124	107	980.256
-1.361357	0.664008	1.360091	131	143	99	980.237
-1.151917	0.869748	2.095969	3	141	98	980.196
2.094395	1.601408	0.242409	132	124	115	980.163
-1.151917	1.413639	1.697982	12	8	102	979.935
2.303835	1.854119	0.134161	137	121	122	979.703
-1.570796	2.341931	1.023926	23	8	125	979.695
2.408554	1.184569	0.147517	6	119	121	979.626
2.617994	2.740366	1.374341	124	122	130	979.453
1.780236	0.851126	0.493370	132	128	101	979.414
2.827433	2.747398	1.727166	122	122	131	979.318
2.617994	1.451907	-0.066823	143	118	121	979.315
2.094395	0.759859	0.351923	139	127	102	979.288
-0.837758	0.518569	1.644237	135	140	98	979.174
2.617994	1.070157	-0.073422	1	120	113	979.132
-0.837758	1.314142	2.139329	15	5	105	979.061
2.932153	1.643925	1.034629	141	121	109	979.009
-2.513274	1.990523	1.450326	4	125	112	978.942
1.361357	0.616968	0.820489	139	130	101	978.734
-1.151917	0.632797	1.989858	141	138	98	978.710
-1.256637	0.893140	2.251698	2	130	103	978.646
-0.942478	1.194360	2.110440	12	1	103	978.547
-1.361357	0.652440	2.197129	142	134	100	978.445
3.036873	1.649932	0.576808	10	128	112	978.403
-0.942478	0.626379	1.773610	136	134	99	978.370
-1.256637	1.298546	2.020601	12	0	101	978.134
-3.036873	1.983318	-0.247182	16	128	134	978.108
-1.675516	0.721019	2.721536	2	126	105	978.088
-1.361357	2.203804	1.756176	23	142	122	978.046
-1.570796	1.006146	1.389734	140	143	103	978.013
-1.466077	1.085085	2.377673	5	127	107	977.901
-1.466077	0.750102	2.050636	141	138	97	977.807
-1.256637	1.188278	1.690808	6	5	98	977.789
2.094395	1.816510	-0.008631	1	104	10	977.785
3.036873	1.983318	-0.247182	17	127	133	977.761
0.733038	0.788382	1.331051	139	2	96	977.708
-1.361357	0.540208	1.400497	128	142	100	977.511
2.932153	1.816510	-0.008631	24	132	138	977.337
-1.256637	0.721019	2.721536	10	117	124	977.252
-2.199115	1.892348	0.496522	20	3	116	977.247
2.617994	1.375020	-0.170393	0	118	121	977.168
2.408554	2.642029	0.813274	131	119	130	977.067
-1.466077	0.852911	1.933394	143	140	97	977.052
2.617994	1.150348	-0.176418	0	119	117	977.046
-1.047198	0.626379	1.773610	138	142	96	976.880
-1.047198	0.721019	2.721536	13	118	124	976.837
1.884956	0.884060	0.334199	132	126	104	976.829
2.932153	2.394960	0.862133	7	106	4	976.789
-2.408554	1.490555	2.543284	138	117	114	976.782
2.513274	1.055458	0.170394	143	122	109	976.319
-0.942478	0.505463	2.594557	7	117	123	976.203
1.675516	1.074204	0.545276	124	121	113	976.139
1.989675	0.851126	0.493370	136	128	101	976.069
-1.361357	2.211602	1.443930	23	5	121	976.055
1.884956	0.977824	0.441928	131	127	103	976.000
-1.361357	2.307301	1.336200	23	6	124	975.843
-0.209440	0.459270	1.191562	129	134	100	975.744
0.942478	0.502651	0.463333	133	138	100	975.471
-0.942478	0.405617	1.773533	134	137	99	975.353
-1.570796	0.534610	2.154808	136	134	99	975.342
2.199115	1.535018	0.028869	136	122	119	975.274
2.722714	2.460902	0.490079	142	119	128	974.966
2.513274	1.209341	0.471162	140	124	108	974.891
2.722714	1.767999	1.004737	135	120	112	974.815
2.513274	2.460902	0.490079	137	119	128	974.751
1.466077	1.253604	0.812222	130	132	107	974.563
-3.036873	2.119166	0.100552	10	124	132	974.048
-1.570796	0.913918	1.287618	139	1	102	973.977
0.733038	0.502651	0.463333	130	140	100	973.969
-1.884956	1.612085	1.968802	15	139	103	973.769
-0.942478	1.510518	1.884920	12	1	106	973.745
2.199115	1.745952	0.084733	3	104	6	973.418
1.884956	1.184569	0.147517	136	121	118	973.395
2.722714	2.740366	1.374341	127	120	130	973.367
2.094395	1.012180	0.304066	134	124	105	973.089
0.209440	0.532541	0.978737	129	134	100	972.881
1.989675	1.012180	0.304066	131	124	105	972.834
-2.199115	2.272099	2.018594	6	114	137	972.646
2.303835	1.492424	-0.190932	140	121	122	972.574
-1.989675	1.074029	1.909193	139	132	104	972.523
0.837758	0.385088	0.590355	137	138	100	972.313
2.932153	2.747398	1.727166	125	121	131	972.280
-3.141593	1.589936	0.825020	6	124	110	972.175
-0.314159	0.757389	1.501184	136	140	97	972.158
-0.418879	0.757389	1.501184	137	140	97	972.132
-1.989675	1.958989	0.712772	19	6	114	972.030
-0.314159	0.737893	1.866463	143	139	99	971.912
-1.989675	0.594963	2.997575	140	123	107	971.882
-0.733038	0.540208	1.400497	130	137	99	971.853
2.303835	2.825762	1.085035	123	122	133	971.763
2.513274	1.239414	0.348959	8	121	118	971.626
0.314159	0.497870	0.727828	125	133	102	971.388
2.722714	2.645260	1.570203	123	122	128	971.313
2.617994	1.103783	0.408254	11	125	115	971.290
-1.570796	0.852911	1.933394	138	134	103	971.149
0.942478	0.459270	1.191562	0	133	100	971.149
1.466077	0.616968	0.820489	141	130	101	971.065
0.000000	0.664008	1.360091	136	138	98	970.859
2.303835	0.884060	0.334199	141	127	103	970.782
-0.942478	1.247736	2.242810	15	1	105	970.778
2.932153	1.480942	0.273235	11	127	115	970.713
-1.466077	0.889834	2.529957	3	124	107	970.554
-1.675516	0.772218	2.227380	141	135	98	970.344
-1.570796	2.211602	1.443930	23	143	121	970.330
1.989675	1.649932	0.576808	124	119	119	970.157
-1.675516	2.278618	1.170386	23	3	124	970.052
-3.141593	1.990470	0.580283	12	130	117	970.029
2.932153	1.433341	0.524268	5	124	111	969.998
-0.942478	0.750102	2.050636	143	133	100	969.777
2.303835	2.340210	0.562145	131	120	124	969.751
-1.570796	0.415893	1.464890	124	142	101	969.573
2.303835	1.786634	-0.346247	135	123	128	969.474
-2.932153	1.649932	0.576808	13	127	114	969.242
-0.628319	0.636205	1.561170	137	143	97	969.204
-1.361357	0.689777	2.385011	0	134	99	969.200
2.303835	1.012180	0.304066	139	125	105	969.198
2.722714	1.622114	0.701509	12	107	137	969.134
2.199115	0.759859	0.351923	141	127	102	969.128
-1.466077	1.026525	2.506945	5	125	108	969.110
-2.408554	1.793737	0.410270	19	0	115	969.106
-2.094395	0.893140	2.251698	133	128	107	969.075
1.780236	1.168025	0.717075	128	120	112	968.904
-1.466077	0.844883	2.679708	8	128	106	968.876
2.303835	2.114380	0.531457	131	121	119	968.315
-0.942478	1.495297	2.007188	14	0	107	968.135
-1.466077	0.817846	2.390688	3	131	102	967.979
1.466077	1.584581	-2.738702	128	13	30	967.947
1.780236	0.730751	0.522488	141	131	102	967.825
0.104720	0.664008	1.360091	136	138	98	967.775
2.827433	1.576334	0.365236	8	124	115	967.773
2.932153	2.341931	1.023926	2	117	125	967.729
1.675516	0.630671	0.391949	140	130	103	967.687
-1.361357	0.869748	2.095969	2	138	98	967.674
2.408554	1.433341	0.524268	141	125	109	967.459
-0.733038	0.636205	1.561170	137	143	97	967.406
-1.570796	0.750102	2.050636	140	138	97	967.386
2.408554	2.114380	0.531457	134	121	120	967.326
-1.466077	0.981877	1.537100	141	141	101	967.182
0.104720	0.712883	1.174216	132	139	98	966.926
2.303835	1.284798	0.078209	135	119	115	966.852
2.094395	1.209341	0.471162	141	124	110	966.734
-3.036873	1.834787	0.751968	8	122	116	966.701
3.036873	1.589936	0.825020	3	123	110	966.615
1.989675	1.118930	0.045983	128	121	112	966.486
0.418879	0.626379	1.773610	5	3	99	966.341
1.675516	1.139877	0.276382	133	124	116	966.288
2.408554	2.213937	0.621892	133	120	121	966.172
-0.314159	0.329984	1.201621	126	132	103	966.040
-0.418879	0.981877	1.537100	143	9	96	965.905
-1.361357	0.849888	1.767901	139	137	102	965.764
-1.570796	2.156337	1.151558	22	7	120	965.611
-2.303835	2.005145	0.941012	19	134	118	965.598
0.733038	0.712883	1.174216	138	142	96	965.564
2.199115	1.209341	0.471162	139	128	106	965.546
-0.733038	0.740650	1.681075	141	0	97	965.505
2.094395	0.803813	0.191520	137	124	105	965.381
-0.837758	0.852911	1.933394	0	137	99	965.309
-0.523599	0.757389	1.501184	139	2	97	965.303
-1.884956	0.859754	1.603292	136	139	102	965.243
2.827433	1.673557	0.452526	7	123	114	965.166
2.408554	1.480942	0.273235	142	122	115	965.142
-1.151917	1.510518	1.884920	16	6	105	965.119
-1.570796	2.396339	1.200900	24	4	126	965.102
2.617994	2.512538	1.239900	127	120	125	965.046
-1.884956	0.806832	3.022155	3	121	110	965.040
2.513274	1.456736	1.323154	132	123	106	964.943
-0.942478	0.970108	1.990771	7	143	99	964.835
-1.884956	1.016938	2.270674	140	125	108	964.829
-1.884956	0.405617	1.773533	124	139	102	964.673
1.884956	1.441473	1.448544	134	112	131	964.617
-2.094395	0.937910	2.787575	136	118	114	964.420
3.036873	1.643925	1.034629	143	122	109	964.410
-1.256637	1.286936	1.886053	11	1	100	964.372
-0.837758	1.568892	2.098362	16	1	109	964.275
-2.513274	1.490555	2.543284	136	117	114	964.227
-1.047198	0.599962	2.773556	11	116	125	964.219
2.094395	1.118930	0.045983	131	120	112	964.042
-2.303835	2.014149	0.444138	20	0	119	963.841
1.151917	0.671396	1.004859	138	133	99	963.830
2.722714	1.118930	0.045983	3	121	112	963.770
2.303835	1.375020	-0.170393	140	122	120	963.738
2.617994	2.463986	1.034407	131	119	124	963.690
-0.314159	0.626379	1.773610	140	136	99	963.641
-1.675516	2.324731	1.511186	23	138	124	963.569
-1.256637	0.482460	2.849843	6	114	126	963.410
1.780236	1.336522	0.435098	132	124	112	963.404
-1.256637	0.829816	1.167147	135	3	102	963.387
-1.256637	0.869748	2.095969	3	139	98	963.334
-0.104720	0.404273	0.918163	124	134	102	963.298
-1.361357	1.124930	2.219917	6	130	105	963.193
2.094395	1.815016	0.278951	130	123	118	963.073
2.303835	2.131178	0.386663	133	121	122	962.972
1.989675	0.977824	0.441928	133	127	103	962.766
2.827433	2.558146	0.627191	8	116	133	962.539
-3.036873	1.589936	0.825020	7	126	110	962.335
-0.733038	1.184734	1.968919	11	6	101	962.317
2.408554	2.178879	0.767722	130	121	118	962.164
-2.827433	2.538504	1.699812	137	118	126	962.096
-1.361357	2.214075	1.600691	23	1	122	962.042
-1.570796	0.961838	1.839284	141	135	102	962.028
0.733038	0.882554	1.443757	140	5	96	961.991
2.408554	1.322972	-0.395699	141	123	122	961.649
2.617994	1.055458	0.170394	2	123	109	961.608
-2.617994	2.601432	2.102535	134	119	130	961.434
1.151917	0.532541	0.978737	141	132	100	961.429
1.675516	1.310722	0.558267	131	127	111	961.169
-0.314159	0.664008	1.360091	132	138	98	961.068
2.408554	2.014149	0.444138	136	121	119	961.044
-0.733038	1.294736	1.756184	9	10	100	960.875
-2.094395	0.970108	1.990771	135	131	105	960.796
-1.256637	1.509287	2.204647	14	134	110	960.732
-1.047198	0.893140	2.251698	5	132	103	960.639
1.151917	0.936702	-0.866461	111	136	127	960.467
3.036873	1.433341	0.524268	7	125	111	960.431
-0.314159	0.882554	1.443757	140	7	96	960.418
-0.942478	0.518569	1.644237	131	134	99	960.382
-1.466077	0.689777	2.385011	0	131	101	960.318
0.104720	0.788382	1.331051	135	141	97	960.289
-1.570796	0.759800	2.546181	142	123	107	960.184
-2.827433	2.129501	0.238290	22	130	132	960.163
-3.141593	1.832690	-0.468440	20	131	136	960.152
-2.408554	1.533648	1.644808	1	126	110	960.147
3.036873	1.767999	1.004737	0	120	112	960.139
-0.523599	0.636205	1.561170	134	137	98	960.113
-1.047198	1.788829	-1.947553	4	140	40	960.024
-2.094395	0.852911	1.933394	133	133	104	959.971
0.942478	0.630671	0.391949	130	140	101	959.942
0.418879	0.616968	0.820489	128	134	101	959.472
-2.094395	2.005145	0.941012	21	140	118	959.464
-1.047198	1.388849	2.233847	14	137	108	959.426
3.036873	2.178879	0.767722	12	108	0	959.203
2.617994	1.888979	0.982922	132	118	116	959.190
2.199115	1.616900	-0.207457	131	117	127	959.166
0.418879	0.757389	1.501184	141	142	97	959.085
-1.570796	0.560531	2.378474	139	131	101	959.058
-0.837758	1.510518	1.884920	12	3	106	959.031
-0.733038	1.074029	1.909193	8	4	99	958.806
-1.570796	0.636205	1.561170	130	140	100	958.779
-1.047198	0.534610	2.154808	139	129	102	958.750
2.199115	0.952433	0.584347	138	130	100	958.707
-2.199115	1.990470	0.580283	20	2	117	958.693
-1.884956	2.082784	1.042403	22	143	119	958.687
-1.780236	0.759800	2.546181	138	123	107	958.666
-2.932153	1.622114	0.701509	12	127	112	958.543
3.036873	1.673557	0.452526	12	127	115	958.535
-1.256637	1.085085	2.377673	8	129	107	958.532
-2.199115	1.770735	0.537245	18	4	112	958.519
0.104720	0.497870	0.727828	123	136	102	958.384
-0.733038	1.006146	1.389734	142	10	96	958.366
1.884956	1.310722	0.558267	135	125	110	958.256
1.675516	0.977824	0.441928	137	126	113	958.124
-2.617994	1.990523	1.450326	1	124	112	958.037
2.408554	0.884060	0.334199	143	127	103	957.965
2.199115	2.309655	0.726020	125	122	122	957.918
-0.733038	1.286936	1.886053	11	9	102	957.784
2.094395	1.262380	-0.157609	135	122	118	957.680
2.827433	1.329795	-0.042570	5	120	118	957.653
-1.780236	0.947774	2.395256	136	128	105	957.492
0.628319	0.788382	1.331051	139	2	96	957.479
-1.047198	1.892144	-2.005340	2	138	41	957.274
2.408554	1.284798	0.078209	5	118	124	957.148
-1.466077	0.740650	1.681075	135	137	102	957.104
-0.209440	0.981877	1.537100	143	9	96	957.089
0.000000	0.981877	1.537100	142	10	97	956.796
-1.256637	1.760169	1.678132	14	4	106	956.787
2.722714	1.206950	-0.037248	3	120	115	956.700
3.036873	1.480942	0.273235	13	129	115	956.640
2.303835	0.929031	0.185383	140	123	107	956.540
-0.104720	0.961838	1.839284	5	9	98	956.510
-0.209440	0.279854	0.814581	121	134	104	956.508
-1.675516	1.188278	1.690808	2	136	104	956.498
-1.047198	0.540208	1.400497	128	140	99	956.380
-0.628319	1.103208	1.477773	0	11	97	956.378
-2.094395	1.645258	2.188109	12	129	106	956.255
-0.209440	0.540208	1.400497	133	135	99	956.250
2.303835	1.911828	-0.364489	136	123	130	956.187
2.408554	2.467647	0.287667	139	119	130	956.083
1.570796	1.074204	0.545276	134	127	111	956.054
-2.408554	1.922616	0.844633	19	133	117	956.003
-2.408554	2.307301	1.336200	14	130	118	955.969
2.513274	1.492424	-0.190932	1	123	122	955.957
-3.036873	2.134684	0.907065	12	123	121	955.901
-2.932153	1.770735	0.537245	13	126	117	955.839
2.827433	1.679696	0.912482	140	120	111	955.804
-0.942478	0.632797	1.989858	140	132	100	955.708
-1.780236	0.893140	2.251698	139	126	107	955.695
-0.314159	0.859754	1.603292	139	142	97	955.530
-2.617994	2.180752	1.908485	137	119	120	955.513
2.617994	2.185580	1.287673	3	102	0	955.504
-0.837758	0.632708	2.566722	11	120	122	955.462
2.932153	1.382562	0.177141	13	127	116	955.371
-1.047198	0.757389	1.501184	135	141	98	955.274
0.523599	0.788382	1.331051	138	140	98	955.270
0.209440	0.788382	1.331051	136	141	97	955.255
-1.466077	1.006146	1.389734	140	0	103	955.093
1.780236	1.053682	0.689863	129	120	111	955.007
-1.256637	1.247736	2.242810	10	132	107	954.946
-1.780236	2.082784	1.042403	22	2	119	954.943
-0.523599	0.750102	2.050636	2	137	100	954.519
-2.199115	2.125183	2.445598	142	119	121	954.457
-1.989675	1.846644	1.113766	19	140	113	954.436
-1.466077	0.518569	1.644237	128	138	101	954.248
0.314159	0.788382	1.331051	136	141	97	954.247
2.303835	1.912224	0.366565	134	122	118	954.204
2.617994	1.365452	0.310522	9	121	120	954.111
0.418879	0.671396	1.004859	131	136	99	953.989
3.036873	1.601408	0.242409	14	128	118	953.938
-0.418879	0.970108	1.990771	9	6	99	953.839
0.733038	0.385088	0.590355	135	138	100	953.706
2.408554	1.574849	-0.091505	142	122	122	953.664
2.827433	2.849871	1.512012	127	121	133	953.661
-0.314159	0.636205	1.561170	136	137	98	953.660
-0.104720	0.588527	1.181755	131	136	99	953.654
-0.418879	0.664008	1.360091	135	1	96	953.563
0.314159	0.664008	1.360091	138	138	98	953.480
-0.418879	0.859754	1.603292	139	142	97	953.432
2.617994	1.074204	0.545276	0	127	104	953.400
2.303835	1.239414	0.348959	141	126	108	953.312
2.408554	1.139877	0.276382	7	121	118	953.169
-3.141593	2.244355	0.309899	18	125	131	952.945
-2.513274	2.007301	0.142337	22	3	123	952.899
-1.047198	1.568892	2.098362	16	141	109	952.880
-0.733038	1.322568	1.499415	5	14	100	952.868
-1.256637	1.294736	1.756184	10	4	100	952.866
-1.256637	0.772218	2.227380	3	135	100	952.767
-2.199115	1.124930	2.219917	141	126	103	952.623
1.675516	0.759859	0.351923	137	129	104	952.616
2.408554	1.441473	1.448544	128	126	105	952.446
-0.942478	0.757389	1.501184	135	141	98	952.443
1.047198	1.118930	0.045983	135	113	142	952.430
-1.989675	0.844883	2.679708	136	120	111	952.400
-2.722714	1.321609	2.687717	127	119	114	952.385
2.932153	1.365452	0.310522	12	128	113	952.344
-2.199115	0.420680	2.088164	122	137	104	952.266
3.036873	2.267390	0.878499	8	119	124	952.255
2.722714	1.365452	0.310522	1	121	113	952.181
-1.256637	0.689777	2.385011	0	127	104	952.149
0.104720	0.588527	1.181755	132	136	99	952.140
1.047198	0.542006	0.228337	130	138	102	952.132
-0.733038	1.630007	1.844552	13	7	107	952.050
2.513274	2.849871	1.512012	120	125	133	952.004
2.199115	1.815016	0.278951	133	123	118	951.985
-1.361357	0.772218	2.227380	1	135	100	951.910
2.199115	1.027004	-0.203653	139	123	116	951.907
2.617994	2.178879	0.767722	136	120	119	951.896
-2.094395	1.495297	2.007188	11	134	101	951.840
1.989675	0.929031	0.185383	132	124	107	951.801
-0.942478	1.971438	-2.765415	40	123	15	951.766
2.513274	2.558146	0.627191	137	118	129	951.754
-1.466077	2.103223	1.521685	22	0	119	951.591
-1.675516	1.084151	1.618525	143	138	103	951.556
-1.151917	1.495297	2.007188	16	4	105	951.463
-0.209440	0.757389	1.501184	138	140	97	951.402
-0.418879	1.074029	1.909193	4	2	99	951.314
-2.932153	2.645260	1.570203	137	118	129	951.311
-1.884956	0.970108	1.990771	138	131	104	951.274
-1.047198	1.314142	2.139329	12	138	106	951.172
3.036873	1.576334	0.365236	8	123	116	951.085
0.104720	0.404273	0.918163	127	132	102	951.058
1.361357	1.584581	-2.738702	131	14	30	950.955
-2.094395	2.085731	0.671081	21	4	117	950.882
2.932153	2.558146	0.627191	9	116	133	950.822
-1.780236	2.216256	1.020029	23	3	123	950.819
0.523599	0.712883	1.174216	135	138	98	950.814
0.942478	0.634455	-0.534790	111	136	119	950.698
-1.884956	0.947774	2.395256	139	123	109	950.678
2.094395	1.055458	0.170394	133	121	109	950.632
-2.303835	2.278618	1.170386	18	135	117	950.581
-0.942478	1.339550	1.370353	5	16	100	950.396
0.314159	0.404273	0.918163	130	130	102	950.372
-1.884956	0.750102	2.050636	133	131	104	950.315
-3.036873	1.743328	0.663347	9	124	115	950.298
-1.675516	0.893140	2.251698	0	134	99	950.247
-2.513274	2.211602	1.443930	10	126	115	950.228
2.932153	1.458370	0.400433	6	123	113	950.131
-2.408554	1.158594	2.487618	135	122	108	950.105
-1.047198	0.636205	1.561170	132	138	98	950.017
-0.104720	0.459270	1.191562	130	133	100	950.015
-2.827433	2.645260	1.570203	140	118	128	949.992
0.104720	0.385088	0.590355	120	135	105	949.932
2.932153	1.911828	-0.364489	16	127	134	949.897
2.303835	0.851126	0.493370	142	130	100	949.893
-2.827433	1.865912	0.624453	16	136	113	949.855
-2.199115	2.014149	0.444138	21	3	119	949.698
0.209440	0.664008	1.360091	137	138	98	949.686
-1.570796	1.016938	2.270674	5	134	100	949.628
-2.513274	2.216256	1.020029	17	134	117	949.434
0.837758	0.712883	1.174216	137	137	98	949.430
2.722714	1.500204	0.737638	13	108	134	949.344
2.722714	0.989150	0.045493	4	123	110	949.267
2.617994	2.558146	0.627191	138	118	129	949.229
-2.408554	2.214075	1.600691	9	126	115	949.214
2.303835	1.184569	0.147517	137	120	111	949.193
1.256637	0.385088	0.590355	139	126	104	949.146
-1.989675	0.599962	2.773556	138	125	105	949.052
-2.199115	2.131178	0.386663	22	7	122	948.932
2.513274	1.150348	-0.176418	142	118	117	948.740
-0.733038	0.415893	1.464890	127	134	101	948.714
-1.466077	0.664008	1.360091	131	0	99	948.631
1.780236	0.630671	0.391949	142	130	103	948.614
-1.151917	0.588527	1.181755	128	1	99	948.553
-2.408554	1.283786	2.462124	137	120	109	948.528
1.989675	0.803813	0.191520	134	125	105	948.513
-1.884956	1.630007	1.844552	17	140	104	948.481
-0.837758	0.588527	1.181755	128	142	99	948.461
2.303835	2.642029	0.813274	128	120	130	948.447
-1.151917	0.540208	1.400497	128	140	99	948.408
1.675516	1.053682	0.689863	126	122	110	948.395
-2.722714	2.214075	1.600691	2	122	115	948.362
3.036873	2.341931	1.023926	5	118	125	948.348
2.408554	2.307301	1.336200	138	103	3	948.336
2.303835	0.864300	0.043549	140	122	108	948.319
1.989675	1.854119	0.134161	141	105	7	948.287
1.780236	1.876049	-0.594378	130	122	139	948.154
-1.989675	1.865912	0.624453	18	7	113	948.140
2.722714	1.433341	0.524268	5	125	109	948.050
-0.942478	1.006146	1.389734	138	4	97	948.049
-3.141593	1.500204	0.737638	6	126	109	948.025
-1.361357	2.324731	1.511186	24	4	124	948.016
1.989675	1.273606	0.224545	137	121	116	947.950
-2.199115	1.803705	0.881076	16	142	109	947.894
-2.617994	1.982107	1.720829	140	122	114	947.823
2.408554	0.981877	1.537100	141	130	100	947.812
2.932153	2.267390	0.878499	5	118	124	947.768
1.466077	0.497870	0.727828	142	129	102	947.711
-1.361357	1.006146	1.389734	141	0	102	947.688
2.303835	1.661936	0.001037	139	121	121	947.602
-1.466077	0.534610	2.154808	137	134	99	947.578
-0.104720	0.788382	1.331051	134	141	97	947.532
-1.361357	1.201164	2.355931	13	134	105	947.482
2.094395	1.911828	-0.364489	131	124	130	947.429
-1.675516	0.947774	2.395256	143	125	107	947.386
-1.151917	1.426479	1.573427	10	11	101	947.376
-1.570796	0.806832	3.022155	12	112	127	947.316
-1.989675	1.510518	1.884920	14	138	101	947.299
2.722714	1.846644	1.113766	133	119	114	947.272
-1.675516	2.341931	1.023926	23	5	125	947.265
2.408554	2.584774	1.046703	125	121	127	947.066
-2.303835	2.307301	1.336200	15	132	117	947.042
-0.733038	0.757389	1.501184	138	3	96	947.032
0.523599	0.715701	0.699906	125	135	102	946.678
-1.361357	0.975253	2.641082	12	130	107	946.603
-1.361357	0.919522	2.948277	18	114	127	946.574
-0.523599	0.560531	2.378474	9	122	121	946.498
1.989675	1.184804	0.593386	139	127	108	946.371
1.256637	0.404273	0.918163	1	130	102	946.339
0.942478	0.671396	1.004859	135	134	99	946.309
2.617994	1.553895	0.489607	13	106	139	946.305
-1.675516	0.626379	1.773610	130	137	100	946.220
-1.675516	0.599962	2.773556	0	127	105	946.217
2.722714	1.150348	-0.176418	3	120	117	946.139
1.361357	0.502651	0.463333	135	126	105	946.139
-2.722714	1.993909	1.312897	2	124	112	946.098
-1.361357	1.298546	2.020601	12	142	101	946.087
1.989675	1.743328	0.663347	123	119	119	946.076
2.303835	1.322972	-0.395699	139	123	123	945.943
-2.199115	1.922616	0.844633	21	138	117	945.903
-2.408554	1.331651	2.344497	139	121	108	945.870
3.036873	1.713452	0.789419	4	121	114	945.862
-2.408554	1.201164	2.355931	136	123	106	945.728
-2.932153	1.834787	0.751968	10	124	116	945.728
-1.989675	1.612085	1.968802	15	136	104	945.696
-3.141593	1.649932	0.576808	8	124	114	945.672
-0.837758	0.626379	1.773610	136	135	99	945.655
-1.256637	0.913918	1.287618	138	2	102	945.654
-0.314159	0.981877	1.537100	143	9	96	945.578
1.884956	1.168025	0.717075	131	119	112	945.451
-0.209440	1.006146	1.389734	139	10	97	945.446
0.314159	0.616968	0.820489	127	135	101	945.433
0.837758	0.829816	1.167147	137	143	96	945.425
1.989675	0.673985	0.203855	143	127	106	945.414
-1.570796	0.308059	2.021491	125	130	110	945.349
-3.141593	1.969112	1.088273	0	119	117	945.333
-1.047198	0.740650	1.681075	140	1	95	945.268
1.256637	0.616968	0.820489	138	130	101	945.250
2.513274	1.339550	1.370353	133	126	103	944.990
2.303835	1.262380	-0.157609	135	117	119	944.916
-0.942478	1.426725	2.102242	16	5	106	944.790
-2.094395	2.048538	0.806623	22	142	120	944.637
-1.047198	0.772218	2.227380	2	131	102	944.615
1.151917	0.829816	1.167147	137	138	98	944.612
-2.094395	1.568892	2.098362	12	132	104	944.564
1.466077	2.119166	0.100552	119	125	129	944.526
-1.780236	0.975253	2.641082	143	120	110	944.459
2.199115	2.035818	-0.379479	134	124	132	944.093
-1.151917	0.757389	1.501184	134	141	98	944.079
-1.989675	0.405617	1.773533	123	141	102	944.058
2.408554	2.131178	0.386663	136	120	122	944.022
-2.513274	1.555041	0.947813	21	135	112	943.970
-2.094395	1.612085	1.968802	14	133	104	943.717
2.303835	2.239419	0.151693	137	119	128	943.614
1.780236	1.055458	0.170394	126	124	109	943.574
-1.047198	0.459270	1.191562	125	142	100	943.550
2.199115	1.492424	-0.190932	131	117	124	943.522
2.722714	2.849871	1.512012	124	122	133	943.453
-2.303835	2.213937	0.621892	22	0	120	943.398
1.047198	0.814161	1.010949	7	122	127	943.260
0.733038	0.308059	2.021491	14	112	136	943.062
-0.837758	1.194360	2.110440	10	141	103	943.009
2.303835	1.150348	-0.176418	136	117	117	943.002
-1.361357	1.561127	1.401111	18	6	109	942.990
0.209440	0.671396	1.004859	129	137	99	942.918
-0.418879	0.420680	2.088164	2	119	122	942.896
2.722714	1.284798	0.078209	3	120	115	942.894
-1.780236	2.417950	2.666662	8	117	137	942.885
2.513274	2.014149	0.444138	138	121	119	942.768
2.827433	1.696386	0.328123	8	124	118	942.767
2.617994	1.382562	0.177141	143	119	115	942.598
-1.466077	0.426507	2.367872	137	131	101	942.544
-1.675516	0.869748	2.095969	139	129	105	942.416
-2.199115	2.213937	0.621892	22	2	120	942.317
1.780236	1.382562	0.177141	131	121	119	942.290
-1.466077	0.632797	1.989858	138	137	98	942.285
-2.303835	1.922616	0.844633	20	136	117	942.279
-1.466077	2.156337	1.151558	21	8	121	942.168
-2.408554	1.912224	0.366565	20	143	118	942.032
-3.036873	1.865912	0.624453	10	123	119	941.994
-2.094395	1.691817	2.061688	15	131	106	941.981
-2.513274	2.099185	1.667006	0	122	116	941.784
-1.047198	1.201164	2.355931	16	141	106	941.729
2.408554	0.965426	1.686615	140	133	98	941.657
-0.209440	0.737893	1.866463	0	139	99	941.632
2.303835	1.365452	0.310522	140	124	111	941.578
1.570796	0.630671	0.391949	138	130	103	941.565
-0.523599	0.518569	1.644237	134	134	100	941.531
-1.780236	0.869748	2.095969	137	130	105	941.457
-1.151917	1.201164	2.355931	15	138	106	941.314
1.989675	1.409552	0.647980	135	126	109	941.206
-2.408554	2.131178	0.386663	22	2	121	941.104
-0.837758	1.495297	2.007188	13	1	107	941.021
-1.466077	0.772218	2.227380	0	134	100	940.975
-0.314159	1.087142	2.058815	7	3	101	940.872
-2.199115	1.645258	2.188109	10	127	106	940.867
-3.036873	2.536533	1.466274	137	118	125	940.740
-2.408554	2.211602	1.443930	12	128	115	940.698
-2.094395	0.737893	1.866463	130	136	103	940.676
-0.942478	1.612085	1.968802	15	1	108	940.669
-3.036873	2.178879	0.767722	14	124	123	940.652
-1.047198	0.859754	1.603292	142	4	95	940.526
-2.513274	1.365228	2.563808	134	119	112	940.438
-0.942478	0.632708	2.566722	9	120	122	940.422
2.617994	2.467647	0.287667	143	120	130	940.420
-1.884956	1.085085	2.377673	141	123	109	940.376
-0.837758	0.712883	1.174216	130	1	98	940.257
-2.932153	2.048538	0.806623	15	127	120	940.219
-1.884956	0.518569	1.644237	126	141	101	940.203
2.722714	1.804124	1.264249	130	121	111	940.111
2.827433	1.239414	0.348959	10	128	110	940.110
1.570796	1.103783	0.408254	132	126	112	940.083
-3.141593	2.134684	0.907065	10	122	121	940.071
1.047198	0.671396	1.004859	136	134	99	940.027
2.722714	1.502469	0.151156	2	119	118	940.015
-1.780236	0.993052	2.137478	140	128	104	939.864
-1.675516	0.981877	1.537100	140	140	103	939.840
2.722714	1.649932	0.576808	3	123	112	939.749
-0.209440	1.084151	1.618525	1	12	97	939.733
-1.675516	0.636205	1.561170	130	141	100	939.726
2.199115	1.206950	-0.037248	133	118	115	939.687
-3.036873	2.394960	0.862133	12	121	127	939.651
-1.256637	0.947774	2.395256	5	128	106	939.599
-1.884956	0.889834	2.529957	138	122	109	939.578
-1.256637	1.006146	1.389734	141	1	102	939.547
2.094395	1.273606	0.224545	130	121	111	939.483
-2.199115	1.085085	2.377673	139	124	105	939.463
0.314159	0.636205	1.561170	1	0	98	939.387
-0.209440	0.788382	1.331051	137	5	96	939.332
-1.989675	0.869748	2.095969	134	130	105	939.278
-2.513274	1.892348	0.496522	18	139	116	939.253
-1.256637	0.632797	1.989858	139	139	96	939.141
-2.827433	1.794553	2.374618	130	117	118	939.107
0.000000	0.961838	1.839284	5	10	98	938.999
-1.884956	1.087142	2.058815	141	129	106	938.974
1.989675	1.239414	0.348959	138	123	113	938.864
2.722714	2.536533	1.466274	125	121	125	938.862
2.303835	1.673557	0.452526	4	104	142	938.826
-2.617994	2.211602	1.443930	8	125	115	938.798
2.303835	1.209341	0.471162	141	127	106	938.732
2.408554	1.990470	0.580283	134	121	117	938.678
-2.513274	1.760169	1.678132	0	122	116	938.623
-2.827433	2.049006	1.199930	1	120	123	938.553
-1.047198	0.652440	2.197129	142	130	102	938.421
2.722714	1.273606	0.224545	2	122	112	938.401
-1.989675	1.026525	2.506945	139	121	110	938.329
0.523599	0.664008	1.360091	140	138	98	938.221
-1.151917	1.522373	1.764991	15	8	104	938.206
2.303835	1.377578	-2.636339	111	138	27	938.157
-1.256637	2.103223	1.521685	21	4	118	937.817
-0.314159	0.712883	1.174216	131	141	98	937.810
-1.884956	0.819323	2.845960	2	123	108	937.540
-0.209440	0.329984	1.201621	128	131	102	937.537
-0.314159	0.459270	1.191562	128	135	100	937.513
-0.942478	0.893140	2.251698	6	133	103	937.500
-0.523599	1.006146	1.389734	141	10	96	937.493
-1.047198	1.441473	1.448544	9	15	102	937.469
0.418879	0.636205	1.561170	1	1	98	937.432
-0.837758	0.993052	2.137478	7	137	102	937.410
-1.570796	0.632708	2.566722	0	128	103	937.395
1.151917	0.404273	0.918163	142	130	102	937.255
2.199115	1.649932	0.576808	130	117	119	937.106
-2.094395	1.803705	0.881076	16	1	109	937.051
-2.303835	1.283786	2.462124	140	120	109	937.025
2.199115	0.803813	0.191520	139	124	105	936.965
-1.256637	1.016938	2.270674	8	138	99	936.949
2.199115	2.435993	0.683844	126	121	125	936.818
0.418879	0.715701	0.699906	124	136	102	936.764
2.094395	1.933878	0.034150	1	104	11	936.736
-1.780236	0.636205	1.561170	130	141	100	936.677
2.617994	1.336522	0.435098	4	125	109	936.675
-1.884956	1.834787	0.751968	17	8	111	936.672
-0.314159	1.006146	1.389734	140	10	96	936.652
-1.361357	0.518569	1.644237	128	137	100	936.641
-1.047198	0.750102	2.050636	1	140	97	936.640
-1.047198	0.664008	1.360091	131	142	98	936.589
1.151917	0.814161	1.010949	135	135	99	936.559
-1.047198	1.597178	-1.575607	4	4	39	936.553
1.780236	1.289408	0.683122	126	119	115	936.487
2.408554	1.336522	0.435098	142	126	108	936.427
-1.884956	0.759800	2.546181	136	123	108	936.415
2.199115	1.574849	-0.091505	137	121	121	936.328
-1.466077	2.324731	1.511186	24	1	124	936.282
3.036873	1.500204	0.737638	4	124	109	936.278
0.104720	0.965426	1.686615	1	10	98	936.120
1.989675	1.168025	0.717075	134	118	112	936.104
-1.151917	0.704080	2.911636	15	115	126	936.085
2.617994	2.354868	0.211543	0	120	129	936.067
-1.466077	0.965426	1.686615	141	138	102	936.010
-1.361357	0.636205	1.561170	131	139	99	935.908
-0.733038	0.518569	1.644237	136	140	98	935.907
-1.780236	0.518569	1.644237	127	140	100	935.902
2.513274	0.929031	0.185383	0	125	106	935.852
-1.989675	0.893140	2.251698	135	127	107	935.685
2.408554	1.410840	0.056219	137	117	118	935.669
3.036873	2.396339	1.200900	1	117	125	935.650
0.942478	0.404273	0.918163	140	129	102	935.557
-2.094395	1.743328	0.663347	17	5	110	935.525
1.570796	0.977824	0.441928	135	126	112	935.471
-1.047198	0.378103	2.646436	3	114	125	935.289
-0.104720	0.757389	1.501184	138	140	97	935.222
2.513274	1.502469	0.151156	139	118	118	935.207
2.303835	1.273606	0.224545	3	118	121	935.192
1.884956	1.055458	0.170394	137	122	115	935.167
-2.408554	1.880509	1.500204	7	123	118	935.143
-1.675516	0.788382	1.331051	135	0	102	935.112
-0.628319	1.340441	-1.731580	4	8	36	935.109
0.837758	0.459270	1.191562	142	133	100	935.082
1.675516	1.239414	0.348959	131	124	113	935.051
2.094395	1.576334	0.365236	132	125	112	934.956
-2.199115	1.247736	2.242810	142	124	105	934.908
-2.513274	2.026074	0.300945	22	1	121	934.902
0.628319	0.410700	0.270433	120	131	107	934.884
-3.036873	1.752959	-0.567548	19	133	136	934.877
-2.094395	1.767999	1.004737	18	140	112	934.816
-1.989675	0.970108	1.990771	136	131	104	934.803
-1.570796	0.893140	2.251698	142	128	104	934.601
-2.932153	1.958989	0.712772	16	129	119	934.523
2.094395	1.184569	0.147517	131	120	111	934.513
-2.408554	1.888979	0.982922	17	131	115	934.443
-1.047198	0.993052	2.137478	8	141	101	934.371
2.408554	1.209341	0.471162	143	127	106	934.363
-0.942478	0.519001	1.900488	139	137	99	934.278
-0.733038	0.788382	1.331051	134	143	97	934.232
-2.094395	0.869748	2.095969	132	131	105	934.198
1.989675	1.055458	0.170394	130	122	109	934.100
2.408554	1.673557	0.452526	7	104	142	934.025
-1.780236	0.632708	2.566722	140	128	103	933.964
0.418879	0.497870	0.727828	126	132	103	933.962
-3.141593	2.627402	1.293552	137	118	128	933.936
0.209440	0.757389	1.501184	140	141	97	933.866
-1.361357	1.964971	-2.100533	4	142	37	933.841
-1.047198	1.006146	1.389734	143	7	96	933.629
-3.141593	2.082784	1.042403	7	121	118	933.505
-1.570796	1.158594	2.487618	6	124	109	933.386
1.047198	0.616968	0.820489	134	131	101	933.377
-2.094395	1.673557	0.452526	17	8	112	933.346
1.570796	0.715701	0.699906	140	134	100	933.334
0.942478	0.588527	1.181755	140	135	99	933.294
-0.104720	0.636205	1.561170	138	137	98	933.201
-0.733038	1.612085	1.968802	15	4	108	933.153
-1.361357	0.415893	1.464890	124	140	101	933.138
-3.141593	1.679696	0.912482	4	122	111	933.084
-3.141593	1.713452	0.789419	5	123	113	933.059
-2.199115	1.201164	2.355931	141	123	107	933.012
0.314159	0.757389	1.501184	142	2	96	932.975
-0.837758	1.441473	1.448544	8	17	101	932.944
-1.570796	1.969112	1.088273	20	7	116	932.906
-2.094395	1.026525	2.506945	136	121	110	932.851
1.256637	1.086822	-0.441112	113	132	124	932.829
-1.884956	0.626379	1.773610	129	138	101	932.773
2.513274	1.803705	0.881076	132	118	115	932.734
-1.884956	0.721019	2.721536	137	121	110	932.692
-1.884956	1.958989	0.712772	18	7	114	932.620
-2.303835	1.732838	1.127584	11	136	106	932.563
2.827433	2.627402	1.293552	132	118	128	932.535
-3.141593	1.888979	0.982922	3	119	116	932.526
-0.733038	1.244075	1.286644	1	16	98	932.517
2.722714	1.382562	0.177141	2	120	115	932.307
1.047198	0.459270	1.191562	0	134	100	932.276
2.617994	1.184569	0.147517	11	121	121	932.233
-0.942478	1.016938	2.270674	9	135	104	932.176
-2.617994	1.555041	0.947813	20	132	112	932.084
0.523599	0.671396	1.004859	132	135	100	932.006
2.722714	2.627402	1.293552	129	119	127	931.993
1.466077	2.052794	-0.008526	120	125	130	931.969
2.199115	2.355120	0.388593	131	120	127	931.931
-1.361357	0.632797	1.989858	138	139	96	931.842
-0.418879	1.084151	1.618525	1	10	97	931.799
-2.408554	2.026074	0.300945	21	0	121	931.666
2.094395	1.184804	0.593386	141	126	108	931.658
-0.733038	0.560531	2.378474	6	120	122	931.640
-0.104720	1.072154	1.761506	4	12	98	931.580
2.303835	1.925185	0.231170	135	121	121	931.518
-1.780236	0.844883	2.679708	141	121	110	931.457
0.314159	0.588527	1.181755	134	135	99	931.455
-2.303835	2.048538	0.806623	21	136	120	931.450
0.523599	0.757389	1.501184	141	142	97	931.363
-1.989675	0.652440	2.197129	134	132	100	931.317
1.780236	1.184804	0.593386	135	126	108	931.298
-0.209440	0.404273	0.918163	123	136	103	931.227
-1.466077	0.806832	3.022155	14	112	127	931.170
-0.418879	0.560531	2.378474	143	140	93	931.090
-2.932153	1.990470	0.580283	13	124	122	931.052
1.884956	1.561127	1.401111	132	110	134	931.023
-0.418879	1.087142	2.058815	7	2	100	930.910
2.932153	1.589936	0.825020	1	122	110	930.810
-1.151917	0.518569	1.644237	130	135	100	930.781
-0.628319	0.540208	1.400497	133	142	97	930.716
-1.675516	2.082784	1.042403	21	6	119	930.685
2.408554	0.929031	0.185383	142	125	106	930.523
-1.151917	0.626379	1.773610	134	134	99	930.516
-0.733038	0.882554	1.443757	140	5	96	930.516
-1.570796	2.423692	1.392696	24	0	127	930.502
-2.408554	1.365228	2.563808	137	118	112	930.462
-3.141593	2.178879	0.767722	12	122	123	930.394
0.837758	0.671396	1.004859	137	139	97	930.346
-1.675516	1.108079	2.612943	4	121	111	930.055
-1.989675	1.201164	2.355931	141	123	110	930.029
-1.675516	0.599643	-3.045235	8	109	129	929.969
1.570796	1.999226	-0.620717	127	124	140	929.859
0.523599	0.740650	1.681075	2	5	98	929.838
-1.675516	1.026525	2.506945	1	123	109	929.655
-2.094395	1.770735	0.537245	18	7	113	929.578
2.408554	2.134684	0.907065	128	122	116	929.550
2.617994	0.977824	0.441928	2	127	104	929.207
2.617994	1.502469	0.151156	143	118	118	929.140
-1.570796	0.947774	2.395256	5	130	103	929.029
2.617994	2.584774	1.046703	131	119	127	929.018
1.884956	1.253604	0.812222	130	119	111	928.953
-1.989675	0.519001	1.900488	125	137	102	928.927
-1.675516	0.819323	2.845960	6	125	108	928.844
2.408554	0.851126	0.493370	0	131	100	928.832
-0.104720	0.740650	1.681075	141	140	98	928.789
0.628319	0.712883	1.174216	138	142	96	928.734
2.722714	1.184569	0.147517	3	122	111	928.675
2.094395	1.502469	0.151156	133	124	115	928.671
2.199115	1.253604	0.812222	136	133	101	928.593
1.780236	1.074204	0.545276	137	126	108	928.571
1.151917	0.279854	0.814581	0	127	104	928.344
2.303835	1.601408	0.242409	138	123	115	928.271
2.932153	1.500204	0.737638	3	123	110	928.228
-3.141593	1.846644	1.113766	0	119	113	928.157
2.513274	2.178879	0.767722	133	121	119	927.945
-1.256637	0.757389	1.501184	134	141	98	927.875
2.094395	1.103783	0.408254	133	124	105	927.826
-0.837758	0.869748	2.095969	3	131	107	927.749
2.408554	1.786634	-0.346247	138	123	128	927.592
-3.036873	1.958989	0.712772	12	131	114	927.578
0.733038	0.588527	1.181755	138	135	99	927.474
1.675516	1.184804	0.593386	133	127	108	927.459
2.722714	1.458370	0.400433	6	124	112	927.420
-2.094395	2.213937	0.621892	22	5	120	927.408
-0.837758	0.519001	1.900488	136	131	100	927.311
-2.617994	2.214075	1.600691	0	120	118	927.284
-0.942478	1.691693	-1.871572	4	0	39	927.241
-0.942478	0.459270	1.191562	125	141	100	927.216
0.628319	0.588527	1.181755	140	139	97	927.108
-1.466077	0.599962	2.773556	4	114	124	927.000
-1.989675	1.085085	2.377673	139	123	109	926.853
-2.199115	1.865912	0.624453	18	1	114	926.809
3.036873	2.747398	1.727166	127	120	131	926.803
2.303835	0.977824	0.441928	1	130	104	926.791
3.036873	1.888979	0.982922	0	119	116	926.770
-0.418879	1.006146	1.389734	140	10	96	926.769
-0.314159	0.588527	1.181755	128	138	99	926.760
-1.466077	2.099185	1.667006	22	141	119	926.744
-2.199115	1.767999	1.004737	14	140	107	926.690
1.989675	1.209341	0.471162	139	124	110	926.639
2.617994	1.535018	0.028869	143	117	121	926.627
1.884956	1.336522	0.435098	134	124	113	926.582
-1.256637	0.636205	1.561170	131	139	99	926.564
2.722714	1.409552	0.647980	4	126	107	926.526
1.675516	0.952433	0.584347	138	127	108	926.440
-1.466077	1.914854	1.214468	19	7	114	926.413
-0.837758	0.664008	1.360091	131	141	98	926.401
0.523599	0.829816	1.167147	134	139	98	926.203
-1.256637	0.817846	2.390688	3	128	105	926.096
-1.361357	0.819323	2.845960	13	116	125	926.075
-1.047198	0.947774	2.395256	8	131	105	926.061
-2.094395	1.865912	0.624453	19	6	114	926.055
1.570796	0.730751	0.522488	138	131	102	925.917
-1.047198	0.415893	1.464890	126	136	101	925.867
-1.570796	1.804124	1.264249	18	5	112	925.863
-1.361357	2.185580	1.287673	22	9	120	925.806
2.617994	1.244075	1.286644	137	127	102	925.777
-2.199115	2.307301	1.336200	17	135	117	925.769
2.094395	0.630671	0.391949	142	129	101	925.573
0.000000	1.072154	1.761506	3	13	98	925.567
-2.932153	1.713452	0.789419	10	126	113	925.540
1.780236	0.884060	0.334199	136	128	105	925.540
1.675516	0.715701	0.699906	141	135	100	925.336
-2.408554	1.875561	1.632831	4	122	118	925.322
-1.884956	1.074029	1.909193	140	132	105	925.300
0.418879	0.605711	0.598454	123	135	103	925.280
-1.151917	0.740650	1.681075	135	138	98	925.103
0.104720	0.519001	1.900488	7	143	100	925.082
2.199115	1.206585	0.933648	136	136	99	925.081
-0.942478	0.415893	1.464890	127	135	101	924.958
2.303835	2.267390	0.878499	125	122	119	924.852
2.303835	1.391699	-0.288725	139	123	122	924.835
-3.141593	2.085731	0.671081	13	124	122	924.813
0.418879	0.740650	1.681075	2	5	98	924.700
-1.989675	1.803705	0.881076	16	3	109	924.694
-2.303835	1.331651	2.344497	141	121	108	924.677
-1.884956	1.803705	0.881076	16	6	109	924.637
1.256637	0.602620	0.029270	127	135	104	924.610
-1.466077	0.970108	1.990771	3	139	98	924.561
1.570796	1.239414	0.348959	130	125	115	924.529
1.780236	0.759859	0.351923	139	129	104	924.453
-0.942478	1.772673	-2.864760	40	124	8	924.402
-1.466077	0.737893	1.866463	139	141	96	924.384
-2.722714	2.676626	2.335353	127	121	134	924.381
1.884956	2.450821	0.084741	128	121	133	924.361
2.199115	2.007301	0.142337	134	121	124	924.336
-1.047198	1.426725	2.102242	13	139	107	924.335
1.989675	1.284798	0.078209	137	120	120	924.323
-2.303835	1.770735	0.537245	18	1	112	924.143
2.303835	1.074204	0.545276	137	126	104	924.058
2.094395	1.131400	-0.306629	135	122	119	924.050
2.199115	1.912224	0.366565	131	122	118	923.970
2.513274	1.990470	0.580283	137	121	117	923.927
-1.466077	1.016938	2.270674	3	128	105	923.904
0.733038	0.941718	1.125085	133	2	96	923.753
-1.570796	0.594963	2.997575	6	112	126	923.625
-2.303835	1.247736	2.242810	140	124	106	923.607
-2.827433	1.990470	0.580283	16	136	117	923.583
1.047198	1.031435	1.241021	135	2	96	923.577
1.675516	1.168025	0.717075	125	121	112	923.544
0.418879	0.540208	1.400497	141	135	99	923.540
-2.199115	2.026074	0.300945	22	7	121	923.510
0.104720	0.671396	1.004859	128	138	99	923.450
2.722714	1.713452	0.789419	140	118	114	923.432
-2.513274	1.925185	0.231170	22	2	120	923.359
-0.942478	0.869748	2.095969	3	135	101	923.299
-2.094395	1.958989	0.712772	19	3	114	923.293
2.827433	2.645260	1.570203	125	121	128	923.252
1.884956	0.730751	0.522488	137	129	100	923.193
2.408554	1.911828	-0.364489	138	123	130	923.107
-0.942478	0.772218	2.227380	3	132	102	923.041
-0.628319	0.560531	2.378474	7	120	122	923.035
-1.989675	1.495297	2.007188	12	136	101	922.999
-1.989675	0.632797	1.989858	128	134	102	922.988
-0.837758	1.691817	2.061688	17	2	111	922.983
2.617994	2.355120	0.388593	142	119	127	922.942
-0.104720	0.532541	0.978737	126	137	100	922.834
-1.466077	2.278618	1.170386	22	8	124	922.781
2.408554	2.825762	1.085035	125	121	133	922.619
1.256637	1.648538	-2.855044	134	16	29	922.613
-2.617994	1.846644	1.113766	7	129	109	922.582
0.314159	0.410700	0.270433	117	136	107	922.541
2.722714	1.914854	1.214468	8	105	138	922.516
-2.722714	2.517528	1.923289	135	118	126	922.439
1.989675	1.339410	0.900087	135	129	105	922.424
-1.256637	1.388849	2.233847	13	133	109	922.412
-1.780236	1.969112	1.088273	21	1	116	922.406
0.628319	0.636205	1.561170	2	2	98	922.339
-0.837758	0.970108	1.990771	4	138	100	922.270
2.827433	1.969112	1.088273	135	118	117	922.117
0.209440	0.737893	1.866463	6	5	99	922.077
-0.314159	1.074029	1.909193	8	10	99	922.072
2.094395	1.713452	0.789419	124	121	116	921.969
-0.837758	1.124930	2.219917	10	138	104	921.962
-2.094395	0.308059	2.021491	120	138	104	921.952
1.780236	1.284798	0.078209	132	121	120	921.908
2.094395	2.435993	0.683844	123	122	125	921.889
2.932153	1.933878	0.034150	23	130	136	921.843
0.942478	0.788382	1.331051	139	140	97	921.753
-1.570796	1.085085	2.377673	3	125	107	921.741
2.199115	1.305241	-2.530249	111	139	27	921.684
0.942478	0.814161	1.010949	6	122	127	921.635
2.617994	0.929031	0.185383	3	125	106	921.544
2.827433	1.804124	1.264249	133	120	111	921.506
3.036873	1.622114	0.701509	4	123	112	921.501
0.837758	0.788382	1.331051	138	140	97	921.471
2.303835	1.382562	0.177141	139	124	113	921.445
-2.513274	1.865912	0.624453	16	138	114	921.440
-1.361357	1.026525	2.506945	7	126	108	921.271
2.722714	1.336522	0.435098	7	126	109	921.261
-2.199115	1.568892	2.098362	10	130	104	921.253
-2.513274	1.914854	1.214468	7	129	110	921.227
-2.094395	1.509287	2.204647	9	130	103	921.150
0.104720	1.084151	1.618525	143	13	98	921.137
2.094395	1.375020	-0.170393	135	122	120	920.932
2.932153	2.645260	1.570203	128	119	128	920.931
-2.722714	1.240183	2.587255	127	121	110	920.925
2.722714	1.601408	0.242409	7	122	118	920.900
2.617994	2.307301	1.336200	1	102	2	920.834
-0.942478	0.294107	1.593880	125	132	103	920.825
-2.827433	2.048538	0.806623	12	124	121	920.720
2.932153	1.622114	0.701509	2	121	112	920.689
-0.837758	2.245628	-1.899216	141	118	137	920.646
1.780236	1.273606	0.224545	133	122	118	920.571
-2.199115	1.087142	2.058815	130	131	106	920.457
-1.675516	1.072154	1.761506	3	139	98	920.432
-1.256637	1.314142	2.139329	10	134	106	920.422
2.932153	1.184804	0.593386	5	128	105	920.386
0.104720	0.849888	1.767901	3	7	98	920.381
2.094395	0.977824	0.441928	135	127	102	920.336
2.408554	1.150348	-0.176418	139	117	117	920.217
-1.361357	0.889834	2.529957	9	131	104	920.171
2.513274	2.213937	0.621892	135	120	121	920.078
-1.780236	0.626379	1.773610	130	137	101	920.043
2.199115	2.014149	0.444138	130	122	119	920.003
-2.408554	0.937910	2.787575	128	120	114	920.001
2.303835	1.027004	-0.203653	141	123	116	919.994
0.314159	0.671396	1.004859	130	136	99	919.970
-2.932153	2.049006	1.199930	143	119	123	919.821
-1.570796	0.889834	2.529957	1	124	108	919.770
1.989675	1.634747	-2.426198	121	1	36	919.691
2.408554	2.309655	0.726020	130	120	122	919.667
-1.884956	1.157331	-2.906362	11	109	133	919.660
2.827433	1.273606	0.224545	5	123	112	919.616
2.827433	1.206950	-0.037248	5	121	115	919.453
-0.104720	0.540208	1.400497	138	141	96	919.451
-0.628319	1.074029	1.909193	8	6	99	919.398
-0.942478	1.728940	1.931535	16	3	110	919.379
1.361357	0.470622	0.014002	132	134	103	919.375
1.047198	0.632622	-0.737642	110	137	121	919.358
-1.780236	1.846644	1.113766	19	1	113	919.357
2.199115	1.382562	0.177141	137	124	113	919.320
3.036873	2.355120	0.388593	15	122	131	919.302
-2.094395	1.834787	0.751968	17	2	111	919.288
-0.628319	1.351855	-1.855234	6	7	37	919.198
2.408554	1.458370	0.400433	141	124	111	919.118
-1.884956	0.378103	2.646436	133	128	103	919.018
3.036873	2.052794	-0.008526	10	124	132	918.999
1.780236	1.999226	-0.620717	131	123	140	918.961
2.094395	1.410840	0.056219	134	123	116	918.959
-3.141593	1.786634	-0.346247	19	131	133	918.897
-1.884956	0.704080	2.911636	0	123	107	918.824
-0.733038	1.691817	2.061688	17	5	110	918.820
-2.513274	1.883504	1.360457	5	127	109	918.790
1.466077	1.289408	0.683122	129	130	109	918.634
-0.628319	1.125217	1.336294	140	7	98	918.617
2.617994	1.480878	1.194576	136	121	108	918.453
-3.141593	2.341931	1.023926	8	120	125	918.394
-0.418879	0.712883	1.174216	131	142	98	918.332
1.256637	0.680326	-0.133370	118	128	114	918.266
2.094395	2.309655	0.726020	122	123	122	918.266
2.827433	1.410840	0.056219	5	120	118	918.265
0.418879	0.404273	0.918163	131	130	102	918.255
2.094395	0.952433	0.584347	136	130	100	918.183
2.722714	1.969112	1.088273	133	118	117	918.179
-1.989675	1.072154	1.761506	140	134	104	918.168
3.036873	2.048538	0.806623	9	122	120	918.118
-2.199115	2.324731	1.511186	15	131	118	918.039
1.884956	1.209341	0.471162	127	118	116	918.021
-1.047198	0.519001	1.900488	134	128	108	917.985
-1.151917	1.085085	2.377673	13	138	104	917.909
2.722714	1.553895	0.489607	5	123	112	917.878
0.418879	0.284058	0.357350	120	131	107	917.853
-1.466077	1.158594	2.487618	8	125	109	917.797
-0.837758	0.757389	1.501184	138	4	95	917.792
0.733038	0.814161	1.010949	134	142	97	917.769
2.513274	2.309655	0.726020	133	120	122	917.687
1.884956	1.053682	0.689863	132	119	111	917.602
-1.884956	0.844883	2.679708	0	124	106	917.598
-3.036873	1.892348	0.496522	15	133	116	917.589
-1.256637	2.324731	1.511186	23	6	124	917.498
0.314159	0.859754	1.603292	142	1	97	917.486
-2.303835	1.769149	1.550298	5	128	107	917.441
-0.628319	1.226043	-1.693533	4	11	34	917.403
-1.151917	1.817772	-1.689625	1	142	42	917.379
-1.466077	2.489741	-2.468428	139	121	133	917.279
-1.780236	1.016938	2.270674	141	126	106	917.270
1.989675	1.573572	1.278593	135	106	136	917.260
-1.780236	0.721019	2.721536	0	125	105	917.213
0.523599	0.497870	0.727828	128	131	103	917.212
2.722714	1.673557	0.452526	5	122	115	917.140
-1.361357	0.482460	2.849843	4	114	125	917.031
-1.989675	1.767999	1.004737	19	142	112	916.999
2.932153	1.803705	0.881076	143	119	115	916.995
-1.780236	1.285402	-2.882049	15	108	135	916.971
-2.094395	2.423692	1.392696	18	135	120	916.961
-2.303835	2.125183	2.445598	139	119	121	916.887
2.408554	1.012180	0.304066	2	128	107	916.846
2.513274	1.310722	0.558267	1	126	107	916.838
0.000000	0.532541	0.978737	127	136	100	916.786
-2.094395	0.817846	2.390688	132	125	108	916.760
2.513274	1.103208	1.477773	141	127	102	916.628
-1.466077	0.636205	1.561170	131	140	100	916.622
2.094395	1.724852	0.202831	131	123	118	916.554
-0.733038	1.194360	2.110440	10	142	103	916.524
3.036873	2.156337	1.151558	140	117	122	916.521
2.513274	1.546010	1.523462	128	124	106	916.510
-2.617994	1.964774	1.855507	137	121	115	916.488
-0.733038	0.405617	1.773533	133	130	101	916.407
-1.361357	1.769149	1.550298	13	5	106	916.345
-1.780236	0.750102	2.050636	138	133	99	916.321
2.617994	0.965426	1.686615	142	134	98	916.315
-0.209440	0.882554	1.443757	140	7	96	916.249
-0.628319	0.757389	1.501184	139	3	96	916.249
-2.094395	0.750102	2.050636	130	132	105	916.230
-1.466077	0.893140	2.251698	0	128	104	916.227
-0.733038	0.519001	1.900488	137	132	100	916.122
2.094395	1.696386	0.328123	131	124	115	916.079
1.047198	0.632797	1.989858	3	131	108	916.072
-1.780236	0.817846	2.390688	142	131	100	916.065
-1.570796	0.519001	1.900488	129	133	101	916.046
-1.884956	0.594963	2.997575	142	123	106	916.044
-2.094395	1.969112	1.088273	20	137	116	916.042
0.209440	0.405617	1.773533	6	139	101	916.042
-2.408554	1.892348	0.496522	19	142	116	916.012
-1.361357	1.103208	1.477773	4	4	97	916.011
1.675516	1.999226	-0.620717	129	123	140	915.921
0.733038	0.424766	-0.258729	113	136	113	915.894
-2.094395	2.324731	1.511186	16	133	118	915.879
-1.151917	0.772218	2.227380	1	130	102	915.845
-2.094395	0.806832	3.022155	142	120	110	915.731
-1.989675	1.732838	1.127584	13	142	106	915.499
-1.989675	1.969112	1.088273	20	141	116	915.481
2.827433	1.914854	1.214468	133	119	115	915.399
2.094395	1.492424	-0.190932	134	122	122	915.316
2.199115	0.977824	0.441928	137	127	103	915.312
-1.466077	0.540208	1.400497	128	142	100	915.255
2.408554	1.546010	1.523462	126	125	106	915.229
-1.570796	0.975253	2.641082	4	122	110	915.134
0.000000	1.006146	1.389734	138	10	97	915.114
-1.466077	0.961838	1.839284	2	141	97	915.089
-1.151917	1.331651	2.344497	17	139	107	915.037
2.932153	1.732838	1.127584	139	120	111	915.033
1.151917	1.218146	-0.672643	111	135	130	915.010
-2.303835	1.201164	2.355931	139	123	106	914.992
-1.256637	0.819323	2.845960	15	116	125	914.935
-1.989675	0.993052	2.137478	137	128	106	914.906
2.199115	2.129501	0.238290	132	121	124	914.867
1.570796	0.605711	0.598454	141	132	101	914.812
-0.837758	0.882554	1.443757	136	1	97	914.785
-1.570796	2.216256	1.020029	22	9	123	914.784
-2.722714	2.203804	1.756176	137	119	120	914.770
2.408554	1.912224	0.366565	137	122	118	914.650
2.199115	1.139877	0.276382	135	122	108	914.580
0.314159	0.532541	0.978737	130	133	101	914.580
2.303835	2.026074	0.300945	134	121	121	914.547
-0.837758	1.426725	2.102242	14	142	108	914.525
-0.733038	0.283625	2.405603	2	114	125	914.449
-2.303835	1.865912	0.624453	18	143	113	914.317
2.827433	1.643925	1.034629	138	121	109	914.309
-1.884956	1.691817	2.061688	17	136	106	914.302
-1.361357	1.072154	1.761506	4	1	98	914.271
1.047198	0.829531	0.665695	1	118	130	914.256
-1.570796	1.084151	1.618525	0	139	102	914.240
-1.989675	0.947774	2.395256	137	123	109	914.237
-1.675516	1.969112	1.088273	20	5	116	914.214
-1.570796	1.124930	2.219917	7	135	101	914.201
-1.047198	0.404273	0.918163	129	1	102	914.164
-2.199115	1.649932	0.576808	17	5	110	914.099
-2.199115	2.005145	0.941012	20	137	118	914.087
2.408554	1.131400	-0.306629	138	117	119	914.039
1.466077	1.184804	0.593386	119	124	115	914.012
1.989675	1.001920	0.848054	137	121	107	913.984
1.780236	1.012180	0.304066	137	123	114	913.932
-1.256637	0.505463	2.594557	2	117	122	913.912
1.466077	0.605711	0.598454	140	132	101	913.862
-1.151917	1.221608	1.421669	5	11	98	913.860
2.408554	1.958989	0.712772	132	122	114	913.829
-0.942478	0.636205	1.561170	133	137	98	913.801
-1.361357	0.757389	1.501184	134	141	99	913.733
1.675516	0.730751	0.522488	139	131	102	913.667
-1.570796	0.700065	3.115430	11	110	128	913.568
-1.151917	1.612085	1.968802	18	5	107	913.472
-0.837758	1.630007	1.844552	14	5	107	913.429
-1.466077	0.652440	2.197129	140	134	99	913.390
2.513274	1.427868	0.984637	135	124	107	913.340
0.314159	0.385088	0.590355	123	132	105	913.239
-0.523599	0.540208	1.400497	130	136	99	913.176
-2.827433	1.958989	0.712772	15	135	114	913.145
-1.047198	1.125217	1.336294	1	12	97	913.136
2.094395	1.339410	0.900087	138	130	105	913.132
2.827433	1.649932	0.576808	6	124	112	913.118
-2.094395	0.849888	1.767901	133	136	102	913.091
-0.523599	0.788382	1.331051	131	1	97	913.086
-2.617994	2.156337	1.151558	13	129	114	913.072
1.151917	0.712883	1.174216	140	137	98	913.023
0.000000	0.757389	1.501184	139	140	97	912.865
2.513274	1.433341	0.524268	0	124	109	912.820
2.722714	1.732838	1.127584	133	121	110	912.771
-2.932153	1.866694	2.473686	126	117	121	912.724
0.418879	0.913918	1.287618	135	143	97	912.641
-1.466077	1.184734	1.968919	9	140	100	912.478
-1.675516	1.124930	2.219917	6	133	101	912.475
0.942478	3.011274	0.434110	5	117	138	912.362
2.722714	1.696386	0.328123	6	123	118	912.346
-1.466077	0.919522	2.948277	16	113	127	912.311
0.314159	0.540208	1.400497	140	135	99	912.286
-1.780236	0.970108	1.990771	139	131	104	912.142
0.209440	0.519001	1.900488	7	0	100	912.132
-0.628319	0.712883	1.174216	131	143	98	912.044
-1.151917	0.636205	1.561170	132	138	99	912.013
-1.989675	1.568892	2.098362	13	134	103	912.011
2.617994	1.456736	1.323154	134	123	106	911.980
-2.408554	1.883504	1.360457	7	128	109	911.908
-1.780236	1.124930	2.219917	0	126	107	911.900
-3.036873	2.747398	1.727166	132	118	131	911.891
-2.408554	2.048538	0.806623	20	133	120	911.887
2.303835	1.832690	-0.468440	136	123	131	911.842
3.036873	1.803705	0.881076	2	120	115	911.830
0.837758	0.630671	0.391949	128	142	100	911.755
2.199115	1.450513	-0.400625	136	122	125	911.739
1.047198	0.941718	1.125085	133	139	98	911.709
-2.827433	2.085731	0.671081	14	125	123	911.676
2.932153	1.310722	0.558267	5	126	108	911.655
-0.523599	0.869748	2.095969	5	140	100	911.631
0.418879	0.588527	1.181755	136	135	99	911.607
1.989675	0.630671	0.391949	140	129	101	911.590
-3.036873	2.048538	0.806623	14	125	120	911.575
2.513274	1.834787	0.751968	134	117	117	911.565
2.303835	2.354868	0.211543	137	119	129	911.519
2.827433	1.793737	0.410270	7	123	118	911.518
2.932153	1.273606	0.224545	7	124	112	911.498
-1.256637	0.190569	1.929141	126	127	112	911.432
2.932153	1.679696	0.912482	143	120	111	911.390
-3.141593	2.267390	0.878499	10	121	124	911.340
2.827433	1.713452	0.789419	143	119	114	911.318
1.047198	0.630671	0.391949	131	139	101	911.300
2.094395	1.854119	0.134161	0	104	8	911.178
-1.570796	1.108079	2.612943	6	122	111	911.140
-1.151917	0.893140	2.251698	4	131	103	911.086
1.675516	0.884060	0.334199	128	127	104	911.078
-2.094395	2.321510	1.685664	14	130	118	911.033
-1.570796	0.721019	2.721536	4	114	124	911.016
-1.675516	1.087142	2.058815	0	130	104	911.000
2.199115	0.864300	0.043549	137	122	108	910.996
2.094395	1.661936	0.001037	133	122	121	910.945
1.256637	0.814161	1.010949	136	134	99	910.906
-1.570796	1.886971	-2.196665	6	138	36	910.872
0.523599	0.616968	0.820489	129	133	102	910.829
-2.932153	1.865912	0.624453	12	125	118	910.828
2.199115	0.884060	0.334199	0	130	105	910.786
0.523599	0.588527	1.181755	136	135	99	910.769
-0.837758	0.415893	1.464890	127	135	100	910.685
-2.408554	1.748077	1.804354	1	121	116	910.672
-2.513274	1.922616	0.844633	18	130	117	910.644
-2.617994	1.283786	2.462124	131	121	109	910.629
2.303835	2.085731	0.671081	130	121	117	910.545
1.466077	0.673985	0.203855	130	135	102	910.420
1.570796	1.168025	0.717075	133	129	107	910.420
-0.418879	0.869748	2.095969	10	4	100	910.418
-0.837758	0.405617	1.773533	133	130	101	910.383
-1.884956	1.026525	2.506945	141	121	110	910.383
3.036873	2.278618	1.170386	2	118	122	910.274
-3.036873	2.049502	-0.137989	15	126	133	910.244
-1.151917	0.829816	1.167147	136	3	102	910.237
0.837758	0.540208	1.400497	0	137	98	910.220
2.303835	2.341931	1.023926	138	102	7	910.180
1.780236	1.184569	0.147517	133	122	117	910.141
2.094395	1.622749	0.121426	133	122	118	909.967
1.884956	0.630671	0.391949	0	130	103	909.837
-1.675516	0.970108	1.990771	141	131	104	909.837
-2.513274	1.158594	2.487618	133	122	107	909.819
-1.675516	0.426507	2.367872	134	131	101	909.801
-1.466077	0.493314	3.117264	8	111	128	909.732
-1.989675	0.750102	2.050636	131	132	103	909.725
-2.094395	1.912224	0.366565	20	9	118	909.712
1.884956	1.289408	0.683122	129	118	115	909.683
-0.837758	1.808822	-1.817375	0	0	40	909.649
-0.418879	0.459270	1.191562	126	136	100	909.625
-0.523599	1.074029	1.909193	4	1	99	909.586
0.628319	1.006146	1.389734	137	7	96	909.331
-2.199115	2.203804	1.756176	10	127	115	909.310
-1.151917	1.568892	2.098362	16	139	110	909.285
2.303835	1.458370	0.400433	139	123	112	909.254
-1.675516	0.993052	2.137478	2	135	99	909.210
-2.617994	2.099185	1.667006	142	121	116	909.151
1.780236	0.977824	0.441928	138	125	110	909.125
-2.513274	2.214075	1.600691	7	124	115	909.118
-1.151917	0.534610	2.154808	141	134	100	909.099
-2.199115	2.423692	1.392696	17	133	121	909.026
1.675516	1.915763	-0.724679	128	124	140	908.888
-0.733038	0.750102	2.050636	1	135	100	908.826
2.827433	1.118930	0.045983	5	123	112	908.818
-0.837758	0.636205	1.561170	133	137	98	908.756
2.303835	1.572701	-2.528730	114	138	33	908.737
0.837758	2.244355	0.309899	118	132	131	908.704
-3.036873	1.936327	-0.099350	15	128	131	908.618
-0.837758	1.031435	1.241021	138	6	98	908.582
-1.047198	0.518569	1.644237	130	135	99	908.534
1.884956	0.952433	0.584347	132	119	111	908.531
-0.314159	0.970108	1.990771	9	8	99	908.525
-1.047198	1.331651	2.344497	18	141	107	908.516
2.408554	1.601408	0.242409	140	123	115	908.444
-0.209440	0.970108	1.990771	4	1	99	908.354
0.628319	0.757389	1.501184	143	3	97	908.349
-2.303835	2.237183	0.468799	23	3	123	908.341
-1.361357	1.642346	1.722617	12	1	104	908.305
2.199115	1.892348	0.496522	130	123	116	908.216
2.199115	2.237183	0.468799	130	120	123	908.213
-1.151917	1.797469	-1.169105	141	2	42	908.130
-3.036873	2.156337	1.151558	7	121	119	908.094
2.094395	2.052794	-0.008526	133	121	127	908.072
2.199115	1.239414	0.348959	139	126	108	908.068
2.513274	2.642029	0.813274	134	117	130	908.047
-2.094395	0.519001	1.900488	125	138	102	908.029
1.989675	1.378096	0.774626	135	127	107	907.620
2.827433	1.209341	0.471162	3	126	107	907.614
2.932153	1.793737	0.410270	10	124	117	907.598
-2.932153	1.553895	0.489607	14	129	114	907.595
0.628319	0.542006	0.228337	119	133	107	907.540
-2.513274	1.240183	2.587255	132	120	111	907.514
-1.361357	0.560531	2.378474	142	132	101	907.509
1.256637	0.673985	0.203855	124	127	109	907.452
-1.361357	1.630007	1.844552	12	142	104	907.443
2.513274	1.074204	0.545276	142	126	104	907.382
-2.303835	1.793737	0.410270	19	2	115	907.376
0.733038	1.006146	1.389734	137	7	96	907.372
-0.942478	1.691817	2.061688	17	1	110	907.309
2.827433	1.480942	0.273235	4	121	115	907.260
-1.151917	0.844883	2.679708	13	120	124	907.259
-0.942478	1.522373	1.764991	11	3	105	907.198
1.884956	1.673557	0.452526	122	120	122	907.194
1.780236	1.177998	1.061256	130	124	105	907.109
2.932153	1.466050	0.862104	2	124	108	907.109
2.199115	2.354868	0.211543	134	119	129	907.067
1.361357	0.859723	-0.734928	114	130	123	907.033
3.036873	1.770735	0.537245	11	126	115	907.011
-1.675516	2.216256	1.020029	23	6	123	906.985
-2.199115	0.970108	1.990771	133	132	104	906.859
-2.408554	2.213937	0.621892	21	142	120	906.840
-0.628319	0.405617	1.773533	134	130	101	906.801
-1.256637	0.652440	2.197129	139	129	102	906.766
-0.314159	0.788382	1.331051	134	142	97	906.749
-2.303835	2.180752	1.908485	5	123	116	906.738
-1.256637	0.405617	1.773533	127	133	101	906.734
0.628319	0.829816	1.167147	136	0	96	906.681
-0.942478	1.393612	1.952016	11	143	105	906.612
-2.199115	0.852911	1.933394	132	133	104	906.564
1.570796	0.864300	0.043549	120	126	109	906.561
2.408554	2.394960	0.862133	128	120	123	906.487
1.570796	1.409552	0.647980	128	129	111	906.471
-0.733038	0.852911	1.933394	1	137	99	906.421
2.408554	2.460902	0.490079	135	119	127	906.343
2.094395	1.053682	0.689863	139	133	101	906.261
-0.418879	0.518569	1.644237	136	133	100	906.220
-0.733038	1.522373	1.764991	10	6	105	906.220
2.827433	1.103783	0.408254	4	127	106	906.165
-2.094395	1.846644	1.113766	15	140	108	906.053
-1.675516	0.519001	1.900488	128	134	102	905.912
0.209440	0.497870	0.727828	124	134	102	905.860
1.884956	1.206585	0.933648	131	121	108	905.826
-1.151917	0.817846	2.390688	4	129	104	905.748
2.827433	1.433341	0.524268	18	109	136	905.739
2.094395	2.131178	0.386663	128	121	122	905.715
-1.780236	1.087142	2.058815	142	129	104	905.681
-1.151917	1.509287	2.204647	16	136	110	905.555
-2.199115	0.975253	2.641082	133	120	112	905.521
-1.151917	0.519001	1.900488	137	137	98	905.471
2.932153	1.622749	0.121426	13	125	121	905.469
2.199115	1.258993	-0.284099	137	122	120	905.446
-1.256637	1.103208	1.477773	4	5	97	905.445
-1.256637	1.203760	1.556404	6	7	98	905.411
1.884956	0.929031	0.185383	130	124	106	905.342
2.932153	1.673557	0.452526	10	125	114	905.282
-2.303835	1.622114	0.701509	15	0	108	905.213
0.209440	0.385088	0.590355	121	133	105	905.208
0.104720	0.757389	1.501184	139	141	97	905.205
-1.361357	1.321019	-2.749776	32	111	3	905.187
2.094395	1.076262	0.966104	139	122	105	905.168
2.722714	1.529788	0.613208	14	107	137	905.096
2.094395	2.340210	0.562145	125	122	124	905.078
-1.151917	0.859754	1.603292	141	4	95	904.854
-0.733038	0.426507	2.367872	3	117	123	904.805
1.780236	0.715701	0.699906	143	135	100	904.750
1.047198	0.404273	0.918163	141	129	102	904.745
-1.047198	0.759800	2.546181	11	121	122	904.730
1.675516	0.735125	0.037270	125	124	107	904.670
2.617994	1.846644	1.113766	129	120	113	904.648
1.989675	1.529788	0.613208	129	128	107	904.642
-2.199115	0.889834	2.529957	132	123	110	904.624
-0.837758	1.401926	1.822930	12	10	102	904.528
-2.513274	1.732838	1.127584	8	132	106	904.449
-2.199115	1.912224	0.366565	20	6	117	904.364
-0.628319	0.415893	1.464890	129	133	100	904.363
1.989675	1.151198	1.197016	135	126	102	904.356
-2.303835	0.869748	2.095969	134	132	99	904.321
-1.884956	1.072154	1.761506	140	135	104	904.233
-1.780236	0.806832	3.022155	5	122	110	904.162
-0.418879	0.829816	1.167147	133	1	98	904.073
-2.303835	1.679696	0.912482	13	141	106	904.032
0.733038	0.540208	1.400497	1	142	99	904.016
-2.617994	2.303283	1.855938	139	118	123	904.004
2.513274	1.649932	0.576808	9	105	140	903.914
1.361357	1.001920	0.848054	122	127	106	903.898
1.256637	1.218146	-0.672643	112	132	130	903.804
1.675516	0.937395	0.729108	128	123	108	903.755
2.827433	1.466050	0.862104	143	123	107	903.750
-1.780236	0.560531	2.378474	136	130	101	903.699
0.628319	0.540208	1.400497	1	142	99	903.694
-1.151917	0.459270	1.191562	125	143	101	903.619
-0.209440	0.852911	1.933394	7	5	98	903.617
-1.884956	0.817846	2.390688	136	124	108	903.581
2.513274	2.267390	0.878499	130	121	119	903.516
1.151917	2.026074	0.300945	110	127	141	903.476
1.884956	1.184804	0.593386	137	127	108	903.469
-3.036873	1.529788	0.613208	10	127	111	903.463
1.047198	0.673985	0.203855	126	139	102	903.450
0.209440	0.616968	0.820489	125	137	101	903.397
-0.942478	0.588527	1.181755	128	0	99	903.366
2.722714	1.070157	-0.073422	4	121	113	903.334
-2.094395	0.889834	2.529957	134	122	111	903.263
-1.361357	2.423190	1.789783	24	142	128	903.250
-1.256637	0.632708	2.566722	1	133	99	903.212
-0.104720	0.329984	1.201621	129	130	103	903.188
-1.989675	1.016938	2.270674	137	126	107	903.130
-2.199115	1.713452	0.789419	15	1	108	903.111
1.884956	1.076262	0.966104	134	122	105	903.071
1.570796	0.759859	0.351923	135	129	104	903.020
2.303835	2.460902	0.490079	132	119	128	903.014
-1.047198	1.898741	-2.875735	40	121	11	902.964
1.151917	2.825762	1.085035	6	119	136	902.949
2.094395	1.168025	0.717075	141	129	106	902.947
0.209440	0.540208	1.400497	139	135	99	902.910
-1.047198	1.522373	1.764991	14	10	104	902.908
-2.199115	2.321510	1.685664	12	128	118	902.887
1.780236	1.310722	0.558267	133	126	110	902.874
0.104720	0.859754	1.603292	142	0	97	902.827
2.408554	0.952433	0.584347	141	128	102	902.785
2.722714	1.139877	0.276382	8	128	110	902.730
3.036873	1.458370	0.400433	12	130	112	902.708
1.675516	1.206585	0.933648	126	123	108	902.697
-1.256637	1.026525	2.506945	9	128	108	902.483
-3.036873	1.561127	1.401111	5	124	108	902.472
2.827433	1.055458	0.170394	5	125	109	902.462
-2.199115	2.303283	1.855938	9	124	119	902.461
-2.303835	2.324731	1.511186	13	129	118	902.457
1.047198	0.532541	0.978737	139	132	100	902.452
2.199115	1.074204	0.545276	141	130	103	902.307
2.932153	2.642029	0.813274	5	115	133	902.285
-1.256637	0.937910	2.787575	14	132	108	902.254
1.256637	0.532541	0.978737	142	132	100	902.241
1.570796	1.184804	0.593386	132	128	110	902.221
1.780236	1.119777	0.834702	130	121	109	902.218
1.151917	0.385088	0.590355	137	126	104	902.209
-2.303835	0.594963	2.997575	134	123	107	902.208
-1.361357	0.740650	1.681075	135	137	99	902.183
1.780236	0.803813	0.191520	136	126	107	902.086
2.408554	1.322568	1.499415	130	128	102	902.071
-0.733038	0.829816	1.167147	133	3	98	902.064
2.094395	1.074204	0.545276	143	127	108	901.899
-2.303835	2.230554	2.171334	1	120	120	901.844
2.408554	0.939144	-0.092962	141	120	112	901.792
2.513274	0.961838	1.839284	139	136	97	901.743
-0.523599	1.103208	1.477773	0	12	97	901.730
2.932153	1.529788	0.613208	5	122	112	901.729
-2.408554	2.321510	1.685664	8	124	118	901.713
2.199115	1.284798	0.078209	138	123	115	901.670
2.617994	1.433341	0.524268	3	124	109	901.653
-1.466077	2.341931	1.023926	22	11	125	901.649
-1.570796	2.324731	1.511186	23	141	124	901.618
2.094395	1.206585	0.933648	137	120	108	901.604
1.361357	0.385088	0.590355	141	126	104	901.595
1.570796	0.937395	0.729108	126	124	108	901.567
1.466077	0.385088	0.590355	132	129	100	901.519
1.780236	0.829816	1.167147	136	130	100	901.427
1.884956	1.300924	1.022478	127	124	108	901.403
0.733038	0.415893	1.464890	5	140	100	901.321
-1.466077	2.049006	1.199930	21	8	117	901.262
2.199115	1.336522	0.435098	137	126	108	901.225
-2.408554	2.129501	0.238290	22	4	124	901.190
-2.617994	1.875561	1.632831	141	123	110	901.186
2.199115	2.825762	1.085035	121	124	133	901.155
-0.942478	1.340441	-1.731580	9	5	36	901.137
1.466077	1.957868	-0.490784	123	125	137	901.118
-3.036873	1.846644	1.113766	3	120	113	901.065
1.675516	1.119777	0.834702	127	122	108	901.061
0.000000	0.632797	1.989858	8	2	100	901.031
-2.408554	1.865912	0.624453	17	140	114	901.026
2.408554	1.074204	0.545276	139	126	104	900.978
