160	1.2
0.000000	0.000000	0.000000
rece2_m.pdb	54.675	87.230	19.860
ligand_m.pdb	2.113	48.188	51.889
0.628319	2.343265	-0.779061	137	144	43	1196.843
-3.141593	1.481086	2.890269	129	136	11	1182.374
-3.141593	1.402149	2.788898	130	137	8	1176.824
-3.141593	1.487886	-3.066037	129	136	18	1165.490
0.523599	2.460199	-0.822008	139	143	44	1162.976
-3.141593	1.361196	2.914780	129	137	10	1148.725
0.523599	2.343265	-0.779061	136	145	42	1146.942
-3.036873	1.431907	3.015410	130	134	13	1138.597
-3.141593	1.431907	3.015410	129	136	13	1136.705
0.418879	2.343265	-0.779061	136	147	43	1135.575
3.036873	1.392869	3.136903	127	138	15	1135.424
2.932153	0.947774	2.395256	134	142	2	1134.787
-3.036873	1.560345	2.985899	130	134	14	1128.140
0.523599	2.338083	-0.943400	139	145	44	1127.119
-3.036873	0.970108	1.990771	140	141	158	1119.823
3.036873	1.487886	-3.066037	127	138	18	1112.988
3.036873	1.268591	-3.122146	127	138	14	1111.854
-3.141593	1.392869	3.136903	129	136	15	1108.286
-3.036873	1.481086	2.890269	130	134	11	1094.523
-1.151917	0.279854	0.814581	137	1	144	1093.949
-2.932153	1.481086	2.890269	133	132	11	1090.572
-2.932153	1.522237	3.102018	132	132	16	1090.113
2.827433	1.026525	2.506945	132	142	5	1084.116
0.314159	2.338083	-0.943400	138	148	44	1084.001
2.827433	0.889834	2.529957	132	144	4	1083.897
0.418879	2.223375	-0.906185	136	149	43	1082.768
0.418879	2.460199	-0.822008	137	144	43	1081.815
0.418879	2.338083	-0.943400	138	146	44	1079.109
0.628319	2.335096	-0.588468	133	144	40	1076.923
3.036873	0.893140	2.251698	136	143	0	1075.386
1.256637	0.607708	-1.541026	127	153	21	1075.283
-3.036873	1.444527	2.664744	132	135	6	1074.219
-3.141593	2.635396	1.848850	143	121	18	1072.903
-3.141593	0.869748	2.095969	138	143	158	1070.573
-3.036873	1.392869	3.136903	131	133	15	1070.254
2.722714	1.026525	2.506945	131	144	5	1066.247
-3.141593	0.993052	2.137478	137	141	159	1065.711
-3.036873	2.517528	1.923289	144	121	15	1065.580
-3.036873	1.522237	3.102018	130	133	16	1061.614
2.932153	1.360161	-3.018404	126	141	17	1061.587
-3.141593	1.360161	-3.018404	129	136	17	1061.021
-1.884956	0.294107	1.593880	138	146	151	1060.302
-1.047198	0.279854	0.814581	137	159	144	1060.054
2.932153	0.893140	2.251698	135	144	0	1059.412
-3.141593	2.538504	1.699812	146	120	15	1058.139
0.628319	2.460199	-0.822008	139	141	44	1056.097
3.036873	1.454061	-2.950416	127	138	20	1054.875
0.314159	2.226002	-1.060248	139	150	45	1054.016
2.827433	0.947774	2.395256	133	144	3	1053.533
0.733038	0.266262	-1.678068	133	4	1	1052.672
-3.141593	1.603064	2.865774	129	136	12	1051.565
1.047198	2.335096	-0.588468	136	137	41	1051.024
2.932153	1.454061	-2.950416	126	141	20	1049.083
3.036873	1.481086	2.890269	128	139	11	1048.441
3.036873	1.522237	3.102018	127	139	16	1046.200
-0.837758	0.284058	0.357350	136	155	153	1046.068
-3.141593	1.303305	3.043152	129	136	12	1044.423
3.036873	1.016938	2.270674	135	141	1	1038.156
3.036873	1.360161	-3.018404	127	138	17	1036.701
-3.141593	1.522237	3.102018	128	136	16	1036.568
3.036873	1.201164	2.355931	134	138	4	1035.637
-3.036873	1.361196	2.914780	130	134	10	1033.156
-3.141593	1.444527	2.664744	130	137	6	1033.130
0.523599	2.245973	-0.702234	133	147	40	1032.652
0.628319	2.122474	-0.648314	131	148	39	1032.367
-2.932153	1.361196	2.914780	132	132	10	1031.248
3.036873	2.747398	1.727166	143	121	20	1031.167
0.523599	2.453499	-1.008861	142	143	46	1028.543
-3.141593	1.454061	-2.950416	129	136	20	1027.609
1.361357	0.628626	-1.751180	127	155	21	1027.424
-2.932153	1.560345	2.985899	132	132	14	1027.246
-1.675516	1.823386	-1.429807	13	13	33	1027.222
2.932153	1.392869	3.136903	126	141	15	1026.066
-1.151917	0.404273	0.918163	139	150	150	1025.240
-2.722714	1.413639	1.697982	153	126	156	1024.937
0.628319	2.449191	-0.633651	136	142	42	1024.230
-0.104720	1.012180	0.304066	135	9	148	1023.978
0.209440	2.223375	-0.906185	137	153	43	1023.882
3.036873	1.431907	3.015410	127	139	13	1023.436
1.989675	1.622993	-2.221629	19	27	141	1022.863
3.036873	0.689777	2.385011	135	145	1	1022.254
3.036873	2.645260	1.570203	146	120	17	1022.237
3.036873	2.536533	1.466274	148	120	14	1022.183
2.722714	0.919522	2.948277	126	146	6	1020.233
0.628319	2.212686	-0.544809	130	146	38	1019.847
1.361357	0.499783	-1.654379	127	153	18	1018.490
-3.036873	1.487886	-3.066037	130	133	18	1017.699
2.827433	2.536533	1.466274	143	120	15	1016.692
0.837758	2.335096	-0.588468	135	141	41	1015.301
1.570796	2.676638	0.540364	134	130	35	1014.259
-3.036873	1.603064	2.865774	130	134	12	1013.956
-2.827433	0.594963	2.997575	136	130	7	1013.469
-2.827433	0.806832	3.022155	136	128	9	1012.957
2.932153	2.536533	1.466274	146	120	14	1012.381
1.361357	2.417386	-0.443097	140	130	30	1012.069
-3.141593	0.652440	2.197129	137	145	159	1010.962
2.932153	1.016938	2.270674	134	142	1	1010.926
3.036873	2.538504	1.699812	143	120	15	1010.630
1.466077	0.499783	-1.654379	127	150	18	1010.555
2.722714	0.889834	2.529957	132	146	4	1010.495
-3.036873	1.402149	2.788898	131	135	8	1009.922
-3.141593	0.400542	-2.995729	133	133	7	1009.402
2.932153	1.026525	2.506945	132	141	4	1007.298
1.361357	2.682152	0.245751	135	131	37	1006.532
3.036873	1.361196	2.914780	127	139	10	1005.701
-3.141593	1.560345	2.985899	128	136	14	1005.607
2.932153	1.085085	2.377673	133	140	3	1005.554
-2.932153	0.493314	3.117264	134	131	7	1005.031
0.418879	2.453499	-1.008861	140	143	45	1004.836
2.827433	2.849871	1.512012	143	122	22	1004.833
-3.036873	1.523102	2.765920	131	134	9	1004.155
0.733038	2.449191	-0.633651	136	140	42	1003.815
-3.141593	0.689777	2.385011	135	143	1	1003.766
3.036873	1.523102	2.765920	128	139	9	1003.094
1.570796	0.757046	-1.816019	128	151	26	1003.085
0.628319	2.245973	-0.702234	134	146	41	1002.148
3.036873	1.085085	2.377673	134	139	3	1000.692
1.361357	0.607708	-1.541026	126	150	21	1000.373
1.570796	1.589936	0.825020	132	130	0	1000.319
-3.036873	1.360161	-3.018404	131	133	17	1000.057
0.418879	2.336046	-1.115799	141	146	46	999.406
2.827433	0.481292	-2.529098	129	133	1	999.158
3.036873	0.947774	2.395256	134	141	2	999.024
-2.932153	1.074029	1.909193	142	139	158	998.764
-2.827433	0.737893	1.866463	141	144	157	998.747
-2.722714	1.426479	1.573427	155	127	155	998.747
-3.141593	0.560531	2.378474	135	145	1	998.706
0.837758	2.212686	-0.544809	132	143	39	997.676
0.733038	2.460199	-0.822008	140	140	44	997.312
0.209440	2.611256	-0.279110	130	154	38	997.027
-2.932153	2.601432	2.102535	143	121	19	996.757
2.827433	0.817846	2.390688	134	146	1	996.436
-2.932153	1.603064	2.865774	132	132	12	995.926
-3.036873	1.303305	3.043152	130	134	12	995.170
-2.827433	0.493314	3.117264	136	129	7	995.152
-0.837758	0.513579	-1.147354	8	43	146	994.845
-0.523599	0.210568	-0.069559	134	158	155	994.763
2.513274	0.525564	-2.288838	126	136	4	994.570
0.418879	2.572710	-0.934665	141	141	45	994.355
1.466077	0.628626	-1.751180	127	152	22	994.274
-3.141593	1.201164	2.355931	135	136	4	993.474
1.256637	2.539516	-0.476942	140	131	31	992.909
2.722714	2.536533	1.466274	140	121	15	992.429
-1.570796	0.201102	1.249082	136	149	152	992.007
-1.989675	0.294107	1.593880	138	147	151	991.480
0.733038	2.343265	-0.779061	137	143	43	990.853
-0.104720	1.055458	0.170394	134	11	150	990.675
-3.141593	1.268591	-3.122146	129	136	14	990.493
2.827433	1.262791	-1.549229	132	127	25	989.870
0.628319	2.569130	-0.700837	139	139	43	989.318
1.256637	2.568462	0.150655	133	133	36	989.193
-2.932153	0.142314	2.590387	132	147	155	989.159
-2.094395	0.294107	1.593880	138	149	151	989.142
2.932153	0.817846	2.390688	134	144	1	988.679
0.942478	2.335096	-0.588468	135	139	41	988.524
0.418879	2.157194	-0.792563	134	151	41	986.888
-3.036873	0.869748	2.095969	138	142	158	985.992
1.675516	1.466050	0.862104	136	129	156	985.829
3.036873	0.993052	2.137478	137	142	0	984.988
0.314159	2.453499	-1.008861	140	145	45	984.684
-2.932153	0.750102	2.050636	139	143	158	984.671
2.722714	2.849871	1.512012	141	123	22	984.618
-3.036873	2.635396	1.848850	145	120	18	984.398
0.942478	2.603559	2.555114	9	36	148	984.393
0.733038	2.335096	-0.588468	133	142	40	983.951
-1.675516	0.201102	1.249082	136	150	152	983.874
-3.036873	1.321609	2.687717	132	137	4	983.120
0.733038	2.245973	-0.702234	135	144	41	982.743
3.036873	0.281664	-2.969147	132	136	6	982.286
1.466077	0.607708	-1.541026	126	147	21	981.833
-2.827433	1.560345	2.985899	134	130	14	981.361
0.628319	1.696386	0.328123	124	5	158	979.608
3.036873	0.652440	2.197129	136	147	0	979.533
-2.722714	0.806832	3.022155	138	126	9	979.179
-3.141593	0.281664	-2.969147	133	134	6	979.120
1.570796	2.705107	1.062142	128	134	32	978.995
0.523599	2.572710	-0.934665	142	140	45	978.500
2.827433	1.153930	-1.597104	131	127	21	978.098
0.733038	2.569130	-0.700837	140	138	44	977.410
-3.141593	2.434090	1.592818	148	120	11	977.359
1.466077	0.727136	-1.633288	127	149	25	977.066
-1.780236	0.415893	1.464890	141	146	149	976.750
1.151917	2.568462	0.150655	132	135	36	976.446
-2.617994	1.426479	1.573427	157	128	155	976.367
-3.141593	1.321609	2.687717	130	138	5	976.313
-2.827433	1.401926	1.822930	149	126	157	976.272
1.466077	2.417386	-0.443097	141	129	30	975.903
-3.141593	0.599643	-3.045235	133	132	10	975.836
-3.141593	0.772218	2.227380	136	143	0	975.249
2.617994	0.609360	-2.464379	126	136	4	974.816
0.837758	0.266262	-1.678068	132	2	1	974.790
0.523599	2.122474	-0.648314	131	150	39	974.052
-3.141593	1.577029	-2.962888	129	136	22	973.366
1.151917	2.660483	-0.034608	137	133	40	973.005
-1.675516	0.415893	1.464890	141	145	149	972.431
2.722714	0.481292	-2.529098	127	136	1	972.329
0.209440	2.226002	-1.060248	140	152	45	972.287
1.466077	2.363394	-0.272918	138	129	27	972.218
2.932153	1.115957	-1.787597	130	126	18	972.135
2.303835	2.747398	1.727166	132	128	32	971.659
-2.094395	0.190569	1.929141	135	144	153	971.606
-2.722714	1.307513	1.628003	153	129	154	971.016
-2.827433	1.392869	3.136903	134	130	15	970.696
2.827433	1.121943	-2.669042	129	129	17	970.265
0.733038	2.212686	-0.544809	131	144	38	970.248
-3.036873	0.704080	2.911636	133	134	7	969.986
-2.932153	1.523102	2.765920	133	132	9	969.690
-0.209440	0.884060	0.334199	135	8	147	969.593
0.942478	2.449191	-0.633651	138	138	43	969.119
-2.932153	0.594963	2.997575	134	132	7	969.112
2.722714	0.609360	-2.464379	127	133	4	969.060
-2.932153	0.806832	3.022155	135	129	10	968.967
2.827433	0.819323	2.845960	128	146	4	968.925
0.314159	2.223375	-0.906185	137	151	43	968.911
1.675516	1.589936	0.825020	134	128	0	968.594
2.932153	1.522237	3.102018	125	141	17	968.165
1.675516	1.317907	-1.121023	132	129	29	967.494
1.780236	1.181331	-2.060330	21	24	149	967.178
1.361357	2.363394	-0.272918	137	131	27	966.695
3.036873	1.444527	2.664744	129	140	6	966.587
-2.827433	0.283625	2.405603	134	145	154	966.438
2.932153	2.434090	1.592818	143	121	12	966.259
1.256637	2.239419	0.151693	127	135	27	966.233
2.617994	0.389851	-2.340031	128	136	0	966.216
2.932153	1.644848	2.743774	126	141	11	966.107
-3.036873	0.947774	2.395256	135	138	2	966.010
2.932153	0.844883	2.679708	129	145	1	965.914
-2.932153	1.431907	3.015410	132	132	13	965.721
1.256637	2.129501	0.238290	125	136	23	965.695
-0.837758	1.155389	2.837148	16	29	133	965.504
-2.303835	0.190569	1.929141	135	147	153	965.327
-3.141593	1.365228	2.563808	131	138	3	965.191
0.733038	2.528686	2.737228	16	34	150	964.782
2.408554	2.538504	1.699812	132	124	26	964.480
-3.141593	1.240183	2.587255	131	141	0	964.021
2.932153	0.721019	2.721536	129	146	1	963.995
-1.466077	0.329984	1.201621	139	148	150	963.765
2.932153	1.232870	-1.822773	131	127	20	963.736
0.418879	2.245973	-0.702234	133	149	40	963.634
-2.932153	2.517528	1.923289	146	120	15	963.340
-3.036873	2.479849	2.126925	140	122	16	962.757
-3.036873	2.395716	1.977184	143	121	13	962.702
1.570796	0.628626	-1.751180	127	149	22	962.633
0.523599	2.539532	-0.074548	128	151	35	962.535
-3.036873	0.594963	2.997575	133	134	7	962.374
2.722714	0.806832	3.022155	126	146	6	962.280
2.722714	0.937910	2.787575	127	148	4	962.231
1.256637	0.727136	-1.633288	127	155	24	961.898
-0.733038	0.269108	-1.215563	5	42	141	961.169
3.036873	2.434090	1.592818	146	120	12	960.854
-2.932153	1.032316	2.884221	134	130	9	960.582
0.314159	2.157194	-0.792563	134	153	41	960.523
2.722714	0.817732	-3.084486	125	143	9	960.385
-3.036873	0.750102	2.050636	138	144	159	960.328
0.628319	2.572710	-0.934665	142	139	45	960.310
3.036873	0.772218	2.227380	136	144	0	960.145
1.256637	2.294058	-0.421070	136	132	29	960.064
-0.733038	0.513579	-1.147354	5	44	146	960.028
3.036873	1.165407	3.092861	127	139	12	959.539
1.047198	2.212686	-0.544809	133	138	39	958.258
-1.361357	0.329984	1.201621	139	156	142	957.771
-2.932153	1.510518	1.884920	146	124	159	957.676
2.932153	0.632708	2.566722	133	145	3	957.656
1.570796	2.417386	-0.443097	143	128	30	957.116
-3.141593	0.893140	2.251698	136	142	0	957.003
-2.722714	0.594963	2.997575	137	128	7	956.899
0.837758	2.554022	2.320619	7	36	145	956.167
1.570796	0.535020	-1.891846	128	153	20	955.774
1.884956	2.763799	0.760372	137	125	21	955.501
0.523599	2.449191	-0.633651	135	144	42	955.480
2.827433	0.975253	2.641082	129	146	2	954.746
-2.408554	0.420680	2.088164	138	141	151	954.719
0.314159	2.336046	-1.115799	141	147	46	953.965
1.675516	2.676638	0.540364	137	125	21	953.797
0.314159	2.611256	-0.279110	130	151	38	953.710
2.617994	2.740366	1.374341	141	122	19	953.590
-3.036873	0.893140	2.251698	137	140	0	953.139
1.570796	2.575994	0.391718	135	128	34	953.045
-3.036873	1.268591	-3.122146	130	134	14	952.754
-3.141593	2.838301	1.980061	141	123	23	952.728
-1.884956	1.016938	2.270674	154	139	141	952.362
-2.827433	1.510518	1.884920	148	124	159	952.143
1.361357	2.449191	-0.633651	143	131	32	952.107
2.513274	0.725300	-2.975134	124	148	9	951.754
-2.827433	1.431907	3.015410	134	130	13	951.706
-2.827433	1.603064	2.865774	135	130	12	951.658
-2.722714	1.522373	1.764991	152	124	158	951.365
1.780236	1.648538	-2.855044	26	21	142	951.183
2.932153	0.819323	2.845960	128	143	3	950.954
3.036873	0.937910	2.787575	128	141	4	950.906
0.942478	2.083752	-0.511086	129	142	26	950.814
1.361357	2.467647	0.287667	131	132	33	950.568
3.036873	2.950896	1.797889	142	123	25	950.487
0.837758	2.460199	-0.822008	141	139	45	950.443
-3.036873	2.538504	1.699812	149	120	14	949.970
2.932153	2.950896	1.797889	140	124	25	949.922
-0.209440	1.012180	0.304066	135	11	148	949.529
2.932153	1.487886	-3.066037	126	141	19	949.095
2.722714	0.704080	2.911636	128	149	3	948.989
3.036873	1.560345	2.985899	127	138	15	948.884
-3.141593	1.242312	2.941234	128	137	10	948.582
3.036873	1.303305	3.043152	127	139	12	948.102
-2.932153	1.401926	1.822930	147	126	157	948.045
-2.617994	1.533648	1.644808	157	125	157	948.034
2.513274	2.538504	1.699812	135	121	26	948.021
0.314159	2.343265	-0.779061	135	148	42	948.002
-3.036873	1.242312	2.941234	130	135	10	947.815
2.932153	1.431907	3.015410	126	141	13	947.574
0.523599	2.036004	-0.757062	131	151	40	947.116
-3.141593	0.704080	2.911636	132	136	7	947.046
1.361357	2.568462	0.150655	134	131	36	946.972
-3.036873	2.747398	1.727166	148	120	20	946.833
0.314159	0.630671	0.391949	133	139	156	946.552
1.780236	2.539532	-0.074548	143	125	27	945.971
1.989675	2.763799	0.760372	140	123	21	945.623
2.303835	2.267390	0.878499	141	126	6	945.359
3.036873	1.124930	2.219917	135	139	2	945.199
2.932153	2.747398	1.727166	141	122	20	945.163
1.361357	0.757046	-1.816019	128	156	25	944.863
2.513274	0.842945	-2.907318	124	146	12	944.731
-3.141593	1.523102	2.765920	130	136	9	944.173
2.617994	1.351855	-1.855234	125	135	23	944.171
3.036873	1.402149	2.788898	128	139	8	944.098
0.628319	2.601432	2.102535	7	36	144	944.000
1.675516	1.213483	-1.039417	131	127	26	943.958
-2.408554	0.190569	1.929141	135	149	153	943.428
1.466077	0.757046	-1.816019	128	154	26	943.363
1.256637	2.417386	-0.443097	138	131	30	943.220
2.722714	1.471330	-1.886160	127	134	25	943.141
2.094395	2.763799	0.760372	142	122	21	943.137
-2.932153	2.395716	1.977184	145	121	12	943.121
1.361357	2.660483	-0.034608	138	130	39	942.980
-2.199115	0.190569	1.929141	135	145	153	942.798
2.408554	0.842945	-2.907318	123	149	12	942.786
-2.408554	2.434090	1.592818	6	28	144	942.668
2.932153	2.538504	1.699812	141	122	15	942.575
2.932153	1.153930	-1.597104	133	125	21	942.407
2.617994	2.849871	1.512012	138	124	22	942.373
1.361357	0.727136	-1.633288	127	152	24	942.026
-3.036873	0.599643	-3.045235	134	130	10	941.950
-0.209440	0.989150	0.045493	134	14	153	941.727
-3.036873	2.721001	2.060097	141	122	21	941.642
1.047198	2.166980	-0.134879	127	139	31	941.596
2.932153	1.061389	-1.672248	132	125	18	941.568
-1.780236	0.077645	1.453433	133	149	155	941.286
1.675516	1.139125	-1.924528	21	23	151	940.855
0.418879	2.036004	-0.757062	132	154	40	940.594
-2.617994	0.251672	2.848900	135	133	3	940.493
-2.827433	0.689777	2.385011	134	142	156	940.455
2.932153	0.560531	2.378474	135	148	1	940.354
-1.780236	0.294107	1.593880	138	145	151	940.260
2.094395	0.376428	-1.495532	127	135	2	940.086
1.047198	2.449191	-0.633651	139	136	43	940.031
-1.675516	0.294107	1.593880	138	142	151	940.010
0.733038	1.696386	0.328123	124	2	158	940.005
-2.932153	0.426507	2.367872	135	144	153	939.615
-2.408554	2.175711	-2.655523	141	130	38	939.459
0.733038	1.601408	0.242409	124	1	158	939.435
2.303835	2.065568	2.567730	14	31	135	939.311
-2.827433	1.413639	1.697982	151	127	156	939.273
0.733038	1.480942	0.273235	125	1	156	939.113
2.617994	0.918305	3.107845	124	147	9	938.956
-2.617994	0.652440	2.197129	136	143	153	938.853
-2.827433	1.487886	-3.066037	134	130	18	938.832
-3.036873	0.400542	-2.995729	134	131	7	938.757
-3.036873	0.772218	2.227380	137	142	0	938.552
1.256637	2.660483	-0.034608	137	131	39	938.011
-3.141593	2.057608	1.951726	139	126	11	937.917
-1.047198	0.163506	0.573203	134	153	154	937.892
-1.884956	0.415893	1.464890	141	158	140	937.853
-2.513274	1.441473	1.448544	1	129	155	937.617
-3.141593	2.517528	1.923289	141	121	16	937.272
1.570796	2.244355	0.309899	130	129	24	937.111
2.513274	0.817732	-3.084486	124	149	9	936.694
2.932153	1.560345	2.985899	125	142	15	936.490
-1.675516	1.823834	-1.560483	13	10	34	936.456
3.036873	0.165485	-2.875396	133	135	5	936.421
-2.932153	1.402149	2.788898	132	132	8	936.415
2.932153	1.567193	2.643172	127	141	8	936.066
-2.932153	0.599643	-3.045235	136	128	10	935.988
-2.932153	0.817732	-3.084486	135	127	12	935.910
1.256637	0.610738	-1.326786	126	148	20	935.897
-0.837758	0.685083	-0.942363	5	45	149	935.833
2.722714	1.074714	-2.805147	127	133	14	935.825
-0.418879	0.492205	-1.397963	2	45	147	935.769
0.209440	2.213937	0.621892	129	15	3	935.692
0.523599	1.043272	-1.522986	134	6	29	935.689
-1.466077	0.201102	1.249082	135	147	152	935.543
0.837758	2.449191	-0.633651	137	139	42	935.232
-2.827433	0.919522	2.948277	136	128	9	935.028
-2.932153	0.704080	2.911636	134	132	7	934.750
2.932153	1.155389	2.837148	127	146	3	934.745
-2.827433	0.142314	2.590387	132	145	155	933.745
-0.942478	0.163506	0.573203	134	152	154	933.703
0.942478	2.554022	2.320619	4	36	145	933.658
2.932153	0.689777	2.385011	135	146	1	933.588
2.827433	1.050039	-2.552086	129	127	17	933.512
1.780236	2.885017	0.655562	138	125	24	933.099
-3.036873	1.454061	-2.950416	131	133	20	933.080
-0.733038	0.284058	0.357350	136	153	153	933.020
0.523599	2.157194	-0.792563	134	149	41	932.981
-2.932153	0.689777	2.385011	136	138	153	932.751
0.314159	2.079746	-0.897699	135	154	42	932.169
2.303835	2.341931	1.023926	145	136	151	931.934
-1.675516	0.518569	1.644237	143	151	139	931.916
-3.141593	1.165407	3.092861	129	136	12	931.799
-2.722714	0.772218	2.227380	137	141	154	931.765
3.036873	0.759800	2.546181	133	142	3	931.699
0.523599	0.977824	0.441928	131	141	157	931.574
-1.884956	0.077645	1.453433	133	151	154	931.566
0.733038	1.226043	-1.693533	135	3	33	931.472
-2.932153	0.652440	2.197129	137	143	159	931.400
2.617994	0.806832	3.022155	127	149	6	931.094
0.418879	0.935636	-1.445855	134	7	26	931.036
2.827433	0.806832	3.022155	126	143	6	930.908
1.047198	1.832690	-0.468440	127	141	22	930.760
1.256637	2.354868	0.211543	128	136	28	930.489
2.617994	0.842945	-2.907318	125	144	13	930.429
0.837758	1.724852	0.202831	125	159	1	930.380
1.570796	2.363394	-0.272918	140	127	27	930.101
2.303835	2.538504	1.699812	130	126	26	929.410
-0.942478	0.561629	-0.924576	6	44	146	929.305
-2.932153	1.365228	2.563808	134	134	3	929.015
2.513274	2.740366	1.374341	138	123	20	928.793
2.722714	1.262791	-1.549229	130	129	26	928.717
-3.036873	0.632797	1.989858	138	146	158	928.682
-2.617994	1.184734	1.968919	145	135	153	928.366
-2.722714	0.704080	2.911636	137	128	7	928.282
1.151917	2.575994	0.391718	128	137	34	928.249
-1.780236	1.124930	2.219917	158	140	141	928.009
-1.884956	0.405617	1.773533	140	141	150	927.983
1.466077	1.182540	-0.798952	129	129	21	927.917
-2.932153	1.392869	3.136903	132	132	14	927.779
0.733038	2.682859	-0.817071	143	136	45	927.636
-2.932153	0.400542	-2.995729	135	129	7	927.411
0.523599	2.569130	-0.700837	137	141	43	927.081
2.932153	2.645260	1.570203	143	121	17	926.484
2.932153	0.937910	2.787575	128	143	4	926.411
1.675516	2.417202	-0.103363	140	125	26	926.352
1.570796	2.294058	-0.421070	141	128	28	926.270
1.780236	1.772673	-2.864760	26	21	139	926.121
1.570796	0.499783	-1.654379	126	147	18	925.924
1.570796	3.011274	0.434110	139	126	27	925.892
-3.141593	2.219060	2.886631	130	140	26	925.888
-0.942478	0.441292	-0.890727	5	43	142	925.874
1.047198	2.569130	-0.700837	141	133	33	925.795
1.047198	2.539516	-0.476942	138	134	41	925.792
1.884956	2.885017	0.655562	140	124	24	925.791
-2.617994	1.194360	2.110440	143	133	154	925.702
-2.408554	1.178898	1.827305	149	136	151	925.547
-1.570796	0.329984	1.201621	139	149	150	925.489
-2.932153	0.534610	2.154808	137	145	159	925.293
-3.141593	2.721001	2.060097	139	123	21	925.263
2.722714	0.975253	2.641082	131	144	6	925.145
2.408554	2.396339	1.200900	138	130	6	925.047
-2.932153	2.721001	2.060097	144	121	21	924.983
2.722714	2.740366	1.374341	143	121	19	924.928
-1.361357	0.201102	1.249082	135	145	152	924.881
1.466077	2.575994	0.391718	133	131	34	924.430
2.408554	0.660897	-2.278593	124	138	7	924.282
1.361357	2.026074	0.300945	126	134	20	924.245
2.932153	1.490555	2.543284	128	142	5	923.924
1.361357	2.244355	0.309899	127	134	24	923.854
2.408554	2.635396	1.848850	131	127	29	923.778
3.036873	2.070371	2.879808	128	141	24	923.764
0.628319	1.999226	-0.620717	129	150	37	923.698
2.722714	3.064492	1.647259	139	126	28	923.358
-2.513274	0.420680	2.088164	138	143	151	923.338
0.733038	2.601432	2.102535	5	36	144	923.230
-3.036873	0.142314	2.590387	132	149	155	923.210
-2.932153	2.423190	1.789783	149	120	12	923.063
-0.837758	0.391502	-1.171374	7	43	144	922.895
1.256637	2.763799	0.760372	129	137	35	922.835
-3.036873	1.035863	-3.110475	134	129	14	922.770
1.047198	1.682420	1.353922	32	3	142	922.753
3.036873	2.119564	2.754818	130	134	25	922.720
1.047198	1.911828	-0.364489	127	141	21	922.574
-2.617994	0.493314	3.117264	139	125	7	922.385
1.256637	2.449191	-0.633651	141	132	32	922.104
2.932153	1.130958	2.972931	126	144	6	922.073
3.036873	2.635396	1.848850	140	122	18	921.964
0.314159	1.487681	-1.406069	138	7	33	921.912
-2.932153	2.635396	1.848850	148	120	18	921.840
1.047198	1.707714	-0.787321	131	139	28	921.724
0.733038	2.166724	-0.401638	128	145	36	921.666
-2.932153	1.321609	2.687717	133	133	5	921.560
-3.036873	2.180752	1.908485	142	124	13	921.547
1.256637	2.338060	2.803613	9	36	150	921.541
-3.141593	2.747398	1.727166	145	120	20	921.492
0.314159	0.803813	0.191520	130	144	159	921.287
2.932153	1.226043	-1.693533	132	126	22	921.274
1.151917	1.682420	1.353922	32	5	142	921.188
2.827433	0.759800	2.546181	133	145	3	921.184
-3.141593	1.279716	2.812101	129	138	7	921.147
1.361357	1.911828	-0.364489	129	132	29	921.124
0.209440	2.338083	-0.943400	138	150	44	920.817
1.989675	2.519348	0.843503	138	125	15	920.767
0.628319	0.147206	-1.385164	133	0	158	920.558
-3.141593	0.806832	3.022155	132	133	10	920.448
2.827433	1.603064	2.865774	124	144	13	920.372
-1.780236	0.518569	1.644237	143	152	139	920.344
-3.141593	0.534610	2.154808	137	147	159	920.323
0.523599	2.129501	0.238290	123	5	10	920.165
3.036873	1.972312	2.805134	127	133	16	920.089
-1.989675	0.415893	1.464890	140	0	140	920.064
2.199115	2.645260	1.570203	131	127	29	919.937
0.314159	2.442222	-1.195837	143	144	47	919.779
1.570796	2.825762	1.085035	130	135	35	919.696
1.884956	1.429580	-2.107232	21	26	145	919.597
2.513274	0.609360	-2.464379	126	139	4	919.489
0.523599	2.244355	0.309899	123	6	11	919.458
1.256637	2.611256	-0.279110	140	131	41	919.424
1.570796	1.213483	-1.039417	130	130	25	919.402
0.418879	2.122474	-0.648314	131	152	39	919.342
0.209440	1.915790	-1.216366	137	0	34	918.885
3.036873	0.700065	3.115430	131	135	10	918.784
-2.722714	0.368784	2.974974	136	131	4	918.748
2.827433	0.937910	2.787575	127	145	4	918.714
-3.141593	0.721019	2.721536	132	136	158	918.494
-1.570796	0.088408	-0.311160	27	29	127	918.421
3.036873	2.517528	1.923289	139	123	15	918.246
1.361357	2.539532	-0.074548	136	130	38	917.893
2.303835	2.825762	1.085035	140	123	21	917.521
-2.513274	1.546010	1.523462	1	127	158	917.352
2.617994	1.496414	-2.009267	125	137	24	917.294
1.884956	3.011274	0.434110	140	138	31	917.274
1.361357	2.354868	0.211543	129	133	28	917.028
-2.513274	0.750102	2.050636	139	142	152	916.954
-2.722714	0.142314	2.590387	132	142	155	916.835
-2.722714	1.194360	2.110440	142	134	155	916.761
2.827433	1.158594	2.487618	131	141	6	916.751
0.628319	2.244355	0.309899	123	3	11	916.678
0.209440	2.336046	-1.115799	141	149	46	916.649
1.780236	1.304210	-2.084225	22	24	147	916.615
0.628319	1.815016	0.278951	124	6	1	916.304
-3.141593	0.142314	2.590387	133	6	145	916.185
2.617994	1.226043	-1.693533	126	133	22	916.177
0.733038	2.554022	2.320619	9	36	145	916.113
3.036873	1.026525	2.506945	133	139	4	915.525
2.408554	2.747398	1.727166	134	126	32	915.498
2.513274	0.386248	-2.690943	125	154	1	915.487
-3.036873	2.838301	1.980061	143	122	23	915.392
2.617994	0.386248	-2.690943	125	151	1	915.385
-3.036873	1.411944	2.444377	134	136	1	915.384
2.094395	1.876049	-0.594378	0	135	1	915.285
1.989675	0.599643	-3.045235	128	156	1	915.070
2.932153	1.268591	-3.122146	126	141	14	914.979
-2.932153	2.479849	2.126925	143	121	16	914.824
-2.932153	0.378103	2.646436	133	140	155	914.541
-2.617994	2.103695	-2.777707	138	129	35	914.300
0.523599	0.942873	-1.607680	135	8	27	914.237
3.036873	0.560531	2.378474	135	147	1	914.229
-1.361357	0.459270	1.191562	142	147	148	914.210
-2.932153	0.721019	2.721536	134	135	5	914.165
3.036873	2.838301	1.980061	138	124	23	914.139
-2.932153	1.035863	-3.110475	135	127	15	914.112
-2.827433	1.522237	3.102018	134	130	15	914.042
0.314159	1.986720	-0.993220	133	156	33	913.795
0.837758	2.539516	-0.476942	136	138	41	913.728
0.942478	2.539516	-0.476942	137	136	41	913.683
-2.513274	1.298546	2.020601	147	131	154	913.623
0.837758	2.569130	-0.700837	140	137	44	913.425
0.628319	2.131178	0.386663	124	1	6	913.396
-2.199115	0.405617	1.773533	139	145	150	913.196
0.418879	2.569130	-0.700837	136	142	42	913.153
0.628319	1.103783	0.408254	131	142	157	913.149
0.837758	0.053884	-2.408394	18	34	125	912.957
-2.827433	1.294736	1.756184	149	128	154	912.878
-2.722714	0.737893	1.866463	141	143	157	912.859
-3.141593	0.594963	2.997575	132	136	7	912.829
1.570796	1.056622	-0.831866	130	127	19	912.814
1.675516	1.304210	-2.084225	23	22	147	912.762
-3.141593	0.937910	2.787575	132	135	8	912.555
2.617994	0.817732	-3.084486	125	146	9	912.437
1.361357	0.718851	-1.442215	126	148	23	912.313
2.827433	2.747398	1.727166	138	123	20	912.132
-0.837758	1.032316	2.884221	14	28	131	911.992
-2.932153	1.509287	2.204647	143	128	15	911.917
-2.932153	0.632797	1.989858	139	145	158	911.866
1.151917	2.035818	-0.379479	126	141	27	911.722
2.094395	2.645260	1.570203	129	130	29	911.680
3.036873	0.721019	2.721536	130	144	0	911.601
2.408554	2.434090	1.592818	133	122	23	911.214
1.570796	2.789817	0.395431	138	125	24	911.154
1.884956	1.378096	0.774626	142	125	156	910.954
1.675516	2.539532	-0.074548	141	126	27	910.931
-0.104720	0.866940	0.851229	141	147	149	910.879
2.722714	1.340441	-1.731580	128	131	25	910.794
-2.094395	0.772218	2.227380	146	144	140	910.768
1.884956	1.498907	-2.207327	21	25	143	910.626
1.989675	1.571702	-2.098435	19	28	142	910.414
-2.827433	1.307513	1.628003	151	129	154	910.299
2.827433	0.721019	2.721536	129	149	1	910.266
0.523599	2.026074	0.300945	123	6	6	910.246
2.722714	0.759800	2.546181	133	147	3	910.117
-0.209440	0.088408	-0.311160	133	155	156	909.890
0.209440	2.079746	-0.897699	136	156	42	909.850
-1.675516	1.794553	2.374618	157	25	143	909.592
1.570796	1.218146	-0.672643	132	125	20	909.539
2.722714	1.496414	-2.009267	126	134	24	909.525
0.733038	2.450821	0.084741	127	144	36	909.467
2.827433	0.919522	2.948277	126	144	7	909.391
1.675516	1.137135	-0.936514	132	126	22	909.358
0.418879	2.213937	0.621892	127	10	3	909.303
0.628319	2.453499	-1.008861	142	141	45	909.282
0.314159	2.572710	-0.934665	139	142	44	909.027
0.837758	1.601408	0.242409	124	158	158	909.023
-1.570796	0.415893	1.464890	141	144	149	908.761
2.722714	0.947774	2.395256	133	146	3	908.692
-1.989675	0.518569	1.644237	142	156	140	908.599
1.047198	2.450821	0.084741	130	138	36	908.586
-3.036873	0.889834	2.529957	134	137	3	908.519
0.523599	1.915763	-0.724679	130	154	38	908.402
-2.827433	1.522373	1.764991	150	124	158	908.337
-2.722714	0.721019	2.721536	136	131	4	908.291
2.932153	2.125183	2.445598	130	133	19	908.245
-2.827433	0.961838	1.839284	143	141	156	908.236
-2.932153	0.889834	2.529957	133	139	159	908.182
0.837758	2.294058	-0.421070	130	141	37	908.152
1.466077	2.354868	0.211543	131	131	28	908.055
-2.617994	0.451839	-2.078193	147	125	154	908.055
-2.932153	1.165407	3.092861	132	132	12	908.033
-3.036873	2.601432	2.102535	141	122	19	907.780
3.036873	0.400542	-2.995729	132	135	8	907.767
-2.408554	1.788829	-1.947553	135	144	23	907.720
-3.036873	0.534610	2.154808	137	147	159	907.563
1.466077	2.682152	0.245751	136	129	37	907.485
1.780236	2.558146	0.627191	134	126	31	907.266
2.303835	2.705107	1.062142	139	122	20	907.249
-2.932153	0.817846	2.390688	134	141	157	907.141
1.047198	2.487957	-0.274279	133	135	37	907.118
-3.036873	0.844883	2.679708	133	136	5	907.113
2.094395	2.642029	0.813274	141	122	18	907.092
-2.932153	1.444527	2.664744	133	132	6	907.089
1.675516	0.936702	-0.866461	132	125	16	907.032
0.314159	2.112276	-1.027246	138	153	45	906.659
1.780236	1.077642	-1.227073	130	128	25	905.980
3.036873	0.975253	2.641082	129	142	2	905.918
-3.141593	0.506104	-2.874910	131	132	158	905.824
0.628319	2.338083	-0.943400	139	144	44	905.798
3.036873	1.061389	-1.672248	134	123	18	905.655
2.932153	1.242312	2.941234	126	143	7	905.644
1.256637	2.048538	0.806623	126	154	159	905.566
0.628319	2.660483	-0.034608	129	147	36	905.538
-3.036873	1.058706	-2.036438	133	128	18	905.515
0.523599	2.417202	-0.103363	127	152	34	905.252
0.104720	0.715701	0.699906	137	141	153	905.177
-2.932153	1.303305	3.043152	135	127	16	905.138
0.942478	2.212686	-0.544809	133	141	39	904.769
-2.513274	1.194360	2.110440	145	132	154	904.671
-2.932153	0.819323	2.845960	134	132	7	904.527
3.036873	1.115957	-1.787597	133	124	18	904.497
-2.303835	2.676638	0.540364	2	27	130	904.285
3.036873	1.142003	-3.058022	127	138	14	904.001
-0.418879	0.147206	-1.385164	0	42	138	903.999
-2.827433	1.361196	2.914780	134	130	10	903.981
2.617994	0.725300	-2.975134	125	145	9	903.873
-1.361357	0.409009	-0.570243	8	41	140	903.733
-3.036873	1.510518	1.884920	144	125	0	903.636
1.675516	1.732838	1.127584	27	22	141	903.614
1.780236	1.429580	-2.107232	22	24	145	903.554
-3.036873	0.632708	2.566722	134	138	155	903.431
0.733038	1.027004	-0.203653	125	141	8	903.404
2.932153	1.285402	-2.882049	129	128	17	903.315
0.523599	2.212686	-0.544809	130	148	38	903.237
0.523599	2.223375	-0.906185	137	148	43	903.229
0.733038	2.131178	0.386663	124	159	6	903.188
-3.036873	0.506104	-2.874910	135	128	10	903.144
0.209440	1.487681	-1.406069	139	8	34	902.973
2.827433	1.522237	3.102018	124	144	17	902.902
-0.733038	1.130958	2.972931	14	30	133	902.848
2.722714	1.351855	-1.855234	127	132	23	902.523
2.094395	2.026074	0.300945	145	125	8	902.362
-3.141593	0.378103	2.646436	132	144	155	902.291
1.151917	0.610738	-1.326786	126	151	20	902.242
-3.036873	0.493314	3.117264	133	133	7	902.182
0.733038	1.815016	0.278951	124	3	1	902.105
0.209440	2.343265	-0.779061	135	150	42	902.091
0.942478	2.569130	-0.700837	141	136	44	902.066
0.104720	1.559671	-1.074934	135	7	31	901.879
1.361357	2.131178	0.386663	125	134	21	901.550
-2.617994	0.482460	2.849843	137	130	4	901.540
-2.827433	0.426507	2.367872	135	143	153	901.477
-2.199115	2.538504	1.699812	5	27	142	901.391
2.722714	1.833945	-2.320278	3	39	151	901.351
0.104720	2.226002	-1.060248	140	153	45	901.279
2.303835	2.635396	1.848850	129	129	29	901.215
3.036873	1.612720	-3.080498	127	139	20	901.181
2.932153	0.759800	2.546181	133	144	3	901.073
2.199115	2.536533	1.466274	131	125	26	900.699
2.617994	0.937910	2.787575	126	150	4	900.660
1.047198	2.035818	-0.379479	128	140	23	900.617
1.570796	2.237695	-0.271388	138	127	26	900.522
-3.036873	1.567193	2.643172	132	134	7	900.495
-3.036873	1.130958	2.972931	130	135	9	900.415
1.047198	2.603559	2.555114	6	36	148	900.324
2.408554	0.958731	-2.852552	124	148	16	900.214
2.932153	2.849871	1.512012	145	121	22	900.175
2.303835	2.085731	0.671081	146	125	4	899.970
-2.303835	0.737893	1.866463	141	143	151	899.870
-3.141593	2.103118	2.194745	136	127	15	899.806
0.104720	0.730751	0.522488	134	143	154	899.608
-2.827433	0.400542	-2.995729	137	127	7	899.535
2.932153	1.994694	2.452813	130	133	16	899.122
0.523599	2.336046	-1.115799	142	145	46	899.102
2.303835	1.698726	-2.973576	21	26	140	899.088
1.466077	1.912224	0.366565	126	131	16	899.073
-3.141593	0.700065	3.115430	132	133	10	899.067
-2.932153	0.852911	1.933394	140	142	157	899.066
-3.036873	2.423190	1.789783	146	120	13	898.949
0.733038	0.803813	0.191520	130	135	0	898.940
3.036873	1.283786	2.462124	133	136	7	898.877
1.047198	2.293000	-0.124451	128	137	32	898.745
1.884956	1.772673	-2.864760	25	23	139	898.731
1.466077	2.705107	1.062142	127	137	32	898.613
-3.036873	2.303283	1.855938	143	124	15	898.589
-1.989675	0.947774	2.395256	151	137	142	898.553
-2.932153	0.482460	2.849843	133	135	4	898.506
1.884956	1.099138	-1.084033	133	123	24	898.312
0.942478	1.696386	0.328123	124	155	158	898.310
2.303835	0.933766	-3.015917	129	24	146	898.271
2.513274	2.635396	1.848850	133	125	29	898.229
-3.141593	2.536533	1.466274	151	119	14	897.960
1.047198	2.363394	-0.272918	131	136	36	897.940
2.617994	0.927138	-2.569686	126	133	14	897.863
-2.617994	1.307513	1.628003	155	129	154	897.800
-2.617994	0.426507	2.367872	136	139	153	897.733
1.151917	1.867524	-0.240083	125	136	25	897.627
-2.722714	1.533648	1.644808	155	124	157	897.346
0.523599	0.884060	0.334199	130	140	158	897.302
-0.942478	1.616900	-0.207457	4	37	143	897.176
2.932153	2.052181	2.326959	131	132	16	896.865
2.617994	1.340441	-1.731580	126	134	24	896.797
-2.408554	0.308059	2.021491	136	145	151	896.749
2.932153	2.070371	2.879808	126	143	23	896.706
-2.303835	2.538504	1.699812	6	27	142	896.695
-2.617994	0.283625	2.405603	134	141	154	896.656
-2.722714	0.283625	2.405603	134	143	154	896.613
-1.047198	0.404273	0.918163	139	148	150	896.589
-3.141593	0.251672	2.848900	132	159	146	896.577
1.047198	2.554022	2.320619	2	36	145	896.529
2.408554	2.156337	1.151558	140	131	159	896.501
0.942478	1.601408	0.242409	125	156	158	896.477
0.628319	2.083752	-0.511086	128	148	36	896.379
-0.209440	1.055458	0.170394	134	14	151	896.321
-2.827433	0.750102	2.050636	139	142	158	896.219
1.151917	2.417386	-0.443097	136	134	40	896.171
-2.513274	0.993052	2.137478	142	136	153	896.153
0.523599	1.773527	-1.039582	130	4	29	896.101
2.408554	0.757046	-1.816019	129	126	15	896.062
2.199115	0.641441	-2.842109	125	156	9	896.007
2.199115	0.451839	-2.078193	125	141	3	895.909
1.884956	2.740366	1.374341	129	132	32	895.830
0.628319	0.935636	-1.445855	130	3	26	895.797
2.932153	1.523102	2.765920	126	141	9	895.706
2.617994	1.471330	-1.886160	126	136	27	895.643
2.827433	1.487886	-3.066037	125	144	19	895.537
-3.141593	0.817846	2.390688	135	141	1	895.354
-2.722714	1.016938	2.270674	138	136	155	895.342
1.675516	0.535020	-1.891846	127	150	20	895.342
2.932153	0.806832	3.022155	127	141	6	895.202
1.151917	1.382562	0.177141	121	138	14	895.154
1.780236	2.417202	-0.103363	142	125	26	895.013
2.827433	1.481086	2.890269	124	145	11	894.978
-1.466077	0.088408	-0.311160	25	31	126	894.910
-2.932153	0.505463	2.594557	134	138	155	894.899
0.104720	1.652224	-0.996105	134	6	31	894.868
-1.047198	0.441292	-0.890727	7	43	143	894.833
1.361357	2.558146	0.627191	127	135	31	894.770
1.989675	0.053884	-2.408394	130	150	157	894.662
1.780236	1.325286	-0.994192	134	124	28	894.609
1.361357	1.936327	-0.099350	127	131	24	894.601
-2.617994	1.546010	1.523462	159	126	157	894.576
2.932153	0.165485	-2.875396	131	138	158	894.546
1.884956	1.253604	0.812222	144	126	153	894.528
1.151917	2.450821	0.084741	131	135	36	894.494
0.733038	1.118930	0.045983	127	140	4	894.445
2.722714	1.050039	-2.552086	128	130	17	894.350
2.722714	1.770119	-2.427175	3	39	151	894.273
1.151917	2.885017	0.655562	132	137	38	894.234
3.036873	2.137615	2.988806	129	143	27	894.174
1.256637	1.535018	0.028869	128	130	11	894.165
-2.932153	1.245961	-2.997461	136	126	20	894.091
0.000000	1.559671	-1.074934	137	9	31	894.084
2.199115	2.114380	0.531457	145	125	6	894.072
0.733038	2.572710	-0.934665	144	138	46	894.065
1.151917	2.734349	-0.289298	140	131	41	894.057
1.361357	1.389268	-0.886349	126	145	36	894.025
-2.303835	0.750102	2.050636	141	140	152	894.001
1.675516	2.705107	1.062142	129	132	32	893.942
3.036873	1.035863	-3.110475	127	139	12	893.859
-1.466077	0.540208	1.400497	144	144	147	893.724
2.932153	2.423692	1.392696	147	119	12	893.572
1.675516	2.363394	-0.272918	142	126	27	893.355
2.722714	1.063758	2.743093	127	146	4	893.287
-2.827433	0.852911	1.933394	141	141	157	893.253
-1.361357	0.893140	2.251698	154	138	145	893.173
1.780236	1.712415	-2.747921	26	21	141	893.155
2.722714	1.032316	2.884221	126	146	7	893.093
-3.141593	0.493314	3.117264	132	135	7	893.069
1.047198	1.915763	-0.724679	133	137	29	893.059
-2.722714	0.560531	2.378474	134	143	155	892.936
1.361357	2.539516	-0.476942	142	130	31	892.885
1.570796	1.325286	-0.994192	131	129	27	892.882
0.000000	2.237183	0.468799	130	19	7	892.842
3.036873	0.817846	2.390688	135	142	2	892.797
-2.827433	0.817732	-3.084486	137	125	12	892.758
1.151917	2.763799	0.760372	128	140	35	892.717
2.303835	0.958731	-2.852552	124	151	16	892.708
1.780236	1.846644	1.113766	25	25	139	892.665
-1.780236	1.847325	2.249051	158	26	144	892.629
-3.141593	1.194776	2.710455	132	128	4	892.519
1.675516	2.294058	-0.421070	143	127	28	892.432
-0.104720	0.735125	0.037270	132	8	150	892.391
2.827433	1.085085	2.377673	132	142	4	892.272
0.418879	0.833613	-1.357492	132	7	23	892.131
-2.617994	1.413639	1.697982	155	126	156	892.095
-2.932153	0.869748	2.095969	139	140	159	892.033
1.466077	0.670850	-1.945257	128	156	23	891.837
0.942478	2.237695	-0.271388	128	140	34	891.836
1.570796	1.139125	-1.924528	22	21	151	891.821
1.570796	1.137135	-0.936514	130	129	22	891.820
1.361357	2.049502	-0.137989	131	134	18	891.778
-3.141593	0.759800	2.546181	131	144	159	891.728
-3.141593	0.505463	2.594557	133	142	155	891.614
-2.513274	1.561127	1.401111	3	128	157	891.406
2.094395	0.700065	3.115430	127	154	2	891.301
2.408554	2.307301	1.336200	136	132	3	891.273
2.513274	1.028027	3.036573	125	150	10	891.240
1.361357	2.575994	0.391718	131	133	34	891.122
0.523599	1.999226	-0.620717	129	152	37	891.120
-2.827433	0.251672	2.848900	133	137	3	891.046
-2.827433	0.772218	2.227380	139	137	151	890.995
-2.513274	1.178898	1.827305	147	136	151	890.978
0.942478	2.293000	-0.124451	127	140	32	890.862
-3.036873	2.272099	2.018594	140	125	16	890.820
1.256637	1.983318	-0.247182	129	135	20	890.774
1.466077	1.739971	-0.228876	128	129	22	890.719
-1.675516	0.626379	1.773610	146	147	139	890.688
2.303835	2.178879	0.767722	144	125	5	890.651
0.523599	2.601432	2.102535	10	36	144	890.608
1.256637	1.958989	0.712772	153	24	142	890.572
1.780236	1.500204	0.737638	138	125	0	890.561
-2.199115	0.420680	2.088164	139	138	151	890.550
2.303835	2.948048	1.133127	139	124	25	890.335
0.418879	2.682859	-0.817071	140	139	44	890.319
-2.932153	0.700065	3.115430	135	129	10	890.299
1.466077	2.611256	-0.279110	141	129	29	890.097
-2.827433	1.201164	2.355931	137	133	158	889.950
0.628319	1.990470	0.580283	125	3	159	889.913
-2.932153	0.737893	1.866463	140	145	157	889.848
-3.141593	0.844883	2.679708	130	141	1	889.774
2.303835	2.052181	2.326959	13	30	134	889.655
1.151917	2.293000	-0.124451	129	135	32	889.439
0.942478	2.035818	-0.379479	127	142	24	889.426
-2.199115	0.893140	2.251698	148	143	140	889.383
0.523599	2.890337	-0.825633	140	134	34	889.250
3.036873	1.240183	2.587255	130	143	0	889.234
2.408554	0.482460	2.849843	131	152	157	889.055
2.932153	0.975253	2.641082	129	144	2	889.036
-3.036873	2.177132	2.600419	133	129	14	889.034
-3.141593	1.247736	2.242810	136	136	3	889.009
1.570796	0.670850	-1.945257	128	154	23	889.001
2.827433	2.740366	1.374341	145	120	19	888.924
-0.523599	1.294736	1.756184	139	151	156	888.840
1.256637	1.382562	0.177141	130	130	5	888.710
2.303835	2.423692	1.392696	133	122	23	888.694
0.733038	2.122474	-0.648314	131	146	39	888.622
1.466077	2.487957	-0.274279	139	129	29	888.597
1.256637	2.111003	-0.268632	130	135	22	888.583
2.827433	2.512538	1.239900	148	119	14	888.517
1.256637	2.512538	1.239900	134	25	153	888.516
2.827433	0.560531	2.378474	135	149	1	888.490
3.036873	0.594963	2.997575	131	138	7	888.431
1.780236	0.725300	-2.975134	127	159	5	888.409
1.151917	1.150348	-0.176418	124	136	9	888.395
0.418879	1.865619	-0.952036	131	156	31	888.309
1.780236	1.257816	-0.894317	134	123	25	888.309
2.722714	1.373422	-1.484281	131	130	29	888.272
-2.094395	0.405617	1.773533	140	144	149	888.270
1.780236	1.466050	0.862104	138	127	156	887.987
1.675516	1.099138	-1.084033	130	128	23	887.961
1.466077	2.539516	-0.476942	144	129	31	887.886
2.303835	2.627402	1.293552	135	125	18	887.854
2.722714	1.199898	-2.777257	126	132	17	887.812
2.827433	0.844883	2.679708	129	147	1	887.789
-1.780236	0.626379	1.773610	146	149	139	887.766
-3.036873	1.616061	2.521531	134	129	11	887.758
-2.827433	1.016938	2.270674	137	137	156	887.753
0.628319	1.601408	0.242409	124	4	158	887.607
2.199115	2.125183	2.445598	15	29	133	887.534
-3.036873	0.689777	2.385011	135	142	1	887.464
1.466077	2.244355	0.309899	128	131	24	887.448
1.361357	2.450821	0.084741	133	131	35	887.361
2.094395	0.535020	-1.891846	124	140	6	887.233
-0.942478	1.130958	2.972931	17	27	133	887.201
1.047198	2.467647	0.287667	127	138	33	887.182
0.209440	1.652224	-0.996105	132	4	30	887.175
0.209440	1.484741	-1.279219	137	7	33	886.805
-0.628319	0.391502	-1.171374	2	44	144	886.771
-2.827433	0.534610	2.154808	137	144	159	886.671
1.361357	2.611256	-0.279110	139	130	30	886.618
-2.827433	2.479849	2.126925	145	120	16	886.504
-2.827433	1.035863	-3.110475	137	125	15	886.430
0.733038	2.635396	1.848850	159	35	142	886.426
2.303835	0.879254	-2.733338	124	149	16	886.356
-3.141593	1.567193	2.643172	130	136	7	886.255
2.408554	0.670850	-1.945257	128	128	12	886.222
0.000000	1.522416	-0.954956	135	10	28	886.112
0.628319	0.885626	-1.866061	137	10	26	886.075
2.722714	1.392869	3.136903	123	147	15	885.965
-2.932153	0.919522	2.948277	134	130	10	885.954
2.827433	1.377070	-1.980984	127	130	23	885.819
2.932153	1.201164	2.355931	133	139	5	885.752
-0.733038	0.561629	-0.924576	1	45	146	885.748
1.570796	2.487957	-0.274279	142	127	28	885.428
2.617994	0.919522	2.948277	127	149	7	885.371
-2.932153	0.772218	2.227380	137	141	159	885.354
1.570796	1.182540	-0.798952	131	126	21	885.330
1.361357	0.535020	-1.891846	128	158	19	885.263
1.256637	0.718851	-1.442215	127	151	24	885.208
2.722714	0.165485	-2.875396	130	143	158	885.156
2.617994	2.137615	2.988806	7	33	135	885.121
-3.141593	2.303283	1.855938	140	124	15	885.083
-2.303835	1.286936	1.886053	151	132	152	885.062
-3.036873	1.685196	2.967046	130	134	16	884.957
1.256637	1.724852	0.202831	127	131	11	884.905
2.827433	1.560345	2.985899	124	144	15	884.859
-1.675516	1.922256	2.347806	158	25	143	884.855
-3.141593	0.970108	1.990771	139	142	158	884.852
2.722714	0.844883	2.679708	129	150	1	884.796
0.523599	2.079746	-0.897699	134	150	42	884.773
-1.989675	2.705107	1.062142	2	24	129	884.727
2.408554	2.645260	1.570203	135	123	29	884.718
-2.722714	1.124930	2.219917	140	134	155	884.688
-3.141593	2.395716	1.977184	140	122	12	884.508
-3.036873	1.155389	2.837148	130	136	7	884.316
1.570796	2.214075	1.600691	135	25	146	884.301
-0.314159	0.088408	-0.311160	134	157	156	884.288
-1.989675	0.893140	2.251698	150	141	141	884.280
0.733038	1.724852	0.202831	124	2	1	884.249
2.932153	1.351855	-1.855234	131	128	22	884.237
-3.141593	2.180752	1.908485	139	125	13	884.215
2.932153	0.889834	2.529957	132	142	4	884.165
0.733038	1.876049	-0.594378	127	150	36	884.113
1.047198	2.417386	-0.443097	135	136	40	884.035
-1.256637	0.459270	1.191562	142	146	148	883.941
0.000000	0.535020	-1.891846	1	46	149	883.902
2.408554	0.628626	-1.751180	130	125	11	883.898
2.932153	2.019912	2.686612	127	141	19	883.845
-2.094395	2.538504	1.699812	3	27	142	883.758
0.523599	1.696386	0.328123	125	8	158	883.519
1.466077	1.325286	-0.994192	129	132	28	883.491
2.722714	2.137615	2.988806	4	34	135	883.363
0.837758	2.450821	0.084741	128	142	36	883.358
2.617994	1.459314	-1.765003	127	135	28	883.354
2.722714	1.904429	-2.428029	3	39	148	883.351
-3.141593	2.070371	2.879808	129	131	20	883.317
-3.036873	0.652440	2.197129	137	144	0	883.310
-0.104720	0.977824	0.441928	137	6	145	883.222
0.837758	1.679277	-1.122421	133	146	32	883.201
2.303835	0.660897	-2.278593	124	141	7	883.194
1.151917	1.911828	-0.364489	128	138	21	883.146
2.408554	0.725300	-2.975134	124	151	9	883.113
1.989675	2.885017	0.655562	139	128	26	883.072
0.733038	2.354868	0.211543	123	149	28	883.014
-3.141593	1.124930	2.219917	136	138	1	882.972
0.523599	3.088868	-0.989501	142	139	33	882.947
2.199115	2.825762	1.085035	137	124	23	882.947
0.733038	2.682152	0.245751	126	148	33	882.929
2.617994	0.670850	-1.945257	132	124	12	882.801
2.408554	0.451839	-2.078193	127	135	3	882.781
2.932153	1.074714	-2.805147	129	127	14	882.767
2.408554	0.761141	-2.781102	124	147	13	882.660
-0.733038	1.155389	2.837148	14	31	133	882.633
0.418879	2.079746	-0.897699	134	152	42	882.507
1.047198	2.660483	-0.034608	135	135	39	882.493
1.466077	2.789817	0.395431	136	130	38	882.467
1.780236	1.137135	-0.936514	133	123	23	882.437
1.989675	2.642029	0.813274	138	124	18	882.349
1.675516	2.103223	1.521685	127	151	153	882.344
3.036873	1.395545	-2.850807	128	138	21	882.272
1.780236	2.676638	0.540364	137	126	35	882.250
2.932153	2.740366	1.374341	148	120	19	882.214
-2.932153	1.692644	1.237670	5	36	142	882.174
2.617994	2.517528	1.923289	134	122	26	882.069
0.733038	0.884060	0.334199	131	136	158	882.061
1.466077	2.396339	1.200900	133	19	149	881.993
-1.361357	0.415893	1.464890	142	150	141	881.928
3.036873	0.567465	-2.679392	131	130	1	881.839
-0.942478	1.155389	2.837148	17	28	133	881.809
0.104720	1.707714	-0.787321	131	5	28	881.798
1.466077	0.535020	-1.891846	128	155	19	881.792
2.303835	2.434090	1.592818	131	124	23	881.762
2.408554	2.216256	1.020029	141	127	3	881.736
1.151917	2.539516	-0.476942	138	132	31	881.733
2.932153	1.365228	2.563808	128	143	4	881.644
1.256637	2.007301	0.142337	125	135	23	881.583
0.733038	0.977824	0.441928	132	137	157	881.563
-2.408554	0.869748	2.095969	142	138	152	881.548
0.000000	0.605711	0.598454	135	141	154	881.508
-2.722714	0.819323	2.845960	137	128	7	881.488
-2.932153	2.057608	1.951726	150	123	0	881.460
-0.209440	0.398249	-1.812694	4	44	145	881.418
-2.513274	2.324731	1.511186	6	29	145	881.410
0.523599	1.925185	0.231170	123	6	6	881.392
0.733038	2.978333	-0.412090	136	133	32	881.385
-3.141593	1.058706	-2.036438	131	130	18	881.380
0.837758	2.682859	-0.817071	144	135	45	881.370
2.932153	1.283786	2.462124	129	144	1	881.354
2.722714	0.918305	3.107845	125	144	9	881.278
0.418879	2.129501	0.238290	124	8	10	881.150
2.722714	1.226043	-1.693533	128	131	22	881.046
1.047198	1.804124	1.264249	31	3	139	881.045
-2.722714	1.934862	1.989776	154	124	157	881.042
-2.303835	0.308059	2.021491	136	143	152	880.999
1.466077	1.137135	-0.936514	128	131	22	880.832
1.256637	0.492205	-1.397963	126	150	17	880.831
2.199115	0.842945	-2.907318	124	155	12	880.809
2.513274	0.806832	3.022155	127	152	7	880.736
2.932153	1.157331	-2.906362	129	128	14	880.650
2.513274	0.981485	-2.424766	126	133	17	880.533
-2.617994	1.322568	1.499415	157	130	153	880.474
0.837758	1.999226	-0.620717	129	145	27	880.453
2.722714	1.459314	-1.765003	128	133	27	880.295
2.303835	0.790269	-2.282409	123	140	10	879.903
2.827433	2.434090	1.592818	140	122	12	879.879
2.513274	0.700065	3.115430	127	151	6	879.870
2.827433	0.165485	-2.875396	130	140	158	879.753
-0.733038	0.637681	-1.123423	5	45	149	879.726
2.408554	2.423190	1.789783	130	125	22	879.695
1.466077	1.056622	-0.831866	129	130	18	879.593
0.837758	1.480942	0.273235	125	158	155	879.565
-3.036873	1.573572	1.278593	8	36	144	879.506
2.827433	2.219060	2.886631	124	139	23	879.486
-2.408554	0.482460	2.849843	140	127	4	879.425
-2.617994	1.964774	1.855507	0	125	157	879.398
-2.827433	0.700065	3.115430	136	127	9	879.355
1.361357	1.983318	-0.247182	131	133	19	879.123
-1.884956	0.626379	1.773610	145	150	139	879.057
-2.513274	0.844883	2.679708	141	132	150	878.833
2.722714	0.688204	-2.632204	127	135	4	878.826
0.314159	0.937395	0.729108	135	143	153	878.794
-0.523599	0.376428	-1.495532	6	43	144	878.792
-1.256637	0.279854	0.814581	137	152	152	878.672
0.628319	1.373422	-1.484281	133	4	31	878.494
-2.722714	1.028027	3.036573	138	125	12	878.469
2.827433	0.700065	3.115430	126	143	6	878.401
1.151917	2.661713	-0.529511	141	131	32	878.314
-3.141593	1.490555	2.543284	131	137	4	878.207
2.827433	1.061389	-1.672248	130	127	18	878.189
3.036873	1.130958	2.972931	127	140	9	878.082
2.617994	1.377070	-1.980984	124	136	23	878.018
-1.675516	1.928342	-1.351174	11	14	34	877.960
1.151917	1.983318	-0.247182	127	137	21	877.870
1.256637	2.417202	-0.103363	134	133	37	877.846
1.780236	0.982609	-1.136920	130	126	21	877.841
0.837758	2.343265	-0.779061	137	141	43	877.834
2.827433	0.386248	-2.690943	131	134	9	877.829
-3.036873	0.852911	1.933394	140	144	156	877.707
-2.827433	0.704080	2.911636	135	130	7	877.693
-3.036873	0.993052	2.137478	138	139	159	877.681
0.942478	1.458370	0.400433	126	154	152	877.679
2.617994	1.475119	-1.648255	128	135	29	877.403
2.932153	2.635396	1.848850	138	123	18	877.370
1.989675	1.498907	-2.207327	20	27	143	877.361
-3.141593	0.975253	2.641082	130	140	2	877.337
0.628319	2.129501	0.238290	123	2	10	877.273
1.884956	0.269108	-1.215563	129	135	159	877.267
-2.617994	0.772218	2.227380	137	140	154	877.256
-2.722714	1.294736	1.756184	151	128	154	877.125
-2.827433	0.281664	-2.969147	137	128	6	877.075
0.628319	1.957868	-0.490784	127	151	35	877.044
3.036873	0.819323	2.845960	132	138	7	876.891
-2.932153	2.230554	2.171334	142	124	8	876.845
-0.523599	0.718851	-1.442215	6	45	153	876.845
-2.617994	1.124930	2.219917	141	133	155	876.777
-2.408554	1.807825	-2.090455	135	143	21	876.774
2.617994	1.174782	-2.538755	126	132	21	876.667
1.780236	1.099138	-1.084033	131	125	24	876.633
2.827433	2.627402	1.293552	147	120	16	876.624
1.570796	1.099138	-1.084033	128	131	24	876.614
2.617994	1.032316	2.884221	126	149	7	876.531
1.780236	1.197745	-1.173705	131	127	27	876.515
2.932153	0.919522	2.948277	127	141	6	876.345
1.256637	0.975253	2.641082	154	41	135	876.331
-2.932153	1.268591	-3.122146	132	132	14	876.221
-0.837758	0.163506	0.573203	133	149	154	876.218
-2.722714	0.493314	3.117264	138	127	7	876.207
1.047198	1.382562	0.177141	120	141	14	876.176
2.513274	2.517528	1.923289	132	124	26	876.172
0.628319	2.682859	-0.817071	142	136	44	876.131
1.151917	2.558146	0.627191	126	140	32	876.106
0.733038	0.939144	-0.092962	126	139	5	876.041
0.418879	2.449191	-0.633651	134	145	41	875.927
-0.104720	0.088408	-0.311160	132	152	156	875.851
-1.256637	0.201102	1.249082	135	143	152	875.843
-2.513274	1.087142	2.058815	144	135	152	875.828
2.617994	1.046265	-2.958847	123	143	15	875.806
1.675516	0.757046	-1.816019	128	148	26	875.621
2.617994	1.577688	-1.814941	127	137	29	875.553
0.942478	1.876049	-0.594378	130	139	27	875.496
-1.989675	1.085085	2.377673	154	137	142	875.399
-3.141593	0.165485	-2.875396	134	133	5	875.331
0.523599	2.682859	-0.817071	141	137	44	875.279
1.675516	1.712415	-2.747921	27	19	141	875.254
-0.733038	0.819430	-0.915017	1	46	152	875.240
-2.827433	0.844883	2.679708	135	132	5	875.200
1.361357	2.898932	0.139973	136	131	29	875.198
-3.036873	0.759800	2.546181	132	142	159	875.169
-2.722714	1.748077	1.804354	151	125	159	875.144
1.884956	2.114380	0.531457	137	121	14	875.113
-2.408554	1.685031	-2.009038	136	143	24	875.048
0.837758	0.936702	-0.866461	127	146	17	874.945
-2.827433	0.819323	2.845960	135	130	7	874.803
1.466077	1.867524	-0.240083	129	129	25	874.679
-2.408554	2.676638	0.540364	3	28	131	874.637
2.617994	1.904429	-2.428029	5	38	148	874.624
-3.141593	1.016938	2.270674	136	139	1	874.485
1.675516	0.670850	-1.945257	127	151	23	874.447
-2.617994	0.806832	3.022155	140	124	9	874.421
-2.932153	0.947774	2.395256	134	139	157	874.312
1.675516	1.374245	-1.226417	132	131	32	874.311
-2.722714	0.817732	-3.084486	139	123	12	874.236
1.256637	1.239414	0.348959	124	134	7	874.174
1.047198	0.829198	-1.532491	125	9	19	874.173
1.256637	2.329587	0.035498	129	134	30	874.163
-0.628319	1.527261	-0.304916	156	36	142	874.154
1.361357	2.239419	0.151693	128	132	27	874.139
2.722714	1.121943	-2.669042	127	131	17	874.137
2.408554	2.278618	1.170386	139	130	3	874.114
1.675516	1.257816	-0.894317	132	125	25	874.098
-2.408554	0.759800	2.546181	142	135	148	874.076
0.209440	1.373422	-1.484281	140	10	32	874.068
0.314159	1.954572	-0.859208	131	157	31	873.943
2.827433	1.972312	2.805134	125	145	20	873.933
1.047198	1.876049	-0.594378	131	137	27	873.919
-0.523599	1.581515	-0.419414	153	35	146	873.887
-0.314159	0.376428	-1.495532	1	44	144	873.867
-2.932153	0.937910	2.787575	134	131	7	873.857
-2.408554	1.975135	-2.539127	144	130	40	873.726
0.209440	1.707714	-0.787321	130	3	28	873.696
-0.733038	0.685083	-0.942363	2	46	149	873.557
2.932153	1.975135	-2.539127	157	38	146	873.556
1.047198	1.773527	-1.039582	134	141	32	873.540
-1.780236	0.750102	2.050636	149	143	140	873.524
0.628319	1.724852	0.202831	124	5	1	873.432
2.199115	2.267390	0.878499	139	129	4	873.408
1.047198	2.575994	0.391718	127	139	34	873.250
2.932153	1.158594	2.487618	132	139	6	873.109
1.256637	2.237695	-0.271388	132	134	25	872.966
1.570796	2.611256	-0.279110	143	128	29	872.945
1.256637	1.056622	-0.831866	124	141	12	872.896
2.094395	2.216256	1.020029	135	132	3	872.895
2.199115	2.747398	1.727166	130	131	32	872.838
1.047198	2.294058	-0.421070	133	138	38	872.801
2.722714	1.361031	-1.613971	129	131	27	872.762
0.942478	2.450821	0.084741	129	139	36	872.724
2.199115	0.594963	2.997575	129	154	159	872.723
1.256637	2.201829	-0.001735	128	134	28	872.707
-2.932153	1.158594	2.487618	134	134	0	872.693
2.722714	2.721001	2.060097	135	125	32	872.683
0.418879	1.954572	-0.859208	131	155	31	872.625
0.628319	0.803813	0.191520	129	138	0	872.598
-2.722714	1.247736	2.242810	140	132	157	872.589
-0.418879	0.884060	0.334199	132	8	152	872.565
0.523599	1.055458	0.170394	127	144	1	872.526
-2.932153	2.355462	2.151441	141	125	19	872.498
-2.513274	1.184734	1.968919	146	134	152	872.474
2.617994	2.645260	1.570203	137	125	16	872.468
0.942478	1.707244	-0.444770	127	139	22	872.428
3.036873	2.177132	2.600419	130	132	23	872.413
1.780236	0.535020	-1.891846	127	147	20	872.400
2.617994	2.627402	1.293552	141	121	18	872.310
2.408554	0.165485	-2.875396	130	149	158	872.306
2.303835	0.761141	-2.781102	124	150	13	872.219
1.675516	1.017371	-0.979790	131	127	20	872.208
0.314159	2.129501	0.238290	124	11	10	872.156
-0.104720	0.398249	-1.812694	2	45	145	872.016
0.418879	1.103783	0.408254	129	146	159	872.004
-3.036873	1.285402	-2.882049	135	121	17	872.001
0.314159	2.558223	-1.164189	143	141	46	871.942
3.036873	1.577029	-2.962888	127	139	22	871.883
2.722714	1.028027	3.036573	125	144	9	871.870
2.408554	2.178879	0.767722	146	125	5	871.839
-2.932153	0.599962	2.773556	133	136	4	871.788
2.827433	0.689777	2.385011	134	147	1	871.641
0.837758	1.232870	-1.822773	135	3	33	871.617
-0.733038	1.032316	2.884221	13	29	131	871.546
-3.036873	0.721019	2.721536	133	134	158	871.448
1.570796	2.948048	1.133127	131	135	37	871.425
-2.094395	2.423190	1.789783	3	28	142	871.422
0.837758	2.166724	-0.401638	128	142	35	871.223
0.628319	2.355120	0.388593	123	3	11	871.208
3.036873	1.155389	2.837148	128	143	3	871.177
1.884956	1.361998	-2.207254	21	25	145	871.146
2.827433	2.645260	1.570203	141	122	17	871.055
1.047198	2.978333	-0.412090	139	139	33	871.033
0.314159	1.832060	-0.821627	130	159	29	871.028
0.837758	1.622749	0.121426	10	20	140	871.018
0.523599	1.153930	-1.597104	136	5	31	870.945
0.837758	2.603559	2.555114	10	36	148	870.880
1.256637	2.856905	-0.318441	142	130	31	870.811
2.617994	0.700065	3.115430	126	148	6	870.743
1.675516	1.339410	0.900087	138	129	153	870.642
-3.141593	1.056622	-0.831866	6	40	157	870.629
-2.722714	0.426507	2.367872	135	141	153	870.427
-2.827433	2.601432	2.102535	145	120	19	870.427
2.617994	2.635396	1.848850	136	122	29	870.416
1.466077	1.389268	-0.886349	126	142	36	870.412
1.151917	1.389268	-0.886349	124	145	21	870.332
1.675516	2.575994	0.391718	136	126	34	870.291
3.036873	0.251672	2.848900	131	145	156	870.284
-3.036873	1.794553	2.374618	140	129	22	870.260
1.570796	2.584774	1.046703	127	134	29	870.193
2.722714	0.997766	-2.693871	127	131	14	870.126
2.199115	1.648538	-2.855044	22	25	141	870.073
1.570796	0.378103	2.646436	158	38	132	870.047
-3.141593	0.947774	2.395256	134	139	2	870.039
2.827433	0.567465	-2.679392	128	135	1	870.036
2.303835	0.451839	-2.078193	126	138	3	869.993
2.199115	2.538504	1.699812	128	128	26	869.975
2.932153	1.361196	2.914780	127	130	11	869.971
-1.151917	0.201397	-0.716646	3	41	137	869.950
0.733038	1.232870	-1.822773	137	5	33	869.916
0.942478	1.999226	-0.620717	129	143	27	869.894
-2.932153	0.283625	2.405603	134	147	154	869.860
2.722714	1.108079	2.612943	130	143	8	869.668
-2.827433	0.721019	2.721536	135	133	5	869.460
1.361357	1.535018	0.028869	130	127	11	869.459
0.733038	2.014149	0.444138	125	159	2	869.406
-1.780236	1.915790	-1.216366	13	16	31	869.341
-1.780236	1.922256	2.347806	159	25	143	869.332
2.932153	0.704080	2.911636	128	144	3	869.273
-3.036873	2.305347	2.311346	137	123	15	869.267
-2.408554	1.426725	2.102242	149	127	156	869.252
-2.199115	0.849888	1.767901	144	142	150	869.245
-3.141593	1.510518	1.884920	142	126	0	869.237
0.942478	2.166724	-0.401638	127	145	31	869.174
-2.722714	1.685196	2.967046	136	128	15	869.161
2.617994	0.688204	-2.632204	126	134	8	869.160
2.827433	0.281664	-2.969147	127	153	157	869.106
1.047198	0.610738	-1.326786	123	4	12	869.105
1.989675	2.849871	1.512012	131	133	35	869.016
2.303835	0.628626	-1.751180	129	127	11	868.965
0.942478	2.417386	-0.443097	134	138	40	868.879
3.036873	1.490555	2.543284	129	139	5	868.804
0.628319	2.223375	-0.906185	137	146	43	868.783
0.628319	1.673557	0.452526	124	4	156	868.772
2.827433	1.351855	-1.855234	128	130	23	868.698
-2.932153	0.251672	2.848900	133	139	4	868.670
-0.104720	0.884060	0.334199	135	6	146	868.669
2.199115	2.434090	1.592818	129	126	23	868.633
-2.617994	1.769149	1.550298	158	127	157	868.588
2.932153	2.137615	2.988806	127	145	27	868.585
-2.932153	1.028027	3.036573	134	128	12	868.571
0.942478	1.027004	-0.203653	126	135	8	868.316
0.314159	2.890337	-0.825633	137	136	34	868.291
-2.722714	0.852911	1.933394	141	140	158	868.288
0.837758	2.237695	-0.271388	127	142	34	868.170
3.036873	1.321609	2.687717	129	140	5	868.167
-3.141593	1.541082	2.424608	133	131	9	868.129
2.827433	1.226043	-1.693533	130	128	22	868.042
2.827433	1.246495	-2.646872	129	128	20	867.990
-0.628319	0.637681	-1.123423	2	45	149	867.938
-1.780236	1.823386	-1.429807	14	12	32	867.904
1.780236	0.269108	-1.215563	127	138	159	867.876
0.942478	1.226043	-1.693533	132	159	33	867.871
0.733038	2.443112	2.883761	18	33	151	867.860
-0.628319	0.269108	-1.215563	2	43	141	867.827
-2.303835	2.522766	-3.059231	141	20	135	867.825
-2.513274	0.142314	2.590387	133	139	155	867.805
-2.199115	0.308059	2.021491	137	142	152	867.758
1.780236	1.017371	-0.979790	132	124	20	867.675
-0.628319	0.376428	-1.495532	9	42	144	867.610
-1.989675	0.817846	2.390688	148	139	141	867.609
-2.408554	2.043060	-2.653746	143	129	38	867.570
1.780236	1.378096	0.774626	140	126	157	867.512
-2.513274	2.103695	-2.777707	140	129	37	867.382
0.418879	2.114380	0.531457	126	9	3	867.289
-1.361357	0.534610	2.154808	143	139	145	867.280
2.932153	1.603064	2.865774	126	141	13	867.241
0.628319	0.848189	-1.705003	134	8	25	867.221
0.733038	1.263772	-0.533073	128	143	25	867.208
-2.617994	0.165485	-2.875396	4	19	131	867.174
-2.827433	1.032316	2.884221	136	128	9	867.124
3.036873	1.279716	2.812101	128	141	5	867.078
1.047198	2.885017	0.655562	131	139	38	866.962
-0.104720	0.929031	0.185383	134	9	149	866.937
1.884956	0.725300	-2.975134	126	157	4	866.913
2.617994	1.262791	-1.549229	128	131	25	866.724
0.733038	0.936702	-0.866461	127	149	17	866.720
0.942478	1.439041	-0.617966	126	140	22	866.551
2.827433	0.273777	-2.506756	133	131	8	866.500
-2.408554	2.431406	-2.647820	137	135	39	866.492
2.513274	0.389851	-2.340031	127	138	0	866.470
-3.141593	1.285402	-2.882049	133	123	17	866.463
0.837758	1.657997	-0.325127	123	148	27	866.454
1.466077	2.309655	0.726020	124	136	21	866.434
-2.617994	1.087142	2.058815	142	136	153	866.403
1.047198	1.832060	-0.821627	133	138	30	866.336
0.104720	1.522416	-0.954956	134	8	28	866.254
0.628319	1.118930	0.045983	127	143	4	866.244
-2.722714	0.700065	3.115430	138	126	9	866.241
1.151917	2.528686	2.737228	9	36	149	866.101
-2.513274	1.813159	2.025395	158	126	155	866.068
1.466077	1.218146	-0.672643	130	128	20	866.027
0.523599	2.335096	-0.588468	132	146	40	866.011
1.466077	0.885626	-1.866061	21	20	155	865.998
2.932153	1.612720	-3.080498	126	142	20	865.977
-2.617994	1.934862	1.989776	157	125	157	865.945
0.733038	2.603559	2.555114	13	35	149	865.920
-3.141593	2.272099	2.018594	137	125	16	865.919
-1.884956	0.518569	1.644237	142	154	139	865.908
2.827433	0.704080	2.911636	128	146	3	865.734
1.256637	1.601408	0.242409	128	131	8	865.729
-2.932153	1.522373	1.764991	148	124	158	865.727
-3.141593	1.130958	2.972931	128	137	9	865.725
3.036873	0.386248	-2.690943	131	133	158	865.720
2.408554	2.321510	1.685664	131	123	19	865.701
2.932153	1.340441	-1.731580	132	127	24	865.649
0.523599	0.935636	-1.445855	132	6	26	865.600
2.408554	1.972312	2.805134	128	19	151	865.575
1.361357	1.786634	-0.346247	127	133	26	865.557
3.036873	1.974950	2.220596	134	129	13	865.479
2.932153	1.481086	2.890269	126	141	11	865.430
1.047198	2.166724	-0.401638	130	140	25	865.424
1.570796	2.467647	0.287667	134	128	33	865.389
2.827433	1.392869	3.136903	124	144	15	865.353
2.199115	2.409450	-2.988432	125	144	23	865.310
3.036873	2.019912	2.686612	128	131	15	865.258
0.837758	1.661936	0.001037	9	20	139	865.211
2.303835	0.273777	-2.506756	126	156	0	865.197
3.036873	0.869748	2.095969	137	144	159	865.185
2.513274	1.042085	-2.292950	126	131	21	865.103
-1.780236	0.201102	1.249082	137	152	152	865.076
2.094395	2.114380	0.531457	142	126	6	865.058
-3.036873	2.304968	2.608978	133	129	17	864.970
-2.932153	1.685196	2.967046	132	132	15	864.943
2.094395	0.481292	-2.529098	124	0	5	864.941
-2.932153	2.303283	1.855938	147	121	9	864.930
0.942478	2.363394	-0.272918	130	139	36	864.797
1.151917	2.449191	-0.633651	139	133	32	864.768
0.523599	1.793737	0.410270	124	7	159	864.701
-0.733038	0.385088	0.590355	137	0	144	864.690
0.523599	1.596968	-1.328358	134	1	35	864.651
2.303835	0.591643	-2.098364	124	137	6	864.611
-2.827433	2.057608	1.951726	153	123	0	864.547
0.418879	2.226002	-1.060248	139	149	45	864.536
1.361357	2.014149	0.444138	124	135	17	864.528
0.733038	2.886428	-1.793217	9	28	156	864.508
1.361357	1.553895	0.489607	131	131	2	864.487
-3.036873	1.365228	2.563808	133	137	2	864.412
-2.827433	1.028027	3.036573	136	126	12	864.247
1.256637	2.539532	-0.074548	135	132	38	864.178
1.361357	2.293000	-0.124451	133	131	35	864.164
1.361357	1.205845	-0.415993	130	128	14	864.120
1.256637	1.682420	1.353922	32	8	141	863.956
2.199115	2.065568	2.567730	16	30	135	863.934
0.733038	1.912224	0.366565	124	159	2	863.904
2.932153	1.121943	-2.669042	130	126	17	863.898
0.628319	1.086822	-0.441112	127	146	21	863.877
-3.036873	0.426507	2.367872	135	146	153	863.877
0.628319	0.977824	0.441928	131	139	157	863.873
0.209440	2.245973	-0.702234	133	153	41	863.833
2.722714	2.645260	1.570203	138	122	19	863.818
0.942478	1.832690	-0.468440	126	144	22	863.784
2.827433	1.690453	-2.123076	127	133	27	863.770
-2.827433	2.180752	1.908485	148	119	10	863.696
0.314159	2.026074	0.300945	125	12	6	863.690
-0.942478	1.642346	1.722617	138	0	145	863.655
2.303835	0.725300	-2.975134	125	154	9	863.644
0.628319	0.735125	0.037270	128	138	2	863.639
2.617994	2.338060	2.803613	125	134	27	863.606
2.722714	2.517528	1.923289	136	121	26	863.534
-2.513274	1.934862	1.989776	0	125	157	863.391
2.827433	1.523102	2.765920	125	144	11	863.373
2.408554	0.506104	-2.874910	125	151	6	863.212
-2.827433	2.321510	1.685664	153	119	11	863.189
-0.209440	0.680326	-0.133370	133	12	152	863.122
2.932153	1.303305	3.043152	125	142	11	863.011
1.361357	0.848189	-1.705003	129	153	28	863.003
2.932153	1.972312	2.805134	126	143	20	862.982
1.780236	1.213483	-1.039417	133	125	25	862.972
2.617994	0.958731	-2.852552	124	142	16	862.843
1.047198	2.661713	-0.529511	141	133	43	862.782
-2.722714	0.482460	2.849843	135	132	4	862.758
0.628319	1.061389	-1.672248	134	5	28	862.753
1.884956	2.129501	0.238290	141	126	11	862.717
-3.036873	0.505463	2.594557	133	140	155	862.716
1.675516	1.325286	-0.994192	133	127	28	862.708
-3.036873	1.875561	1.632831	149	120	6	862.653
3.036873	2.065568	2.567730	130	132	20	862.464
2.303835	2.278618	1.170386	137	132	2	862.409
0.837758	1.745952	0.084733	9	21	139	862.344
2.932153	1.245961	-2.997461	126	140	16	862.343
2.094395	1.622993	-2.221629	18	29	141	862.318
-2.199115	1.401926	1.822930	155	132	153	862.289
-0.209440	0.735125	0.037270	133	10	150	862.240
-2.932153	0.368784	2.974974	134	135	5	862.198
2.722714	2.338060	2.803613	126	131	27	862.166
1.256637	2.575994	0.391718	129	135	34	862.110
1.256637	1.098383	-0.696430	125	140	11	862.075
1.466077	2.307301	1.336200	134	22	147	862.056
-1.884956	2.417386	-0.443097	13	21	36	861.986
-2.722714	0.599962	2.773556	136	132	4	861.957
2.722714	0.819323	2.845960	127	148	3	861.956
-3.036873	1.766737	2.722752	138	119	11	861.948
-1.989675	0.689777	2.385011	145	141	141	861.928
-2.827433	2.395716	1.977184	148	120	13	861.915
1.361357	2.166724	-0.401638	135	131	27	861.901
1.151917	2.212686	-0.544809	132	136	37	861.800
-2.827433	0.482460	2.849843	134	134	4	861.750
0.942478	0.806832	3.022155	0	44	140	861.747
-2.722714	1.523102	2.765920	136	129	8	861.673
1.151917	2.134684	0.907065	124	156	1	861.565
1.675516	2.558146	0.627191	132	128	31	861.538
-3.036873	1.602259	1.152656	8	36	144	861.372
0.523599	1.103783	0.408254	129	143	159	861.328
2.722714	1.361196	2.914780	123	149	9	861.294
1.047198	1.999226	-0.620717	133	136	29	861.260
-0.104720	1.139877	0.276382	134	12	149	861.169
-1.466077	1.809020	2.949741	9	17	134	861.163
2.827433	1.258247	-1.953634	127	130	19	861.120
-2.408554	1.298546	2.020601	148	131	154	861.107
-3.036873	0.599962	2.773556	133	137	5	861.092
1.256637	2.119166	0.100552	126	135	25	861.085
0.942478	1.957868	-0.490784	127	142	25	861.055
-0.837758	1.130958	2.972931	16	28	133	861.007
0.104720	1.620988	-0.875920	132	6	29	860.980
-2.827433	2.103695	-2.777707	152	39	154	860.968
-1.047198	0.321905	-0.829121	5	42	140	860.920
0.837758	2.354868	0.211543	123	147	28	860.882
0.523599	2.635396	1.848850	4	36	143	860.854
-2.513274	0.283625	2.405603	135	140	154	860.833
1.675516	0.142314	2.590387	1	38	133	860.809
3.036873	0.817732	-3.084486	131	133	13	860.754
2.408554	0.933766	-3.015917	125	151	13	860.752
2.303835	2.285175	-2.943090	125	141	20	860.710
-2.827433	1.283786	2.462124	136	131	1	860.710
-2.932153	1.567193	2.643172	133	132	7	860.664
1.989675	1.234531	-2.190148	118	157	17	860.663
0.628319	1.232870	-1.822773	139	6	34	860.566
-2.513274	1.072154	1.761506	147	139	151	860.555
-2.722714	0.251672	2.848900	134	135	3	860.551
-2.827433	1.865046	1.763384	156	126	154	860.514
-3.036873	2.321510	1.685664	148	120	9	860.445
0.837758	1.340441	-1.731580	135	0	35	860.419
-2.827433	0.368784	2.974974	135	133	4	860.359
1.151917	2.026074	0.300945	123	139	20	860.328
1.989675	1.560487	-2.323400	20	26	141	860.323
1.989675	0.670850	-1.945257	120	150	11	860.322
0.209440	1.579624	-1.199759	136	6	33	860.294
-3.141593	1.395545	-2.850807	133	123	20	860.226
-2.408554	1.393612	1.952016	151	130	154	860.205
-0.942478	0.391502	-1.171374	10	42	144	860.182
2.513274	1.858863	-3.106022	8	34	139	860.164
-2.932153	1.644848	2.743774	133	131	10	860.083
2.513274	1.340441	-1.731580	125	136	25	860.046
-2.722714	0.961838	1.839284	143	139	157	859.935
-1.047198	0.201397	-0.716646	26	33	130	859.931
-0.209440	0.266262	-1.678068	2	43	141	859.824
-2.408554	1.314142	2.139329	148	129	155	859.816
-2.932153	0.970108	1.990771	140	140	158	859.803
1.256637	2.487957	-0.274279	137	132	40	859.802
3.036873	2.395716	1.977184	138	123	13	859.765
1.047198	1.150348	-0.176418	123	139	9	859.742
2.513274	0.933766	-3.015917	123	147	12	859.723
-2.303835	1.084151	1.618525	150	140	150	859.708
0.209440	2.129501	0.238290	125	14	10	859.670
2.722714	1.266731	-1.412461	132	128	27	859.636
1.361357	2.237695	-0.271388	135	131	25	859.628
2.303835	2.423190	1.789783	128	127	22	859.623
0.628319	2.014149	0.444138	124	2	2	859.604
1.675516	1.182540	-0.798952	133	124	21	859.587
2.199115	0.591643	-2.098364	123	141	6	859.584
-2.513274	1.247736	2.242810	144	129	156	859.562
2.408554	0.525564	-2.288838	125	139	4	859.499
-2.722714	0.937910	2.787575	137	128	7	859.483
0.837758	2.122474	-0.648314	132	144	39	859.482
2.932153	0.368784	2.974974	130	143	157	859.453
0.104720	0.630671	0.391949	132	143	156	859.451
-2.827433	1.567193	2.643172	135	130	7	859.370
1.780236	1.697488	-2.322785	25	24	143	859.344
0.733038	2.539516	-0.476942	135	139	41	859.311
-1.989675	0.772218	2.227380	147	143	140	859.292
1.151917	2.166980	-0.134879	127	135	29	859.269
-0.314159	0.398249	-1.812694	7	43	145	859.223
1.256637	2.363394	-0.272918	135	132	27	859.163
-2.513274	1.426479	1.573427	159	128	155	859.142
0.733038	2.293000	-0.124451	128	144	37	859.114
-2.932153	1.682420	1.353922	5	36	142	859.063
1.361357	0.378103	2.646436	2	38	132	859.040
0.418879	0.977824	0.441928	131	144	157	859.038
1.884956	0.053884	-2.408394	131	153	157	858.943
0.942478	2.460199	-0.822008	141	137	44	858.930
0.000000	0.730751	0.522488	134	145	155	858.877
0.314159	2.734349	-0.289298	131	149	39	858.852
3.036873	1.331651	2.344497	133	136	6	858.746
1.466077	2.294058	-0.421070	139	129	28	858.731
3.036873	0.844883	2.679708	129	143	1	858.610
-2.827433	0.918305	3.107845	137	126	12	858.607
-2.827433	0.993052	2.137478	138	139	154	858.606
2.408554	2.948048	1.133127	141	123	25	858.577
-3.141593	1.245961	-2.997461	129	135	16	858.560
-0.942478	1.242312	2.941234	18	28	135	858.547
2.094395	2.409450	-2.988432	125	146	23	858.529
2.722714	1.258247	-1.953634	125	132	20	858.407
1.151917	1.780769	1.416330	32	5	140	858.396
-3.141593	0.632708	2.566722	133	142	2	858.395
-2.827433	1.523102	2.765920	134	131	7	858.388
-2.827433	1.934862	1.989776	151	124	157	858.328
-2.722714	2.431584	2.307631	144	120	18	858.292
2.199115	1.339550	1.370353	23	29	149	858.282
-3.036873	0.281664	-2.969147	134	132	6	858.260
-2.303835	2.243347	-2.521049	142	132	40	858.234
-1.256637	0.088408	-0.311160	20	34	126	858.183
1.466077	1.374245	-1.226417	130	136	32	858.161
-3.141593	2.645260	1.570203	149	120	17	858.156
1.151917	1.182540	-0.798952	123	144	15	858.146
-0.418879	0.376428	-1.495532	4	44	144	858.051
1.570796	0.727136	-1.633288	128	147	25	858.018
0.418879	1.713125	-1.503073	139	2	39	857.963
1.256637	2.166980	-0.134879	130	135	21	857.957
2.722714	0.807476	-2.597675	127	130	11	857.933
0.523599	0.848189	-1.705003	136	10	25	857.900
0.942478	1.823834	-1.560483	136	154	41	857.877
1.466077	2.324731	1.511186	135	25	147	857.837
2.722714	1.153930	-1.597104	128	129	22	857.775
0.000000	0.715701	0.699906	136	142	153	857.752
0.209440	1.893281	-1.083976	135	0	33	857.665
1.675516	1.500204	0.737638	136	127	0	857.646
1.884956	0.670850	-1.945257	120	153	11	857.643
1.466077	1.317907	-1.121023	129	134	30	857.588
0.314159	2.245973	-0.702234	133	151	40	857.573
0.314159	1.103783	0.408254	129	148	159	857.560
1.361357	2.341931	1.023926	122	156	14	857.539
3.036873	2.232413	2.735777	129	141	24	857.534
2.827433	2.211602	1.443930	143	130	0	857.530
2.722714	1.377070	-1.980984	126	133	23	857.498
-2.513274	0.273777	-2.506756	0	12	125	857.484
1.780236	0.670850	-1.945257	127	148	23	857.475
1.151917	1.601408	0.242409	127	134	8	857.454
1.466077	2.201829	-0.001735	131	129	28	857.283
-2.722714	1.490555	2.543284	137	130	4	857.252
0.628319	0.829198	-1.532491	131	6	24	857.206
-3.036873	0.378103	2.646436	133	142	155	857.138
-2.199115	0.772218	2.227380	145	145	140	857.114
2.303835	2.213937	0.621892	146	124	7	857.079
-2.303835	0.163506	0.573203	25	30	125	856.970
2.617994	0.975253	2.641082	130	146	6	856.970
0.628319	2.213937	0.621892	124	8	6	856.968
-2.617994	1.865046	1.763384	155	123	0	856.940
-2.932153	1.794553	2.374618	142	128	22	856.924
2.722714	1.590018	-1.941652	127	135	27	856.888
2.617994	0.933766	-3.015917	124	144	12	856.883
0.209440	0.673985	0.203855	130	144	159	856.843
-2.722714	1.642346	1.722617	154	122	0	856.833
2.513274	2.825762	1.085035	139	135	28	856.813
1.151917	1.652224	-0.996105	132	139	30	856.712
-2.513274	2.243347	-2.521049	139	134	40	856.706
0.523599	0.147206	-1.385164	133	2	158	856.679
1.675516	1.023796	-0.583691	135	122	14	856.677
1.989675	2.740366	1.374341	131	129	32	856.662
2.617994	0.819323	2.845960	127	151	4	856.656
0.733038	2.417202	-0.103363	129	142	38	856.638
-1.884956	0.947774	2.395256	152	137	142	856.599
0.942478	1.692644	1.237670	31	1	141	856.593
0.628319	2.036004	-0.757062	130	149	30	856.555
3.036873	1.846833	2.826543	127	132	14	856.554
3.036873	1.983195	-3.127984	128	143	28	856.551
2.094395	1.560487	-2.323400	18	28	141	856.541
0.314159	1.893281	-1.083976	134	158	33	856.539
2.932153	2.838301	1.980061	134	141	25	856.530
-2.617994	2.020545	2.088672	150	119	7	856.428
0.418879	2.131178	0.386663	125	6	6	856.328
-3.036873	1.401926	1.822930	145	127	157	856.317
-1.361357	1.487681	-1.406069	16	14	32	856.317
2.513274	0.857516	-2.432863	126	133	14	856.287
-2.513274	0.869748	2.095969	141	139	152	856.285
2.827433	1.340441	-1.731580	130	129	24	856.263
0.628319	1.027004	-0.203653	125	144	8	856.262
-2.722714	1.769149	1.550298	156	127	157	856.255
-1.989675	0.405617	1.773533	140	142	149	856.206
1.675516	2.237183	0.468799	130	128	22	856.198
1.570796	1.374245	-1.226417	131	134	32	856.167
3.036873	0.077645	1.453433	24	29	124	856.126
1.466077	2.450821	0.084741	134	129	35	856.123
-2.722714	0.993052	2.137478	139	138	153	856.083
3.036873	0.632708	2.566722	133	143	3	856.083
1.780236	2.512538	1.239900	127	132	26	856.082
2.932153	0.281664	-2.969147	127	151	158	856.010
2.199115	1.027004	-0.203653	22	34	159	855.998
1.151917	1.435181	-0.739771	124	143	20	855.983
0.733038	1.616900	-0.207457	122	152	29	855.948
1.675516	1.427868	0.984637	137	130	153	855.946
0.628319	0.759859	0.351923	132	136	158	855.940
-3.141593	2.137615	2.988806	130	141	27	855.906
2.513274	0.734333	-2.446184	124	137	7	855.876
2.827433	2.019912	2.686612	125	144	18	855.872
2.513274	1.361031	-1.613971	126	135	27	855.759
0.942478	2.112276	-1.027246	138	139	35	855.714
1.780236	0.513579	-1.147354	125	136	5	855.712
-2.932153	1.279716	2.812101	136	123	7	855.700
-1.989675	0.626379	1.773610	144	152	139	855.684
-2.722714	1.964774	1.855507	157	125	157	855.616
-0.628319	0.685083	-0.942363	159	46	149	855.610
-2.827433	1.304210	-2.084225	136	125	21	855.583
-3.036873	1.087142	2.058815	139	138	159	855.573
-2.932153	1.130958	2.972931	131	133	9	855.573
2.199115	2.396339	1.200900	133	122	23	855.534
-2.408554	1.690453	-2.123076	135	142	22	855.477
2.722714	1.268591	-3.122146	123	147	13	855.416
1.570796	1.432325	-1.029054	132	130	31	855.411
1.466077	1.257816	-0.894317	124	143	33	855.402
-0.314159	0.492205	-1.397963	159	45	147	855.390
1.047198	2.568462	0.150655	130	137	36	855.379
0.418879	2.558223	-1.164189	145	141	47	855.378
-1.047198	1.130958	2.972931	19	25	133	855.346
1.361357	1.495002	-0.839810	129	143	39	855.339
0.628319	2.539516	-0.476942	134	141	40	855.279
-2.303835	0.420680	2.088164	138	140	151	855.210
-3.141593	1.665496	2.397872	133	130	10	855.157
2.303835	2.645260	1.570203	133	125	29	855.152
0.314159	2.122474	-0.648314	131	154	39	855.097
1.570796	1.317907	-1.121023	130	131	29	855.096
-3.141593	0.919522	2.948277	132	130	0	855.059
-2.827433	1.402149	2.788898	134	130	8	855.036
0.942478	2.660483	-0.034608	134	137	39	855.021
2.932153	1.142003	-3.058022	126	140	14	854.980
1.675516	1.269614	-1.275246	130	131	30	854.965
-2.722714	1.401926	1.822930	151	125	156	854.928
0.942478	2.166980	-0.134879	126	141	31	854.919
1.780236	3.011274	0.434110	140	129	29	854.918
1.466077	2.049502	-0.137989	132	131	18	854.871
0.942478	2.131178	0.386663	123	157	7	854.810
-3.141593	1.026525	2.506945	131	141	0	854.763
0.104720	2.223375	-0.906185	137	154	43	854.745
-0.523599	0.730751	0.522488	138	9	142	854.724
-3.036873	1.279716	2.812101	131	135	7	854.662
0.418879	1.373422	-1.484281	136	8	31	854.641
3.036873	1.121943	-2.669042	132	123	17	854.641
-1.361357	1.922256	2.347806	156	24	143	854.627
1.675516	1.803705	0.881076	26	22	139	854.613
1.361357	1.673557	0.452526	129	131	5	854.610
2.094395	1.647395	3.085437	134	23	134	854.536
0.733038	2.676626	2.335353	9	36	147	854.504
-2.199115	0.817846	2.390688	145	141	141	854.486
-3.141593	2.423190	1.789783	144	121	12	854.444
-2.932153	1.016938	2.270674	136	138	156	854.404
-1.256637	0.077645	1.453433	134	137	1	854.398
0.104720	1.046265	-2.958847	24	23	14	854.385
1.570796	1.495002	-0.839810	129	138	39	854.339
-2.932153	1.889815	2.701570	141	118	14	854.324
-3.036873	1.194776	2.710455	134	126	3	854.292
-2.513274	1.533648	1.644808	159	126	157	854.272
-1.780236	1.928342	-1.351174	12	14	33	854.242
-1.675516	1.847325	2.249051	157	25	144	854.215
-3.141593	2.146467	2.055081	137	126	14	854.181
-2.199115	1.188278	1.690808	152	137	151	854.181
3.036873	1.158594	2.487618	132	137	5	854.178
2.513274	0.807476	-2.597675	125	136	11	854.169
-2.722714	1.165407	3.092861	139	124	15	854.100
0.733038	1.911828	-0.364489	125	148	32	854.040
2.932153	1.577029	-2.962888	126	142	22	854.034
2.408554	2.512538	1.239900	138	123	14	854.002
2.722714	1.106275	-2.420800	129	128	21	853.887
-0.523599	0.610738	-1.326786	3	45	150	853.878
1.884956	0.718851	-1.442215	122	139	12	853.818
1.256637	1.502469	0.151156	129	130	8	853.786
2.827433	1.431907	3.015410	124	144	13	853.713
0.837758	1.289408	0.683122	9	19	136	853.669
0.733038	1.793737	0.410270	123	1	159	853.604
2.617994	0.567465	-2.679392	124	149	4	853.566
0.942478	1.682420	1.353922	32	1	142	853.565
1.361357	2.036004	-0.757062	133	133	37	853.563
0.942478	1.832060	-0.821627	132	140	30	853.536
1.151917	1.098383	-0.696430	124	143	11	853.476
2.932153	0.400542	-2.995729	129	136	0	853.465
2.303835	1.339550	1.370353	21	31	149	853.449
-1.675516	1.813816	-1.298435	14	16	31	853.448
1.675516	1.846644	1.113766	27	23	139	853.375
-2.617994	2.801154	2.353143	145	121	24	853.367
1.361357	1.576334	0.365236	130	130	5	853.269
-0.104720	0.644807	-0.327139	132	13	154	853.259
1.780236	0.525564	-2.288838	124	4	8	853.241
2.827433	1.174782	-2.538755	129	127	21	853.151
1.361357	2.487957	-0.274279	138	130	29	853.150
0.837758	1.027004	-0.203653	125	138	8	853.015
2.617994	1.361196	2.914780	123	152	9	852.986
-3.036873	1.377070	-1.980984	133	131	26	852.984
2.617994	1.232870	-1.822773	125	134	20	852.910
1.256637	1.986720	-0.993220	133	138	39	852.892
0.000000	2.539516	-0.476942	129	152	33	852.883
0.000000	2.970019	-1.282382	141	134	34	852.883
-2.722714	0.817846	2.390688	136	138	156	852.832
1.256637	2.463986	1.034407	121	146	23	852.818
0.418879	0.942873	-1.607680	136	8	26	852.805
0.733038	1.629346	-0.542669	129	156	9	852.793
1.466077	1.559671	-1.074934	133	133	34	852.773
0.209440	2.014338	-1.127392	136	157	35	852.736
0.942478	1.527261	-0.304916	122	149	29	852.708
1.256637	0.757018	-0.608833	146	25	136	852.608
1.570796	0.398249	-1.812694	127	151	16	852.608
3.036873	0.889834	2.529957	131	144	159	852.604
2.932153	1.652224	-0.996105	141	133	35	852.532
-0.209440	0.861655	-0.394821	135	17	158	852.519
1.361357	1.832690	-0.468440	128	133	29	852.448
2.932153	1.444527	2.664744	127	142	6	852.448
2.827433	1.360161	-3.018404	124	144	17	852.402
0.628319	0.884060	0.334199	130	138	158	852.345
1.151917	2.239419	0.151693	125	137	27	852.308
1.151917	1.876049	-0.594378	132	134	27	852.255
1.884956	0.982609	-1.136920	132	124	21	852.226
1.047198	2.343434	-2.013692	148	26	158	852.222
-2.617994	1.298546	2.020601	146	132	154	852.208
0.523599	1.815016	0.278951	124	7	2	852.173
0.314159	1.865619	-0.952036	132	159	31	852.111
2.827433	1.496414	-2.009267	127	131	25	851.929
0.209440	0.630671	0.391949	132	141	156	851.922
-2.303835	2.108891	-2.532166	144	130	40	851.908
0.523599	2.131178	0.386663	123	7	7	851.820
-3.036873	0.077645	1.453433	19	32	123	851.780
-2.513274	1.426725	2.102242	148	128	156	851.774
0.418879	3.088868	-0.989501	141	140	33	851.773
1.989675	1.697488	-2.322785	19	26	139	851.763
-0.837758	1.487681	-1.406069	134	2	149	851.752
-3.036873	1.612085	1.968802	143	123	3	851.660
-0.209440	0.803813	0.191520	134	9	148	851.544
1.675516	3.011274	0.434110	138	130	29	851.485
3.036873	0.534610	2.154808	137	149	159	851.483
1.361357	1.990381	1.586005	124	139	13	851.454
1.361357	1.990470	0.580283	151	22	142	851.422
1.884956	2.676638	0.540364	139	122	23	851.350
1.570796	1.555041	0.947813	28	20	144	851.270
2.408554	1.590018	-1.941652	2	29	144	851.266
2.827433	2.125183	2.445598	128	135	19	851.232
1.780236	2.763799	0.760372	136	127	21	851.210
-2.094395	0.817846	2.390688	146	140	141	851.195
0.523599	2.014149	0.444138	125	5	3	851.160
-2.827433	1.772673	-2.864760	153	37	5	851.086
0.837758	1.375020	-0.170393	120	151	23	851.077
-1.570796	1.560345	2.985899	6	18	136	851.051
-3.036873	1.760169	1.678132	148	121	3	851.025
3.036873	1.665496	2.397872	132	132	11	850.994
2.722714	0.958731	-2.852552	127	134	11	850.900
-0.314159	0.266262	-1.678068	4	43	141	850.845
1.047198	1.710583	-1.376890	135	146	41	850.818
-2.932153	1.630007	1.844552	147	122	1	850.801
-3.036873	0.975253	2.641082	134	130	159	850.780
1.780236	2.014149	0.444138	135	122	13	850.772
2.827433	1.130958	2.972931	125	146	6	850.691
-3.036873	1.026525	2.506945	134	136	4	850.666
-2.932153	2.305347	2.311346	138	125	20	850.605
1.361357	1.184569	0.147517	124	132	10	850.583
0.942478	1.804124	1.264249	31	1	139	850.567
1.151917	2.111003	-0.268632	129	138	22	850.558
1.570796	1.459902	-1.145835	132	132	33	850.502
2.827433	1.908408	-2.648903	159	38	146	850.471
0.523599	2.660483	-0.034608	128	150	36	850.450
2.094395	0.641441	-2.842109	126	158	9	850.288
2.408554	2.825762	1.085035	142	122	21	850.275
1.675516	0.513579	-1.147354	124	139	5	850.268
3.036873	0.972820	-1.762780	133	124	14	850.263
-0.942478	0.385088	0.590355	137	2	144	850.212
-2.827433	1.612720	-3.080498	134	130	19	850.206
0.733038	1.752959	-0.567548	125	151	33	850.205
0.628319	1.070157	-0.073422	126	143	6	850.204
2.827433	1.511948	-2.632360	129	130	27	850.199
1.780236	2.740366	1.374341	128	135	32	850.189
-2.513274	1.286936	1.886053	149	133	153	850.171
1.780236	2.575994	0.391718	139	122	23	850.148
2.199115	0.567465	-2.679392	124	153	9	850.097
-2.827433	1.247736	2.242810	139	133	157	850.092
0.523599	1.226043	-1.693533	138	5	33	850.081
0.523599	0.851126	0.493370	133	139	156	850.079
-1.675516	0.077645	1.453433	133	147	155	849.996
3.036873	1.365228	2.563808	129	140	3	849.919
1.256637	2.005145	0.941012	125	153	157	849.805
-2.513274	2.307188	-2.656134	138	133	38	849.741
3.036873	2.423190	1.789783	141	121	13	849.720
-2.617994	0.594963	2.997575	138	126	6	849.697
2.932153	0.599962	2.773556	129	147	1	849.659
0.733038	1.070157	-0.073422	126	140	6	849.385
1.675516	0.451839	-2.078193	127	154	17	849.380
2.408554	0.817732	-3.084486	124	152	9	849.324
1.151917	2.129501	0.238290	124	138	23	849.305
1.884956	2.512538	1.239900	128	129	26	849.274
1.151917	1.620988	-0.875920	131	138	28	849.272
-3.141593	1.331651	2.344497	135	134	6	849.254
2.408554	2.119564	2.754818	12	32	134	849.250
3.036873	2.435993	0.683844	14	27	134	849.237
-2.722714	0.632797	1.989858	139	143	158	849.180
1.780236	1.361998	-2.207254	22	23	145	849.169
1.780236	1.339410	0.900087	140	128	153	849.156
-2.932153	0.893140	2.251698	135	141	155	849.107
2.722714	1.840579	-2.536445	2	39	149	849.055
-2.408554	0.852911	1.933394	142	141	150	848.999
-2.722714	1.063758	2.743093	137	127	7	848.998
2.408554	0.879254	-2.733338	123	146	16	848.887
1.675516	1.197745	-1.173705	130	130	27	848.836
1.047198	2.048538	0.806623	157	27	145	848.801
-2.617994	0.721019	2.721536	138	135	150	848.797
1.989675	0.718851	-1.442215	123	136	12	848.701
-0.628319	1.893828	3.053453	21	38	157	848.687
3.036873	2.200418	-3.056442	129	146	32	848.684
-3.036873	1.644848	2.743774	137	120	8	848.612
1.675516	2.584774	1.046703	128	132	29	848.606
0.000000	0.201397	-0.716646	134	0	157	848.499
2.617994	1.050039	-2.552086	126	132	17	848.484
2.303835	0.481292	-2.529098	124	155	4	848.469
0.628319	1.915763	-0.724679	128	151	28	848.450
2.303835	0.594963	2.997575	129	152	159	848.436
1.675516	2.789817	0.395431	139	127	38	848.433
2.617994	1.833945	-2.320278	6	38	150	848.410
-3.036873	1.121943	-2.669042	137	119	18	848.401
0.628319	0.727136	-1.633288	132	7	21	848.356
-2.408554	2.307188	-2.656134	139	132	38	848.345
1.361357	2.294058	-0.421070	137	130	29	848.342
3.036873	1.139125	-1.924528	131	132	22	848.311
-2.408554	0.142314	2.590387	134	136	154	848.273
2.722714	2.396339	1.200900	142	123	15	848.222
-0.523599	0.492205	-1.397963	5	44	147	848.221
1.466077	1.213483	-1.039417	128	132	26	848.219
2.722714	2.627402	1.293552	144	121	16	848.171
0.942478	1.576334	0.365236	125	155	155	848.170
-1.047198	1.579542	-0.755917	14	26	33	848.164
0.628319	2.294058	-0.421070	129	145	37	848.104
2.408554	2.177132	2.600419	11	31	133	848.042
1.570796	0.936702	-0.866461	130	128	17	848.034
-2.408554	1.833945	-2.320278	147	128	39	848.017
-0.628319	1.130958	2.972931	12	31	133	848.000
0.942478	0.770166	-0.266604	128	134	5	847.968
0.523599	1.954572	-0.859208	132	153	40	847.945
1.361357	1.822312	-0.127211	126	131	22	847.877
-3.036873	2.103118	2.194745	139	123	9	847.812
-2.722714	0.626379	1.773610	141	146	157	847.797
-1.989675	2.489741	-2.468428	146	131	43	847.747
0.942478	2.119166	0.100552	124	142	31	847.745
2.827433	1.724868	2.846246	124	144	15	847.687
-2.827433	1.812466	2.597595	145	116	10	847.684
-1.780236	1.652224	-0.996105	20	18	27	847.590
2.932153	1.050039	-2.552086	131	124	17	847.539
2.408554	0.641441	-2.842109	124	149	9	847.516
2.827433	1.904429	-2.428029	1	39	148	847.446
1.361357	0.829198	-1.532491	128	149	27	847.323
-2.722714	0.849888	1.767901	143	142	156	847.310
-2.827433	2.084401	1.810502	156	123	159	847.279
0.837758	2.014149	0.444138	124	157	2	847.279
1.361357	2.201829	-0.001735	129	131	28	847.228
0.314159	1.915790	-1.216366	136	158	34	847.210
0.942478	1.232870	-1.822773	133	1	33	847.178
-3.141593	2.321510	1.685664	143	123	14	847.167
2.513274	0.927138	-2.569686	125	135	14	847.067
1.466077	1.616900	-0.207457	127	129	19	847.057
2.722714	1.603064	2.865774	123	147	13	846.978
0.733038	1.115957	-1.787597	135	5	31	846.971
0.523599	1.289408	0.683122	13	15	134	846.938
2.513274	0.958731	-2.852552	124	145	16	846.934
-1.466077	1.600470	-1.453196	15	12	34	846.910
-1.989675	0.993052	2.137478	152	142	140	846.904
0.942478	2.528686	2.737228	11	35	150	846.893
1.570796	2.558146	0.627191	130	130	31	846.884
0.837758	2.487747	2.505912	9	36	146	846.840
-0.418879	0.210568	-0.069559	134	5	148	846.830
0.523599	1.155458	-1.460623	134	4	31	846.824
0.523599	0.972820	-1.762780	138	10	28	846.807
2.932153	0.251672	2.848900	131	147	156	846.790
1.466077	1.184569	0.147517	126	129	10	846.744
1.256637	2.682152	0.245751	134	129	24	846.708
-2.513274	1.509287	2.204647	147	125	158	846.616
2.722714	1.279716	2.812101	133	126	14	846.610
1.047198	2.119166	0.100552	124	140	25	846.592
-2.408554	0.163506	0.573203	27	28	125	846.519
2.827433	2.070371	2.879808	125	146	23	846.477
-2.094395	2.635396	1.848850	5	26	141	846.367
-2.932153	1.240183	2.587255	137	125	2	846.347
1.361357	1.657997	-0.325127	126	132	23	846.279
1.570796	0.607708	-1.541026	126	144	21	846.246
-3.036873	0.560531	2.378474	135	144	1	846.242
-3.036873	1.124930	2.219917	137	136	1	846.224
-3.036873	0.937910	2.787575	133	133	7	846.201
-2.722714	1.157331	-2.906362	141	122	20	846.200
0.733038	1.576334	0.365236	124	1	155	846.194
-2.722714	0.534610	2.154808	138	142	151	846.149
1.151917	1.696386	0.328123	126	135	8	846.122
2.827433	1.232870	-1.822773	130	130	30	846.105
-1.884956	0.817846	2.390688	149	139	141	846.035
-2.513274	0.893140	2.251698	145	132	152	845.979
0.209440	0.605711	0.598454	136	138	154	845.923
-2.827433	1.490555	2.543284	136	131	4	845.830
0.942478	2.354868	0.211543	126	141	33	845.819
0.733038	1.055458	0.170394	128	139	1	845.804
1.466077	1.495002	-0.839810	129	141	39	845.776
2.303835	0.535020	-1.891846	128	130	8	845.758
2.094395	0.727136	-1.633288	126	130	14	845.713
1.047198	1.983318	-0.247182	125	138	28	845.696
1.361357	0.610738	-1.326786	126	145	20	845.681
-1.466077	0.415893	1.464890	141	153	141	845.628
-2.617994	2.230554	2.171334	149	118	13	845.618
1.989675	0.535020	-1.891846	123	143	6	845.593
2.617994	0.165485	-2.875396	130	145	158	845.582
0.209440	0.182564	-2.125821	1	42	139	845.580
0.628319	0.851126	0.493370	134	137	156	845.544
-2.513274	0.852911	1.933394	141	141	151	845.485
2.722714	0.879254	-2.733338	126	132	11	845.387
-2.932153	1.982107	1.720829	155	124	156	845.383
-3.036873	0.368784	2.974974	133	136	5	845.348
1.675516	1.162103	-1.322553	128	132	28	845.348
2.617994	0.368784	2.974974	130	149	157	845.146
2.932153	1.744927	-0.911892	142	135	37	845.142
-3.141593	1.283786	2.462124	132	140	0	845.132
2.617994	2.278618	1.170386	144	128	2	845.096
-2.827433	0.599962	2.773556	135	134	4	844.889
0.209440	1.597178	-1.575607	143	7	37	844.861
1.047198	1.679277	-1.122421	133	142	32	844.829
1.151917	1.710583	-1.376890	135	144	41	844.817
0.942478	2.558146	0.627191	124	158	9	844.814
2.303835	0.641441	-2.842109	124	152	9	844.790
2.617994	0.400542	-2.995729	128	144	0	844.747
2.722714	1.975135	-2.539127	2	38	146	844.711
2.408554	2.213937	0.621892	149	124	7	844.599
3.036873	0.599962	2.773556	132	141	5	844.565
3.036873	1.812466	2.597595	130	132	16	844.558
1.884956	1.821360	-2.984352	25	23	138	844.553
2.827433	0.609360	-2.464379	129	131	4	844.517
-3.141593	1.087142	2.058815	138	139	0	844.499
1.151917	1.480942	0.273235	128	133	5	844.497
-2.932153	2.146467	2.055081	142	124	14	844.452
1.047198	1.957868	-0.490784	128	140	24	844.427
-2.722714	0.918305	3.107845	139	124	12	844.382
2.617994	1.990523	1.450326	140	124	3	844.329
-1.570796	0.540208	1.400497	144	145	147	844.325
-2.932153	1.124930	2.219917	137	137	156	844.299
-0.314159	1.763887	-2.218450	19	37	151	844.243
-2.408554	0.750102	2.050636	140	141	152	844.210
-2.932153	2.245175	2.460236	137	126	13	843.984
0.733038	1.892348	0.496522	125	159	159	843.869
3.036873	0.936702	-0.866461	9	39	0	843.867
-2.827433	1.464952	2.329245	138	130	1	843.828
-1.570796	0.518569	1.644237	144	149	140	843.822
1.466077	2.214075	1.600691	136	27	146	843.742
-3.036873	1.108079	2.612943	133	133	6	843.716
-0.628319	0.769035	-1.078574	2	46	153	843.624
-2.303835	0.594963	2.997575	145	122	6	843.614
-2.932153	1.388849	2.233847	143	128	13	843.577
1.466077	1.822312	-0.127211	128	129	22	843.557
3.036873	1.245961	-2.997461	127	137	17	843.555
-2.408554	1.388849	2.233847	148	126	157	843.554
0.314159	2.213937	0.621892	128	13	3	843.539
1.151917	0.844883	2.679708	158	41	135	843.500
-2.094395	0.689777	2.385011	144	142	141	843.475
-2.932153	1.571702	-2.098435	134	126	25	843.472
1.675516	2.825762	1.085035	131	132	35	843.436
2.722714	1.232870	-1.822773	126	132	20	843.409
2.094395	2.463986	1.034407	134	132	8	843.392
-1.989675	0.077645	1.453433	134	153	154	843.345
1.570796	2.293000	-0.124451	137	128	24	843.342
-2.513274	0.599962	2.773556	139	129	4	843.305
1.466077	2.449191	-0.633651	144	130	32	843.258
0.733038	1.832690	-0.468440	125	150	33	843.248
-1.361357	0.088408	-0.311160	23	33	126	843.234
-0.523599	0.147206	-1.385164	2	42	138	843.233
2.617994	2.417950	2.666662	126	132	27	843.193
2.199115	0.628626	-1.751180	127	130	11	843.182
1.780236	1.807825	-2.090455	24	25	141	843.094
-2.722714	2.084401	1.810502	153	120	6	843.086
1.675516	1.181331	-2.060330	22	22	149	843.081
1.780236	1.317907	-1.121023	133	126	30	843.036
-2.827433	1.365228	2.563808	135	132	3	842.906
-3.141593	2.181338	2.313721	134	125	12	842.883
-0.942478	1.032316	2.884221	16	26	131	842.836
-3.036873	0.201102	1.249082	24	27	122	842.814
1.361357	1.739971	-0.228876	126	132	23	842.765
3.036873	1.603064	2.865774	129	127	15	842.736
2.827433	2.950896	1.797889	138	125	25	842.701
1.466077	2.026074	0.300945	127	131	20	842.698
1.361357	2.789817	0.395431	135	132	38	842.697
1.780236	1.389268	-0.886349	136	123	28	842.655
2.303835	2.394960	0.862133	148	134	154	842.650
1.047198	1.794699	-0.694061	131	138	27	842.609
3.036873	1.242312	2.941234	127	140	10	842.608
2.617994	1.361031	-1.613971	127	133	27	842.566
-2.827433	1.268591	-3.122146	137	125	18	842.494
1.780236	1.058706	-2.036438	20	24	151	842.386
3.036873	1.724868	2.846246	129	133	19	842.343
2.722714	1.707500	-2.531497	3	39	153	842.319
-3.036873	1.665496	2.397872	140	128	20	842.306
2.617994	1.035863	-3.110475	123	145	12	842.303
2.722714	0.700065	3.115430	126	147	7	842.301
2.827433	1.471330	-1.886160	128	131	25	842.260
-2.513274	2.175711	-2.655523	139	131	38	842.255
2.513274	2.278618	1.170386	141	129	2	842.243
3.036873	0.506104	-2.874910	132	132	10	842.173
1.256637	2.134684	0.907065	124	154	1	842.135
-1.151917	0.163506	0.573203	135	155	154	842.097
-0.837758	1.242312	2.941234	17	30	135	842.025
-2.827433	1.690107	2.620910	135	130	7	842.010
1.570796	1.019495	-1.894487	21	21	153	841.980
0.314159	0.935636	-1.445855	136	10	26	841.974
