140	1.2
0.000000	0.000000	0.000000
rece1_m.pdb	31.640	33.000	7.455
ligand_m.pdb	2.113	48.188	51.889
0.837758	0.535020	-1.891846	109	22	134	1268.023
1.675516	0.505463	2.594557	121	19	127	1196.714
0.942478	0.451839	-2.078193	111	22	131	1192.040
1.466077	0.721019	2.721536	120	21	130	1187.505
0.837758	0.628626	-1.751180	106	21	137	1182.927
0.733038	0.610738	-1.326786	102	17	138	1179.552
0.523599	0.376428	-1.495532	111	21	130	1175.503
1.466077	0.599962	2.773556	121	21	130	1171.649
0.837758	0.610738	-1.326786	99	15	138	1166.728
0.628319	0.610738	-1.326786	104	19	138	1148.426
1.047198	0.451839	-2.078193	108	20	131	1144.306
0.942478	0.312219	-2.072057	112	20	128	1131.018
0.733038	0.499783	-1.654379	107	21	135	1127.920
0.733038	2.885017	0.655562	99	0	25	1127.197
1.570796	0.721019	2.721536	118	21	130	1126.492
0.523599	0.492205	-1.397963	108	21	134	1125.429
1.361357	0.599962	2.773556	123	22	130	1124.966
0.104720	0.757018	-0.608833	107	23	138	1122.554
0.942478	0.718851	-1.442215	98	15	1	1121.531
0.733038	0.398249	-1.812694	111	22	131	1120.657
0.418879	0.376428	-1.495532	113	23	131	1114.452
0.523599	0.610738	-1.326786	106	21	138	1114.109
1.256637	0.594963	2.997575	122	23	132	1113.503
0.628319	0.499783	-1.654379	110	23	134	1110.845
1.570796	0.505463	2.594557	123	20	127	1110.377
0.523599	0.499783	-1.654379	113	24	134	1107.273
0.942478	0.727136	-1.633288	101	18	0	1100.999
0.209440	0.513579	-1.147354	114	25	134	1098.412
0.837758	0.607708	-1.541026	103	19	137	1095.839
-1.675516	1.273606	0.224545	32	34	121	1093.719
1.047198	0.591643	-2.098364	107	21	135	1093.077
0.209440	0.637681	-1.123423	113	26	137	1092.721
1.780236	0.560531	2.378474	122	18	125	1091.732
0.628319	0.376428	-1.495532	109	20	130	1091.328
0.628319	2.705107	1.062142	100	12	19	1087.574
0.942478	2.536533	1.466274	98	13	13	1087.261
2.094395	0.652440	2.197129	112	8	127	1085.897
0.209440	0.391502	-1.171374	115	24	131	1085.642
0.000000	0.757018	-0.608833	110	25	139	1084.868
1.570796	0.632708	2.566722	121	20	128	1084.826
0.628319	2.517528	1.923289	114	27	13	1084.510
1.256637	0.389851	-2.340031	109	19	129	1084.378
0.628319	2.885017	0.655562	99	2	25	1083.800
0.104720	0.637681	-1.123423	115	27	137	1083.482
0.418879	0.637681	-1.123423	107	23	137	1083.069
0.837758	0.398249	-1.812694	109	20	130	1082.298
0.628319	0.607708	-1.541026	107	22	138	1082.064
0.733038	0.492205	-1.397963	104	18	134	1081.551
0.628319	0.266262	-1.678068	113	21	128	1080.116
1.675516	0.632708	2.566722	119	19	128	1077.343
1.466077	0.482460	2.849843	121	21	130	1076.967
1.570796	0.386248	-2.690943	109	17	126	1076.346
0.942478	0.499783	-1.654379	103	17	134	1075.857
0.733038	0.513579	-1.147354	99	13	135	1074.969
0.837758	2.740366	1.374341	100	13	20	1071.601
1.047198	2.948048	1.133127	99	2	25	1071.438
1.047198	0.312219	-2.072057	110	19	128	1068.091
1.047198	0.499783	-1.654379	101	15	134	1067.929
0.733038	0.718851	-1.442215	104	21	0	1067.665
0.942478	0.492205	-1.397963	99	13	134	1067.214
0.523599	2.682152	0.245751	97	138	24	1066.963
-2.932153	1.867524	-0.240083	21	33	130	1066.012
0.104720	0.634455	-0.534790	106	22	135	1064.479
-1.780236	1.382562	0.177141	36	32	124	1064.409
0.314159	0.610738	-1.326786	113	26	137	1063.824
1.151917	2.948048	1.133127	98	139	25	1062.071
0.837758	0.718851	-1.442215	100	17	1	1061.531
0.628319	0.492205	-1.397963	106	20	134	1059.597
0.942478	0.591643	-2.098364	109	23	135	1059.042
0.314159	0.269108	-1.215563	114	23	127	1058.021
-2.932153	1.739971	-0.228876	21	33	132	1057.777
-1.675516	1.284798	0.078209	34	35	125	1055.432
-1.570796	1.184569	0.147517	30	36	122	1053.957
0.314159	0.637681	-1.123423	110	24	137	1053.637
0.837758	2.885017	0.655562	98	138	25	1052.724
-3.036873	1.657997	-0.325127	23	33	134	1052.707
0.314159	2.763799	0.760372	102	13	22	1051.454
0.733038	2.825762	1.085035	100	9	22	1051.372
0.733038	0.535020	-1.891846	112	24	134	1049.389
0.733038	0.732892	-1.254330	100	17	1	1048.760
0.314159	0.745971	-0.781286	104	22	0	1048.724
1.884956	0.560531	2.378474	120	17	125	1048.174
-1.884956	1.365452	0.310522	37	30	121	1046.010
0.418879	3.011274	0.434110	101	2	28	1045.812
0.628319	0.513579	-1.147354	101	15	135	1044.758
0.418879	0.732892	-1.254330	109	25	0	1043.936
0.733038	0.607708	-1.541026	104	20	138	1043.762
1.361357	0.481292	-2.529098	109	19	129	1043.086
-3.036873	1.911828	-0.364489	23	33	130	1042.031
0.942478	0.607708	-1.541026	100	16	138	1041.963
-0.104720	0.749432	-0.442559	110	25	136	1041.885
0.942478	0.628626	-1.751180	104	19	137	1041.817
1.047198	0.607708	-1.541026	98	13	138	1041.100
-0.314159	2.898932	0.139973	106	11	28	1040.773
0.000000	2.676638	0.540364	105	17	22	1040.079
0.523599	0.607708	-1.541026	111	25	137	1038.257
0.837758	0.492205	-1.397963	101	15	134	1037.443
-0.314159	2.239419	0.151693	105	17	10	1036.345
-0.733038	1.925185	0.231170	115	23	5	1036.021
-1.256637	2.166724	-0.401638	2	26	28	1035.868
0.628319	2.825762	1.085035	101	11	22	1035.808
-3.141593	1.450513	-0.400625	25	32	138	1035.727
1.256637	2.948048	1.133127	98	137	25	1035.544
-3.036873	1.999226	-0.620717	22	33	129	1035.342
0.942478	2.849871	1.512012	101	12	23	1035.245
0.942478	2.645260	1.570203	99	14	17	1035.009
0.942478	0.610738	-1.326786	97	12	138	1034.550
0.628319	0.637681	-1.123423	101	17	138	1034.140
0.418879	2.789817	0.395431	99	4	25	1033.867
0.104720	0.513579	-1.147354	117	27	134	1033.602
1.361357	0.819323	2.845960	119	23	133	1031.823
0.418879	0.769035	-1.078574	106	23	1	1030.964
0.942478	0.670850	-1.945257	106	22	138	1029.899
0.942478	0.376428	-1.495532	102	14	131	1029.636
0.209440	2.780471	0.027732	100	0	27	1028.786
1.151917	0.525564	-2.288838	108	20	132	1028.712
0.628319	0.391502	-1.171374	103	16	131	1028.588
0.942478	2.740366	1.374341	99	10	19	1028.355
-0.418879	2.239419	0.151693	107	18	10	1028.038
0.418879	0.610738	-1.326786	111	25	137	1027.846
0.837758	0.499783	-1.654379	105	19	134	1027.640
0.000000	0.749432	-0.442559	107	23	136	1027.539
0.942478	0.535020	-1.891846	106	20	134	1027.121
1.780236	0.426507	2.367872	125	18	125	1026.823
0.418879	2.463986	1.034407	105	21	11	1025.523
0.418879	0.513579	-1.147354	108	22	134	1025.360
1.466077	0.594963	2.997575	117	22	132	1025.176
0.209440	2.898932	0.139973	101	2	28	1025.111
1.047198	0.628626	-1.751180	101	17	137	1024.819
-2.932153	1.822312	-0.127211	21	33	130	1024.781
0.837758	2.536533	1.466274	100	16	13	1024.755
-3.141593	1.911828	-0.364489	25	32	130	1024.502
2.094395	0.420680	2.088164	125	16	123	1024.239
0.000000	0.877352	-0.574668	109	26	1	1024.037
0.628319	0.398249	-1.812694	114	23	130	1023.501
-3.036873	1.957868	-0.490784	22	33	130	1022.088
-0.628319	1.450513	-0.400625	112	20	13	1022.041
0.418879	0.492205	-1.397963	112	24	134	1021.990
0.837758	0.376428	-1.495532	104	16	131	1021.709
-1.780236	1.502469	0.151156	37	32	126	1020.525
0.837758	0.727136	-1.633288	104	20	0	1020.245
1.047198	0.727136	-1.633288	99	16	0	1020.163
-3.141593	2.212686	-0.544809	24	31	125	1019.646
1.780236	0.505463	2.594557	119	19	127	1019.492
0.523599	0.637681	-1.123423	103	20	138	1018.654
-2.932153	1.704478	-0.106295	21	33	132	1018.652
1.256637	0.609360	-2.464379	108	21	132	1017.684
1.675516	0.721019	2.721536	115	20	130	1017.377
0.733038	0.266262	-1.678068	110	19	128	1016.840
1.989675	0.534610	2.154808	123	16	123	1016.667
-0.209440	2.978333	-0.412090	103	138	30	1016.078
0.314159	0.513579	-1.147354	112	25	134	1015.533
0.314159	2.885017	0.655562	102	10	25	1015.071
0.104720	2.898932	0.139973	101	3	28	1014.469
0.733038	2.517528	1.923289	111	25	13	1014.344
0.523599	0.769035	-1.078574	103	21	1	1013.990
2.199115	1.541082	2.424608	33	28	129	1013.668
0.733038	0.391502	-1.171374	101	13	131	1013.380
0.314159	0.391502	-1.171374	113	24	130	1013.212
2.408554	1.268591	-3.122146	28	31	138	1013.168
-3.141593	1.876049	-0.594378	24	33	132	1012.258
2.408554	1.303305	3.043152	29	31	138	1012.043
0.733038	2.627402	1.293552	100	15	16	1011.407
-3.036873	1.867524	-0.240083	23	33	130	1010.133
-1.570796	1.273606	0.224545	30	36	121	1008.290
0.837758	2.512538	1.239900	98	12	13	1008.274
0.209440	0.269108	-1.215563	117	24	127	1008.157
0.628319	2.584774	1.046703	100	14	16	1007.595
0.523599	2.825762	1.085035	102	14	23	1007.151
1.047198	0.182564	-2.125821	113	19	125	1007.072
1.047198	2.584774	1.046703	94	2	16	1006.202
-0.418879	0.936702	-0.866461	120	27	10	1006.020
0.104720	2.676638	0.540364	103	15	22	1006.004
1.780236	0.632708	2.566722	117	18	128	1005.398
-0.209440	2.244355	0.309899	104	17	8	1005.221
-2.932153	1.915763	-0.724679	20	34	131	1004.781
0.000000	0.634455	-0.534790	109	24	135	1004.539
1.047198	0.727399	-2.120567	106	22	138	1003.363
-0.523599	2.129501	0.238290	110	20	7	1003.205
-1.675516	1.382562	0.177141	34	34	124	1002.885
2.827433	1.158594	2.487618	22	33	136	1002.197
0.314159	0.732892	-1.254330	112	26	0	1002.109
0.523599	3.011274	0.434110	100	139	28	1001.543
2.827433	0.415893	1.464890	120	6	124	1001.305
0.418879	2.763799	0.760372	101	12	22	1001.137
0.314159	0.376428	-1.495532	116	24	131	1000.301
0.523599	0.513579	-1.147354	105	20	134	999.825
-1.780236	1.284798	0.078209	36	33	125	998.469
0.418879	0.685083	-0.942363	104	22	139	998.238
0.733038	0.637681	-1.123423	99	14	138	998.199
1.256637	2.489741	-2.468428	15	40	8	998.125
-0.104720	0.634455	-0.534790	111	25	135	998.055
-3.036873	2.070371	2.879808	7	34	136	998.039
1.466077	0.386248	-2.690943	111	18	126	997.919
0.523599	2.885017	0.655562	100	5	25	997.634
1.361357	0.482460	2.849843	123	22	130	997.209
0.942478	2.948048	1.133127	99	4	25	997.197
0.837758	0.400542	-2.995729	128	23	134	997.194
-1.780236	1.365452	0.310522	35	32	121	996.921
1.256637	0.493314	3.117264	121	23	133	996.771
1.151917	2.423692	1.392696	134	27	133	996.625
0.733038	0.376428	-1.495532	107	18	130	996.606
0.733038	0.628626	-1.751180	109	23	137	996.582
-1.570796	1.458370	0.400433	31	34	119	995.542
1.256637	0.273777	-2.506756	114	19	125	995.435
-3.036873	2.083752	-0.511086	22	33	127	995.422
1.151917	0.389851	-2.340031	111	20	128	994.665
0.628319	0.718851	-1.442215	107	24	0	994.622
0.209440	2.519348	0.843503	106	22	14	994.527
2.199115	0.919522	2.948277	101	11	135	994.515
0.942478	2.825762	1.085035	98	4	22	993.801
1.151917	0.660897	-2.278593	106	21	135	993.740
-1.675516	1.055458	0.170394	30	35	120	993.662
-3.141593	1.999226	-0.620717	24	33	129	993.457
1.570796	0.482460	2.849843	119	21	130	993.343
-2.932153	2.035818	-0.379479	20	33	127	993.209
0.837758	2.948048	1.133127	100	6	25	992.975
2.408554	1.361196	2.914780	29	31	136	992.776
1.256637	0.806832	3.022155	119	25	135	992.751
-0.418879	2.825762	1.085035	34	20	116	992.345
0.628319	0.732892	-1.254330	103	20	1	992.334
0.209440	2.885017	0.655562	103	12	25	992.316
0.523599	0.391502	-1.171374	105	18	131	992.302
0.942478	0.400542	-2.995729	126	23	134	992.257
-1.780236	1.535018	0.028869	38	32	129	991.994
0.418879	2.341931	1.023926	104	21	8	991.273
0.104720	2.780471	0.027732	101	3	27	991.260
-3.036873	1.707244	-0.444770	23	33	134	991.258
0.733038	2.789817	0.395431	97	135	25	990.538
2.408554	0.937910	2.787575	100	7	132	990.510
0.209440	0.632622	-0.737642	106	22	136	990.510
0.523599	0.732892	-1.254330	105	22	1	990.444
0.628319	0.628626	-1.751180	111	25	137	990.038
0.314159	2.642029	0.813274	102	16	19	989.805
1.675516	0.599962	2.773556	116	20	130	989.573
1.780236	0.400542	-2.995729	111	16	123	989.026
0.837758	0.732892	-1.254330	98	14	1	988.616
2.303835	0.919522	2.948277	99	8	135	988.318
0.837758	0.513579	-1.147354	97	11	135	987.762
0.418879	2.642029	0.813274	101	14	19	986.735
0.628319	3.011274	0.434110	100	137	28	986.634
1.361357	0.594963	2.997575	119	23	132	985.920
0.733038	2.705107	1.062142	98	10	19	985.309
-1.151917	2.237695	-0.271388	139	27	26	984.504
0.733038	2.512538	1.239900	99	15	13	983.552
1.047198	2.721001	2.060097	5	37	137	983.376
-1.570796	1.480942	0.273235	32	35	123	983.369
0.209440	0.859723	-0.734928	106	23	2	982.850
-0.314159	0.610738	-1.326786	126	27	5	982.688
1.675516	0.506104	-2.874910	111	20	139	982.600
-1.047198	2.244355	0.309899	23	40	132	982.522
1.256637	0.700065	3.115430	118	24	135	982.521
1.047198	0.718851	-1.442215	96	12	1	982.451
1.570796	0.599962	2.773556	119	21	130	982.373
-3.036873	1.450513	-0.400625	23	32	138	982.336
0.523599	2.642029	0.813274	99	11	19	982.322
-1.675516	1.704478	-0.106295	37	35	134	982.231
0.733038	2.948048	1.133127	102	8	25	982.006
2.722714	0.385088	0.590355	30	32	134	981.873
0.523599	2.705107	1.062142	101	15	19	981.805
0.314159	2.898932	0.139973	100	139	28	981.621
1.361357	0.704080	2.911636	119	23	133	981.611
1.780236	0.506104	-2.874910	108	18	139	981.167
-3.036873	1.786634	-0.346247	23	33	132	981.086
2.827433	0.339714	-0.013712	36	25	136	981.003
0.733038	2.740366	1.374341	101	15	20	980.679
0.314159	2.780471	0.027732	99	138	27	980.394
-0.104720	0.757018	-0.608833	113	27	139	980.213
0.628319	2.682152	0.245751	106	7	15	979.361
0.209440	2.558146	0.627191	102	16	18	979.177
0.837758	2.627402	1.293552	99	12	16	978.558
0.000000	2.898932	0.139973	102	5	28	978.546
-0.314159	2.129501	0.238290	106	18	7	978.106
0.209440	0.757018	-0.608833	104	21	138	977.971
-0.733038	2.049502	-0.137989	112	20	14	977.942
-0.733038	1.854119	0.134161	114	23	6	977.811
1.047198	0.398249	-1.812694	105	17	130	977.386
-0.837758	1.933878	0.034150	116	23	9	977.336
-1.675516	1.410840	0.056219	35	35	126	976.782
-3.141593	1.832690	-0.468440	25	33	132	976.768
0.209440	0.745971	-0.781286	107	24	0	976.682
0.942478	0.803410	-1.984567	106	23	1	976.624
2.932153	0.410700	0.270433	31	31	134	976.558
0.942478	0.829198	-1.532491	99	16	4	976.329
0.314159	2.705107	1.062142	107	22	17	976.161
0.837758	2.645260	1.570203	101	17	17	975.937
0.000000	0.644807	-0.327139	106	21	133	974.878
-3.036873	2.035818	-0.379479	23	32	127	974.770
1.570796	0.567465	-2.679392	105	16	129	974.580
0.000000	2.434090	1.592818	21	37	123	973.888
0.837758	0.266262	-1.678068	107	18	128	973.821
2.617994	2.245175	2.460236	19	32	123	973.646
-0.314159	2.825762	1.085035	33	22	117	973.624
1.466077	0.481292	-2.529098	106	17	129	973.192
1.884956	0.493314	3.117264	112	19	136	973.174
1.780236	2.838301	1.980061	98	3	23	973.094
-1.780236	1.329795	-0.042570	37	33	128	973.061
-1.780236	1.139877	0.276382	32	33	119	972.986
-2.827433	1.739971	-0.228876	19	34	132	972.977
-0.733038	1.527261	-0.304916	114	21	11	972.666
1.780236	0.599643	-3.045235	110	19	139	972.637
1.047198	0.493314	3.117264	126	23	134	972.560
-2.827433	1.983318	-0.247182	19	33	128	972.273
-3.036873	1.739971	-0.228876	23	33	132	972.223
-2.932153	1.876049	-0.594378	20	34	131	972.102
0.000000	0.861655	-0.394821	106	23	139	972.042
2.094395	0.958731	-2.852552	96	8	4	971.705
0.942478	2.635396	1.848850	4	36	134	971.535
3.036873	2.083752	-0.511086	26	31	127	971.479
0.209440	0.610738	-1.326786	117	28	137	971.474
0.418879	0.391502	-1.171374	106	19	131	971.231
0.733038	0.727136	-1.633288	106	22	0	970.912
-0.104720	2.789817	0.395431	105	15	25	970.219
2.513274	0.385088	0.590355	33	29	134	969.863
0.942478	2.676638	0.540364	106	6	14	969.847
0.837758	0.451839	-2.078193	113	23	131	969.789
0.418879	2.682152	0.245751	98	1	24	969.571
0.209440	2.763799	0.760372	104	16	22	969.519
0.418879	2.519348	0.843503	99	14	16	969.504
0.104720	2.558146	0.627191	103	18	19	968.894
-0.733038	2.885017	0.655562	32	23	117	968.710
2.303835	0.937910	2.787575	102	10	132	968.635
1.151917	0.817732	-3.084486	118	25	138	967.863
1.151917	0.493314	3.117264	123	23	134	967.845
0.628319	0.535020	-1.891846	114	25	134	967.688
0.418879	0.858261	-1.191729	108	25	4	967.260
-0.314159	2.201829	-0.001735	104	15	12	967.146
0.942478	2.627402	1.293552	97	10	16	967.110
-0.209440	2.682152	0.245751	106	16	24	967.046
0.418879	0.269108	-1.215563	112	22	127	966.924
-1.780236	1.184569	0.147517	35	33	122	966.611
0.733038	0.757046	-1.816019	105	22	3	966.326
1.361357	0.273777	-2.506756	112	18	125	966.133
2.827433	0.385088	0.590355	28	33	134	965.871
-0.418879	0.637681	-1.123423	124	27	5	965.656
-1.466077	1.273606	0.224545	28	37	121	965.594
0.418879	2.885017	0.655562	100	7	25	965.526
2.513274	0.806832	3.022155	98	4	135	965.502
1.256637	2.849871	1.512012	98	4	22	965.447
2.094395	0.534610	2.154808	121	15	123	965.417
0.628319	2.789817	0.395431	97	137	25	965.019
0.104720	2.789817	0.395431	102	10	25	964.744
2.513274	2.635686	2.834950	98	0	24	964.374
1.989675	0.689777	2.385011	110	10	129	964.097
0.628319	2.763799	0.760372	98	6	22	964.054
2.513274	2.146467	2.055081	19	31	121	963.812
1.884956	0.505463	2.594557	117	18	127	963.557
-2.932153	1.794699	-0.694061	20	34	134	963.336
0.523599	2.763799	0.760372	99	9	22	963.081
-1.780236	1.622749	0.121426	38	32	128	963.019
2.408554	0.919522	2.948277	99	6	135	962.933
-2.303835	0.088408	-0.311160	34	27	115	962.873
-0.209440	2.789817	0.395431	107	17	25	962.611
1.780236	0.759800	2.546181	115	18	128	962.424
0.523599	2.948048	1.133127	104	13	26	962.367
1.361357	2.214075	1.600691	133	25	128	961.840
-3.036873	1.527261	-0.304916	23	33	136	961.816
-0.418879	0.685083	-0.942363	120	26	5	961.506
2.513274	1.240183	2.587255	28	32	136	961.411
-0.104720	0.770166	-0.266604	108	23	135	961.044
-0.104720	2.898932	0.139973	103	8	28	960.522
0.523599	2.584774	1.046703	100	15	16	960.430
-0.523599	1.527261	-0.304916	109	19	11	960.273
0.628319	2.512538	1.239900	100	17	13	960.120
-0.837758	1.816510	-0.008631	116	23	9	960.068
1.989675	0.426507	2.367872	121	17	125	960.059
1.361357	2.324731	1.511186	132	24	130	959.617
-1.780236	1.273606	0.224545	34	33	121	959.611
2.303835	0.918305	3.107845	98	7	138	959.442
-1.151917	2.007301	0.142337	24	40	131	959.441
-3.141593	2.083752	-0.511086	24	32	127	959.438
0.523599	0.266262	-1.678068	115	22	128	959.421
1.361357	2.948048	1.133127	98	134	25	959.224
1.047198	2.635396	1.848850	1	35	134	959.147
2.094395	0.294107	1.593880	26	25	109	959.048
-0.628319	1.793737	0.410270	114	22	139	958.996
0.104720	0.877352	-0.574668	106	23	1	958.827
0.209440	0.732892	-1.254330	112	26	1	958.786
2.513274	2.528686	2.737228	96	137	21	958.664
-0.418879	2.129501	0.238290	107	19	7	958.493
0.418879	0.607708	-1.541026	113	26	137	958.438
0.628319	2.627402	1.293552	101	17	17	958.348
2.199115	1.032316	2.884221	101	11	135	957.803
-1.256637	0.989150	0.045493	135	29	1	957.602
-0.314159	0.492205	-1.397963	127	27	3	957.469
0.942478	0.567465	-2.679392	118	25	139	957.464
1.989675	0.420680	2.088164	126	16	123	957.434
0.209440	2.660483	-0.034608	99	1	26	957.345
2.513274	1.360161	-3.018404	26	32	136	956.923
-0.942478	1.576334	0.365236	118	19	138	956.824
2.513274	0.689777	2.385011	109	10	124	956.478
0.209440	2.435993	0.683844	100	16	17	956.448
1.884956	0.426507	2.367872	123	18	125	956.347
0.942478	0.641441	-2.842109	121	26	139	956.312
3.036873	2.036004	-0.757062	25	32	129	956.143
2.303835	0.420680	2.088164	115	9	127	955.812
0.628319	0.727136	-1.633288	109	25	0	955.476
2.199115	0.534610	2.154808	114	9	127	955.351
-3.036873	1.439041	-0.617966	23	32	0	954.961
-0.418879	2.201829	-0.001735	106	17	12	954.786
-3.036873	1.581515	-0.419414	23	33	136	954.672
0.209440	2.394960	0.862133	106	23	11	954.641
0.523599	0.858261	-1.191729	105	23	4	954.578
1.151917	0.599643	-3.045235	120	24	136	954.337
2.513274	1.032316	2.884221	99	4	135	954.018
1.361357	0.609360	-2.464379	105	19	132	954.003
2.408554	0.806832	3.022155	99	6	135	953.972
1.780236	3.064492	1.647259	100	136	28	953.933
1.361357	2.434090	1.592818	133	25	134	953.805
-0.104720	2.244355	0.309899	102	15	8	953.586
-3.036873	2.233709	3.070830	12	33	129	953.578
2.303835	1.360161	-3.018404	30	30	137	953.300
1.884956	0.599643	-3.045235	108	17	139	952.961
2.408554	2.676626	2.335353	96	134	20	952.891
1.884956	1.812466	2.597595	102	14	138	952.835
1.047198	2.645260	1.570203	98	12	17	952.818
-1.675516	1.184569	0.147517	32	35	122	952.549
0.523599	2.740366	1.374341	109	23	17	952.396
0.000000	2.780471	0.027732	102	6	27	952.365
-1.570796	1.365452	0.310522	30	35	120	952.269
-1.675516	1.502469	0.151156	35	34	126	952.098
0.314159	0.632622	-0.737642	104	21	136	951.909
2.094395	0.519001	1.900488	126	14	122	951.897
0.733038	2.423692	1.392696	100	18	10	951.565
0.837758	2.517528	1.923289	108	23	13	951.375
0.837758	2.763799	0.760372	96	0	22	951.249
2.408554	0.284058	0.357350	37	24	136	950.861
-2.932153	1.983318	-0.247182	21	33	128	950.779
0.733038	2.763799	0.760372	98	4	22	950.740
-3.036873	0.339714	-0.013712	30	32	137	950.685
-2.827433	1.867524	-0.240083	19	34	130	950.582
1.256637	0.599643	-3.045235	117	24	136	950.529
-2.827433	1.936327	-0.099350	19	33	128	950.473
-2.827433	1.816510	-0.008631	19	33	129	950.461
0.733038	2.584774	1.046703	98	11	16	950.418
1.361357	2.321510	1.685664	134	27	131	950.266
2.094395	0.772218	2.227380	110	7	128	950.043
-0.628319	2.052794	-0.008526	110	20	11	950.015
-1.780236	1.239414	0.348959	33	32	118	949.961
1.047198	2.307301	1.336200	135	28	130	949.953
1.151917	0.594963	2.997575	124	24	132	949.907
0.837758	0.757046	-1.816019	106	23	1	949.741
0.942478	2.538504	1.699812	1	34	131	949.734
-0.628319	2.119166	0.100552	110	20	10	949.672
-0.314159	2.682152	0.245751	108	18	25	949.595
2.199115	0.750102	2.050636	112	6	126	949.491
0.628319	2.278618	1.170386	102	19	5	949.225
3.036873	0.284058	0.357350	28	33	137	948.910
1.151917	2.825762	1.085035	97	139	22	948.727
1.047198	2.536533	1.466274	97	11	13	948.654
2.408554	1.155389	2.837148	98	5	135	948.577
1.466077	0.819323	2.845960	116	22	133	948.394
2.932153	2.083752	-0.511086	28	30	128	948.350
0.628319	2.740366	1.374341	103	18	20	948.222
1.047198	0.535020	-1.891846	104	18	134	948.154
1.047198	2.434090	1.592818	138	31	128	947.922
0.314159	0.859723	-0.734928	104	22	2	947.823
0.942478	2.423692	1.392696	97	12	10	947.758
0.942478	2.642029	0.813274	94	139	19	947.685
1.675516	2.849871	1.512012	96	134	23	947.681
2.199115	0.519001	1.900488	124	13	122	947.649
0.628319	1.305241	-2.530249	0	24	22	947.625
0.314159	0.492205	-1.397963	115	26	134	947.564
-0.418879	0.769035	-1.078574	123	27	8	947.523
2.408554	0.415893	1.464890	23	24	107	946.941
0.104720	0.749432	-0.442559	105	22	137	946.754
-2.094395	0.730751	0.522488	27	28	108	946.675
1.361357	0.700065	3.115430	115	23	135	946.512
2.722714	1.026525	2.506945	24	32	139	946.472
-1.884956	1.480942	0.273235	38	30	123	946.158
2.303835	1.130958	2.972931	97	7	138	946.157
-0.628319	1.527261	-0.304916	111	20	12	946.082
0.209440	0.734333	-2.446184	139	28	9	946.039
0.418879	0.561629	-0.924576	102	17	135	946.014
-3.141593	1.507448	-0.514782	25	32	138	945.988
-1.989675	1.502469	0.151156	41	28	126	945.892
0.628319	2.423190	1.789783	111	26	10	945.518
3.036873	1.969112	1.088273	24	28	117	945.055
2.199115	0.077645	1.453433	32	27	113	944.996
0.314159	2.682152	0.245751	99	4	24	944.929
0.000000	0.770166	-0.266604	105	21	135	944.855
-3.141593	1.957868	-0.490784	24	32	130	944.797
1.466077	0.505463	2.594557	125	21	127	944.754
0.314159	0.819430	-0.915017	106	23	2	944.749
-1.570796	1.502469	0.151156	33	36	125	944.701
0.523599	2.396339	1.200900	105	22	8	944.687
-2.932153	1.657997	-0.325127	21	33	134	944.527
0.942478	0.599643	-3.045235	125	25	136	944.499
2.303835	1.245961	-2.997461	30	29	139	944.233
0.000000	2.856905	-0.318441	102	138	30	944.136
1.570796	0.378103	2.646436	125	20	127	943.651
-1.884956	1.273606	0.224545	37	31	122	943.483
1.466077	2.239419	0.151693	11	13	9	943.383
-0.104720	2.856905	-0.318441	103	0	30	943.082
0.314159	2.584774	1.046703	107	23	14	943.075
-0.837758	1.936327	-0.099350	115	22	12	942.926
1.361357	0.251672	2.848900	127	20	129	942.594
2.408554	2.603559	2.555114	96	137	20	942.508
0.523599	2.789817	0.395431	98	0	25	942.461
1.256637	2.370465	2.466824	7	38	133	942.456
1.047198	0.400542	-2.995729	123	23	134	942.448
-0.942478	1.049272	-1.376344	7	18	25	942.418
0.104720	0.973500	-0.711881	108	26	5	942.135
0.209440	3.011274	0.434110	102	6	28	942.061
0.209440	2.789817	0.395431	101	9	25	941.873
0.104720	0.269108	-1.215563	118	24	127	941.750
0.418879	0.898758	-1.031948	105	23	5	941.681
0.733038	3.011274	0.434110	100	134	28	941.500
0.942478	0.266262	-1.678068	106	16	128	941.295
1.466077	0.493314	3.117264	115	22	133	941.123
0.733038	2.538504	1.699812	6	38	130	941.022
0.837758	2.584774	1.046703	96	8	16	940.928
-0.733038	1.451907	-0.066823	113	21	5	940.832
0.733038	2.396339	1.200900	98	14	10	940.808
-3.141593	1.752959	-0.567548	25	33	134	940.445
-3.036873	1.983318	-0.247182	23	32	128	940.352
0.314159	2.519348	0.843503	104	20	14	940.311
2.408554	1.028027	3.036573	97	4	138	939.870
-0.733038	2.007301	0.142337	114	22	7	939.816
2.722714	0.410700	0.270433	35	28	134	939.575
0.104720	2.885017	0.655562	105	14	25	939.390
0.314159	2.394960	0.862133	104	20	11	939.157
3.036873	1.876049	-0.594378	26	32	132	938.908
-1.675516	1.139877	0.276382	31	34	119	938.607
-3.141593	1.867524	-0.240083	25	32	130	938.506
0.000000	0.637681	-1.123423	119	29	137	938.485
2.513274	0.889834	2.529957	104	7	127	938.437
2.513274	2.417950	2.666662	95	135	18	938.329
2.303835	1.028027	3.036573	97	7	138	938.270
1.256637	0.525564	-2.288838	106	19	132	938.262
2.408554	0.918305	3.107845	97	4	138	938.076
2.513274	1.283786	2.462124	28	32	134	937.529
-2.827433	1.832690	-0.468440	18	34	131	937.480
0.628319	2.948048	1.133127	102	11	26	937.393
1.675516	0.426507	2.367872	126	18	125	937.390
0.104720	0.391502	-1.171374	118	26	131	937.088
2.199115	0.937910	2.787575	103	12	132	936.963
2.303835	0.819323	2.845960	102	10	132	936.951
-2.303835	2.134684	0.907065	11	25	115	936.806
-0.837758	1.854119	0.134161	117	23	6	936.508
-3.036873	2.212686	-0.544809	22	32	125	936.504
0.942478	2.584774	1.046703	95	5	16	936.478
-2.094395	1.139877	0.276382	38	28	120	936.105
0.418879	2.394960	0.862133	98	14	15	935.853
-2.199115	0.730751	0.522488	28	27	108	935.766
2.303835	0.497870	0.727828	35	28	132	935.375
-0.209440	2.575994	0.391718	107	20	22	935.300
-0.523599	0.561629	-0.924576	123	26	1	935.223
1.256637	2.487747	2.505912	8	38	136	934.995
1.780236	0.721019	2.721536	113	19	130	934.776
-0.209440	2.856905	-0.318441	103	2	30	934.750
1.570796	0.493314	3.117264	113	21	133	934.707
-0.628319	1.745952	0.084733	111	21	6	934.422
0.942478	2.705107	1.062142	96	5	19	934.029
-3.036873	1.379086	-0.508192	23	32	0	933.906
1.151917	2.307301	1.336200	133	26	130	933.844
0.837758	2.423190	1.789783	106	23	10	933.657
1.047198	0.389851	-2.340031	114	21	128	933.639
0.314159	2.463986	1.034407	107	23	11	933.533
-0.418879	2.780471	0.027732	107	13	27	933.444
-0.733038	1.391699	-0.288725	114	21	9	933.312
0.837758	2.747398	1.727166	4	36	136	933.238
-0.314159	1.437208	-2.529085	21	7	25	933.096
-0.628319	2.201829	-0.001735	110	19	12	932.918
2.303835	1.032316	2.884221	100	9	135	932.911
0.837758	0.637681	-1.123423	96	11	138	932.776
-2.408554	0.715701	0.699906	28	25	106	932.702
-1.466077	1.365452	0.310522	28	36	120	932.469
-0.733038	1.616900	-0.207457	113	21	11	932.406
0.523599	0.803410	-1.984567	113	26	4	932.376
2.303835	0.806832	3.022155	100	9	135	932.134
2.199115	0.294107	1.593880	25	26	109	931.982
2.408554	0.519001	1.900488	116	7	125	931.884
-0.628319	2.129501	0.238290	112	21	7	931.850
-1.780236	1.936327	-0.099350	39	33	138	931.739
1.466077	0.273777	-2.506756	110	17	125	931.586
0.314159	0.607708	-1.541026	116	27	137	931.584
-0.628319	1.492424	-0.190932	111	20	8	931.490
-2.199115	2.216256	1.020029	12	23	113	931.484
1.466077	2.407941	-2.316753	11	38	10	931.432
1.466077	2.203804	1.756176	134	26	128	931.422
2.932153	1.999226	-0.620717	28	31	130	931.277
0.314159	2.395716	1.977184	22	37	124	931.167
1.570796	0.506104	-2.874910	113	21	139	931.157
2.513274	0.817846	2.390688	108	8	124	931.075
-0.104720	0.644807	-0.327139	108	23	133	930.859
1.989675	0.560531	2.378474	119	16	125	930.748
-3.036873	2.157194	-0.792563	21	33	127	930.695
-0.523599	2.007301	0.142337	109	20	7	930.694
1.256637	0.660897	-2.278593	104	19	135	930.667
-3.141593	1.707244	-0.444770	25	33	134	930.465
-1.675516	1.365452	0.310522	33	33	120	930.424
2.513274	2.717705	2.625995	97	137	23	930.394
-2.303835	0.829531	0.665695	30	24	107	930.379
-1.884956	1.284798	0.078209	38	31	125	930.346
3.036873	2.107523	3.129581	16	34	131	930.326
-0.209440	0.897463	-0.240822	110	25	138	930.238
-1.780236	1.206950	-0.037248	36	33	127	930.087
1.256637	2.434090	1.592818	135	28	134	930.039
-2.932153	1.936327	-0.099350	22	32	128	929.969
-1.047198	1.458370	0.400433	120	19	136	929.957
-0.942478	2.417202	-0.103363	121	25	16	929.947
-2.932153	1.616900	-0.207457	21	33	134	929.832
-3.036873	1.794699	-0.694061	22	34	134	929.762
0.418879	0.819430	-0.915017	103	21	2	929.656
1.256637	2.214075	1.600691	135	28	128	929.617
0.104720	0.745971	-0.781286	109	25	0	929.362
-0.523599	0.685083	-0.942363	123	27	5	929.336
1.989675	0.817846	2.390688	108	9	130	929.301
0.314159	0.441292	-0.890727	104	17	132	929.242
0.733038	2.721001	2.060097	115	25	19	929.136
2.617994	2.019912	2.686612	93	130	11	929.047
3.036873	1.999226	-0.620717	26	32	129	928.936
0.942478	0.398249	-1.812694	107	18	130	928.834
0.942478	0.727399	-2.120567	109	24	138	928.824
-1.361357	1.945677	-2.999805	30	8	118	928.768
-2.513274	2.267390	0.878499	16	24	113	928.648
-0.628319	1.263772	-0.533073	114	22	12	928.432
2.408554	1.240183	2.587255	30	31	136	928.311
-3.141593	1.657997	-0.325127	26	32	135	928.305
-1.989675	1.822312	-0.127211	43	28	137	928.206
-0.209440	2.355120	0.388593	105	18	8	928.177
-0.418879	0.610738	-1.326786	128	27	6	928.090
0.733038	2.536533	1.466274	2	35	130	927.939
2.303835	0.294107	1.593880	23	27	109	927.879
1.361357	2.362948	-2.487477	10	40	6	927.863
2.513274	0.819323	2.845960	100	5	132	927.839
1.047198	0.273777	-2.506756	122	25	126	927.646
1.047198	0.660897	-2.278593	109	23	135	927.537
-0.104720	2.734349	-0.289298	112	13	19	927.463
1.151917	2.740366	1.374341	96	5	19	927.337
2.408554	1.331651	2.344497	31	31	133	927.182
2.617994	1.331651	2.344497	26	32	132	927.051
0.104720	0.790269	-2.282409	139	28	12	926.953
-3.036873	1.876049	-0.594378	22	34	131	926.902
-1.361357	2.156474	-2.912065	32	7	120	926.773
0.418879	2.948048	1.133127	105	15	26	926.731
-1.570796	1.451907	-0.066823	33	37	129	926.697
-2.408554	0.088408	-0.311160	35	25	115	926.542
0.209440	1.770514	3.070982	30	40	120	926.514
-1.570796	1.206950	-0.037248	32	37	126	926.274
1.361357	0.806832	3.022155	117	24	135	926.193
1.151917	2.214075	1.600691	136	30	128	926.164
-2.827433	1.704478	-0.106295	19	34	131	926.148
2.199115	0.652440	2.197129	111	7	127	926.147
-1.151917	2.201829	-0.001735	22	40	136	925.868
-1.884956	1.936327	-0.099350	41	31	138	925.866
0.837758	2.676638	0.540364	95	136	22	925.804
2.199115	0.806832	3.022155	101	12	135	925.729
2.827433	0.404273	0.918163	28	21	108	925.676
-1.675516	1.206950	-0.037248	34	35	126	925.464
0.418879	0.441292	-0.890727	102	15	132	925.451
0.942478	2.203804	1.756176	103	20	3	924.899
-0.523599	2.166980	-0.134879	107	17	14	924.764
1.151917	2.584774	1.046703	104	9	12	924.757
0.628319	2.635396	1.848850	113	25	16	924.709
2.513274	0.919522	2.948277	98	4	135	924.679
-0.314159	2.780471	0.027732	106	12	27	924.665
2.094395	0.426507	2.367872	113	10	128	924.663
0.837758	2.203804	1.756176	106	22	3	924.631
2.617994	0.405617	1.773533	117	8	125	924.371
0.628319	2.642029	0.813274	98	9	19	924.174
0.104720	2.519348	0.843503	109	24	14	924.168
0.733038	0.790269	-2.282409	112	26	2	924.144
-0.628319	0.935636	-1.445855	137	27	7	924.109
2.199115	0.420680	2.088164	124	15	123	924.048
1.151917	0.806832	3.022155	122	26	135	923.926
1.466077	0.165485	-2.875396	122	23	123	923.832
-1.047198	2.363394	-0.272918	122	24	18	923.742
0.314159	2.660483	-0.034608	108	9	16	923.426
-0.104720	0.861655	-0.394821	109	25	138	923.294
0.523599	0.628626	-1.751180	114	26	137	923.265
-2.827433	2.212686	-0.544809	17	32	124	923.225
2.617994	1.063758	2.743093	99	1	132	923.143
2.617994	2.937409	2.947245	101	4	27	922.926
2.408554	1.032316	2.884221	99	6	135	922.897
-0.628319	1.262380	-0.157609	110	19	6	922.863
-2.827433	1.822312	-0.127211	19	34	130	922.859
-2.094395	0.542006	0.228337	29	31	112	922.856
-2.827433	2.111003	-0.268632	19	33	125	922.627
-0.628319	1.724852	0.202831	112	22	3	922.514
0.628319	2.156337	1.151558	96	14	5	922.448
1.256637	2.603559	2.555114	9	38	138	922.360
2.513274	0.844883	2.679708	102	6	129	922.337
2.408554	1.279716	2.812101	29	31	136	922.306
0.837758	2.849871	1.512012	102	14	23	922.217
0.000000	0.973500	-0.711881	112	28	6	922.181
1.884956	0.759800	2.546181	113	17	128	921.976
-2.932153	2.111003	-0.268632	21	32	125	921.930
1.780236	0.190569	1.929141	28	28	112	921.850
2.094395	0.251672	2.848900	116	20	130	921.846
1.780236	2.849871	1.512012	96	131	23	921.808
-0.104720	2.682152	0.245751	104	14	24	921.798
2.303835	1.240183	2.587255	32	30	136	921.611
0.628319	0.561629	-0.924576	98	12	135	921.504
-0.628319	1.391699	-0.288725	112	21	9	921.354
-0.523599	2.201829	-0.001735	108	18	12	921.069
2.408554	1.245961	-2.997461	28	31	139	921.054
0.314159	0.266262	-1.678068	120	23	127	920.942
-0.628319	0.833613	-1.357492	135	27	4	920.891
2.617994	0.772218	2.227380	110	7	122	920.589
-2.199115	1.788829	-1.947553	5	130	35	920.526
-0.209440	2.898932	0.139973	104	9	28	920.416
0.733038	2.838301	1.980061	114	24	22	920.185
1.466077	2.948048	1.133127	98	132	26	920.170
0.523599	2.512538	1.239900	106	22	11	920.163
1.151917	0.591643	-2.098364	104	19	135	920.130
0.942478	2.321510	1.685664	102	19	7	919.981
-3.141593	1.739971	-0.228876	25	32	132	919.949
0.523599	0.718851	-1.442215	109	25	0	919.911
0.418879	2.780471	0.027732	99	136	27	919.878
-1.047198	0.999847	-0.334738	135	29	9	919.844
0.942478	2.885017	0.655562	98	135	25	919.801
0.104720	3.011274	0.434110	103	7	28	919.712
-0.733038	2.052794	-0.008526	113	21	11	919.678
2.513274	1.028027	3.036573	96	1	138	919.617
-1.989675	0.542006	0.228337	27	32	112	919.370
1.780236	0.844883	2.679708	112	18	130	919.298
-2.932153	2.049502	-0.137989	22	32	127	919.275
2.094395	2.932096	2.377790	100	5	25	919.189
-0.837758	1.527261	-0.304916	117	23	11	919.141
-0.314159	2.978333	-0.412090	103	1	30	919.132
-3.036873	2.245973	-0.702234	21	32	124	919.078
2.303835	0.519001	1.900488	117	8	125	919.068
-0.209440	2.239419	0.151693	103	15	10	918.993
2.408554	1.130958	2.972931	97	5	138	918.906
-3.036873	1.822312	-0.127211	24	32	130	918.852
2.408554	0.844883	2.679708	103	8	129	918.571
1.989675	2.801154	2.353143	99	6	23	918.526
-2.408554	0.829531	0.665695	31	23	106	918.431
0.942478	0.833613	-1.357492	97	13	4	918.425
2.617994	2.635686	2.834950	98	138	24	918.278
0.837758	2.423692	1.392696	98	15	10	918.263
0.314159	2.789817	0.395431	100	7	25	918.167
0.837758	2.825762	1.085035	98	7	22	917.933
1.151917	2.676626	2.335353	8	38	138	917.908
-0.523599	1.524811	-2.844718	26	139	21	917.853
1.151917	2.721001	2.060097	3	35	137	917.742
-1.466077	1.239414	0.348959	27	36	118	917.732
2.513274	2.304968	2.608978	94	133	15	917.695
-2.827433	1.911828	-0.364489	18	34	129	917.641
-0.837758	0.769035	-1.078574	136	27	0	917.520
1.256637	2.554022	2.320619	5	37	136	917.431
-2.827433	2.049502	-0.137989	19	32	126	917.422
0.209440	0.685083	-0.942363	109	25	138	917.411
1.047198	2.324731	1.511186	136	31	131	917.406
-0.209440	0.732892	-1.254330	121	27	8	917.369
-1.884956	1.188278	1.690808	32	20	102	917.143
0.523599	2.627402	1.293552	103	20	17	917.043
2.513274	0.937910	2.787575	100	5	132	916.969
1.047198	2.676626	2.335353	10	39	138	916.953
1.151917	2.536533	1.466274	95	8	13	916.932
2.513274	2.830209	2.734943	99	1	25	916.784
0.837758	2.635396	1.848850	6	38	134	916.728
0.418879	0.718851	-1.442215	112	26	0	916.671
-3.036873	1.915763	-0.724679	22	34	132	916.578
2.303835	2.717705	2.625995	98	3	23	916.494
1.151917	2.645260	1.570203	97	9	17	916.410
0.733038	0.670850	-1.945257	111	25	138	916.305
2.408554	0.817732	-3.084486	97	4	138	916.267
-1.884956	1.502469	0.151156	39	30	126	916.228
1.570796	1.642346	1.722617	139	22	113	916.160
2.094395	0.937910	2.787575	104	14	132	916.156
-3.036873	2.122474	-0.648314	22	33	127	916.148
-0.523599	1.793737	0.410270	111	21	139	916.107
2.513274	0.284058	0.357350	36	26	137	916.012
2.408554	2.937409	2.947245	104	9	27	915.992
0.628319	2.239419	0.151693	39	3	116	915.890
-0.733038	1.745952	0.084733	114	23	6	915.822
-2.303835	0.730751	0.522488	30	26	108	915.692
-1.884956	1.382562	0.177141	38	31	124	915.438
-0.628319	1.258993	-0.284099	112	21	7	915.416
2.513274	2.460010	-1.938011	25	28	118	915.187
2.408554	0.201102	1.249082	30	25	111	915.138
0.104720	0.859723	-0.734928	109	26	3	915.137
-2.932153	2.083752	-0.511086	20	33	127	915.074
0.733038	1.305241	-2.530249	137	24	22	914.961
2.513274	1.063758	2.743093	99	3	132	914.814
0.314159	2.267390	0.878499	104	21	7	914.773
-0.523599	0.935636	-1.445855	134	27	7	914.703
2.408554	2.146467	2.055081	21	31	121	914.637
-0.523599	1.724852	0.202831	109	20	3	914.631
-1.675516	1.118930	0.045983	32	35	123	914.618
1.675516	0.560531	2.378474	123	18	125	914.510
-0.104720	2.575994	0.391718	106	18	21	914.491
-0.837758	1.391699	-0.288725	117	23	9	914.305
1.466077	0.567465	-2.679392	111	21	2	914.283
-2.932153	1.527261	-0.304916	21	33	137	914.184
-1.675516	1.262380	-0.157609	35	35	129	913.994
-2.827433	1.876049	-0.594378	18	34	131	913.988
2.722714	1.158594	2.487618	24	33	136	913.984
-1.675516	1.239414	0.348959	31	33	118	913.711
1.361357	2.423190	1.789783	135	29	135	913.570
-0.733038	2.780471	0.027732	115	22	18	913.549
-0.628319	1.854119	0.134161	111	22	6	913.492
1.151917	0.182564	-2.125821	111	17	125	913.460
0.733038	2.423190	1.789783	108	24	10	913.453
-0.418879	0.561629	-0.924576	120	26	1	913.369
-0.837758	2.052794	-0.008526	115	22	11	913.332
1.151917	0.506104	-2.874910	117	24	136	913.283
1.151917	2.489741	-2.468428	18	40	8	913.044
-0.314159	0.637681	-1.123423	121	26	5	912.922
-0.942478	1.553895	0.489607	118	19	135	912.820
-0.418879	0.513579	-1.147354	125	27	1	912.811
-2.513274	2.097496	1.373172	15	25	115	912.804
-0.628319	2.007301	0.142337	111	21	7	912.782
2.827433	2.083752	-0.511086	30	30	128	912.633
-0.837758	1.458370	0.400433	115	18	136	912.546
1.675516	0.378103	2.646436	122	20	128	912.488
-0.523599	1.450513	-0.400625	110	19	13	912.471
0.837758	0.312219	-2.072057	114	21	128	912.288
-1.466077	1.184569	0.147517	27	37	121	912.243
1.151917	0.451839	-2.078193	106	18	131	912.188
-3.141593	1.581515	-0.419414	25	32	136	912.035
-1.151917	0.897463	-0.240822	136	29	5	912.016
1.256637	0.591643	-2.098364	99	15	137	911.952
0.733038	2.642029	0.813274	96	5	19	911.872
-2.932153	1.574849	-0.091505	21	33	134	911.859
1.047198	0.757046	-1.816019	102	19	0	911.692
0.628319	0.312219	-2.072057	123	28	129	911.535
-0.942478	2.676638	0.540364	30	20	113	911.453
1.884956	2.801154	2.353143	100	9	23	911.437
-0.733038	1.581515	-0.419414	114	20	15	911.359
-0.523599	2.119166	0.100552	108	19	10	911.337
0.104720	0.927138	-2.569686	4	26	13	911.203
2.303835	0.308059	2.021491	118	10	127	911.011
0.523599	1.362302	1.239384	38	132	1	910.695
0.837758	0.391502	-1.171374	99	10	131	910.686
-0.733038	1.704478	-0.106295	113	22	10	910.668
-1.151917	2.166724	-0.401638	139	26	28	910.643
1.047198	2.203804	1.756176	101	18	3	910.579
1.361357	0.599643	-3.045235	114	23	136	910.539
2.827433	0.410700	0.270433	33	30	134	910.460
-0.733038	2.035818	-0.379479	111	18	18	910.425
1.675516	0.759800	2.546181	117	19	128	910.400
-0.942478	1.854119	0.134161	120	24	6	910.371
1.256637	2.245175	2.460236	7	38	131	910.331
0.104720	2.734349	-0.289298	101	138	29	910.223
2.513274	0.201102	1.249082	28	26	110	910.184
2.094395	0.616968	0.820489	36	26	129	910.144
1.151917	2.324731	1.511186	135	29	131	910.125
1.570796	0.400542	-2.995729	116	23	136	910.121
-0.104720	0.524769	-0.421955	109	23	132	910.060
0.418879	0.499783	-1.654379	116	25	134	910.022
2.513274	0.605711	0.598454	33	29	129	910.017
-3.036873	2.294058	-0.421070	23	31	123	909.861
0.104720	0.857516	-2.432863	2	27	13	909.812
1.047198	2.538504	1.699812	139	33	131	909.805
1.047198	0.266262	-1.678068	105	14	127	909.496
-0.837758	1.553895	0.489607	116	18	135	909.352
-3.141593	2.035818	-0.379479	25	32	128	909.262
0.733038	2.558146	0.627191	95	3	18	909.140
-3.141593	1.439041	-0.617966	25	32	0	909.129
1.675516	0.844883	2.679708	113	20	130	909.092
-1.780236	1.480942	0.273235	36	32	123	908.992
0.314159	0.769035	-1.078574	108	25	1	908.950
2.303835	2.487747	2.505912	95	138	17	908.927
1.361357	0.493314	3.117264	118	23	133	908.916
-1.989675	0.803813	0.191520	34	32	120	908.483
1.256637	1.685196	2.967046	13	40	134	908.468
0.523599	2.278618	1.170386	104	21	5	908.286
-3.036873	1.574849	-0.091505	23	33	134	908.281
-0.314159	0.201397	-0.716646	120	22	125	908.218
2.303835	1.142003	-3.058022	30	28	2	908.114
1.047198	2.423190	1.789783	102	19	10	908.098
1.047198	2.705107	1.062142	95	2	19	908.070
-1.675516	2.305347	2.311346	20	17	117	908.055
2.303835	0.721019	2.721536	105	12	129	907.995
0.523599	1.270745	1.152533	38	133	2	907.988
-2.827433	1.957868	-0.490784	18	34	129	907.953
-0.628319	1.205845	-0.415993	113	22	9	907.855
2.408554	2.431584	2.307631	95	132	14	907.834
1.989675	2.950896	1.797889	98	133	26	907.709
1.047198	2.838301	1.980061	4	35	0	907.683
-2.722714	2.049502	-0.137989	17	33	126	907.654
0.209440	2.642029	0.813274	106	20	17	907.557
-2.722714	1.816510	-0.008631	17	34	129	907.270
-2.932153	2.212686	-0.544809	20	32	124	907.225
3.036873	0.163506	0.573203	33	24	112	907.180
2.303835	2.801154	2.353143	98	138	23	907.167
-0.942478	2.237183	0.468799	23	40	129	907.166
1.256637	2.825762	1.085035	96	136	22	907.118
0.837758	0.641441	-2.842109	124	26	139	907.051
0.942478	2.763799	0.760372	96	138	22	906.974
2.617994	2.830209	2.734943	99	139	25	906.963
-0.733038	1.912224	0.366565	116	23	2	906.930
1.466077	0.670850	-1.945257	93	6	0	906.900
2.094395	2.801154	2.353143	98	3	23	906.728
2.617994	0.689777	2.385011	108	8	124	906.704
1.780236	0.281664	-2.969147	112	16	123	906.583
1.151917	0.628626	-1.751180	99	15	137	906.529
-1.570796	1.139877	0.276382	28	35	119	906.271
1.361357	0.721019	2.721536	122	23	130	906.260
-1.780236	1.816510	-0.008631	40	33	134	906.180
0.523599	2.463986	1.034407	99	15	13	906.123
0.104720	0.660897	-2.278593	139	28	9	906.109
-3.036873	1.629346	-0.542669	23	33	136	906.086
-0.628319	0.561629	-0.924576	125	26	2	905.961
1.256637	2.601432	2.102535	1	35	135	905.883
1.780236	0.493314	3.117264	114	20	136	905.871
-1.675516	1.622749	0.121426	36	34	128	905.857
2.827433	1.240183	2.587255	21	33	134	905.825
1.256637	2.536533	1.466274	94	5	13	905.779
-2.827433	2.237695	-0.271388	19	32	123	905.750
-3.036873	1.752959	-0.567548	22	34	134	905.691
-1.780236	1.410840	0.056219	37	33	126	905.662
0.523599	2.950896	1.797889	12	38	2	905.423
1.780236	0.641441	-2.842109	103	14	128	905.335
3.036873	2.338060	2.803613	13	32	125	905.332
0.837758	2.789817	0.395431	97	132	25	905.317
0.837758	2.214075	1.600691	103	20	3	905.180
0.733038	2.575994	0.391718	95	137	21	905.172
-1.780236	1.188278	1.690808	31	21	102	905.034
0.837758	2.538504	1.699812	3	36	130	904.960
0.418879	2.825762	1.085035	103	16	22	904.875
0.104720	0.632622	-0.737642	109	25	137	904.777
2.408554	1.063758	2.743093	100	6	132	904.705
0.314159	0.718851	-1.442215	114	27	0	904.668
0.837758	0.833613	-1.357492	99	17	4	904.449
-2.932153	2.166724	-0.401638	20	32	125	904.332
1.884956	0.534610	2.154808	124	16	123	904.216
-0.628319	1.704478	-0.106295	111	21	10	904.156
1.570796	0.927138	-2.569686	99	14	9	903.991
-0.104720	0.718851	-1.442215	122	27	9	903.984
-2.827433	2.083752	-0.511086	18	33	126	903.945
0.418879	0.745971	-0.781286	102	20	0	903.930
2.513274	0.415893	1.464890	21	25	107	903.848
0.837758	2.705107	1.062142	97	7	19	903.769
2.617994	0.497870	0.727828	29	32	132	903.674
-1.989675	1.480942	0.273235	40	28	123	903.634
-0.628319	1.696386	0.328123	113	22	139	903.584
1.361357	0.919522	2.948277	116	24	136	903.568
1.361357	1.875561	1.632831	137	25	118	903.564
2.408554	2.417950	2.666662	95	138	18	903.483
0.418879	2.705107	1.062142	103	17	20	903.431
-0.209440	2.780471	0.027732	104	10	27	903.418
0.000000	0.513579	-1.147354	119	28	134	903.288
-0.314159	2.856905	-0.318441	104	4	30	903.083
-1.989675	1.739971	-0.228876	43	28	138	903.065
-3.141593	2.223375	-0.906185	22	33	126	903.020
-1.151917	2.129501	0.238290	26	40	131	903.018
0.209440	2.682152	0.245751	100	7	24	902.815
-1.675516	1.451907	-0.066823	35	35	130	902.734
-2.617994	2.201829	-0.001735	16	31	123	902.713
0.837758	0.670850	-1.945257	105	22	0	902.674
1.256637	2.431406	-2.647820	11	41	4	902.547
3.036873	0.410700	0.270433	29	33	134	902.354
-2.303835	2.341931	1.023926	14	22	112	902.328
-1.570796	1.262380	-0.157609	32	37	129	902.310
-1.780236	1.822312	-0.127211	39	33	137	902.281
1.256637	2.324731	1.511186	133	26	131	902.266
-0.314159	0.732892	-1.254330	124	27	8	902.195
1.151917	2.747398	1.727166	99	12	20	902.175
-1.570796	1.284798	0.078209	32	36	124	902.100
1.466077	2.950896	1.797889	100	5	25	902.075
3.036873	1.527261	-0.304916	27	31	136	901.979
1.884956	0.400542	-2.995729	109	14	123	901.886
-2.303835	0.630671	0.391949	31	28	110	901.832
2.303835	0.190569	1.929141	128	17	126	901.808
1.361357	2.825762	1.085035	96	133	22	901.807
1.989675	0.493314	3.117264	110	17	136	901.749
-0.837758	2.293000	-0.124451	119	25	14	901.707
-0.209440	0.607708	-1.541026	128	27	6	901.637
1.047198	0.142314	2.590387	31	29	114	901.350
-0.209440	0.610738	-1.326786	123	27	5	901.305
-1.570796	1.239414	0.348959	29	35	118	901.290
-2.408554	0.937395	0.729108	31	21	106	901.258
0.000000	2.789817	0.395431	104	13	25	901.240
0.523599	0.757046	-1.816019	110	25	3	901.230
-0.209440	0.770166	-0.266604	110	24	135	901.224
1.047198	2.601432	2.102535	6	38	135	900.860
0.104720	2.435993	0.683844	104	20	15	900.750
-0.837758	2.329587	0.035498	121	26	12	900.711
-2.199115	0.851126	0.493370	32	26	109	900.709
1.151917	0.499783	-1.654379	99	13	134	900.639
0.628319	2.396339	1.200900	102	19	9	900.500
2.617994	2.543197	2.990252	98	139	25	900.404
-0.104720	2.237183	0.468799	103	16	5	900.259
0.942478	2.363101	-2.810456	16	44	1	900.254
1.675516	0.641441	-2.842109	109	19	2	900.209
0.209440	0.492205	-1.397963	118	28	134	900.205
1.466077	2.423190	1.789783	96	7	10	900.117
-1.780236	1.601408	0.242409	37	32	125	900.063
-3.036873	2.449191	-0.633651	21	30	120	899.809
1.675516	0.806832	3.022155	109	21	135	899.797
1.256637	0.819323	2.845960	121	25	133	899.622
2.408554	1.194776	2.710455	100	6	133	899.583
1.047198	2.849871	1.512012	100	10	22	899.500
1.884956	1.739676	2.496017	102	12	135	899.482
-1.780236	1.426479	1.573427	36	22	107	899.413
-1.675516	1.375020	-0.170393	36	35	131	899.412
0.942478	2.601432	2.102535	8	38	134	899.397
-0.628319	1.382562	0.177141	109	15	0	899.169
-1.151917	2.052794	-0.008526	22	40	134	899.149
-0.418879	0.201397	-0.716646	122	24	125	899.070
2.513274	2.543197	2.990252	99	2	25	899.059
-0.209440	2.467647	0.287667	107	20	20	899.030
1.989675	0.279854	0.814581	37	24	137	898.977
0.837758	2.307301	1.336200	100	16	6	898.936
0.314159	2.676638	0.540364	100	11	22	898.863
-0.314159	0.898758	-1.031948	120	27	11	898.730
-1.361357	2.212686	-0.544809	2	23	31	898.707
-1.780236	1.704478	-0.106295	39	33	134	898.666
-0.314159	2.244355	0.309899	106	19	8	898.621
2.408554	0.975253	2.641082	103	8	130	898.552
1.361357	2.528686	2.737228	10	38	139	898.490
-0.418879	0.819430	-0.915017	120	27	8	898.449
2.513274	1.365228	2.563808	28	32	133	898.403
2.827433	1.201164	2.355931	22	33	134	898.367
-0.523599	2.856905	-0.318441	106	8	30	898.329
0.942478	2.214075	1.600691	101	18	3	898.324
2.199115	1.063758	2.743093	102	11	133	898.314
1.151917	1.321609	2.687717	7	34	109	897.983
-3.141593	1.786634	-0.346247	25	33	132	897.971
-0.523599	2.660483	-0.034608	109	16	27	897.961
2.513274	1.108079	2.612943	101	4	130	897.931
0.942478	2.423190	1.789783	104	21	10	897.877
1.570796	3.064492	1.647259	100	0	28	897.861
-0.628319	2.763799	0.760372	31	21	114	897.706
0.733038	0.833613	-1.357492	101	19	4	897.676
2.513274	1.085085	2.377673	105	4	125	897.636
1.361357	2.627402	1.293552	104	8	13	897.594
2.932153	0.284058	0.357350	30	32	137	897.503
0.104720	2.434090	1.592818	18	37	123	897.490
0.837758	0.506104	-2.874910	125	25	136	897.471
2.513274	1.268591	-3.122146	26	32	138	897.428
-1.570796	1.957868	-0.490784	12	23	27	897.363
-1.675516	2.181338	2.313721	18	18	117	897.360
-1.675516	1.480942	0.273235	34	34	123	897.307
0.942478	0.389851	-2.340031	120	27	130	897.238
-3.141593	2.122474	-0.648314	24	32	127	897.195
1.466077	0.506104	-2.874910	115	23	139	897.124
1.256637	1.982107	1.720829	138	29	122	897.117
1.047198	0.688204	-2.632204	110	24	136	897.021
-1.570796	1.391699	-0.288725	34	37	133	896.968
0.314159	2.825762	1.085035	108	21	20	896.965
-2.617994	1.307513	1.628003	14	33	131	896.934
0.418879	2.898932	0.139973	100	137	28	896.923
3.036873	2.005145	0.941012	25	27	116	896.696
1.047198	0.599643	-3.045235	122	25	136	896.695
2.303835	1.303305	3.043152	31	29	138	896.691
-0.523599	2.019912	2.686612	43	33	124	896.508
1.466077	0.251672	2.848900	125	21	129	896.502
-1.780236	1.118930	0.045983	35	34	124	896.500
-0.523599	1.205845	-0.415993	110	18	11	896.358
2.303835	2.676626	2.335353	96	137	20	896.331
-2.408554	0.497870	0.727828	24	29	107	896.328
1.675516	2.950896	1.797889	99	3	24	896.187
2.303835	1.268591	-3.122146	31	29	139	896.157
2.513274	2.177132	2.600419	94	133	12	896.101
-0.314159	2.237183	0.468799	108	20	5	896.072
2.303835	1.283786	2.462124	32	30	135	896.000
3.036873	1.657997	-0.325127	28	31	135	895.953
-1.047198	2.237695	-0.271388	136	27	26	895.912
1.675516	1.854119	0.134161	0	114	121	895.869
1.570796	1.072154	1.761506	16	23	109	895.848
1.256637	2.627402	1.293552	94	1	17	895.785
-0.209440	2.568462	0.150655	106	16	23	895.628
0.942478	0.506104	-2.874910	123	25	136	895.473
1.256637	0.919522	2.948277	119	26	136	895.469
-0.523599	1.273606	0.224545	107	14	138	895.466
-0.418879	2.007301	0.142337	107	19	7	895.407
-0.209440	0.749432	-0.442559	113	27	137	895.297
1.151917	2.849871	1.512012	99	7	22	895.249
1.151917	1.696386	0.328123	28	14	109	895.247
0.837758	0.142314	2.590387	34	26	114	895.213
0.314159	0.685083	-0.942363	106	23	138	895.189
-0.314159	2.354868	0.211543	105	17	11	895.183
-0.104720	0.269108	-1.215563	126	30	134	895.152
2.827433	1.124930	2.219917	23	33	136	895.019
-0.209440	2.131178	0.386663	105	18	4	894.936
-1.466077	0.673985	0.203855	135	27	136	894.930
2.303835	0.405617	1.773533	127	14	122	894.865
-1.361357	2.122474	-0.648314	135	24	22	894.809
3.036873	1.832690	-0.468440	27	32	132	894.768
-0.733038	1.724852	0.202831	115	23	3	894.750
-2.303835	0.715701	0.699906	27	26	106	894.729
-0.209440	2.825762	1.085035	33	24	117	894.716
-0.523599	2.780471	0.027732	109	16	28	894.715
-2.827433	1.616900	-0.207457	19	34	134	894.660
-0.209440	0.858261	-1.191729	120	27	11	894.621
1.151917	2.601432	2.102535	3	36	134	894.544
-0.733038	1.622749	0.121426	113	20	3	894.465
0.523599	1.244075	1.286644	37	133	3	894.417
2.827433	1.108079	2.612943	21	33	137	894.243
1.151917	2.517528	1.923289	1	34	132	894.242
1.361357	2.538504	1.699812	134	28	137	894.102
-0.418879	2.131178	0.386663	109	20	4	894.009
1.151917	2.099185	1.667006	137	31	125	893.949
1.151917	3.064492	1.647259	104	8	28	893.926
-3.036873	2.166724	-0.401638	23	32	125	893.855
2.094395	1.450513	-0.400625	31	23	115	893.653
-2.513274	0.210568	-0.069559	35	26	114	893.639
2.303835	0.958731	-2.852552	95	3	4	893.635
-2.617994	2.646182	-1.614036	125	13	35	893.626
1.570796	0.594963	2.997575	115	22	132	893.582
2.513274	1.245961	-2.997461	26	32	139	893.521
-0.418879	0.732892	-1.254330	127	27	8	893.406
-1.780236	1.492424	-0.190932	38	33	133	893.400
0.942478	2.103223	1.521685	139	33	124	893.391
-0.418879	1.158594	2.487618	29	32	112	893.370
1.151917	0.398249	-1.812694	103	15	130	893.341
0.733038	2.849871	1.512012	104	18	22	893.338
1.047198	0.376428	-1.495532	100	11	131	893.318
0.104720	0.997766	-2.693871	7	25	13	893.258
-0.523599	1.577029	-2.962888	26	138	20	893.203
0.942478	0.757046	-1.816019	104	21	1	893.173
-1.151917	2.119166	0.100552	24	40	133	893.165
1.675516	3.064492	1.647259	100	138	28	893.078
-1.466077	1.325286	-0.994192	25	26	129	893.016
0.000000	3.011274	0.434110	104	9	28	892.955
-0.733038	1.205845	-0.415993	116	23	9	892.953
0.733038	2.363101	-2.810456	22	43	1	892.922
-0.628319	1.379086	-0.508192	113	20	14	892.887
0.000000	1.074714	-2.805147	10	22	13	892.863
1.256637	1.321609	2.687717	5	33	109	892.842
2.617994	2.738409	2.975671	100	2	27	892.812
2.932153	2.070371	2.879808	16	34	131	892.768
2.827433	0.284058	0.357350	31	30	137	892.734
0.733038	0.312219	-2.072057	120	27	129	892.679
0.837758	2.324731	1.511186	102	19	6	892.673
2.617994	0.889834	2.529957	103	4	127	892.651
-0.418879	1.205845	-0.415993	108	16	11	892.570
1.151917	0.607708	-1.541026	96	11	138	892.489
-2.932153	2.237695	-0.271388	21	31	123	892.475
-2.094395	0.339714	-0.013712	30	32	114	892.450
-0.104720	0.732892	-1.254330	118	26	8	892.324
2.513274	2.338060	2.803613	96	137	19	892.264
1.570796	2.440898	-2.133300	13	36	13	892.213
2.932153	0.339714	-0.013712	35	27	137	892.194
2.722714	0.502651	0.463333	32	31	132	892.022
-2.722714	2.035818	-0.379479	16	33	127	892.020
1.675516	1.601408	0.242409	10	16	121	891.995
1.570796	2.057608	1.951726	135	27	126	891.906
1.047198	2.825762	1.085035	97	2	22	891.884
0.000000	1.098383	-0.696430	112	28	9	891.843
2.199115	2.305347	2.311346	93	137	11	891.833
-0.733038	1.450513	-0.400625	115	21	13	891.807
0.733038	0.829198	-1.532491	105	23	3	891.784
1.675516	0.567465	-2.679392	106	18	2	891.732
0.000000	2.575994	0.391718	103	16	21	891.686
0.104720	2.660483	-0.034608	110	14	17	891.658
0.628319	2.463986	1.034407	99	14	13	891.649
1.047198	0.700065	3.115430	124	26	135	891.572
1.361357	2.338060	2.803613	10	38	138	891.563
-0.942478	2.129501	0.238290	20	41	131	891.498
-1.570796	1.055458	0.170394	28	36	120	891.496
2.722714	0.772218	2.227380	110	6	122	891.446
2.513274	2.676626	2.335353	96	131	20	891.338
-0.523599	0.745971	-0.781286	121	27	4	891.301
2.722714	0.937910	2.787575	98	139	132	891.290
1.989675	2.554022	2.320619	96	4	17	891.171
0.523599	2.568462	0.150655	107	9	13	891.138
0.104720	0.610738	-1.326786	119	29	137	891.074
-0.837758	1.576334	0.365236	116	19	138	891.061
-2.827433	2.166724	-0.401638	18	33	124	890.986
-2.932153	2.245973	-0.702234	20	33	125	890.986
-0.628319	1.322972	-0.395699	112	20	11	890.973
1.256637	1.560345	2.985899	13	40	133	890.934
1.989675	2.355165	-1.833173	37	22	122	890.914
1.151917	0.670850	-1.945257	98	14	0	890.910
0.000000	2.536533	1.466274	17	37	126	890.849
0.523599	2.676638	0.540364	98	6	22	890.840
1.256637	2.103223	1.521685	135	26	124	890.828
1.361357	0.389851	-2.340031	107	17	128	890.778
2.408554	0.889834	2.529957	105	9	127	890.661
-0.523599	2.239419	0.151693	109	20	10	890.604
-2.932153	1.786634	-0.346247	21	33	132	890.543
-3.036873	1.673267	-0.665453	22	33	136	890.504
0.523599	0.898758	-1.031948	102	21	5	890.475
1.047198	2.740366	1.374341	97	8	20	890.464
0.209440	2.676638	0.540364	101	13	22	890.420
-1.780236	0.279854	0.814581	111	13	125	890.419
-0.523599	1.704478	-0.106295	108	19	10	890.354
2.408554	1.158594	2.487618	30	31	137	890.327
1.570796	0.704080	2.911636	115	21	132	890.318
1.047198	2.801154	2.353143	11	38	0	890.275
1.151917	0.535020	-1.891846	102	16	134	890.228
-3.036873	1.616900	-0.207457	23	33	134	890.180
2.513274	2.603559	2.555114	96	135	20	890.162
2.617994	2.099185	1.667006	16	32	122	890.035
0.733038	2.307301	1.336200	102	19	6	890.025
-0.314159	2.355120	0.388593	107	20	8	889.994
1.047198	2.103223	1.521685	137	31	124	889.941
-1.884956	1.012180	0.304066	33	32	118	889.902
1.780236	0.165485	-2.875396	105	14	132	889.818
0.418879	2.203804	1.756176	2	41	130	889.778
0.942478	2.434090	1.592818	101	18	10	889.747
1.466077	1.533648	1.644808	2	22	110	889.716
2.408554	2.487747	2.505912	95	136	18	889.709
-1.989675	1.867524	-0.240083	42	28	0	889.656
1.151917	0.312219	-2.072057	107	18	128	889.646
2.722714	0.844883	2.679708	101	2	130	889.613
1.884956	3.064492	1.647259	100	134	28	889.576
2.303835	0.817732	-3.084486	98	7	138	889.477
-1.466077	1.206950	-0.037248	29	38	126	889.460
2.722714	0.284058	0.357350	33	29	137	889.423
1.256637	0.734333	-2.446184	106	21	135	889.367
1.047198	0.803410	-1.984567	100	18	4	889.294
-0.733038	0.859723	-0.734928	134	30	11	889.289
-3.036873	1.707714	-0.787321	22	34	136	889.254
2.617994	1.108079	2.612943	26	32	138	889.223
-0.314159	2.131178	0.386663	107	20	4	889.213
1.256637	2.617344	-2.439480	17	39	10	889.181
0.104720	1.056622	-0.831866	110	27	9	889.167
2.617994	0.284058	0.357350	35	27	137	889.147
-0.837758	1.822312	-0.127211	115	22	12	889.137
0.837758	2.642029	0.813274	95	2	19	889.063
1.884956	1.070157	-0.073422	13	113	114	888.963
2.408554	0.405617	1.773533	126	14	122	888.878
-1.466077	1.213483	-1.039417	25	26	128	888.875
0.628319	1.270745	1.152533	39	135	2	888.849
-0.314159	0.718851	-1.442215	128	27	9	888.797
-2.199115	0.630671	0.391949	29	29	110	888.740
1.151917	2.617344	-2.439480	20	39	10	888.724
0.942478	1.322972	-0.395699	0	28	131	888.695
-0.418879	0.718851	-1.442215	131	27	8	888.672
2.617994	0.937910	2.787575	98	2	132	888.615
1.989675	2.007301	0.142337	9	112	121	888.614
1.466077	0.281664	-2.969147	122	23	124	888.559
2.722714	2.294058	-0.421070	31	27	124	888.546
-0.628319	1.925185	0.231170	112	22	5	888.199
-0.314159	0.819430	-0.915017	117	26	8	888.145
-0.733038	1.098383	-0.696430	121	24	12	888.043
2.303835	2.603559	2.555114	96	0	20	887.967
2.617994	1.242312	2.941234	24	33	136	887.945
-0.209440	2.660483	-0.034608	105	11	26	887.856
-0.523599	1.382562	0.177141	107	14	0	887.767
2.722714	1.240183	2.587255	23	33	134	887.760
1.047198	0.610738	-1.326786	96	9	138	887.704
3.036873	2.219060	2.886631	14	33	128	887.674
-2.932153	1.673267	-0.665453	20	34	136	887.660
-0.628319	1.131400	-0.306629	112	21	7	887.635
2.513274	2.219060	2.886631	95	137	18	887.624
1.466077	2.528686	2.737228	7	37	139	887.616
-2.722714	1.936327	-0.099350	17	33	128	887.574
-0.942478	2.007301	0.142337	119	23	7	887.469
-1.675516	1.103783	0.408254	29	33	116	887.385
1.361357	0.734333	-2.446184	103	18	136	887.357
0.523599	0.561629	-0.924576	100	14	135	887.342
1.047198	2.303283	1.855938	102	20	7	887.324
2.199115	1.645417	-2.634725	107	14	139	887.279
2.408554	1.392869	3.136903	29	31	135	887.128
-1.884956	1.816510	-0.008631	42	31	134	887.085
-1.256637	1.017371	-0.979790	34	34	131	887.074
-2.303835	0.751046	0.863821	24	24	105	887.021
1.780236	1.816510	-0.008631	3	112	123	886.979
3.036873	0.210568	-0.069559	34	27	139	886.978
3.036873	1.581515	-0.419414	27	32	136	886.916
1.047198	2.423692	1.392696	134	29	133	886.906
1.989675	1.279716	2.812101	37	24	130	886.738
-1.675516	2.233709	3.070830	32	8	120	886.732
-0.733038	2.763799	0.760372	32	20	115	886.704
2.094395	0.806832	3.022155	102	14	135	886.694
2.303835	1.155389	2.837148	31	30	138	886.610
-2.513274	0.497870	0.727828	25	28	107	886.542
1.047198	2.463986	1.034407	93	2	13	886.520
-2.094395	0.502651	0.463333	24	31	110	886.510
-1.256637	2.103695	-2.777707	31	7	120	886.391
1.675516	0.937910	2.787575	110	20	133	886.313
1.989675	3.064492	1.647259	101	132	28	886.298
0.628319	2.185580	1.287673	104	21	2	886.261
1.151917	2.362948	-2.487477	16	41	6	886.192
2.513274	1.194776	2.710455	100	3	133	886.187
1.256637	2.740366	1.374341	95	3	20	886.152
0.209440	0.634455	-0.534790	103	20	135	886.149
0.733038	2.635396	1.848850	110	24	16	886.099
-2.932153	1.911828	-0.364489	21	33	130	885.984
2.199115	2.801154	2.353143	98	0	24	885.953
-0.523599	1.258993	-0.284099	109	17	9	885.952
-0.314159	0.934873	-2.010822	1	25	15	885.906
1.989675	1.032316	2.884221	104	15	135	885.886
-3.036873	0.210568	-0.069559	31	30	139	885.854
2.303835	2.870445	-2.291001	4	31	135	885.820
3.036873	1.915763	-0.724679	25	33	132	885.748
2.722714	1.361196	2.914780	23	32	127	885.730
2.617994	2.528686	2.737228	96	135	21	885.701
-2.932153	1.752959	-0.567548	20	34	133	885.652
0.628319	2.536533	1.466274	104	21	13	885.548
1.884956	2.950896	1.797889	98	136	26	885.542
3.036873	2.294058	-0.421070	26	30	124	885.516
2.094395	0.689777	2.385011	114	15	125	885.515
2.094395	2.554022	2.320619	95	1	17	885.448
1.989675	0.772218	2.227380	111	9	128	885.342
-0.942478	2.112276	-1.027246	126	18	28	885.325
1.570796	0.806832	3.022155	111	22	135	885.309
1.256637	0.182564	-2.125821	108	16	126	885.291
2.617994	2.219060	2.886631	95	134	18	885.194
1.361357	2.849871	1.512012	97	2	22	885.124
-1.570796	1.118930	0.045983	30	37	123	885.123
2.827433	2.166724	-0.401638	30	29	127	885.074
-3.036873	2.417950	2.666662	4	32	127	885.062
-2.199115	0.339714	-0.013712	33	30	114	884.960
-0.104720	2.536533	1.466274	20	37	126	884.884
1.780236	0.689777	2.385011	119	17	126	884.880
2.303835	2.830209	2.734943	100	6	25	884.822
-0.733038	1.375020	-0.170393	114	22	6	884.791
0.209440	0.591643	-2.098364	132	30	8	884.773
1.047198	0.790269	-2.282409	105	22	1	884.679
2.722714	1.108079	2.612943	23	33	137	884.608
2.722714	0.689777	2.385011	107	7	124	884.572
2.199115	2.932096	2.377790	100	2	26	884.545
1.256637	0.817732	-3.084486	112	23	0	884.454
-2.932153	1.832690	-0.468440	20	34	131	884.441
-2.199115	2.033572	-1.842884	1	134	38	884.425
2.303835	2.932096	2.377790	100	0	26	884.392
1.570796	2.950896	1.797889	100	5	25	884.257
-0.942478	2.460902	0.490079	24	40	133	884.246
-0.418879	2.166980	-0.134879	105	16	14	884.231
1.151917	2.487747	2.505912	11	39	136	884.174
2.408554	2.830209	2.734943	99	3	25	884.082
2.199115	0.405617	1.773533	20	27	108	884.028
-0.209440	0.833613	-1.357492	123	27	12	883.781
2.199115	2.554022	2.320619	95	138	17	883.724
3.036873	2.233709	3.070830	15	33	128	883.648
2.617994	2.460010	-1.938011	23	29	118	883.593
-1.361357	0.385088	0.590355	109	12	125	883.581
2.513274	2.181338	2.313721	21	32	123	883.580
0.314159	0.936702	-0.866461	105	24	6	883.576
0.000000	0.519277	-0.673809	110	25	134	883.560
0.000000	2.740366	1.374341	34	21	117	883.529
-0.104720	2.740366	1.374341	35	19	116	883.523
-0.733038	1.793737	0.410270	116	22	139	883.490
2.199115	0.975253	2.641082	104	12	130	883.395
0.837758	0.803410	-1.984567	105	22	4	883.391
-2.722714	2.309655	0.726020	20	25	114	883.364
1.361357	0.817732	-3.084486	110	22	0	883.364
2.513274	1.158594	2.487618	28	32	137	883.237
-2.617994	2.052794	-0.008526	15	32	124	883.211
0.837758	0.829198	-1.532491	102	20	4	883.186
-2.303835	1.927474	-1.754616	4	133	37	883.134
1.884956	0.283625	2.405603	125	19	126	883.051
-2.617994	1.748077	1.804354	15	25	114	883.041
0.628319	2.307301	1.336200	104	22	5	883.035
-0.837758	1.043272	-1.522986	8	18	26	882.823
2.722714	2.539516	-0.476942	31	22	116	882.707
-2.722714	2.052794	-0.008526	17	32	124	882.691
1.675516	0.997766	-2.693871	99	13	9	882.685
-0.837758	1.657997	-0.325127	116	22	13	882.672
3.036873	1.846644	1.113766	24	29	119	882.652
2.408554	2.528686	2.737228	96	0	21	882.634
2.094395	1.581515	-0.419414	29	22	113	882.622
1.884956	0.689777	2.385011	117	17	125	882.571
-1.047198	2.201829	-0.001735	19	40	136	882.516
2.094395	2.717705	2.625995	99	8	23	882.515
0.628319	0.790269	-2.282409	115	27	2	882.490
1.151917	0.700065	3.115430	121	25	135	882.462
0.942478	2.512538	1.239900	96	10	13	882.436
2.408554	2.018131	3.021778	97	4	16	882.421
2.408554	1.157331	-2.906362	28	30	1	882.409
2.408554	2.071256	-3.018961	101	6	21	882.358
2.513274	0.772218	2.227380	111	9	122	882.199
-1.570796	1.070157	-0.073422	31	37	125	882.192
-3.141593	0.163506	0.573203	32	26	113	882.174
2.094395	2.676626	2.335353	97	2	20	882.090
2.513274	0.947774	2.395256	106	6	124	882.040
-0.104720	2.780471	0.027732	103	8	27	881.936
1.151917	0.725300	-2.975134	117	25	139	881.928
1.361357	2.489741	-2.468428	12	39	8	881.886
-0.628319	1.616900	-0.207457	110	18	11	881.801
2.827433	1.085085	2.377673	22	33	137	881.765
2.303835	0.632797	1.989858	113	6	126	881.736
-1.780236	1.574849	-0.091505	38	33	132	881.666
-1.884956	2.518454	-1.565852	132	7	39	881.532
-0.314159	0.769035	-1.078574	120	27	8	881.469
1.047198	0.641441	-2.842109	118	25	139	881.438
1.570796	2.329587	0.035498	12	13	10	881.403
-0.628319	1.480942	0.273235	110	17	139	881.387
2.199115	1.527261	-0.304916	27	25	115	881.376
-1.361357	2.083752	-0.511086	5	24	29	881.277
-0.733038	1.696386	0.328123	113	18	0	881.271
-0.314159	2.467647	0.287667	109	22	21	881.233
-2.722714	1.822312	-0.127211	17	34	130	881.219
1.675516	2.747398	1.727166	95	139	20	881.156
-0.942478	2.417386	-0.443097	129	23	32	881.147
2.513274	2.232413	2.735777	94	135	16	881.071
0.733038	0.451839	-2.078193	119	29	133	881.055
-0.733038	1.458370	0.400433	113	17	136	881.046
-2.408554	0.866940	0.851229	28	21	104	880.996
1.989675	0.594963	2.997575	111	18	135	880.826
0.523599	2.341931	1.023926	97	14	12	880.788
-1.047198	1.986720	-0.993220	123	18	26	880.786
1.466077	2.362948	-2.487477	7	39	6	880.767
0.523599	0.819430	-0.915017	101	20	2	880.692
-0.837758	2.885017	0.655562	33	21	117	880.671
-2.513274	2.329587	0.035498	15	30	121	880.656
1.989675	2.603559	2.555114	98	8	20	880.638
-0.523599	2.026074	0.300945	110	21	4	880.567
0.837758	0.567465	-2.679392	117	25	133	880.546
-0.837758	1.507448	-0.514782	118	23	15	880.480
-1.989675	1.382562	0.177141	40	29	124	880.456
2.303835	0.844883	2.679708	104	11	129	880.372
-1.570796	1.150348	-0.176418	32	37	128	880.332
1.780236	2.801154	2.353143	101	11	23	880.307
1.151917	1.147363	-0.558448	138	24	127	880.191
-0.837758	2.049502	-0.137989	114	21	14	880.091
-0.418879	2.568462	0.150655	109	19	24	879.924
-0.418879	2.166724	-0.401638	105	11	19	879.897
1.989675	2.226413	-2.064034	38	23	124	879.897
1.047198	3.064492	1.647259	106	14	26	879.897
2.827433	0.210568	-0.069559	36	24	139	879.820
-3.141593	2.070371	2.879808	9	34	136	879.789
-3.141593	1.527261	-0.304916	25	32	136	879.719
-0.628319	0.088408	-0.311160	118	20	122	879.700
-0.733038	1.365452	0.310522	112	17	137	879.676
2.617994	2.338060	2.803613	95	134	19	879.670
2.513274	1.155389	2.837148	98	3	135	879.655
2.617994	2.137615	2.988806	96	136	19	879.541
-0.314159	0.936702	-0.866461	117	26	10	879.539
-0.733038	1.816510	-0.008631	113	22	9	879.307
2.408554	0.721019	2.721536	104	10	129	879.212
0.000000	2.538504	1.699812	23	37	126	879.166
2.408554	2.932096	2.377790	99	137	26	879.153
-2.617994	1.630007	1.844552	14	26	115	879.031
-0.628319	2.166980	-0.134879	109	18	14	878.955
1.884956	2.554022	2.320619	96	7	17	878.892
0.000000	2.885017	0.655562	106	16	26	878.876
-0.733038	1.382562	0.177141	112	18	0	878.851
0.523599	0.858279	-2.138895	115	27	5	878.842
0.314159	2.200418	-3.056442	30	43	134	878.838
2.722714	0.294107	1.593880	120	9	126	878.759
-2.094395	0.961838	1.839284	25	18	99	878.750
2.408554	1.026525	2.506945	104	7	127	878.747
0.733038	2.185580	1.287673	101	18	2	878.702
2.513274	2.801154	2.353143	98	133	23	878.655
-0.314159	2.321510	1.685664	122	28	0	878.561
2.932153	1.911828	-0.364489	29	31	130	878.553
0.628319	0.670850	-1.945257	110	25	0	878.537
3.036873	1.450513	-0.400625	27	31	138	878.482
2.199115	2.830209	2.734943	101	8	25	878.433
-1.884956	1.867524	-0.240083	41	31	0	878.409
2.513274	3.050410	3.138492	106	12	28	878.348
-1.675516	1.661936	0.001037	37	35	131	878.333
1.361357	2.536533	1.466274	93	2	13	878.301
2.513274	2.230554	2.171334	19	31	121	878.263
-3.036873	1.832060	-0.821627	22	34	134	878.227
2.303835	0.975253	2.641082	103	10	130	878.176
0.418879	0.398249	-1.812694	120	28	2	878.160
-2.408554	0.210568	-0.069559	34	28	114	878.118
2.408554	2.125183	2.445598	93	133	8	878.093
2.513274	2.449191	-0.633651	34	21	118	878.071
-1.361357	0.735125	0.037270	136	28	139	878.047
2.199115	0.819323	2.845960	103	12	132	877.994
2.513274	1.572701	-2.528730	21	34	136	877.977
-0.104720	2.460902	0.490079	105	20	19	877.976
1.989675	1.772673	-2.864760	113	19	19	877.967
-1.675516	1.426479	1.573427	35	24	107	877.921
1.989675	2.932096	2.377790	101	8	25	877.808
-0.628319	0.685083	-0.942363	126	27	5	877.793
1.780236	2.554022	2.320619	97	10	17	877.728
-0.209440	0.644807	-0.327139	111	24	133	877.606
-1.989675	1.184569	0.147517	38	30	123	877.566
1.047198	2.517528	1.923289	2	36	131	877.505
-2.827433	2.035818	-0.379479	18	33	127	877.502
0.942478	2.747398	1.727166	1	34	136	877.461
0.628319	0.660897	-2.278593	115	26	139	877.437
1.047198	2.394960	0.862133	102	8	8	877.436
1.780236	1.938088	2.578507	103	16	0	877.306
1.989675	2.317634	-2.185225	37	23	122	877.267
-0.628319	1.657997	-0.325127	110	18	14	877.227
1.361357	2.950896	1.797889	101	7	25	877.217
0.418879	1.612720	-3.080498	26	40	118	877.175
1.466077	0.806832	3.022155	114	23	135	877.005
1.884956	0.632708	2.566722	115	18	127	876.986
1.466077	0.660897	-2.278593	97	12	5	876.687
0.837758	0.688204	-2.632204	115	26	136	876.652
-3.141593	1.616900	-0.207457	26	32	135	876.490
0.314159	2.341931	1.023926	106	24	8	876.466
2.199115	0.400542	-2.995729	98	5	134	876.433
2.617994	2.417950	2.666662	95	132	18	876.428
-0.104720	2.129501	0.238290	101	14	7	876.427
-1.780236	1.616900	-0.207457	39	33	135	876.426
-3.036873	1.704478	-0.106295	23	33	132	876.418
0.628319	2.676638	0.540364	97	3	22	876.397
2.094395	1.130958	2.972931	99	12	138	876.392
-0.837758	1.696386	0.328123	118	23	0	876.379
-0.628319	2.026074	0.300945	113	22	4	876.369
-1.570796	1.329795	-0.042570	32	37	127	876.359
-0.314159	1.391699	-0.288725	104	13	11	876.340
1.151917	2.950896	1.797889	105	15	24	876.286
-0.523599	2.237695	-0.271388	106	15	17	876.276
-2.932153	1.661936	0.001037	21	33	132	876.273
0.628319	0.451839	-2.078193	120	28	3	876.236
-3.036873	1.832690	-0.468440	22	33	132	876.059
2.408554	1.365228	2.563808	101	5	132	876.044
0.418879	1.745952	0.084733	17	13	114	875.978
2.722714	2.637087	3.132730	100	0	27	875.934
-2.513274	2.129501	0.238290	15	31	124	875.926
-0.209440	2.423692	1.392696	22	37	123	875.904
-1.466077	1.284798	0.078209	29	38	125	875.853
1.256637	2.721001	2.060097	103	18	19	875.788
-3.141593	1.934802	2.927634	9	34	139	875.781
2.199115	2.603559	2.555114	97	3	21	875.771
1.047198	0.670850	-1.945257	100	17	0	875.749
-0.314159	3.011274	0.434110	110	18	26	875.739
2.513274	2.125183	2.445598	22	32	125	875.632
-3.141593	2.233709	3.070830	14	33	129	875.631
-0.523599	1.147363	-0.558448	112	21	11	875.615
-0.418879	2.898932	0.139973	107	14	28	875.612
2.617994	2.717705	2.625995	97	135	23	875.593
-3.141593	1.794699	-0.694061	24	33	134	875.551
0.209440	1.698726	-2.973576	33	39	123	875.315
1.151917	2.705107	1.062142	105	9	16	875.312
-2.827433	2.539516	-0.476942	19	29	118	875.305
-2.513274	1.413639	1.697982	12	32	129	875.273
1.047198	2.232413	2.735777	30	28	125	875.265
1.361357	2.603559	2.555114	6	37	138	875.229
2.303835	1.279716	2.812101	98	7	136	875.222
2.199115	1.581515	-0.419414	28	22	113	875.167
-1.675516	1.739971	-0.228876	37	35	138	875.087
-1.361357	2.485907	-2.835471	34	7	125	875.008
1.884956	0.378103	2.646436	119	19	127	874.998
2.722714	1.063758	2.743093	98	138	132	874.990
2.094395	0.400542	-2.995729	100	9	134	874.963
-1.256637	1.086822	-0.441112	1	28	11	874.797
-2.408554	2.309655	0.726020	15	24	113	874.789
0.733038	0.609360	-2.464379	116	26	136	874.775
-1.570796	0.671396	1.004859	118	18	138	874.758
0.733038	0.848189	-1.705003	103	21	6	874.744
1.466077	0.927138	-2.569686	101	17	9	874.724
0.942478	0.513579	-1.147354	96	8	135	874.702
0.733038	2.434090	1.592818	106	23	10	874.644
2.199115	0.308059	2.021491	126	17	124	874.636
-0.837758	1.382562	0.177141	114	19	0	874.631
2.303835	1.321609	2.687717	31	30	134	874.599
-1.361357	0.884060	0.334199	132	27	134	874.594
-1.361357	0.147206	-1.385164	38	27	118	874.576
-1.361357	0.497870	0.727828	110	10	123	874.553
2.617994	0.385088	0.590355	32	31	134	874.549
-1.361357	2.234383	-2.792065	32	6	122	874.497
1.361357	2.203804	1.756176	134	28	128	874.438
2.408554	1.242312	2.941234	29	31	137	874.395
0.523599	0.441292	-0.890727	101	13	132	874.375
1.989675	0.806832	3.022155	104	16	135	874.344
3.036873	1.911828	-0.364489	27	32	130	874.293
1.256637	2.203804	1.756176	136	31	128	874.281
-1.047198	2.079746	-0.897699	19	33	10	874.275
0.104720	2.682152	0.245751	101	9	24	874.255
-1.884956	2.049502	-0.137989	40	31	1	874.193
-0.523599	0.513579	-1.147354	127	27	2	874.184
2.408554	0.605711	0.598454	35	28	129	874.163
-2.094395	0.424766	-0.258729	36	29	116	874.147
-0.209440	2.536533	1.466274	23	37	125	874.128
0.942478	2.395716	1.977184	7	38	129	874.108
2.303835	2.554022	2.320619	95	135	17	874.071
0.628319	1.559671	-1.074934	17	28	133	874.062
0.837758	0.848189	-1.705003	104	22	4	874.010
-0.523599	0.819430	-0.915017	123	27	8	873.977
2.513274	2.443112	2.883761	97	139	22	873.870
-1.780236	1.055458	0.170394	33	34	121	873.818
0.628319	2.434090	1.592818	7	38	127	873.814
0.628319	0.441292	-0.890727	99	10	132	873.812
-2.722714	2.166980	-0.134879	17	32	124	873.785
0.942478	0.688204	-2.632204	113	25	136	873.685
-1.570796	1.535018	0.028869	33	36	128	873.645
2.617994	0.279854	0.814581	28	33	137	873.594
-2.094395	0.470622	0.014002	32	31	114	873.558
-2.199115	1.927474	-1.754616	5	134	37	873.518
-0.209440	1.379086	-0.508192	104	12	15	873.466
-0.418879	1.258993	-0.284099	106	16	9	873.385
0.523599	2.026196	-2.889057	25	44	132	873.345
2.513274	0.497870	0.727828	31	31	132	873.301
0.837758	0.281664	-2.969147	129	22	132	873.226
-3.141593	1.704478	-0.106295	26	32	132	873.184
1.466077	0.609360	-2.464379	103	17	132	873.160
2.408554	2.245175	2.460236	94	134	12	873.107
2.408554	0.385088	0.590355	35	28	134	873.090
2.513274	0.518569	1.644237	119	6	124	873.042
-2.932153	0.339714	-0.013712	28	33	137	873.027
-1.466077	1.119777	0.834702	36	30	110	873.011
2.513274	1.331651	2.344497	29	32	133	873.006
1.675516	0.386248	-2.690943	107	16	126	873.005
-0.837758	1.616900	-0.207457	116	23	10	873.000
-3.141593	1.379086	-0.508192	25	31	0	872.947
0.209440	0.376428	-1.495532	119	25	130	872.914
-1.884956	1.055458	0.170394	35	32	121	872.847
0.523599	0.451839	-2.078193	123	29	3	872.812
1.151917	2.303283	1.855938	100	17	7	872.766
2.094395	0.077645	1.453433	33	25	113	872.751
-0.837758	0.965426	1.686615	15	25	100	872.747
-1.884956	2.330158	2.977264	33	6	121	872.635
1.570796	0.857516	-2.432863	97	12	9	872.535
-0.733038	1.574849	-0.091505	113	22	7	872.500
-2.513274	0.088408	-0.311160	37	23	115	872.444
1.047198	0.745971	-0.781286	16	22	129	872.430
-1.884956	1.184569	0.147517	36	32	123	872.406
-1.675516	1.535018	0.028869	36	35	129	872.381
2.094395	1.821360	-2.984352	111	17	17	872.211
2.303835	1.165407	3.092861	97	7	1	872.204
2.617994	0.947774	2.395256	106	4	124	872.151
-1.884956	1.732838	1.127584	43	27	124	872.121
-1.466077	1.957868	-0.490784	10	24	27	872.109
2.199115	0.518569	1.644237	20	24	107	872.104
-0.628319	1.147363	-0.558448	115	23	11	872.066
1.256637	2.423190	1.789783	137	31	135	871.977
-2.722714	1.911828	-0.364489	16	34	129	871.965
2.932153	0.937910	2.787575	99	135	132	871.922
2.408554	2.443112	2.883761	98	2	22	871.867
1.361357	3.064492	1.647259	102	7	26	871.694
2.617994	2.443112	2.883761	97	137	22	871.554
1.256637	2.676626	2.335353	5	37	138	871.479
1.780236	0.806832	3.022155	107	19	135	871.404
-0.942478	1.480942	0.273235	117	19	139	871.395
0.837758	0.609360	-2.464379	117	25	2	871.326
2.199115	1.321019	-2.749776	32	28	139	871.287
-1.675516	1.492424	-0.190932	36	35	133	871.197
-0.628319	1.535018	0.028869	110	19	4	871.189
1.466077	2.431406	-2.647820	5	39	4	870.938
-1.989675	1.188278	1.690808	33	19	102	870.927
2.617994	0.806832	3.022155	98	1	135	870.907
2.617994	0.251672	2.848900	101	5	130	870.875
-2.827433	0.339714	-0.013712	26	34	137	870.875
-3.036873	2.431122	3.086379	12	32	125	870.848
1.151917	2.431584	2.307631	7	38	133	870.726
-1.989675	0.864300	0.043549	37	31	123	870.724
1.151917	1.596968	-1.328358	35	15	135	870.643
-1.466077	0.542006	0.228337	134	27	135	870.578
-0.314159	0.607708	-1.541026	130	27	6	870.543
0.314159	0.858261	-1.191729	110	26	4	870.418
2.932153	2.212686	-0.544809	28	30	126	870.279
2.932153	0.210568	-0.069559	35	26	139	870.210
-0.523599	0.829198	-1.532491	136	27	4	870.172
2.094395	1.108079	2.612943	104	13	131	870.133
-0.733038	1.492424	-0.190932	114	22	8	870.125
-0.314159	2.948048	1.133127	34	22	119	870.113
3.036873	1.954572	-0.859208	25	33	131	869.975
1.256637	0.725300	-2.975134	115	24	138	869.974
-0.104720	2.434090	1.592818	24	36	123	869.856
-1.256637	0.385088	0.590355	108	11	125	869.854
-1.466077	0.630671	0.391949	131	25	133	869.805
-0.942478	0.882554	1.443757	13	29	102	869.773
1.466077	3.064492	1.647259	101	3	28	869.690
0.733038	2.203804	1.756176	108	25	3	869.564
1.256637	2.307301	1.336200	132	23	130	869.562
2.617994	1.158594	2.487618	26	32	136	869.503
-0.733038	1.322972	-0.395699	115	22	11	869.484
-0.523599	0.637681	-1.123423	127	27	5	869.480
0.837758	1.770119	-2.427175	129	28	28	869.479
-3.141593	1.629346	-0.542669	25	33	136	869.402
2.513274	0.893140	2.251698	109	7	123	869.272
0.628319	2.363101	-2.810456	25	43	1	869.234
-1.047198	1.553895	0.489607	121	19	135	869.225
0.418879	0.266262	-1.678068	117	22	127	869.212
0.104720	2.763799	0.760372	108	20	20	869.158
1.151917	2.211602	1.443930	135	28	127	869.129
-1.361357	2.035818	-0.379479	7	26	26	869.012
2.408554	0.420680	2.088164	114	8	126	868.998
0.628319	1.244075	1.286644	39	135	4	868.944
-0.209440	2.129501	0.238290	103	16	7	868.875
1.466077	2.554022	2.320619	111	21	9	868.832
-1.151917	1.023796	-0.583691	0	27	13	868.773
0.418879	2.156474	-2.912065	29	43	135	868.635
-1.151917	1.077642	-1.227073	17	22	17	868.572
0.837758	0.734333	-2.446184	116	26	5	868.432
0.523599	0.954456	-1.287293	106	24	7	868.413
2.408554	2.304968	2.608978	94	136	15	868.399
2.303835	1.361196	2.914780	31	30	136	868.379
2.513274	2.019912	2.686612	93	133	11	868.365
3.036873	1.752959	-0.567548	27	32	135	868.355
-0.314159	2.536533	1.466274	26	37	126	868.336
0.628319	2.747398	1.727166	9	39	136	868.286
2.199115	0.201102	1.249082	32	22	111	868.269
1.151917	2.635396	1.848850	139	33	134	868.250
2.303835	1.242312	2.941234	31	30	137	868.221
1.256637	2.528686	2.737228	12	39	139	868.201
-1.989675	1.602259	1.152656	44	25	121	868.177
-1.151917	2.111003	-0.268632	1	28	25	868.172
0.942478	2.721001	2.060097	7	38	137	868.169
0.418879	1.244075	1.286644	35	131	4	868.125
-0.942478	1.815016	0.278951	121	24	2	867.965
0.314159	1.698726	-2.973576	30	40	122	867.930
2.094395	2.950896	1.797889	98	130	26	867.921
0.628319	2.849871	1.512012	110	22	20	867.854
1.361357	2.423692	1.392696	92	0	10	867.803
-3.141593	1.316087	-0.777971	25	31	3	867.730
0.733038	2.463986	1.034407	97	11	13	867.728
1.466077	0.688204	-2.632204	105	19	131	867.716
0.523599	1.221608	1.421669	37	133	5	867.662
1.675516	2.676626	2.335353	100	13	20	867.662
-0.314159	0.628626	-1.751180	134	27	7	867.609
-0.523599	0.718851	-1.442215	134	27	1	867.602
-1.047198	2.239419	0.151693	21	40	134	867.555
-0.209440	2.237183	0.468799	106	19	5	867.431
3.036873	2.232413	2.735777	13	33	127	867.430
-1.570796	1.253604	0.812222	40	29	113	867.353
0.418879	2.278618	1.170386	107	24	5	867.258
-3.141593	1.972312	2.805134	9	34	139	867.234
0.209440	2.200418	-3.056442	33	42	134	867.210
-2.199115	0.819323	2.845960	31	2	108	867.175
1.570796	0.190569	1.929141	31	25	112	867.140
-0.523599	0.898758	-1.031948	134	29	15	867.133
1.047198	0.829198	-1.532491	97	14	4	867.111
1.884956	1.889815	2.701570	102	15	1	867.107
-0.209440	0.637681	-1.123423	118	26	5	866.993
2.722714	2.355165	-1.833173	22	30	120	866.986
-2.932153	2.036004	-0.757062	20	34	129	866.945
0.000000	2.682152	0.245751	103	12	24	866.937
0.837758	2.211602	1.443930	101	18	3	866.927
0.628319	0.858261	-1.191729	102	21	4	866.776
2.617994	0.410700	0.270433	36	26	134	866.677
-1.570796	1.099138	-1.084033	27	26	129	866.589
1.989675	1.812466	2.597595	100	11	138	866.540
1.780236	0.482460	2.849843	114	20	130	866.523
2.199115	0.817732	-3.084486	98	9	138	866.521
-1.570796	1.382562	0.177141	31	36	123	866.356
-3.141593	2.166724	-0.401638	25	31	125	866.324
-0.104720	0.858279	-2.138895	136	26	12	866.320
-0.523599	2.014149	0.444138	112	21	1	866.310
-1.256637	2.026196	-2.889057	30	8	119	866.265
1.256637	0.481292	-2.529098	111	21	129	866.229
-0.104720	0.637681	-1.123423	121	29	137	866.203
0.314159	0.519277	-0.673809	101	14	132	866.198
0.733038	2.211602	1.443930	103	20	3	866.188
2.408554	0.294107	1.593880	22	28	109	866.169
2.303835	0.933766	-3.015917	96	5	1	866.060
2.617994	0.518569	1.644237	118	5	124	866.054
0.104720	2.213937	0.621892	102	20	12	866.030
1.466077	2.849871	1.512012	97	139	22	865.978
1.256637	2.338060	2.803613	13	39	138	865.978
2.199115	0.958731	-2.852552	95	5	4	865.971
1.466077	0.857516	-2.432863	100	15	9	865.939
3.036873	2.157194	-0.792563	25	32	127	865.918
0.523599	0.685083	-0.942363	102	20	138	865.858
0.104720	2.856905	-0.318441	102	135	30	865.660
-1.570796	2.200418	-3.056442	32	7	120	865.637
-0.628319	2.049502	-0.137989	110	20	14	865.553
2.722714	2.460010	-1.938011	21	29	118	865.542
-3.036873	1.661936	0.001037	23	33	132	865.527
-3.141593	2.036004	-0.757062	23	33	130	865.496
1.780236	0.378103	2.646436	121	19	127	865.487
2.722714	1.431907	3.015410	22	32	126	865.484
-3.036873	2.219060	2.886631	6	33	133	865.461
1.989675	0.759800	2.546181	111	16	127	865.433
-0.942478	1.649932	0.576808	120	19	134	865.400
0.523599	1.391324	1.109396	39	132	139	865.386
2.617994	0.919522	2.948277	97	0	134	865.379
1.151917	2.230554	2.171334	5	37	126	865.360
2.513274	2.487747	2.505912	96	133	18	865.325
1.884956	2.932096	2.377790	102	10	25	865.244
1.047198	2.431406	-2.647820	16	42	5	865.168
1.780236	1.794553	2.374618	103	13	134	865.160
2.722714	0.947774	2.395256	106	2	124	865.145
-0.942478	2.213937	0.621892	25	39	126	864.997
1.361357	1.769149	1.550298	137	23	115	864.980
0.209440	0.441292	-0.890727	106	19	132	864.947
-1.256637	2.335096	-0.588468	137	23	32	864.885
2.408554	1.464952	2.329245	30	31	130	864.846
-2.617994	2.048538	0.806623	21	30	122	864.828
2.199115	1.285402	-2.882049	32	28	139	864.812
1.151917	1.361196	2.914780	16	40	129	864.801
2.408554	2.338060	2.803613	96	0	19	864.776
-1.884956	0.929031	0.185383	33	33	120	864.763
1.884956	2.355165	-1.833173	38	20	121	864.725
1.047198	2.627402	1.293552	96	7	16	864.658
-3.141593	2.330158	2.977264	13	33	127	864.656
1.151917	2.627402	1.293552	94	4	17	864.615
-0.837758	1.925185	0.231170	118	24	5	864.406
0.104720	0.732892	-1.254330	118	29	0	864.347
-2.408554	0.616968	0.820489	24	26	106	864.324
-0.104720	2.676638	0.540364	107	20	22	864.176
2.199115	1.841033	-2.756932	108	14	137	864.173
2.199115	1.616900	-0.207457	26	25	114	864.134
-2.827433	0.999847	-0.334738	10	34	139	864.086
-0.104720	2.978333	-0.412090	102	136	30	864.078
-2.932153	1.999226	-0.620717	20	34	129	864.027
3.036873	1.551135	-0.642994	27	31	139	863.965
2.513274	2.637087	3.132730	101	5	27	863.937
-0.314159	1.263772	-0.533073	107	15	14	863.934
1.466077	2.801154	2.353143	105	18	23	863.927
-1.675516	1.329795	-0.042570	35	35	128	863.844
-0.733038	1.657997	-0.325127	113	20	14	863.836
0.104720	2.137615	2.988806	32	42	129	863.790
0.628319	2.519348	0.843503	97	10	16	863.786
2.932153	2.335096	-0.588468	27	29	123	863.785
-2.199115	0.284058	0.357350	128	19	127	863.767
-2.303835	2.033572	-1.842884	1	134	38	863.762
2.513274	1.279716	2.812101	27	32	136	863.754
0.628319	0.803410	-1.984567	110	25	4	863.751
-2.617994	1.993909	1.312897	15	27	116	863.734
1.151917	2.434090	1.592818	135	30	134	863.734
-3.036873	1.507448	-0.514782	23	33	138	863.711
-1.466077	2.156474	-2.912065	31	6	120	863.700
1.989675	1.809020	2.949741	107	17	11	863.695
1.989675	0.937910	2.787575	106	16	132	863.616
1.256637	1.523102	2.765920	13	39	128	863.603
-0.418879	1.058706	-2.036438	4	23	18	863.602
2.617994	2.070371	2.879808	95	134	16	863.594
2.303835	2.305347	2.311346	94	134	11	863.585
-1.989675	1.139877	0.276382	37	30	120	863.584
-0.314159	2.611256	-0.279110	104	8	29	863.560
-0.523599	1.892348	0.496522	112	21	139	863.549
0.209440	1.821360	-2.984352	33	40	126	863.546
1.151917	1.990381	1.586005	138	29	121	863.484
0.209440	0.973500	-0.711881	106	24	5	863.383
-0.733038	1.743328	0.663347	116	17	134	863.364
-1.570796	0.961838	1.839284	22	21	99	863.331
0.314159	1.735719	-3.092485	29	41	121	863.302
-0.837758	1.745952	0.084733	117	24	6	863.258
0.000000	0.897463	-0.240822	105	22	138	863.196
0.000000	0.321905	-0.829121	110	20	128	863.194
1.570796	2.747398	1.727166	95	2	20	863.167
0.418879	2.584774	1.046703	105	20	14	863.131
1.151917	2.603559	2.555114	12	39	139	863.108
3.036873	2.122474	-0.648314	26	32	127	863.092
-0.418879	1.017371	-0.979790	122	27	13	863.086
2.094395	2.233709	3.070830	110	18	15	863.072
1.466077	0.704080	2.911636	117	22	132	863.043
1.151917	2.304968	2.608978	12	40	134	862.932
-1.047198	2.354868	0.211543	22	40	135	862.902
1.047198	0.492205	-1.397963	98	10	134	862.790
-0.104720	0.877352	-0.574668	112	28	1	862.780
-1.570796	1.704478	-0.106295	34	37	134	862.775
2.094395	0.918305	3.107845	100	12	138	862.772
0.000000	2.244355	0.309899	100	12	8	862.731
2.932153	1.915763	-0.724679	27	32	132	862.717
-0.209440	0.321905	-0.829121	120	25	127	862.701
0.000000	0.441292	-0.890727	115	25	131	862.622
-1.361357	2.166724	-0.401638	4	26	28	862.618
-0.523599	1.375020	-0.170393	108	16	8	862.563
-0.523599	0.441292	-0.890727	122	26	138	862.555
-3.141593	1.391699	-0.288725	26	32	138	862.484
-0.314159	0.858261	-1.191729	123	27	11	862.469
1.361357	2.747398	1.727166	97	7	20	862.446
0.314159	0.561629	-0.924576	104	19	135	862.440
2.199115	0.632797	1.989858	114	7	126	862.434
-3.141593	2.487747	2.505912	4	31	124	862.285
1.570796	0.251672	2.848900	123	20	129	862.253
-2.303835	0.605711	0.598454	27	28	107	862.234
-2.722714	2.119166	0.100552	19	32	124	862.176
1.361357	2.676626	2.335353	3	36	138	862.141
0.209440	2.112276	-1.027246	24	24	0	862.092
-1.466077	2.285175	-2.943090	33	6	122	862.052
2.722714	1.247736	2.242810	25	33	133	861.984
-0.314159	0.266262	-1.678068	129	23	136	861.974
-0.209440	0.391502	-1.171374	128	32	137	861.961
2.094395	2.721001	2.060097	97	137	19	861.834
-2.827433	1.027004	-0.203653	10	34	138	861.812
-1.151917	0.939144	-0.092962	134	29	3	861.812
2.513274	1.813159	2.025395	98	125	2	861.789
0.418879	2.660483	-0.034608	107	7	16	861.761
2.513274	1.402149	2.788898	99	2	137	861.760
1.675516	2.534798	-2.266671	9	36	11	861.754
-1.256637	1.936327	-0.099350	25	40	135	861.725
-1.780236	1.576334	0.365236	37	31	122	861.678
-1.989675	0.630671	0.391949	26	31	110	861.678
2.932153	2.294058	-0.421070	28	29	124	861.676
1.780236	0.997766	-2.693871	97	11	9	861.665
-3.036873	2.335096	-0.588468	22	31	123	861.643
0.628319	2.838301	1.980061	13	39	139	861.628
2.617994	1.283786	2.462124	26	33	134	861.553
1.361357	2.721001	2.060097	139	32	137	861.531
-0.314159	1.322972	-0.395699	105	13	12	861.521
0.628319	0.269108	-1.215563	104	15	128	861.474
1.570796	0.734333	-2.446184	98	12	6	861.457
2.513274	1.130958	2.972931	96	1	138	861.402
0.628319	2.285175	-2.943090	23	44	137	861.382
-2.722714	2.111003	-0.268632	17	33	125	861.375
-0.837758	1.365452	0.310522	114	18	137	861.336
-1.466077	1.329795	-0.042570	30	38	128	861.335
-1.989675	0.673985	0.203855	30	31	112	861.322
1.047198	0.848189	-1.705003	100	18	4	861.317
-0.628319	2.237695	-0.271388	108	16	17	861.289
1.989675	0.482460	2.849843	115	20	132	861.258
-0.628319	1.661936	0.001037	111	21	7	861.256
1.047198	2.278618	1.170386	133	25	129	861.180
-0.628319	1.574849	-0.091505	110	20	7	861.125
0.418879	0.670850	-1.945257	115	27	0	861.059
-0.523599	2.539532	-0.074548	110	18	26	861.041
-2.199115	2.082784	1.042403	12	28	119	860.947
-0.523599	2.111003	-0.268632	107	16	17	860.919
2.094395	0.404273	0.918163	35	27	134	860.827
-1.047198	0.861655	-0.394821	136	29	7	860.820
0.209440	0.660897	-2.278593	136	29	9	860.805
-1.780236	2.230554	2.171334	20	19	117	860.739
2.199115	1.712415	-2.747921	108	14	136	860.690
0.104720	1.121943	-2.669042	6	24	16	860.637
-0.837758	1.724852	0.202831	118	24	2	860.613
2.513274	1.392869	3.136903	26	33	135	860.509
1.780236	2.460010	-1.938011	37	19	119	860.502
1.466077	0.817732	-3.084486	108	20	0	860.380
-1.570796	1.410840	0.056219	32	36	126	860.372
-0.209440	3.011274	0.434110	109	16	26	860.355
3.036873	1.914854	1.214468	24	28	118	860.311
-0.314159	2.568462	0.150655	107	18	24	860.282
1.151917	1.769149	1.550298	0	27	115	860.277
1.151917	0.376428	-1.495532	98	9	131	860.087
2.617994	1.240183	2.587255	26	33	135	860.069
-1.466077	2.409450	-2.988432	35	6	123	860.068
0.314159	1.745952	0.084733	94	11	16	860.054
1.884956	0.844883	2.679708	109	17	130	860.049
-2.827433	1.999226	-0.620717	18	34	129	860.025
1.570796	0.273777	-2.506756	107	16	126	860.009
-0.837758	0.829198	-1.532491	19	32	139	859.973
-0.733038	2.201829	-0.001735	112	20	12	859.970
2.513274	1.841033	-2.756932	23	31	124	859.934
2.094395	1.527261	-0.304916	29	24	115	859.930
0.209440	2.431122	3.086379	31	42	138	859.896
2.303835	1.063758	2.743093	31	29	0	859.850
0.314159	0.757018	-0.608833	102	20	139	859.821
-0.733038	1.933878	0.034150	114	22	9	859.785
2.513274	2.272099	2.018594	18	30	119	859.729
0.628319	2.645260	1.570203	6	38	133	859.678
0.000000	2.460902	0.490079	104	19	18	859.664
0.000000	2.539532	-0.074548	99	6	17	859.499
-1.047198	1.131400	-0.306629	134	29	11	859.445
1.466077	2.838301	1.980061	101	12	22	859.430
1.256637	3.064492	1.647259	103	9	26	859.415
0.314159	1.821360	-2.984352	29	41	125	859.389
-2.827433	1.492424	-0.190932	19	34	136	859.383
2.094395	1.032316	2.884221	101	13	135	859.374
2.617994	3.050410	3.138492	105	10	28	859.353
-1.570796	1.258993	-0.284099	33	37	131	859.309
-1.675516	1.786634	-0.346247	35	35	0	859.293
2.199115	1.108079	2.612943	103	11	131	859.244
-1.047198	2.431406	-2.647820	35	8	125	859.238
0.314159	1.858863	-3.106022	28	42	124	859.224
0.523599	0.670850	-1.945257	113	26	0	859.183
-0.942478	1.999226	-0.620717	120	23	20	859.180
-2.199115	2.341931	1.023926	13	22	112	859.172
1.151917	2.203804	1.756176	138	33	128	859.133
-1.989675	1.273606	0.224545	38	29	122	859.034
-1.047198	0.961898	-0.469425	137	29	10	859.031
2.617994	2.330158	2.977264	97	137	22	859.011
-1.151917	1.061389	-1.672248	23	14	20	858.976
1.570796	1.938088	2.578507	1	33	125	858.904
-0.523599	1.263772	-0.533073	111	20	12	858.896
-0.628319	1.933878	0.034150	110	20	8	858.887
-2.827433	1.786634	-0.346247	18	34	132	858.883
-0.314159	2.660483	-0.034608	105	13	27	858.840
-2.513274	2.178879	0.767722	15	26	115	858.830
-1.361357	0.542006	0.228337	130	26	134	858.828
1.047198	0.525564	-2.288838	110	22	132	858.820
-0.104720	0.441292	-0.890727	118	26	131	858.786
-0.628319	1.375020	-0.170393	111	21	6	858.754
2.408554	2.635686	2.834950	98	3	24	858.732
-2.617994	2.329587	0.035498	17	30	121	858.730
2.094395	1.645417	-2.634725	109	17	138	858.596
2.932153	1.803705	0.881076	27	29	120	858.590
2.094395	0.919522	2.948277	102	14	135	858.509
2.513274	2.200418	-3.056442	101	5	22	858.505
1.047198	2.717705	2.625995	16	39	1	858.504
-1.361357	0.929031	0.185383	135	28	137	858.477
-0.418879	1.262380	-0.157609	105	13	6	858.465
-0.418879	1.375020	-0.170393	106	14	8	858.457
1.047198	1.596968	-1.328358	35	13	135	858.331
-0.418879	0.550762	-0.180771	113	24	130	858.327
0.628319	1.391324	1.109396	40	134	139	858.287
1.151917	2.554022	2.320619	7	38	135	858.240
-0.104720	2.568462	0.150655	0	31	139	858.219
-1.466077	1.317907	-1.121023	25	26	131	858.146
0.209440	0.561629	-0.924576	109	24	135	858.137
1.570796	0.283625	2.405603	23	33	120	858.090
2.199115	2.440898	-2.133300	28	26	117	858.090
1.570796	0.844883	2.679708	116	21	131	858.059
2.303835	1.194776	2.710455	99	7	133	858.013
2.303835	2.635686	2.834950	99	5	24	858.013
-0.104720	0.897463	-0.240822	108	24	138	857.984
-0.733038	1.379086	-0.508192	116	22	14	857.973
-3.141593	2.119564	2.754818	7	34	134	857.934
0.628319	2.575994	0.391718	95	0	21	857.892
-1.256637	0.864300	0.043549	134	28	0	857.891
2.408554	2.717705	2.625995	98	0	24	857.835
2.617994	1.392869	3.136903	24	33	135	857.750
2.617994	0.482460	2.849843	99	2	131	857.726
-0.104720	2.885017	0.655562	112	21	24	857.720
-0.837758	1.983318	-0.247182	114	20	15	857.705
1.989675	2.518454	-1.565852	36	20	119	857.661
1.047198	2.554022	2.320619	9	39	135	857.518
-1.151917	1.027004	-0.203653	135	29	7	857.500
2.408554	0.819323	2.845960	101	8	132	857.473
-0.628319	1.622749	0.121426	111	21	3	857.469
2.303835	0.700065	3.115430	99	8	135	857.456
-0.523599	1.507448	-0.514782	111	18	16	857.404
-0.628319	1.936327	-0.099350	110	20	11	857.401
-0.209440	0.812512	-0.107335	109	23	134	857.379
0.733038	2.676638	0.540364	95	139	22	857.376
2.094395	2.603559	2.555114	97	6	20	857.353
1.466077	2.329587	0.035498	12	13	10	857.341
-0.523599	0.999847	-0.334738	110	21	5	857.328
1.361357	1.321609	2.687717	11	38	123	857.304
-0.523599	1.601408	0.242409	109	20	0	857.271
2.303835	2.304968	2.608978	95	139	15	857.254
2.513274	0.975253	2.641082	101	5	130	857.236
2.408554	1.283786	2.462124	30	31	134	857.196
-0.314159	2.705107	1.062142	32	20	114	857.167
1.047198	2.642029	0.813274	94	138	19	857.114
2.199115	1.490555	2.543284	33	29	131	857.082
1.989675	1.841033	-2.756932	115	18	22	857.081
-1.675516	1.258993	-0.284099	36	35	132	857.078
-0.418879	2.734349	-0.289298	105	8	30	857.020
2.199115	1.314142	2.139329	37	25	130	857.003
1.151917	0.368784	2.974974	127	21	131	856.964
-3.141593	0.410700	0.270433	27	33	134	856.895
-1.256637	2.129501	0.238290	28	39	131	856.831
-1.675516	1.657997	-0.325127	36	35	138	856.824
-1.884956	0.201397	-0.716646	37	28	117	856.792
0.523599	1.816510	-0.008631	15	13	114	856.740
1.570796	2.676626	2.335353	101	15	20	856.737
-0.942478	1.933878	0.034150	119	24	9	856.717
-1.884956	1.822312	-0.127211	41	31	137	856.645
