140	1.2
0.000000	0.000000	0.000000
rece3_m.pdb	53.200	58.920	54.965
ligand_m.pdb	-24.507	62.702	8.796
-0.733038	2.336046	-1.115799	128	124	131	1363.675
-0.523599	2.518454	-1.565852	6	128	123	1322.355
-0.837758	2.431406	-2.647820	4	125	117	1314.370
-0.209440	2.608630	-1.378011	9	129	123	1290.795
-1.047198	2.485907	-2.835471	3	126	115	1285.184
0.314159	2.784696	-1.013128	11	133	123	1267.169
-0.418879	1.908408	-2.648903	17	119	136	1262.438
-1.151917	2.363101	-2.810456	0	124	115	1259.502
-0.942478	2.556919	-2.655005	3	125	117	1256.651
2.722714	2.738409	2.975671	133	115	137	1254.224
2.722714	2.801154	2.353143	4	111	138	1254.157
-0.523599	2.338083	-0.943400	130	123	130	1252.076
2.722714	2.543197	2.990252	134	118	134	1249.295
-1.361357	2.156474	-2.912065	136	123	114	1247.662
0.837758	2.780208	-0.626453	14	135	124	1246.161
-1.256637	2.285175	-2.943090	139	124	113	1245.025
-0.942478	2.307188	-2.656134	2	124	117	1238.691
-0.104720	2.729840	-1.368237	10	131	122	1233.850
0.628319	2.661713	-0.529511	14	126	133	1231.636
2.617994	2.635686	2.834950	135	116	135	1228.456
-0.418879	2.364509	-1.644533	0	120	133	1222.242
-0.418879	2.293000	-0.124451	115	131	132	1222.154
0.314159	1.846350	1.893983	137	116	133	1221.794
-1.256637	2.409450	-2.988432	1	125	113	1221.483
-0.942478	1.685031	-2.009038	0	120	125	1220.712
-1.675516	2.100482	-2.301084	129	121	120	1220.493
2.617994	2.601432	2.102535	9	112	136	1220.161
-3.141593	2.830209	2.734943	4	111	138	1217.281
-0.209440	2.226413	-2.064034	8	126	126	1216.285
-0.418879	2.338083	-0.943400	131	123	131	1213.266
-3.036873	2.830209	2.734943	6	110	138	1212.958
-1.047198	2.363101	-2.810456	2	125	115	1211.216
-0.942478	2.363101	-2.810456	3	126	115	1209.033
2.827433	2.635686	2.834950	137	113	135	1208.519
-0.837758	2.033572	-1.842884	1	120	125	1205.827
2.827433	2.801154	2.353143	6	110	138	1203.692
-0.837758	2.556919	-2.655005	5	126	117	1203.121
-0.837758	2.245973	-0.702234	120	129	134	1201.336
2.513274	2.528686	2.737228	136	117	133	1200.875
2.408554	2.721001	2.060097	5	111	137	1197.125
-1.047198	2.245628	-1.899216	5	121	128	1194.693
2.722714	2.635686	2.834950	136	114	135	1192.043
-0.314159	2.460199	-0.822008	130	123	130	1192.023
2.513274	2.721001	2.060097	7	111	137	1190.088
-2.932153	2.937409	2.947245	4	109	0	1189.431
0.104720	0.954456	-1.287293	17	109	2	1185.852
-0.523599	2.293000	-0.124451	114	133	132	1184.877
-1.151917	2.485907	-2.835471	1	125	115	1184.115
-0.209440	2.329587	0.035498	115	130	130	1183.531
2.513274	2.717705	2.625995	136	112	136	1182.213
-0.733038	2.261466	-1.557500	136	122	127	1181.115
1.151917	1.770460	2.154208	136	3	101	1180.431
-0.628319	2.335096	-0.588468	121	127	132	1177.611
2.827433	2.543197	2.990252	135	117	134	1175.515
-2.303835	2.931927	-2.728768	4	109	2	1174.536
1.884956	2.354868	0.211543	20	137	137	1174.242
-0.523599	2.453499	-1.008861	129	123	130	1172.902
0.314159	1.541082	2.424608	138	126	120	1170.788
0.418879	1.028027	3.036573	17	117	136	1170.489
0.314159	0.919522	2.948277	15	114	137	1170.270
0.942478	1.298546	2.020601	1	137	103	1169.079
-1.151917	2.285175	-2.943090	1	124	113	1168.436
-0.104720	2.354868	0.211543	114	130	128	1167.623
-0.733038	2.489741	-2.468428	4	125	119	1166.469
0.628319	2.278618	1.170386	117	130	113	1166.192
2.408554	2.717705	2.625995	135	114	136	1166.167
2.932153	2.738409	2.975671	136	112	137	1165.408
-0.418879	2.453499	-1.008861	131	123	130	1165.030
2.617994	2.721001	2.060097	8	110	137	1163.067
-1.151917	2.604150	-2.885208	3	125	115	1162.698
2.722714	2.721001	2.060097	10	110	137	1162.230
2.617994	2.528686	2.737228	137	116	133	1161.699
-0.837758	2.146582	-1.793788	0	120	125	1161.107
-0.837758	2.226002	-1.060248	126	125	132	1160.871
0.000000	0.933766	-3.015917	17	114	139	1160.785
0.418879	1.032316	2.884221	15	116	135	1160.511
2.722714	2.528686	2.737228	138	115	133	1158.307
-3.141593	2.543197	2.990252	138	113	134	1158.209
2.722714	2.417950	2.666662	0	116	131	1158.188
0.837758	1.388849	2.233847	2	1	102	1158.166
0.209440	2.784696	-1.013128	10	131	123	1157.822
-0.314159	2.329587	0.035498	114	131	130	1156.157
0.418879	0.937910	2.787575	14	115	136	1155.923
1.256637	1.813159	2.025395	136	0	102	1155.190
2.513274	2.601432	2.102535	7	112	136	1155.156
2.827433	2.738409	2.975671	134	113	137	1154.995
-0.733038	1.892144	-2.005340	4	122	123	1154.535
3.036873	2.833517	-3.085508	133	113	139	1153.886
2.932153	2.932096	2.377790	7	109	0	1153.781
-3.036873	2.722319	-2.954069	134	114	138	1153.690
2.932153	2.833517	-3.085508	132	114	139	1151.991
-0.418879	2.460010	-1.938011	3	122	126	1151.013
-3.036873	2.738409	2.975671	1	112	137	1150.340
-0.942478	2.245973	-0.702234	118	130	135	1149.961
-0.209440	1.630007	1.844552	119	129	129	1149.743
-0.628319	2.489741	-2.468428	6	126	119	1148.107
-0.942478	2.431406	-2.647820	2	124	117	1147.368
2.513274	2.603559	2.555114	138	113	134	1146.107
3.036873	2.717705	2.625995	4	112	136	1144.914
-0.209440	2.729840	-1.368237	9	130	122	1144.889
0.104720	0.806832	3.022155	14	112	139	1144.301
0.942478	2.185580	1.287673	121	128	111	1144.132
-0.523599	3.088868	-0.989501	5	107	5	1142.783
0.837758	1.509287	2.204647	0	2	101	1140.384
-2.094395	2.200418	-3.056442	133	125	109	1139.803
-1.047198	2.604150	-2.885208	4	127	115	1139.227
0.523599	1.032316	2.884221	16	118	134	1138.869
-0.314159	2.572710	-0.934665	132	122	128	1138.755
-0.523599	2.558223	-1.164189	132	122	127	1138.623
2.932153	2.801154	2.353143	8	110	138	1138.134
0.000000	2.450821	0.084741	117	126	128	1137.944
-0.837758	2.363101	-2.810456	5	127	115	1136.066
0.314159	1.875561	1.632831	0	117	132	1135.675
0.628319	0.919522	2.948277	18	117	137	1135.060
0.104720	1.046265	-2.958847	18	116	138	1134.702
-1.989675	2.324376	-3.111006	137	126	110	1134.552
-1.884956	2.243347	-2.521049	139	107	1	1134.056
1.151917	2.020545	2.088672	131	4	101	1133.928
-0.733038	1.964971	-2.100533	5	123	123	1133.868
-1.047198	1.685031	-2.009038	138	119	126	1133.779
1.256637	2.020545	2.088672	132	2	101	1133.446
-0.628319	2.166980	-0.134879	114	135	134	1133.326
0.209440	0.918305	3.107845	16	114	138	1133.135
-0.942478	2.033572	-1.842884	138	120	125	1132.597
-0.837758	2.485907	-2.835471	6	128	114	1132.325
-0.837758	1.892144	-2.005340	3	121	124	1132.134
-0.104720	2.450821	0.084741	116	128	127	1131.311
0.000000	2.354868	0.211543	115	128	128	1131.074
0.942478	1.588901	2.301496	6	120	129	1130.311
0.733038	2.278618	1.170386	118	129	113	1129.832
-2.094395	2.233709	3.070830	136	127	108	1129.267
-0.104720	2.329587	0.035498	116	128	130	1129.244
0.314159	1.032316	2.884221	14	116	135	1128.582
1.047198	1.964774	1.855507	129	0	103	1128.302
-2.199115	2.330158	2.977264	138	127	108	1128.199
2.932153	2.601432	2.102535	13	112	136	1127.593
1.151917	2.211602	1.443930	14	133	122	1127.119
0.837758	1.847325	2.249051	135	8	99	1126.527
-0.837758	2.681411	-2.667965	5	127	116	1126.161
0.314159	1.046265	-2.958847	20	119	138	1126.015
0.523599	2.185580	1.287673	22	109	7	1125.464
1.361357	2.611256	-0.279110	16	138	127	1125.329
-0.523599	2.166980	-0.134879	115	133	133	1124.804
0.837758	1.426725	2.102242	0	139	102	1124.686
-3.141593	2.637087	3.132730	136	113	136	1124.671
-2.932153	2.604150	-2.885208	134	115	137	1124.374
3.036873	2.801154	2.353143	9	110	138	1123.863
-1.151917	2.245628	-1.899216	3	121	128	1123.600
0.209440	2.267390	0.878499	114	133	118	1123.441
0.104720	1.541082	2.424608	135	126	121	1123.419
-0.523599	1.331651	2.344497	123	135	106	1123.034
0.837758	1.464952	2.329245	2	4	101	1122.406
0.104720	2.354868	0.211543	117	126	127	1122.240
0.733038	1.728940	1.931535	4	121	129	1122.064
1.047198	1.982107	1.720829	129	137	105	1120.871
0.942478	1.240183	2.587255	14	121	131	1120.810
0.628319	1.588901	2.301496	132	139	101	1120.718
-1.989675	2.285175	-2.943090	134	124	111	1120.367
0.523599	0.937910	2.787575	15	116	136	1120.256
1.361357	1.895117	2.121107	135	2	101	1120.123
0.837758	1.331651	2.344497	4	2	102	1120.036
-1.047198	2.556919	-2.655005	1	124	117	1119.969
-0.942478	2.485907	-2.835471	5	126	114	1119.936
0.837758	1.645258	2.188109	137	4	100	1119.929
0.209440	1.541082	2.424608	137	126	121	1119.817
-1.151917	2.307188	-2.656134	138	122	117	1119.770
-1.047198	2.234383	-2.792065	1	124	116	1119.426
0.523599	0.919522	2.948277	17	116	137	1118.080
0.104720	1.099138	-1.084033	20	111	1	1117.964
1.047198	1.846350	1.893983	132	139	102	1117.641
0.837758	1.770460	2.154208	135	5	100	1117.294
0.000000	2.309655	0.726020	113	135	120	1116.873
0.837758	1.063758	2.743093	18	120	133	1116.857
-1.989675	2.200418	-3.056442	135	125	109	1116.509
-0.942478	1.234375	-2.421194	11	112	3	1116.112
-0.104720	1.444527	2.664744	11	118	132	1115.792
3.036873	2.543197	2.990252	137	114	134	1115.576
0.837758	1.994694	2.452813	136	11	102	1115.217
1.151917	2.180752	1.908485	127	1	102	1115.214
0.000000	1.046265	-2.958847	17	115	138	1115.202
0.209440	1.035863	-3.110475	17	116	137	1115.014
-1.361357	2.886428	-1.793217	4	107	5	1114.493
3.036873	2.830209	2.734943	2	111	138	1114.315
2.513274	2.635686	2.834950	134	117	135	1114.090
3.036873	2.637087	3.132730	134	114	136	1113.690
-0.733038	2.343265	-0.779061	122	126	132	1113.164
-0.314159	2.226413	-2.064034	7	125	126	1113.112
1.256637	1.846350	1.893983	134	138	102	1113.011
0.418879	0.919522	2.948277	17	116	136	1112.125
1.256637	1.934862	1.989776	133	0	101	1111.888
-2.303835	2.830209	2.734943	4	126	113	1111.367
-0.628319	2.449191	-0.633651	119	126	132	1111.306
0.314159	1.028027	3.036573	16	116	136	1109.853
-0.104720	0.933766	-3.015917	15	112	139	1109.820
2.722714	2.443112	2.883761	136	118	132	1108.283
-1.047198	2.431406	-2.647820	0	123	117	1108.106
-2.827433	2.937409	2.947245	6	109	0	1108.008
2.932153	2.543197	2.990252	136	115	134	1107.869
-1.047198	2.307188	-2.656134	0	123	117	1107.770
1.256637	1.895117	2.121107	134	3	101	1107.421
0.733038	1.495297	2.007188	137	138	101	1107.131
2.408554	2.838301	1.980061	6	110	139	1107.102
-1.780236	2.175711	-2.655523	2	108	138	1106.941
-1.989675	2.330158	2.977264	0	128	108	1106.892
2.617994	2.443112	2.883761	135	119	132	1106.573
1.151917	1.846350	1.893983	133	138	102	1106.158
0.314159	0.806832	3.022155	17	114	139	1106.141
-0.628319	2.245973	-0.702234	123	126	134	1105.750
2.617994	2.543197	2.990252	133	119	134	1105.435
-0.418879	2.134269	-1.948042	4	123	130	1105.123
-1.884956	2.431122	3.086379	1	127	109	1105.095
2.408554	2.528686	2.737228	135	118	133	1104.701
-1.989675	2.234383	-2.792065	131	123	113	1104.556
0.104720	0.958731	-2.852552	20	116	0	1103.919
-1.675516	2.996437	-2.089121	4	108	4	1103.384
2.827433	2.676626	2.335353	7	111	136	1103.146
0.523599	2.341931	1.023926	116	130	115	1102.659
-0.733038	2.431406	-2.647820	6	126	117	1102.228
2.617994	2.395716	1.977184	12	114	135	1101.237
-2.303835	2.717705	2.625995	5	128	111	1100.968
2.617994	2.417950	2.666662	139	117	131	1100.756
3.036873	2.722319	-2.954069	131	116	138	1100.698
0.523599	2.211602	1.443930	21	108	7	1100.453
-1.675516	1.886971	-2.196665	127	121	123	1100.279
1.466077	1.691817	2.061688	4	122	126	1100.219
0.837758	1.411944	2.444377	137	139	101	1100.012
0.523599	1.130958	2.972931	17	120	133	1099.910
-0.942478	1.915467	-1.883143	139	119	127	1099.597
2.932153	2.676626	2.335353	8	111	136	1098.949
0.837758	2.185580	1.287673	120	128	111	1098.679
1.256637	1.728940	1.931535	137	138	102	1098.660
0.733038	1.813159	2.025395	132	5	99	1098.492
0.733038	1.895117	2.121107	132	7	99	1098.427
-0.314159	1.908408	-2.648903	18	121	136	1098.237
-1.361357	2.409450	-2.988432	139	124	113	1098.186
-0.314159	2.608630	-1.378011	8	129	123	1098.092
0.733038	1.155389	2.837148	17	122	132	1097.995
0.104720	0.982609	-1.136920	19	110	2	1097.889
2.932153	2.635686	2.834950	138	112	135	1097.823
1.466077	1.728940	1.931535	4	120	127	1097.737
1.361357	1.728940	1.931535	2	120	128	1096.955
2.617994	2.603559	2.555114	0	112	134	1096.932
-2.199115	2.200418	-3.056442	132	125	109	1096.931
0.418879	2.341931	1.023926	115	132	115	1096.775
-0.523599	2.201829	-0.001735	113	135	132	1096.756
2.827433	2.932096	2.377790	5	109	0	1096.213
1.256637	2.211602	1.443930	15	135	122	1095.989
0.314159	1.035863	-3.110475	19	119	136	1095.975
-0.104720	2.569130	-0.700837	132	122	128	1095.948
0.314159	0.933766	-3.015917	20	117	139	1095.080
0.523599	1.748077	1.804354	0	121	130	1094.834
-1.256637	2.485907	-2.835471	139	124	115	1094.585
-0.837758	2.489741	-2.468428	2	124	119	1094.560
-3.141593	2.738409	2.975671	139	112	137	1094.532
-0.314159	2.417202	-0.103363	116	129	129	1094.516
2.513274	2.830209	2.734943	133	113	138	1094.442
0.000000	0.982609	-1.136920	18	109	3	1094.404
-1.256637	2.363101	-2.810456	138	123	115	1094.103
-0.733038	2.033572	-1.842884	3	121	125	1094.077
-1.361357	2.522766	-3.059231	1	125	113	1093.772
-2.722714	2.801154	2.353143	5	126	113	1093.431
1.989675	2.239419	0.151693	21	139	138	1093.375
-0.942478	2.234383	-2.792065	2	125	115	1093.335
-1.151917	2.409450	-2.988432	3	126	113	1093.224
2.513274	2.487747	2.505912	0	114	132	1093.093
-1.256637	2.522766	-3.059231	3	126	113	1092.947
-2.932153	2.738409	2.975671	3	112	137	1092.883
-0.523599	2.646182	-1.614036	7	129	121	1092.562
-2.199115	2.156474	-2.912065	129	125	111	1091.786
2.617994	2.717705	2.625995	137	111	136	1091.542
-2.827433	2.721001	2.060097	8	129	112	1091.531
0.000000	0.958731	-2.852552	19	115	0	1090.884
-0.942478	2.681411	-2.667965	3	126	116	1090.850
3.036873	2.738409	2.975671	137	111	137	1090.820
1.047198	1.794553	2.374618	10	127	127	1090.713
0.837758	2.539516	-0.476942	16	125	134	1090.556
0.314159	2.267390	0.878499	115	131	118	1090.474
0.209440	1.846350	1.893983	135	116	134	1090.161
2.408554	2.487747	2.505912	139	115	132	1090.005
-3.036873	2.838301	1.980061	7	126	114	1089.940
2.827433	2.443112	2.883761	138	118	132	1089.834
2.617994	2.517528	1.923289	12	112	136	1089.498
0.418879	0.819323	2.845960	15	113	138	1089.318
1.256637	2.146467	2.055081	129	3	101	1088.832
-0.104720	0.997766	-2.693871	20	115	1	1088.669
2.408554	2.603559	2.555114	137	114	134	1088.588
0.628319	1.616061	2.521531	3	5	102	1088.236
-0.733038	2.556919	-2.655005	6	127	116	1088.193
-1.361357	2.285175	-2.943090	137	123	113	1087.875
-0.837758	2.307188	-2.656134	3	125	117	1087.606
-2.094395	2.330158	2.977264	139	127	108	1087.424
-1.047198	2.285175	-2.943090	2	126	113	1087.254
0.733038	2.780208	-0.626453	13	134	124	1087.007
0.523599	2.278618	1.170386	116	132	113	1086.670
0.942478	1.194360	2.110440	4	137	104	1086.642
-0.837758	2.460199	-0.822008	119	126	131	1086.623
-0.837758	2.245628	-1.899216	136	119	132	1086.438
-1.989675	2.431122	3.086379	139	126	110	1086.369
-0.418879	2.201829	-0.001735	114	133	132	1086.217
0.942478	1.411944	2.444377	138	139	101	1085.967
0.209440	2.082784	1.042403	19	106	9	1085.847
-2.617994	2.833517	-3.085508	4	110	139	1085.266
1.361357	1.934862	1.989776	134	0	101	1085.210
-2.932153	2.522766	-3.059231	137	114	135	1085.179
1.361357	2.146467	2.055081	130	2	101	1084.874
-1.989675	2.443112	2.883761	3	129	108	1084.698
3.036873	2.932096	2.377790	9	109	0	1084.290
1.256637	2.303283	1.855938	126	0	103	1084.183
-0.104720	0.842945	-2.907318	17	112	1	1084.172
-0.628319	2.032917	-2.199917	3	123	127	1083.882
0.209440	2.672720	-1.110422	12	131	124	1083.757
0.209440	0.933766	-3.015917	19	116	139	1083.621
0.314159	0.937910	2.787575	12	113	136	1083.483
-2.617994	2.676626	2.335353	6	129	111	1083.189
0.837758	1.588901	2.301496	133	139	101	1083.132
-2.199115	2.528686	2.737228	4	129	109	1083.109
-0.104720	0.958731	-2.852552	18	114	0	1082.922
0.628319	1.612085	1.968802	134	1	100	1081.703
-0.733038	2.617344	-2.439480	4	125	118	1081.576
-1.884956	2.200418	-3.056442	136	126	109	1081.273
0.000000	1.444527	2.664744	0	124	121	1081.104
-1.989675	2.738409	2.975671	5	126	112	1080.635
0.733038	1.158594	2.487618	13	117	132	1080.534
0.418879	2.156337	1.151558	21	108	7	1079.760
-0.733038	2.335096	-0.588468	118	129	134	1079.576
0.628319	1.938088	2.578507	1	9	102	1079.192
-3.141593	2.747398	1.727166	10	129	114	1078.890
0.733038	1.283786	2.462124	6	3	102	1078.844
2.303835	2.950896	1.797889	7	108	1	1078.780
-1.989675	2.543197	2.990252	3	127	110	1078.727
0.733038	1.846833	2.826543	5	10	104	1078.491
-1.047198	1.840579	-2.536445	5	115	129	1078.416
-1.047198	2.681411	-2.667965	1	125	116	1078.337
-2.827433	2.738409	2.975671	5	111	137	1078.293
-0.837758	2.336046	-1.115799	126	125	130	1078.116
0.942478	1.568892	2.098362	138	1	101	1077.879
-0.733038	2.212686	-0.544809	119	129	134	1077.666
-1.466077	2.071256	-3.018961	134	123	112	1077.530
-2.303835	2.528686	2.737228	2	128	109	1077.186
0.628319	2.156337	1.151558	118	129	113	1077.084
-0.837758	2.338083	-0.943400	122	125	133	1076.947
1.256637	1.990381	1.586005	127	128	106	1076.895
1.151917	1.934862	1.989776	132	1	101	1076.447
0.314159	1.691817	2.061688	139	119	130	1076.444
-0.837758	2.343265	-0.779061	119	127	134	1076.234
0.523599	1.922256	2.347806	137	7	101	1075.969
0.628319	2.019912	2.686612	2	11	103	1075.961
0.104720	1.748077	1.804354	133	117	136	1075.846
0.733038	1.509287	2.204647	132	138	101	1075.746
-0.418879	2.195400	-2.217546	7	125	126	1075.690
-0.733038	2.563452	-2.044028	0	120	128	1075.193
-2.094395	2.175711	-2.655523	127	123	115	1074.735
2.722714	2.838301	1.980061	11	109	139	1074.709
1.361357	2.487957	-0.274279	16	132	130	1074.493
0.733038	1.938088	2.578507	139	11	102	1074.392
1.047198	1.541082	2.424608	8	122	129	1074.266
1.047198	1.865046	1.763384	131	136	104	1074.030
-0.523599	2.489741	-2.468428	7	128	118	1073.915
-0.733038	2.245973	-0.702234	122	127	133	1073.781
-0.418879	2.485945	-1.374853	7	127	124	1073.746
-1.780236	2.285175	-2.943090	137	125	110	1073.286
0.104720	2.178879	0.767722	113	134	120	1073.093
-0.837758	2.226413	-2.064034	132	121	132	1073.021
1.361357	2.278618	1.170386	11	4	116	1072.958
-0.628319	2.417386	-0.443097	118	128	130	1072.613
-3.141593	2.801154	2.353143	11	110	138	1072.467
-0.209440	2.343434	-2.013692	7	126	126	1071.861
0.942478	1.464952	2.329245	136	138	101	1071.725
0.104720	0.933766	-3.015917	18	115	139	1071.227
2.827433	2.601432	2.102535	12	112	136	1070.844
2.722714	2.431122	3.086379	133	120	133	1070.708
-0.628319	2.558223	-1.164189	130	122	128	1070.394
0.942478	1.426725	2.102242	0	139	102	1070.373
0.628319	2.119564	2.754818	2	12	104	1070.313
1.256637	2.611256	-0.279110	15	131	128	1070.264
2.617994	2.738409	2.975671	132	116	137	1070.241
-1.989675	2.233709	3.070830	137	127	108	1070.237
-2.932153	2.830209	2.734943	8	110	138	1070.183
-0.628319	2.617344	-2.439480	6	126	120	1070.173
-2.199115	2.931927	-2.728768	6	109	1	1070.074
-0.837758	2.335096	-0.588468	117	130	133	1070.066
-0.942478	2.157194	-0.792563	120	129	135	1069.836
-1.570796	2.173644	-2.403429	133	121	118	1069.752
-0.104720	1.074714	-2.805147	19	115	139	1069.666
-0.418879	2.570050	-1.804492	2	121	127	1069.655
-1.256637	2.156474	-2.912065	138	123	114	1069.590
0.209440	0.819323	2.845960	12	111	138	1069.494
0.418879	2.211602	1.443930	19	107	7	1069.350
0.628319	1.028027	3.036573	18	119	136	1069.190
-1.884956	2.324376	-3.111006	138	126	110	1068.926
-0.837758	2.807091	-2.687477	6	127	116	1068.810
2.722714	2.932096	2.377790	3	109	0	1068.795
-1.780236	2.324376	-3.111006	0	127	109	1068.636
0.837758	1.158594	2.487618	13	117	132	1068.035
1.256637	2.156337	1.151558	12	1	118	1067.870
-2.513274	1.661936	0.001037	3	2	35	1067.855
0.837758	1.495297	2.007188	137	138	101	1067.852
-2.094395	2.543197	2.990252	1	126	110	1067.653
-0.523599	2.417386	-0.443097	118	127	132	1067.594
1.047198	1.813159	2.025395	134	1	101	1067.302
0.314159	1.165407	3.092861	14	4	109	1067.159
0.418879	2.487957	-0.274279	16	123	134	1066.901
0.628319	1.846350	1.893983	1	121	128	1066.794
0.104720	0.918305	3.107845	15	113	138	1066.631
1.047198	1.074029	1.909193	4	133	105	1066.401
-1.151917	2.234383	-2.792065	139	123	115	1066.350
-2.513274	2.717705	2.625995	2	126	111	1066.257
-2.513274	2.528686	2.737228	138	127	108	1066.099
0.942478	1.158594	2.487618	14	118	132	1065.843
0.733038	2.539516	-0.476942	15	125	134	1065.836
0.523599	1.361196	2.914780	10	8	105	1065.671
0.628319	1.866694	2.473686	139	8	102	1065.395
0.418879	1.130958	2.972931	16	119	133	1065.348
-0.628319	2.134269	-1.948042	7	123	124	1064.973
0.523599	1.994694	2.452813	139	8	102	1064.893
0.733038	1.880509	1.500204	127	133	106	1064.810
1.884956	2.825762	1.085035	131	125	111	1064.697
-0.104720	2.460010	-1.938011	8	126	124	1064.353
-3.141593	2.833517	-3.085508	135	112	138	1064.206
0.209440	1.142003	-3.058022	18	118	136	1064.198
-1.256637	2.234383	-2.792065	137	123	116	1064.164
2.303835	2.717705	2.625995	133	115	136	1064.062
0.942478	1.108079	2.612943	16	120	132	1063.715
2.827433	2.338060	2.803613	0	119	131	1063.102
2.408554	2.635686	2.834950	132	118	135	1063.069
-2.094395	2.307188	-2.656134	138	109	139	1063.040
-0.314159	2.033572	-1.842884	5	121	129	1062.912
-1.361357	2.637087	3.132730	3	126	112	1062.877
-0.837758	1.915467	-1.883143	2	120	126	1062.750
0.628319	1.812466	2.597595	2	8	103	1062.649
0.733038	1.464952	2.329245	134	138	101	1062.566
0.942478	1.331651	2.344497	10	118	131	1062.498
-2.932153	2.722319	-2.954069	136	113	138	1062.417
-0.942478	1.960212	-2.307561	2	122	118	1062.163
0.942478	1.964774	1.855507	129	0	103	1062.029
-1.884956	2.285175	-2.943090	136	124	111	1061.868
0.314159	2.156337	1.151558	19	107	7	1061.846
2.408554	2.830209	2.734943	132	114	138	1061.570
0.314159	2.049006	1.199930	20	106	10	1060.847
0.628319	2.211602	1.443930	23	109	7	1060.647
1.151917	2.214075	1.600691	123	130	106	1060.618
2.722714	2.338060	2.803613	139	120	131	1060.484
-1.884956	2.870445	-2.291001	3	108	3	1060.432
-2.827433	0.989150	0.045493	6	137	32	1060.088
0.418879	1.063758	2.743093	12	116	134	1059.958
-3.036873	2.637087	3.132730	137	112	136	1059.950
-0.942478	2.362948	-2.487477	8	133	113	1059.919
0.000000	1.017371	-0.979790	20	110	3	1059.618
-0.418879	3.088868	-0.989501	8	107	4	1059.500
0.418879	1.994694	2.452813	139	8	102	1059.481
0.104720	2.568462	0.150655	118	125	125	1059.141
0.418879	2.216256	1.020029	115	131	116	1058.924
1.361357	2.321510	1.685664	14	135	119	1058.922
0.837758	1.739676	2.496017	4	125	126	1058.566
0.523599	2.065568	2.567730	0	10	102	1058.548
0.733038	1.847325	2.249051	135	8	99	1058.530
0.209440	1.490555	2.543284	0	125	121	1057.716
-2.617994	2.801154	2.353143	7	127	113	1057.689
-1.256637	2.195400	-2.217546	11	110	2	1057.658
1.361357	1.612085	1.968802	4	120	127	1057.656
2.303835	2.603559	2.555114	136	115	134	1057.367
-0.104720	1.712415	-2.747921	20	123	135	1057.296
1.047198	2.180752	1.908485	127	2	102	1057.200
-1.884956	2.443112	2.883761	138	122	112	1057.184
-2.094395	2.156474	-2.912065	131	124	110	1057.099
0.837758	2.307301	1.336200	119	130	111	1056.840
-2.199115	2.324376	-3.111006	134	125	109	1056.491
0.628319	2.341931	1.023926	118	128	115	1056.459
1.151917	1.990523	1.450326	126	127	108	1056.345
-1.256637	2.431406	-2.647820	138	121	120	1056.248
2.303835	2.838301	1.980061	4	110	139	1056.174
-0.733038	2.294058	-0.421070	116	131	133	1055.984
0.733038	1.588901	2.301496	133	139	101	1055.788
1.361357	2.020545	2.088672	132	2	101	1055.749
0.000000	2.355165	-1.833173	9	126	126	1055.689
-0.418879	2.343265	-0.779061	129	123	131	1055.670
0.314159	1.523102	2.765920	5	127	121	1055.549
-1.884956	2.330158	2.977264	1	129	108	1055.487
0.000000	1.464952	2.329245	133	125	122	1054.769
-1.151917	1.776419	-2.642421	2	115	127	1054.415
0.733038	1.568892	2.098362	137	0	101	1054.355
1.151917	1.728940	1.931535	135	138	102	1054.141
-1.675516	2.243347	-2.521049	3	107	0	1054.097
-2.199115	2.443112	2.883761	0	128	108	1054.030
2.408554	2.950896	1.797889	9	108	2	1053.835
0.104720	2.570050	-1.804492	9	128	125	1053.812
0.418879	2.185580	1.287673	20	108	7	1053.658
1.151917	1.813159	2.025395	134	1	102	1053.656
2.303835	2.747398	1.727166	9	109	139	1053.628
2.827433	2.528686	2.737228	139	113	133	1053.578
0.942478	2.211602	1.443930	121	130	109	1053.409
-0.209440	2.417202	-0.103363	117	127	130	1053.332
2.513274	2.838301	1.980061	8	109	139	1053.245
-1.570796	2.996437	-2.089121	6	107	4	1053.130
-1.989675	2.307188	-2.656134	139	108	139	1053.023
1.466077	1.642346	1.722617	3	116	128	1052.999
0.209440	1.049272	-1.376344	17	110	0	1052.967
0.733038	1.194776	2.710455	15	121	132	1052.943
-2.722714	3.050410	3.138492	4	108	2	1052.825
0.837758	1.568892	2.098362	138	0	101	1052.796
-2.199115	2.431122	3.086379	136	126	109	1052.562
-0.209440	2.460199	-0.822008	133	122	129	1052.509
2.722714	2.601432	2.102535	10	112	136	1052.320
-0.523599	2.617344	-2.439480	8	127	119	1052.190
0.942478	1.388849	2.233847	2	1	102	1051.940
0.942478	1.509287	2.204647	134	137	101	1051.910
-0.733038	2.362948	-2.487477	4	124	119	1051.866
0.209440	2.071256	-3.018961	11	3	112	1051.703
0.418879	2.103695	-2.777707	13	4	115	1051.653
1.989675	1.240183	2.587255	5	9	106	1051.635
-0.209440	1.908408	-2.648903	20	123	137	1051.378
-0.523599	2.032917	-2.199917	5	123	127	1051.118
0.523599	1.865046	1.763384	0	121	128	1051.074
1.151917	2.057608	1.951726	129	1	102	1050.898
0.523599	2.661713	-0.529511	13	125	133	1050.887
1.151917	2.103223	1.521685	125	128	107	1050.886
-0.209440	2.407941	-2.316753	13	137	118	1050.741
0.837758	1.895117	2.121107	132	7	100	1049.723
0.733038	2.396339	1.200900	118	130	112	1049.558
1.256637	2.324731	1.511186	15	134	120	1049.415
-0.628319	2.343434	-2.013692	1	121	127	1049.380
-2.094395	2.443112	2.883761	2	128	108	1049.118
1.361357	2.214075	1.600691	15	136	122	1048.815
1.570796	1.691817	2.061688	5	123	126	1048.520
-2.199115	2.717705	2.625995	7	129	111	1048.468
1.884956	2.239419	0.151693	21	137	138	1048.354
0.104720	2.370465	2.466824	7	110	2	1048.036
-0.837758	2.243347	-2.521049	3	122	122	1047.793
0.628319	1.846833	2.826543	6	9	104	1047.753
-2.094395	2.285175	-2.943090	132	124	111	1047.735
1.047198	1.748077	1.804354	133	136	103	1047.685
0.628319	1.331651	2.344497	4	1	101	1047.572
0.628319	1.645258	2.188109	130	138	101	1047.563
-0.628319	2.255601	-1.728131	137	119	132	1047.393
0.837758	2.278618	1.170386	120	127	113	1047.380
-0.628319	2.212686	-0.544809	122	127	133	1047.277
0.209440	2.156474	-2.912065	12	2	113	1046.863
2.722714	2.304968	2.608978	2	117	130	1046.755
-0.628319	2.343265	-0.779061	123	125	133	1046.716
0.733038	1.812466	2.597595	1	10	102	1046.242
-1.256637	1.892144	-2.005340	134	119	126	1046.162
-0.523599	2.363394	-0.272918	116	130	132	1046.125
0.104720	1.560487	-2.323400	3	109	137	1046.054
-0.209440	1.464952	2.329245	126	135	104	1046.023
-2.094395	2.219060	2.886631	138	129	106	1045.883
-2.094395	2.324376	-3.111006	135	125	110	1045.642
-2.408554	2.528686	2.737228	1	127	109	1045.459
-0.628319	2.019676	-1.980944	6	123	123	1045.379
0.209440	2.394960	0.862133	114	133	117	1045.272
-2.303835	2.103695	-2.777707	125	125	112	1045.220
0.418879	1.242312	2.941234	12	5	106	1045.197
-1.256637	1.788829	-1.947553	134	118	127	1045.042
-1.570796	1.886971	-2.196665	129	120	123	1044.994
-3.141593	2.717705	2.625995	7	112	136	1044.960
-1.047198	2.722319	-2.954069	6	127	115	1044.745
-0.733038	2.417386	-0.443097	116	130	131	1044.396
2.827433	2.304968	2.608978	3	117	130	1044.347
0.523599	1.567193	2.643172	6	4	103	1044.071
1.151917	2.321510	1.685664	122	132	106	1044.053
0.209440	1.157331	-2.906362	20	119	137	1043.249
-2.827433	2.601432	2.102535	7	130	110	1043.176
-0.628319	2.570050	-1.804492	7	131	119	1043.157
-1.256637	2.886428	-1.793217	6	107	5	1043.107
-0.314159	1.402149	2.788898	137	124	119	1043.040
-2.513274	2.833517	-3.085508	6	110	139	1042.807
-0.628319	2.336046	-1.115799	129	124	131	1042.531
1.151917	2.146467	2.055081	129	4	101	1042.520
0.837758	1.964774	1.855507	129	1	102	1042.181
0.418879	0.975253	2.641082	11	114	135	1042.085
1.151917	2.082784	1.042403	12	0	119	1042.003
-0.523599	2.108891	-2.532166	18	118	138	1041.990
1.361357	1.652871	1.600681	3	114	130	1041.901
-1.884956	2.175711	-2.655523	0	108	139	1041.885
-1.780236	2.870445	-2.291001	5	108	3	1041.573
0.733038	1.994694	2.452813	136	11	102	1041.119
2.617994	2.838301	1.980061	9	109	139	1040.897
-0.523599	1.388849	2.233847	122	137	105	1040.851
1.466077	2.185580	1.287673	11	4	118	1040.817
-0.104720	2.646182	-1.614036	5	122	126	1040.800
-0.942478	2.223375	-0.906185	120	128	135	1040.686
-1.361357	2.234383	-2.792065	135	123	116	1039.958
-2.722714	2.676626	2.335353	4	128	111	1039.957
-1.151917	1.892144	-2.005340	136	119	125	1039.729
2.094395	1.331651	2.344497	5	6	106	1039.603
-2.617994	2.603559	2.555114	1	127	109	1039.577
0.314159	1.821360	-2.984352	13	6	112	1039.570
0.733038	1.972312	2.805134	3	12	104	1039.550
-1.151917	2.522766	-3.059231	4	127	112	1039.523
-1.884956	2.543197	2.990252	4	128	110	1039.488
0.942478	1.866694	2.473686	138	10	102	1039.463
-2.303835	2.200418	-3.056442	130	126	109	1038.965
0.418879	1.922256	2.347806	137	7	101	1038.906
0.942478	1.770460	2.154208	136	3	101	1038.723
-1.570796	2.363101	-2.810456	0	124	112	1038.622
-1.256637	2.604150	-2.885208	0	125	114	1038.573
1.256637	2.180752	1.908485	128	0	102	1038.476
-1.780236	2.043060	-2.653746	0	109	138	1038.455
-0.418879	1.975135	-2.539127	18	119	138	1038.156
-1.047198	2.744633	-2.391311	8	132	116	1038.133
-1.361357	2.485907	-2.835471	139	122	117	1038.059
0.942478	1.495297	2.007188	138	138	102	1038.057
-1.466077	2.779245	-2.046268	133	117	127	1037.985
0.523599	1.938088	2.578507	1	9	102	1037.596
0.942478	1.490555	2.543284	138	1	101	1037.519
-0.628319	2.355165	-1.833173	139	119	132	1037.503
-2.722714	2.937409	2.947245	8	109	0	1037.494
-1.047198	2.460199	-0.822008	116	129	131	1037.482
-2.827433	2.554022	2.320619	3	128	109	1037.286
1.466077	1.522373	1.764991	6	116	128	1037.222
1.989675	2.849871	1.512012	7	108	1	1037.158
0.733038	2.185580	1.287673	118	130	111	1037.158
0.523599	2.216256	1.020029	117	129	115	1036.930
-0.418879	2.646182	-1.614036	8	130	121	1036.732
-1.989675	2.362948	-2.487477	137	107	2	1036.638
0.837758	1.794553	2.374618	138	7	101	1036.605
-1.361357	2.200418	-3.056442	138	124	111	1036.601
-1.780236	2.108891	-2.532166	0	107	0	1036.581
0.314159	1.994694	2.452813	139	8	102	1036.577
-0.209440	2.108891	-2.532166	20	122	138	1036.396
-1.151917	2.243347	-2.521049	2	123	115	1036.164
-1.884956	2.156474	-2.912065	134	124	110	1036.138
-0.418879	2.572710	-0.934665	130	122	128	1036.002
-0.628319	2.243347	-2.521049	9	131	115	1035.584
-1.151917	2.019676	-1.980944	136	119	125	1035.510
0.628319	1.108079	2.612943	12	117	133	1035.437
0.418879	0.918305	3.107845	19	117	137	1035.294
-0.418879	1.464952	2.329245	125	136	104	1035.212
0.000000	0.842945	-2.907318	18	113	1	1035.011
1.047198	2.324731	1.511186	121	130	108	1034.978
-1.361357	2.722319	-2.954069	0	125	113	1034.919
0.837758	1.938088	2.578507	138	12	102	1034.917
-1.989675	2.156474	-2.912065	132	124	111	1034.736
-2.408554	2.717705	2.625995	4	127	111	1034.726
0.104720	2.467647	0.287667	116	127	125	1034.666
0.733038	1.426725	2.102242	139	138	101	1034.572
0.733038	2.119564	2.754818	1	13	104	1034.559
2.617994	2.487747	2.505912	1	113	132	1034.543
0.523599	0.975253	2.641082	12	115	135	1034.396
0.628319	1.155389	2.837148	16	120	132	1034.277
-0.209440	2.317634	-2.185225	13	135	120	1034.242
0.523599	1.588901	2.301496	131	139	101	1034.218
0.628319	2.125183	2.445598	136	11	102	1034.158
-0.523599	2.534798	-2.266671	5	125	120	1034.132
-0.209440	1.933328	-1.623328	8	118	130	1034.127
0.000000	1.074714	-2.805147	20	116	139	1033.959
0.628319	2.396339	1.200900	117	131	112	1033.886
-1.047198	1.776419	-2.642421	4	115	127	1033.862
-2.199115	2.338060	2.803613	0	130	106	1033.645
-0.418879	1.522373	1.764991	117	131	131	1033.566
-2.722714	2.604150	-2.885208	137	112	137	1033.499
0.837758	1.866694	2.473686	138	10	101	1033.371
0.209440	2.026196	-2.889057	12	1	114	1033.366
-2.617994	2.717705	2.625995	1	125	111	1033.324
0.209440	1.588901	2.301496	134	126	122	1033.170
0.209440	0.806832	3.022155	15	113	139	1032.936
-1.256637	2.200418	-3.056442	139	125	111	1032.898
-1.466077	2.243347	-2.521049	137	122	116	1032.856
-0.628319	2.294058	-0.421070	118	129	133	1032.648
-0.523599	2.294058	-0.421070	120	127	132	1032.625
-2.303835	2.807091	-2.687477	2	109	0	1032.541
-2.303835	2.156474	-2.912065	127	125	111	1032.228
-1.047198	1.429580	-2.107232	137	120	125	1032.224
-1.256637	1.975135	-2.539127	2	114	128	1032.198
1.361357	1.813159	2.025395	136	0	102	1032.041
-0.942478	2.285175	-2.943090	4	127	113	1032.025
-0.733038	2.173644	-2.403429	7	127	116	1031.990
-1.256637	2.324376	-3.111006	1	126	111	1031.972
-1.675516	2.173644	-2.403429	131	121	118	1031.947
0.837758	1.541082	2.424608	135	0	100	1031.887
-0.523599	2.362948	-2.487477	8	127	120	1031.655
-3.141593	2.722319	-2.954069	132	115	138	1031.565
1.570796	1.642346	1.722617	5	116	128	1031.491
-1.466077	2.200418	-3.056442	136	124	111	1031.465
-2.199115	2.937409	2.947245	3	124	115	1031.379
0.209440	1.444527	2.664744	2	125	121	1031.370
0.837758	1.130958	2.972931	20	125	133	1031.302
0.733038	2.307301	1.336200	118	131	111	1031.223
0.104720	1.157331	-2.906362	19	118	137	1031.132
-0.523599	2.335096	-0.588468	123	126	132	1031.058
-1.570796	2.032917	-2.199917	130	120	122	1031.008
1.361357	2.272099	2.018594	127	2	102	1030.873
-2.303835	2.324376	-3.111006	132	126	109	1030.870
2.932153	2.443112	2.883761	139	117	132	1030.804
0.628319	1.063758	2.743093	15	117	133	1030.797
1.047198	2.211602	1.443930	122	129	109	1030.730
-0.209440	2.245628	-1.899216	6	125	127	1030.626
3.036873	2.676626	2.335353	10	111	136	1030.555
-1.466077	2.100482	-2.301084	133	120	120	1030.527
-3.141593	2.601432	2.102535	3	126	110	1030.310
0.418879	2.646182	-1.614036	11	131	124	1030.273
-0.733038	2.019676	-1.980944	5	122	124	1030.231
0.523599	2.396339	1.200900	116	133	113	1030.202
-1.047198	2.362948	-2.487477	6	132	113	1030.016
2.513274	2.543197	2.990252	132	120	134	1029.554
0.314159	1.898741	-2.875735	14	7	113	1029.455
-2.199115	2.107523	3.129581	132	127	107	1029.347
0.000000	2.178879	0.767722	113	135	120	1029.134
-1.675516	2.108891	-2.532166	2	107	0	1029.116
-0.523599	2.460199	-0.822008	126	124	131	1028.903
2.932153	2.717705	2.625995	3	112	136	1028.739
-0.628319	1.247736	2.242810	120	135	106	1028.729
0.523599	1.464952	2.329245	133	137	102	1028.548
0.942478	1.393612	1.952016	139	136	102	1028.457
0.628319	2.185580	1.287673	117	131	111	1028.374
-1.675516	2.285175	-2.943090	139	125	111	1028.333
0.314159	2.216256	1.020029	114	133	116	1028.299
-2.303835	2.603559	2.555114	6	130	109	1028.193
-1.047198	2.244035	-1.229456	123	124	135	1028.169
-1.675516	2.779245	-2.046268	2	108	4	1027.931
0.733038	2.608630	-1.378011	13	132	125	1027.930
0.628319	1.523102	2.765920	8	5	105	1027.881
0.942478	1.283786	2.462124	12	119	131	1027.822
-2.199115	2.234383	-2.792065	128	124	114	1027.812
0.523599	1.028027	3.036573	18	118	136	1027.744
1.256637	2.084401	1.810502	126	132	104	1027.484
1.780236	1.155389	2.837148	6	12	107	1027.401
-0.628319	2.338083	-0.943400	128	124	130	1027.392
-0.523599	2.407941	-2.316753	6	125	122	1027.369
-2.094395	2.234383	-2.792065	129	123	113	1027.287
0.628319	2.487957	-0.274279	17	125	134	1027.221
-1.047198	2.223375	-0.906185	119	129	135	1027.203
0.209440	1.865046	1.763384	136	116	135	1027.185
-3.036873	2.931927	-2.728768	130	113	2	1027.182
-0.837758	2.617344	-2.439480	1	125	117	1027.130
0.837758	1.201164	2.355931	11	116	132	1027.033
-0.733038	2.442222	-1.195837	128	123	129	1026.987
-3.141593	2.932096	2.377790	11	109	0	1026.969
-0.209440	0.879254	-2.733338	18	113	2	1026.917
0.209440	0.954456	-1.287293	19	110	1	1026.895
1.047198	2.103223	1.521685	123	129	107	1026.733
-0.418879	2.243347	-2.521049	9	128	119	1026.679
0.837758	1.240183	2.587255	14	120	131	1026.678
-1.361357	1.886971	-2.196665	133	119	122	1026.279
1.047198	2.321510	1.685664	121	133	106	1025.984
-0.209440	1.454061	-2.950416	16	119	134	1025.839
-1.047198	2.152901	-1.636788	131	122	128	1025.797
-0.209440	1.975135	-2.539127	20	122	138	1025.774
-0.628319	2.556919	-2.655005	7	129	116	1025.624
-0.314159	2.646182	-1.614036	10	132	120	1025.514
0.000000	2.608630	-1.378011	11	120	134	1025.330
0.837758	1.298546	2.020601	0	136	102	1025.305
-0.942478	1.840579	-2.536445	7	116	129	1024.910
1.361357	1.713452	0.789419	28	134	11	1024.887
-1.466077	2.996437	-2.089121	8	108	4	1024.832
0.942478	1.314142	2.139329	2	139	102	1024.820
-0.942478	2.604150	-2.885208	6	127	115	1024.793
-2.199115	2.543197	2.990252	139	126	110	1024.774
0.837758	1.194776	2.710455	16	122	131	1024.688
1.151917	2.156337	1.151558	12	139	119	1024.573
-1.151917	2.156474	-2.912065	139	124	114	1024.484
0.209440	0.982609	-1.136920	21	111	2	1024.459
-0.104720	1.454061	-2.950416	13	134	114	1024.413
-0.314159	3.088868	-0.989501	9	107	5	1024.396
0.628319	0.937910	2.787575	16	116	136	1024.312
-2.827433	2.801154	2.353143	3	125	113	1024.178
0.418879	2.125183	2.445598	138	10	102	1024.138
1.047198	2.185580	1.287673	123	126	111	1023.896
-1.361357	2.071256	-3.018961	136	123	112	1023.885
-1.884956	2.103695	-2.777707	1	109	136	1023.740
-1.570796	2.100482	-2.301084	131	121	120	1023.699
-0.418879	2.672720	-1.110422	134	121	126	1023.531
0.523599	1.155389	2.837148	15	119	133	1023.452
0.733038	2.931927	-2.728768	3	117	134	1023.441
2.094395	0.829198	-1.532491	121	0	33	1023.435
0.628319	1.813159	2.025395	132	5	99	1023.403
0.942478	1.846350	1.893983	132	139	102	1023.398
-1.466077	2.886428	-1.793217	2	108	5	1023.386
-2.513274	2.603559	2.555114	3	128	109	1023.362
0.837758	1.510518	1.884920	135	136	101	1023.270
2.303835	2.635396	1.848850	8	110	137	1023.229
-1.675516	2.032917	-2.199917	128	121	122	1023.205
-1.047198	2.131223	-1.174311	123	124	136	1023.196
-0.209440	1.648538	-2.855044	18	121	134	1023.191
-0.314159	2.108891	-2.532166	19	120	138	1023.158
-2.408554	2.833517	-3.085508	8	109	139	1023.108
-0.837758	1.431907	3.015410	132	122	121	1023.083
-1.466077	2.285175	-2.943090	135	123	113	1023.064
1.466077	2.103118	2.194745	131	4	101	1023.062
0.628319	1.889815	2.701570	3	9	103	1022.962
0.000000	1.772673	-2.864760	19	125	133	1022.718
-1.780236	2.173644	-2.403429	139	106	3	1022.700
1.989675	2.354868	0.211543	20	139	136	1022.564
-0.209440	2.043060	-2.653746	19	123	135	1022.463
0.733038	1.720612	2.279888	137	6	100	1022.266
-0.628319	1.770119	-2.427175	3	123	124	1022.173
-0.942478	1.429580	-2.107232	0	119	126	1021.985
0.837758	1.813159	2.025395	132	5	99	1021.971
-0.837758	1.050039	-2.552086	11	112	2	1021.863
-2.408554	2.443112	2.883761	137	127	108	1021.842
0.000000	1.523102	2.765920	14	120	132	1021.790
1.884956	1.691817	2.061688	139	129	108	1021.724
-2.199115	2.285175	-2.943090	131	124	111	1021.721
0.000000	0.817732	-3.084486	15	112	0	1021.664
-2.827433	2.830209	2.734943	9	110	138	1021.590
1.047198	2.097496	1.373172	123	127	110	1021.515
1.256637	2.099185	1.667006	126	130	105	1021.328
-1.466077	2.156474	-2.912065	134	123	114	1021.276
1.047198	1.588901	2.301496	7	120	129	1021.252
0.523599	1.490555	2.543284	5	2	103	1021.185
-0.418879	2.440898	-2.133300	6	124	124	1021.147
-0.418879	2.487957	-0.274279	117	127	129	1021.125
0.733038	1.240183	2.587255	12	119	131	1021.113
-1.047198	1.690453	-2.123076	137	115	135	1020.982
1.151917	1.964774	1.855507	132	138	102	1020.904
-3.141593	2.721001	2.060097	4	125	112	1020.884
0.209440	0.958731	-2.852552	21	118	0	1020.746
0.523599	0.844883	2.679708	14	113	137	1020.717
0.104720	1.883504	1.360457	118	135	116	1020.646
-2.303835	2.870445	-2.291001	134	109	3	1020.562
0.942478	2.423692	1.392696	120	130	110	1020.361
2.617994	2.830209	2.734943	135	111	138	1020.348
-0.314159	2.563452	-2.044028	6	125	124	1020.313
0.104720	2.005145	0.941012	18	105	9	1020.137
2.617994	2.177132	2.600419	3	120	129	1020.124
2.513274	2.395716	1.977184	11	114	133	1020.031
-0.628319	2.223375	-0.906185	128	123	132	1020.017
0.628319	2.324731	1.511186	22	109	6	1020.003
-2.408554	2.830209	2.734943	3	125	113	1019.954
0.837758	1.393612	1.952016	138	136	101	1019.820
-0.523599	2.563452	-2.044028	4	122	128	1019.798
0.418879	2.784696	-1.013128	12	134	123	1019.726
-1.570796	2.362948	-2.487477	129	120	123	1019.717
-0.942478	2.131223	-1.174311	124	123	137	1019.581
2.827433	2.721001	2.060097	11	110	137	1019.483
-1.256637	2.307188	-2.656134	137	121	120	1019.453
2.722714	2.395716	1.977184	13	114	135	1019.445
-3.036873	2.717705	2.625995	8	111	136	1019.357
0.418879	1.691817	2.061688	0	118	130	1019.351
-3.036873	1.118930	0.045983	6	136	32	1019.292
-0.104720	1.046265	-2.958847	16	113	138	1019.260
0.523599	1.616061	2.521531	3	3	102	1019.196
0.523599	2.243347	-2.521049	15	11	116	1019.120
-0.733038	2.195400	-2.217546	2	122	127	1019.100
0.628319	1.724868	2.846246	7	8	105	1019.078
-0.628319	2.534798	-2.266671	4	123	122	1018.823
-1.466077	2.173644	-2.403429	135	121	118	1018.721
-0.733038	2.461774	-1.734913	3	114	139	1018.555
-2.827433	2.676626	2.335353	3	126	111	1018.439
0.000000	1.541082	2.424608	134	126	120	1018.390
-0.942478	2.226002	-1.060248	124	125	134	1018.352
-2.932153	2.721001	2.060097	6	128	112	1018.170
0.837758	1.720612	2.279888	138	4	101	1017.858
-0.104720	1.922616	0.844633	112	137	121	1017.746
0.837758	1.865046	1.763384	131	136	104	1017.642
0.209440	1.945677	-2.999805	12	1	113	1017.497
3.036873	2.838301	1.980061	4	124	114	1017.474
0.314159	2.394960	0.862133	115	131	117	1017.438
0.942478	1.247736	2.242810	10	115	132	1017.282
-0.628319	2.870445	-2.291001	3	126	117	1017.232
-1.466077	1.964971	-2.100533	131	119	124	1017.133
-0.733038	2.307188	-2.656134	5	126	117	1016.764
-0.628319	2.453499	-1.008861	127	124	130	1016.652
-0.523599	2.539516	-0.476942	118	126	130	1016.638
0.523599	2.156337	1.151558	116	131	114	1016.594
1.361357	1.555041	0.947813	27	133	16	1016.459
-0.942478	1.776419	-2.642421	6	116	127	1016.406
0.418879	2.267390	0.878499	116	129	117	1016.347
-2.408554	2.200418	-3.056442	129	126	109	1016.324
2.408554	2.635396	1.848850	10	111	137	1016.271
-0.942478	2.807091	-2.687477	4	126	116	1016.142
-0.314159	2.043060	-2.653746	19	122	135	1016.071
1.151917	1.413639	1.697982	6	116	128	1016.001
2.617994	2.801154	2.353143	2	111	138	1015.914
-2.932153	2.601432	2.102535	6	129	110	1015.900
-2.722714	2.738409	2.975671	7	111	137	1015.636
0.523599	1.690107	2.620910	4	5	103	1015.589
0.418879	2.065568	2.567730	0	10	102	1015.541
0.628319	1.732838	1.127584	122	123	119	1015.531
0.418879	2.026196	-2.889057	13	10	112	1015.432
-0.523599	2.255601	-1.728131	5	116	135	1015.414
-1.675516	2.175711	-2.655523	4	108	138	1015.399
-1.047198	1.886971	-2.196665	139	120	121	1015.377
-0.209440	1.922616	0.844633	112	139	121	1015.374
0.733038	2.423692	1.392696	117	133	110	1015.349
-1.466077	1.763887	-2.218450	131	119	123	1015.344
-0.628319	1.577029	-2.962888	1	122	121	1015.245
2.094395	2.512538	1.239900	135	127	107	1015.232
-0.209440	2.244355	0.309899	112	133	130	1015.146
0.523599	1.194776	2.710455	12	119	132	1015.143
-0.523599	2.386110	-1.481351	139	122	126	1014.875
-3.036873	2.937409	2.947245	2	110	0	1014.842
-2.094395	2.807091	-2.687477	6	109	0	1014.802
0.942478	1.993909	1.312897	122	127	111	1014.658
-0.628319	2.744633	-2.391311	5	126	118	1014.620
1.884956	1.748077	1.804354	0	125	110	1014.509
-1.884956	2.409450	-2.988432	138	124	111	1014.489
1.361357	2.324731	1.511186	15	136	120	1014.408
-1.256637	1.776419	-2.642421	0	114	127	1014.399
1.047198	1.568892	2.098362	5	117	131	1014.326
1.361357	2.099185	1.667006	127	129	105	1014.303
-1.047198	2.931927	-2.728768	3	127	114	1014.174
-1.780236	2.195400	-2.217546	0	110	3	1014.102
-1.989675	2.175711	-2.655523	138	109	139	1013.991
0.418879	1.898741	-2.875735	13	3	115	1013.878
-0.209440	2.572710	-0.934665	135	121	128	1013.856
0.733038	1.108079	2.612943	14	118	132	1013.800
-2.303835	2.417950	2.666662	1	129	107	1013.779
-1.675516	2.485907	-2.835471	0	124	113	1013.649
-1.884956	2.043060	-2.653746	139	109	138	1013.600
-1.151917	2.157194	-0.792563	119	132	134	1013.451
0.628319	1.691817	2.061688	134	3	99	1013.441
-1.047198	2.100482	-2.301084	1	121	118	1013.270
-1.151917	2.079746	-0.897699	119	131	137	1013.211
0.000000	2.107523	3.129581	9	1	110	1013.203
0.209440	1.603064	2.865774	16	122	132	1013.199
-1.780236	2.563452	-2.044028	139	109	5	1013.155
0.418879	0.704080	2.911636	17	113	1	1013.090
0.628319	1.644848	2.743774	6	7	104	1013.021
1.047198	2.660483	-0.034608	17	128	135	1012.984
-2.094395	2.071256	-3.018961	131	126	109	1012.904
1.151917	1.178898	1.827305	2	133	104	1012.868
-0.209440	0.997766	-2.693871	19	114	1	1012.792
1.151917	2.307301	1.336200	14	134	120	1012.656
-1.570796	2.460010	-1.938011	1	108	6	1012.635
1.466077	1.630007	1.844552	5	118	128	1012.516
-0.837758	1.106275	-2.420800	12	112	3	1012.512
0.837758	2.065568	2.567730	137	13	102	1012.442
1.989675	2.825762	1.085035	133	125	111	1012.223
-0.628319	2.461774	-1.734913	7	128	121	1012.141
0.209440	2.134684	0.907065	113	133	118	1012.134
-1.884956	2.108891	-2.532166	138	108	0	1012.092
0.837758	1.922256	2.347806	135	10	100	1012.079
-0.837758	1.571702	-2.098435	2	120	124	1012.058
-3.036873	2.522766	-3.059231	135	115	135	1012.056
0.314159	1.142003	-3.058022	19	120	135	1011.919
0.942478	1.365228	2.563808	0	1	102	1011.742
-0.837758	1.807825	-2.090455	2	121	123	1011.704
2.932153	2.637087	3.132730	133	115	136	1011.667
-0.314159	2.729840	-1.368237	7	128	122	1011.664
0.733038	1.866694	2.473686	2	124	124	1011.633
2.617994	2.303283	1.855938	15	115	135	1011.633
-1.361357	2.195400	-2.217546	9	110	2	1011.517
-2.827433	2.931927	-2.728768	134	111	1	1011.490
0.628319	1.794553	2.374618	131	3	100	1011.406
0.209440	1.969112	1.088273	18	106	11	1011.260
-2.199115	2.635686	2.834950	2	127	110	1011.146
0.209440	2.049006	1.199930	18	105	10	1011.138
-1.151917	1.840579	-2.536445	2	114	129	1011.021
-3.141593	1.070157	-0.073422	6	133	33	1010.858
0.733038	1.510518	1.884920	128	132	103	1010.820
-2.722714	2.601432	2.102535	8	131	110	1010.714
-0.733038	1.568892	2.098362	120	132	128	1010.513
-1.570796	2.243347	-2.521049	135	121	116	1010.467
-0.837758	2.261466	-1.557500	134	121	127	1010.466
-2.513274	2.617344	-2.439480	133	114	1	1010.448
-2.199115	2.233709	3.070830	134	126	108	1010.392
-2.513274	2.443112	2.883761	135	127	108	1010.358
-2.513274	2.996437	-2.089121	128	114	4	1010.334
0.733038	2.214075	1.600691	24	109	8	1010.333
0.209440	2.461774	-1.734913	10	128	126	1009.977
1.256637	1.691817	2.061688	138	0	102	1009.914
1.151917	2.099185	1.667006	124	131	105	1009.652
0.628319	1.748077	1.804354	2	120	129	1009.618
-0.837758	2.449191	-0.633651	116	129	132	1009.559
0.733038	1.331651	2.344497	4	2	101	1009.517
-3.036873	2.807091	-2.687477	133	117	138	1009.488
1.151917	1.982107	1.720829	130	136	105	1009.487
-0.104720	2.435993	0.683844	115	2	114	1009.449
-0.209440	2.173644	-2.403429	21	121	0	1009.448
0.628319	1.509287	2.204647	139	0	101	1009.407
0.733038	1.889815	2.701570	2	10	103	1009.376
2.827433	2.833517	-3.085508	130	115	139	1009.202
-0.418879	2.518454	-1.565852	8	128	122	1009.031
0.942478	1.865046	1.763384	130	137	104	1008.974
0.523599	1.165407	3.092861	18	122	134	1008.896
0.209440	2.617344	-2.439480	15	8	115	1008.892
-0.942478	2.343265	-0.779061	117	129	134	1008.871
2.199115	1.201164	2.355931	7	8	107	1008.799
-0.523599	1.201164	2.355931	122	133	107	1008.722
-2.303835	2.487747	2.505912	5	131	108	1008.628
3.036873	2.635686	2.834950	0	112	135	1008.556
-1.047198	2.409450	-2.988432	4	127	113	1008.492
1.256637	0.599962	2.773556	15	2	114	1008.453
-1.047198	1.975135	-2.539127	5	115	128	1008.393
-2.827433	2.107523	3.129581	133	128	113	1008.349
-0.942478	2.146582	-1.793788	139	118	126	1008.256
-1.151917	2.431406	-2.647820	138	123	117	1008.212
-0.837758	2.362948	-2.487477	2	123	119	1008.144
2.617994	2.370465	2.466824	3	116	130	1008.122
-2.722714	1.070157	-0.073422	4	138	33	1008.099
1.047198	1.616061	2.521531	136	3	100	1008.070
2.722714	2.937409	2.947245	132	112	0	1008.043
0.942478	2.611256	-0.279110	16	127	134	1008.002
-0.837758	1.886971	-2.196665	139	119	132	1007.818
0.733038	1.766737	2.722752	4	9	103	1007.757
0.104720	1.803705	0.881076	114	131	123	1007.625
0.000000	1.157331	-2.906362	18	116	137	1007.542
2.199115	2.052181	2.326959	132	132	105	1007.534
-2.827433	3.050410	3.138492	2	109	3	1007.501
-0.104720	2.239419	0.151693	116	128	129	1007.461
2.303835	2.538504	1.699812	12	111	137	1007.322
0.000000	2.048538	0.806623	112	136	121	1007.315
0.000000	1.803705	0.881076	113	133	123	1007.054
0.733038	2.049006	1.199930	120	127	112	1007.029
-0.209440	0.761141	-2.781102	17	112	3	1006.999
-0.733038	2.449191	-0.633651	118	127	131	1006.965
-0.942478	2.660113	-2.186513	138	120	126	1006.928
1.047198	2.214075	1.600691	122	131	107	1006.921
-0.733038	2.146582	-1.793788	2	116	136	1006.865
2.827433	2.849871	1.512012	9	126	116	1006.842
-0.733038	1.936327	-0.099350	22	108	8	1006.503
-0.628319	2.195400	-2.217546	8	126	120	1006.479
-1.675516	2.363101	-2.810456	138	124	112	1006.430
0.837758	1.247736	2.242810	4	139	103	1006.376
0.104720	1.063758	2.743093	7	113	134	1006.346
-0.104720	1.411944	2.444377	134	124	122	1006.323
1.989675	1.026525	2.506945	9	9	109	1006.315
-1.570796	2.409450	-2.988432	2	127	110	1006.248
-0.523599	1.247736	2.242810	121	135	107	1006.240
0.628319	1.490555	2.543284	5	3	103	1006.091
2.617994	2.304968	2.608978	2	119	130	1006.016
-1.151917	2.200418	-3.056442	1	126	111	1005.883
-1.466077	1.960212	-2.307561	132	120	120	1005.832
-0.837758	2.744633	-2.391311	1	124	117	1005.806
0.628319	1.283786	2.462124	6	2	102	1005.805
-1.989675	2.409450	-2.988432	136	124	112	1005.691
-0.314159	1.971438	-2.765415	18	122	134	1005.628
-2.303835	2.285175	-2.943090	129	124	111	1005.567
-0.104720	2.085731	0.671081	112	136	123	1005.488
-0.628319	2.563452	-2.044028	2	121	128	1005.439
1.256637	2.321510	1.685664	13	133	119	1005.362
-0.523599	2.317634	-2.185225	5	124	126	1005.251
-1.675516	2.307188	-2.656134	135	122	114	1005.023
-0.104720	1.823834	-1.560483	10	116	131	1004.902
0.104720	0.919522	2.948277	12	112	137	1004.709
0.418879	1.165407	3.092861	14	6	109	1004.633
0.314159	0.819323	2.845960	14	113	138	1004.570
-2.827433	2.833517	-3.085508	0	110	139	1004.562
2.513274	2.517528	1.923289	11	112	136	1004.483
-2.094395	2.338060	2.803613	1	130	107	1004.406
0.628319	2.214075	1.600691	21	108	7	1004.180
0.104720	2.784696	-1.013128	9	129	123	1004.035
1.256637	1.990523	1.450326	128	126	108	1004.014
0.418879	2.049006	1.199930	6	122	125	1003.914
0.837758	1.616061	2.521531	3	6	102	1003.797
-3.036873	2.635396	1.848850	9	130	112	1003.792
0.418879	1.938088	2.578507	2	8	102	1003.760
0.418879	2.278618	1.170386	115	133	113	1003.698
-1.256637	2.100482	-2.301084	137	120	119	1003.656
-1.466077	2.485907	-2.835471	3	125	112	1003.324
-2.408554	2.417950	2.666662	0	128	107	1003.321
-1.675516	2.431122	3.086379	139	121	115	1003.280
-1.151917	2.226002	-1.060248	124	123	135	1003.275
-1.151917	2.112276	-1.027246	120	129	136	1003.125
-0.733038	2.681411	-2.667965	7	128	117	1003.060
0.837758	1.365228	2.563808	139	0	102	1002.939
1.047198	1.464952	2.329245	137	139	101	1002.905
-0.314159	2.407941	-2.316753	12	135	118	1002.891
1.047198	1.665496	2.397872	134	2	100	1002.733
0.000000	0.806832	3.022155	12	111	139	1002.649
0.942478	2.321510	1.685664	25	112	6	1002.619
-1.256637	2.026196	-2.889057	136	130	106	1002.519
-2.094395	2.137615	2.988806	136	129	106	1002.356
2.932153	2.479849	2.126925	0	126	109	1002.341
1.361357	1.642346	1.722617	4	116	129	1002.209
-0.104720	1.524811	-2.844718	19	121	135	1002.016
3.036873	2.604150	-2.885208	134	120	135	1002.012
1.256637	2.423692	1.392696	15	136	118	1001.880
-2.932153	1.055458	0.170394	8	138	30	1001.613
2.932153	2.528686	2.737228	0	113	133	1001.583
0.209440	0.919522	2.948277	14	114	137	1001.389
-0.942478	2.042874	-1.701367	138	119	125	1001.367
-0.418879	2.417386	-0.443097	119	126	132	1001.163
1.884956	2.627402	1.293552	7	112	136	1001.069
2.303835	2.676626	2.335353	138	111	135	1000.999
-3.141593	1.055458	0.170394	9	135	31	1000.960
-0.418879	1.645258	2.188109	124	0	102	1000.908
-0.314159	2.338060	2.803613	138	14	100	1000.827
-1.989675	2.637087	3.132730	1	125	112	1000.788
0.523599	2.043060	-2.653746	15	10	115	1000.785
0.628319	2.780208	-0.626453	11	131	124	1000.650
-0.209440	1.712415	-2.747921	19	121	135	1000.625
0.104720	1.523102	2.765920	14	120	132	1000.403
1.780236	2.239419	0.151693	20	137	137	1000.337
1.151917	2.203804	1.756176	123	132	105	1000.285
-1.256637	2.722319	-2.954069	2	126	114	1000.273
-0.209440	2.146582	-1.793788	7	123	129	1000.201
-0.523599	2.307188	-2.656134	8	128	116	1000.180
0.209440	2.244355	0.309899	20	113	0	1000.173
0.523599	1.794553	2.374618	139	5	101	999.974
0.314159	1.813159	2.025395	138	122	127	999.889
-0.314159	1.642346	1.722617	117	130	131	999.851
-0.523599	1.908408	-2.648903	16	118	136	999.829
0.418879	0.933766	-3.015917	20	118	139	999.786
-0.523599	1.567193	2.643172	5	115	130	999.773
0.942478	2.661713	-0.529511	14	129	127	999.679
2.827433	2.717705	2.625995	1	112	136	999.632
-0.628319	1.464952	2.329245	123	138	104	999.607
-0.314159	2.570050	-1.804492	3	122	126	999.547
1.047198	1.426725	2.102242	0	0	101	999.489
-0.418879	1.402149	2.788898	136	124	118	999.411
0.000000	1.712415	-2.747921	20	124	135	999.375
-0.314159	2.201829	-0.001735	116	130	131	999.373
0.209440	2.103695	-2.777707	13	1	115	999.356
0.314159	2.355120	0.388593	21	115	139	999.349
-0.628319	1.840579	-2.536445	3	124	121	999.327
2.827433	2.355462	2.151441	139	127	108	999.249
1.047198	1.331651	2.344497	5	3	101	999.242
-0.837758	2.255601	-1.728131	2	126	122	999.190
-0.628319	3.088868	-0.989501	3	108	5	999.140
-0.628319	1.331651	2.344497	122	136	106	999.117
1.047198	2.057608	1.951726	129	2	102	999.103
-0.104720	1.817772	-1.689625	9	116	131	998.873
0.628319	1.567193	2.643172	6	5	103	998.822
-1.047198	2.338083	-0.943400	118	128	133	998.670
-1.256637	2.637087	3.132730	5	127	112	998.622
2.094395	1.314142	2.139329	6	135	109	998.510
0.418879	1.155389	2.837148	14	118	133	998.404
-1.675516	2.409450	-2.988432	135	120	116	998.172
-2.827433	2.807091	-2.687477	133	113	0	998.167
-0.942478	1.807825	-2.090455	1	120	123	998.107
-0.314159	2.195400	-2.217546	8	127	124	998.102
-0.837758	2.157194	-0.792563	121	128	135	998.049
-1.361357	2.676780	-1.901158	6	107	5	997.900
-3.036873	2.601432	2.102535	4	128	110	997.799
1.151917	2.097496	1.373172	125	126	109	997.650
0.523599	1.846350	1.893983	139	120	128	997.612
1.989675	1.411944	2.444377	3	6	105	997.612
-2.513274	2.676626	2.335353	8	130	111	997.542
0.314159	1.971438	-2.765415	14	1	116	997.398
-1.361357	1.657997	-0.325127	11	105	6	997.329
0.209440	1.028027	3.036573	15	115	136	997.277
-0.837758	1.788829	-1.947553	2	120	124	997.192
-0.314159	2.611256	-0.279110	118	126	128	997.031
-3.141593	1.657997	-0.325127	138	111	2	996.960
-0.942478	2.100482	-2.301084	3	122	118	996.915
0.733038	1.739676	2.496017	1	7	102	996.894
-1.361357	2.431122	3.086379	2	126	110	996.831
0.000000	2.937409	2.947245	139	118	135	996.780
-1.256637	2.032917	-2.199917	136	119	121	996.777
1.047198	1.728940	1.931535	135	138	103	996.711
0.733038	1.770460	2.154208	134	6	99	996.609
-0.523599	1.821360	-2.984352	4	126	118	996.576
0.733038	2.070371	2.879808	3	13	105	996.539
0.209440	2.460199	-0.822008	12	121	133	996.358
0.837758	2.211602	1.443930	119	131	109	996.280
-2.827433	0.391502	-1.171374	119	128	133	996.203
1.361357	2.180752	1.908485	129	139	102	996.187
-0.418879	1.331651	2.344497	124	134	105	996.180
-0.837758	1.194776	2.710455	130	125	109	996.162
-0.837758	2.175711	-2.655523	2	124	117	996.159
0.942478	2.180752	1.908485	127	2	102	996.079
0.628319	2.108891	-2.532166	15	11	117	996.049
-1.884956	2.307188	-2.656134	1	107	139	996.046
-1.989675	2.108891	-2.532166	136	109	0	995.947
-0.942478	2.442222	-1.195837	129	119	135	995.945
-1.047198	2.245973	-0.702234	118	131	133	995.855
-2.513274	1.704478	-0.106295	1	2	36	995.840
0.418879	1.035863	-3.110475	19	118	137	995.729
-0.628319	2.362948	-2.487477	5	126	119	995.635
-1.570796	2.195400	-2.217546	131	120	121	995.525
1.047198	2.203804	1.756176	126	139	103	995.517
0.418879	1.971438	-2.765415	14	3	116	995.491
0.523599	2.103223	1.521685	21	107	10	995.490
0.628319	2.539516	-0.476942	15	124	134	995.475
3.036873	2.431584	2.307631	138	127	108	995.437
0.733038	2.097496	1.373172	119	130	110	995.407
0.104720	1.035863	-3.110475	16	115	137	995.329
1.780236	2.201829	-0.001735	21	135	137	995.309
-0.104720	1.908408	-2.648903	21	125	136	995.243
0.628319	2.216256	1.020029	118	128	115	995.174
-0.209440	1.360161	-3.018404	11	131	113	995.040
-0.628319	2.608630	-1.378011	135	121	125	994.996
1.361357	1.466050	0.862104	27	133	16	994.959
0.733038	1.724868	2.846246	6	10	105	994.951
-0.209440	1.365228	2.563808	135	123	121	994.848
-2.303835	2.234383	-2.792065	126	124	113	994.651
3.036873	2.479849	2.126925	2	127	109	994.555
-0.733038	2.407941	-2.316753	3	122	123	994.492
-0.733038	2.744633	-2.391311	3	125	117	994.463
-0.942478	2.409450	-2.988432	5	128	112	994.411
0.418879	1.283786	2.462124	6	0	102	994.351
-2.932153	2.554022	2.320619	2	127	109	994.248
0.314159	1.780769	1.416330	120	131	115	994.143
0.104720	0.819323	2.845960	10	110	138	994.006
-0.628319	1.063758	2.743093	134	124	110	994.001
1.361357	1.964774	1.855507	133	137	102	993.935
-0.733038	2.807091	-2.687477	8	128	116	993.895
0.314159	1.130958	2.972931	13	2	108	993.777
1.256637	1.444527	2.664744	11	123	131	993.726
-1.151917	2.886428	-1.793217	9	107	4	993.690
-0.523599	0.470622	0.014002	24	110	17	993.648
1.361357	2.097496	1.373172	15	139	124	993.636
-3.036873	2.833517	-3.085508	137	112	139	993.591
-1.675516	2.283304	-2.345584	131	121	119	993.549
0.104720	1.464952	2.329245	134	125	122	993.534
-1.884956	2.283304	-2.345584	127	122	119	993.403
-0.209440	2.534798	-2.266671	10	130	121	993.397
-0.942478	2.460199	-0.822008	117	127	131	993.396
3.036873	1.657997	-0.325127	137	112	2	993.371
-0.209440	0.842945	-2.907318	15	111	1	993.236
1.466077	1.982107	1.720829	130	129	104	993.179
0.628319	1.893828	3.053453	8	11	107	993.139
-0.418879	1.685196	2.967046	1	124	119	993.078
1.047198	1.184734	1.968919	3	135	104	992.866
-1.989675	2.338060	2.803613	2	131	106	992.830
-2.513274	2.801154	2.353143	8	128	113	992.799
-0.523599	1.846833	2.826543	0	134	107	992.726
0.628319	0.975253	2.641082	13	114	135	992.633
-1.361357	2.324376	-3.111006	139	126	111	992.618
-2.303835	2.443112	2.883761	138	127	108	992.600
1.047198	1.993909	1.312897	124	126	110	992.576
1.466077	2.146467	2.055081	130	1	102	992.511
-3.036873	2.801154	2.353143	13	110	138	992.454
-0.418879	2.461774	-1.734913	0	121	128	992.430
-0.418879	2.343434	-2.013692	10	128	122	992.400
-0.837758	1.840579	-2.536445	8	116	129	992.370
1.256637	2.057608	1.951726	131	0	102	992.366
0.837758	2.097496	1.373172	120	129	110	992.343
-0.104720	1.728940	1.931535	129	129	120	992.246
-1.989675	2.103695	-2.777707	139	110	136	992.146
-0.942478	2.449191	-0.633651	115	130	131	992.083
0.209440	1.283786	2.462124	139	122	123	992.042
-0.628319	1.776419	-2.642421	3	124	120	992.035
-1.047198	1.908408	-2.648903	4	116	126	991.913
2.932153	2.722319	-2.954069	134	119	136	991.889
-2.722714	2.833517	-3.085508	2	110	139	991.887
-1.570796	1.807825	-2.090455	128	120	125	991.880
-2.722714	2.681411	-2.667965	134	114	139	991.649
1.047198	1.934862	1.989776	132	1	101	991.620
-0.733038	1.788829	-1.947553	4	121	124	991.610
0.523599	2.082784	1.042403	117	128	115	991.494
2.932153	2.721001	2.060097	13	111	137	991.394
0.628319	1.130958	2.972931	18	121	133	991.393
-1.780236	1.975135	-2.539127	138	108	0	991.390
2.617994	1.847325	2.249051	12	124	128	991.325
-0.523599	2.996437	-2.089121	2	125	116	991.276
1.256637	1.026525	2.506945	8	139	106	991.249
1.256637	1.964774	1.855507	132	138	102	991.205
-0.314159	1.665496	2.397872	128	139	102	991.194
0.209440	1.571702	-2.098435	8	110	135	991.174
0.209440	1.464952	2.329245	135	124	122	991.147
-0.104720	2.449191	-0.633651	133	122	128	990.999
0.523599	1.283786	2.462124	6	1	102	990.935
0.104720	2.362948	-2.487477	12	138	116	990.934
-2.722714	0.989150	0.045493	6	138	32	990.897
0.733038	1.691817	2.061688	134	3	100	990.781
-0.523599	1.464952	2.329245	124	137	104	990.770
0.837758	1.612085	1.968802	135	139	101	990.769
-2.513274	2.722319	-2.954069	3	111	138	990.683
1.151917	0.844883	2.679708	11	0	109	990.619
-1.675516	1.690453	-2.123076	126	121	125	990.609
-1.151917	2.722319	-2.954069	4	126	114	990.577
0.628319	2.049006	1.199930	118	129	112	990.523
0.523599	1.063758	2.743093	14	117	134	990.387
0.209440	1.883504	1.360457	118	133	116	990.371
-2.408554	1.816510	-0.008631	0	5	34	990.329
0.104720	0.842945	-2.907318	20	115	1	990.174
-0.418879	1.648538	-2.855044	16	118	134	990.084
0.523599	1.279716	2.812101	9	5	105	990.036
-0.733038	2.870445	-2.291001	1	125	116	989.986
0.837758	1.691817	2.061688	134	4	99	989.893
-0.209440	0.958731	-2.852552	17	112	0	989.844
-0.418879	2.100482	-2.301084	7	127	124	989.832
0.209440	2.213937	0.621892	122	128	123	989.648
-0.628319	2.293000	-0.124451	113	134	133	989.645
-2.408554	2.603559	2.555114	4	129	109	989.610
0.733038	2.103223	1.521685	25	109	10	989.539
0.942478	2.307301	1.336200	120	129	110	989.526
2.722714	2.717705	2.625995	138	110	136	989.516
-2.094395	2.738409	2.975671	3	125	113	989.509
0.942478	2.324731	1.511186	120	132	108	989.497
1.989675	1.510518	1.884920	4	128	110	989.402
0.628319	0.806832	3.022155	20	117	139	989.375
0.104720	2.244355	0.309899	19	111	0	989.347
0.628319	1.972312	2.805134	4	11	104	989.335
-1.151917	2.223375	-0.906185	118	130	134	989.230
-2.932153	2.717705	2.625995	10	111	136	989.079
0.209440	0.858261	-1.191729	20	110	4	989.045
-2.722714	2.554022	2.320619	4	129	109	989.003
-2.303835	2.635686	2.834950	1	126	110	988.955
-2.408554	2.931927	-2.728768	1	109	2	988.955
0.418879	2.097496	1.373172	20	107	9	988.924
0.104720	2.237183	0.468799	121	128	124	988.885
1.675516	1.630007	1.844552	138	125	111	988.851
-1.256637	2.043060	-2.653746	3	115	126	988.850
0.314159	2.134684	0.907065	21	108	7	988.799
0.418879	0.842945	-2.907318	22	119	1	988.799
0.523599	2.177132	2.600419	0	12	103	988.694
0.523599	2.108891	-2.532166	16	9	117	988.682
0.733038	1.760169	1.678132	131	134	105	988.669
0.523599	1.889815	2.701570	4	8	103	988.626
-1.151917	2.145635	-1.327708	122	125	136	988.528
-1.884956	2.362948	-2.487477	139	107	2	988.509
0.104720	2.107523	3.129581	9	3	110	988.351
0.000000	2.431584	2.307631	5	112	1	988.321
0.000000	1.056622	-0.831866	22	111	4	988.209
-0.314159	1.411944	2.444377	127	134	104	988.039
-1.047198	2.032917	-2.199917	0	120	120	987.915
2.408554	2.747398	1.727166	11	109	139	987.811
0.104720	1.567193	2.643172	12	121	131	987.805
-0.837758	1.770119	-2.427175	0	120	129	987.727
0.104720	1.560345	2.985899	19	121	132	987.520
0.104720	2.309655	0.726020	114	133	120	987.451
0.209440	0.842945	-2.907318	21	116	1	987.423
1.047198	2.394960	0.862133	10	1	113	987.404
0.523599	1.895117	2.121107	139	116	130	987.318
0.000000	1.728940	1.931535	129	128	120	987.250
1.256637	2.214075	1.600691	125	129	106	987.215
-2.827433	2.838301	1.980061	10	129	114	987.197
1.884956	1.510518	1.884920	3	127	110	987.189
-2.408554	2.363101	-2.810456	136	111	137	987.139
0.733038	1.665496	2.397872	133	1	100	987.129
2.513274	2.801154	2.353143	1	112	138	987.095
2.827433	2.431122	3.086379	134	120	133	987.092
-0.628319	2.485945	-1.374853	135	121	126	987.037
1.047198	1.990523	1.450326	124	128	108	987.015
2.722714	2.303283	1.855938	16	115	135	987.011
-0.104720	1.584581	-2.738702	20	121	136	987.003
-3.141593	2.681411	-2.667965	132	120	137	986.991
-2.303835	2.738409	2.975671	0	124	113	986.958
-2.094395	2.107523	3.129581	134	127	107	986.754
2.513274	2.417950	2.666662	138	118	132	986.695
-1.570796	2.283304	-2.345584	133	121	119	986.660
1.256637	2.272099	2.018594	127	3	102	986.645
0.733038	2.676638	0.540364	123	122	120	986.513
-1.466077	2.431406	-2.647820	134	120	121	986.480
-0.837758	2.461774	-1.734913	3	127	122	986.465
0.000000	1.481086	2.890269	17	119	133	986.357
-0.942478	2.617344	-2.439480	9	133	115	986.309
-0.314159	2.660113	-2.186513	12	134	118	986.176
0.628319	1.690107	2.620910	4	6	103	986.050
2.513274	2.738409	2.975671	131	118	137	986.030
1.047198	2.216256	1.020029	11	138	117	985.999
0.628319	1.426725	2.102242	139	138	101	985.980
0.314159	0.817732	-3.084486	19	115	0	985.949
-1.989675	2.635686	2.834950	6	129	110	985.674
-2.408554	2.635686	2.834950	139	125	110	985.574
0.209440	1.046265	-2.958847	20	118	138	985.573
0.104720	1.285402	-2.882049	19	119	136	985.474
0.104720	2.226413	-2.064034	14	139	122	985.417
-1.780236	2.996437	-2.089121	1	108	4	985.402
-0.733038	2.518454	-1.565852	136	121	125	985.231
-2.513274	2.417950	2.666662	0	129	107	985.052
-0.628319	2.886428	-1.793217	10	108	4	984.981
-0.209440	2.435993	0.683844	114	4	114	984.963
-3.036873	2.721001	2.060097	5	127	112	984.860
-3.036873	2.554022	2.320619	0	126	109	984.757
1.151917	0.721019	2.721536	13	0	111	984.754
0.733038	1.541082	2.424608	2	4	102	984.706
2.722714	2.146467	2.055081	1	130	107	984.672
-0.523599	2.556919	-2.655005	9	130	116	984.617
-0.523599	2.661713	-0.529511	119	125	127	984.601
2.199115	2.950896	1.797889	5	108	1	984.576
-0.837758	2.042874	-1.701367	139	119	125	984.555
-1.361357	2.307188	-2.656134	1	124	114	984.542
-0.837758	2.223375	-0.906185	121	127	135	984.523
-1.047198	2.033572	-1.842884	138	118	129	984.473
-2.932153	1.070157	-0.073422	4	135	33	984.463
0.104720	2.267390	0.878499	113	135	118	984.360
0.000000	0.858261	-1.191729	17	107	4	984.338
0.104720	2.026196	-2.889057	12	139	114	984.316
-2.199115	2.363101	-2.810456	129	123	114	984.284
0.942478	1.401926	1.822930	137	135	103	984.243
-1.466077	2.676780	-1.901158	4	108	5	984.227
0.733038	2.321510	1.685664	22	109	6	984.168
0.733038	1.298546	2.020601	0	136	102	984.158
-1.989675	2.243347	-2.521049	137	108	1	984.124
-0.314159	2.343434	-2.013692	6	125	127	984.108
-0.104720	1.888979	0.982922	113	137	119	984.061
1.361357	0.761141	-2.781102	15	29	127	983.956
0.628319	1.994694	2.452813	138	9	102	983.934
0.523599	1.481086	2.890269	10	4	107	983.899
0.733038	1.645258	2.188109	131	138	101	983.780
0.837758	2.052181	2.326959	133	11	101	983.774
-1.780236	2.534798	-2.266671	3	109	2	983.767
-0.733038	1.840579	-2.536445	10	118	129	983.753
0.837758	1.401926	1.822930	136	134	102	983.678
0.628319	2.043060	-2.653746	14	13	116	983.651
-2.199115	2.103695	-2.777707	127	124	112	983.611
-0.942478	2.244035	-1.229456	125	123	136	983.529
0.523599	2.463986	1.034407	116	131	115	983.478
-0.418879	2.407941	-2.316753	8	126	122	983.477
0.942478	1.645258	2.188109	138	2	101	983.448
0.628319	2.307301	1.336200	117	133	111	983.372
-0.418879	2.460199	-0.822008	128	123	130	983.310
-1.989675	2.744633	-2.391311	2	109	2	983.220
-0.104720	1.157331	-2.906362	17	115	137	983.214
1.151917	2.267390	0.878499	11	3	115	983.163
-1.151917	1.964971	-2.100533	137	119	123	983.150
0.942478	2.134684	0.907065	11	137	118	983.130
-0.523599	1.840579	-2.536445	5	125	121	983.031
-1.047198	1.788829	-1.947553	138	119	127	983.021
1.884956	2.584774	1.046703	134	125	109	982.891
-2.617994	2.417950	2.666662	138	128	107	982.771
0.523599	1.847325	2.249051	0	123	126	982.768
0.733038	1.201164	2.355931	10	116	132	982.764
-2.932153	1.027004	-0.203653	2	134	34	982.699
0.628319	0.844883	2.679708	15	114	137	982.691
-1.466077	1.807825	-2.090455	130	119	125	982.611
0.104720	1.490555	2.543284	139	125	121	982.508
-0.209440	2.856905	-0.318441	120	123	123	982.503
-0.942478	2.032917	-2.199917	2	121	120	982.479
-2.617994	2.554022	2.320619	6	130	109	982.382
-0.628319	1.411944	2.444377	124	135	105	982.370
0.000000	2.370465	2.466824	4	112	1	982.331
1.884956	1.155389	2.837148	5	13	107	982.288
1.256637	2.203804	1.756176	124	132	104	982.260
0.209440	1.567193	2.643172	2	127	120	982.184
-0.418879	2.996437	-2.089121	4	127	116	982.123
-0.418879	2.043060	-2.653746	17	119	136	982.119
2.199115	2.747398	1.727166	8	109	139	982.034
-0.733038	1.776419	-2.642421	1	123	120	981.996
0.942478	1.201164	2.355931	7	1	103	981.771
0.942478	1.720612	2.279888	131	0	101	981.731
2.827433	2.272099	2.018594	2	129	108	981.721
0.523599	2.019912	2.686612	2	11	103	981.665
-1.151917	2.108891	-2.532166	1	123	114	981.664
0.523599	1.971438	-2.765415	14	11	114	981.659
-2.094395	2.103695	-2.777707	128	124	113	981.655
-0.733038	1.735719	-3.092485	0	124	117	981.645
-2.617994	2.807091	-2.687477	136	110	0	981.645
-0.418879	1.388849	2.233847	123	135	104	981.638
0.104720	1.077642	-1.227073	18	110	1	981.593
1.466077	1.555041	0.947813	27	135	16	981.516
0.104720	2.200418	-3.056442	10	3	111	981.492
0.837758	2.156337	1.151558	121	126	113	981.427
0.523599	0.819323	2.845960	16	114	138	981.362
0.209440	1.523102	2.765920	15	121	132	981.273
-2.932153	2.833517	-3.085508	139	111	139	981.215
0.314159	2.211602	1.443930	17	105	7	981.082
-2.199115	2.219060	2.886631	137	129	106	981.074
-0.418879	2.617344	-2.439480	9	129	118	981.073
0.418879	1.523102	2.765920	5	128	121	980.863
-3.036873	2.603559	2.555114	10	113	134	980.833
-0.523599	2.134269	-1.948042	8	125	124	980.821
0.837758	2.049006	1.199930	121	126	112	980.818
1.151917	1.108079	2.612943	7	0	105	980.788
-0.314159	2.518454	-1.565852	8	120	133	980.786
0.733038	2.019912	2.686612	0	13	103	980.655
-0.628319	2.661713	-0.529511	117	126	127	980.637
-2.827433	2.487747	2.505912	139	128	108	980.604
-1.570796	2.071256	-3.018961	132	123	111	980.517
1.151917	2.303283	1.855938	126	1	103	980.506
0.209440	2.467647	0.287667	118	125	125	980.485
-0.209440	2.611256	-0.279110	120	124	128	980.448
-0.523599	2.487957	-0.274279	116	129	130	980.430
0.104720	2.048538	0.806623	113	134	121	980.355
-2.408554	2.330158	2.977264	134	127	107	980.352
3.036873	2.950896	1.797889	7	125	116	980.349
0.942478	2.057608	1.951726	129	2	102	980.187
-2.617994	2.722319	-2.954069	1	111	138	980.169
1.570796	2.763799	0.760372	131	124	113	980.127
0.104720	0.817732	-3.084486	16	113	0	980.064
-1.780236	2.100482	-2.301084	127	121	120	979.803
0.000000	1.567193	2.643172	11	120	130	979.800
0.733038	1.411944	2.444377	137	138	101	979.742
1.361357	2.057608	1.951726	132	139	102	979.680
0.000000	2.435993	0.683844	113	134	119	979.679
1.151917	1.990381	1.586005	126	129	106	979.660
1.466077	1.964774	1.855507	131	131	103	979.651
-0.209440	2.570050	-1.804492	3	125	122	979.645
1.989675	1.283786	2.462124	5	7	106	979.603
-2.303835	2.996437	-2.089121	131	111	4	979.586
-0.837758	1.648538	-2.855044	137	123	122	979.454
2.199115	2.740366	1.374341	132	126	109	979.429
1.047198	2.099185	1.667006	123	132	106	979.414
0.733038	1.934862	1.989776	130	6	99	979.367
0.209440	2.682152	0.245751	113	131	120	979.320
-1.570796	2.234383	-2.792065	138	124	111	979.237
0.523599	1.523102	2.765920	8	4	105	979.226
0.209440	0.817732	-3.084486	18	114	0	979.190
-3.036873	0.989150	0.045493	7	134	32	979.065
-1.570796	2.676780	-1.901158	2	108	5	978.946
0.837758	1.184734	1.968919	1	134	103	978.880
-3.141593	1.581515	-0.419414	139	112	0	978.854
0.209440	1.732838	1.127584	117	130	120	978.816
0.837758	2.214075	1.600691	26	110	8	978.797
0.314159	1.245961	-2.997461	19	121	135	978.714
1.780236	2.517528	1.923289	131	129	109	978.703
0.523599	1.866694	2.473686	0	6	102	978.688
1.570796	2.057608	1.951726	139	121	127	978.682
3.036873	1.577688	-1.814941	10	117	129	978.633
0.837758	1.286936	1.886053	138	134	102	978.630
-0.314159	0.997766	-2.693871	18	112	1	978.516
-0.628319	1.698726	-2.973576	2	124	120	978.418
-0.523599	1.085085	2.377673	122	131	108	978.368
0.837758	1.974950	2.220596	132	9	99	978.356
-0.523599	2.304968	2.608978	136	14	99	978.248
3.036873	2.849871	1.512012	12	130	116	978.211
-0.418879	2.294058	-0.421070	123	125	132	978.172
-0.104720	2.108891	-2.532166	20	124	137	978.169
0.209440	1.043272	-1.522986	15	109	139	978.080
-1.047198	2.364509	-1.644533	130	122	126	978.076
-1.989675	2.870445	-2.291001	1	109	3	977.973
-0.418879	2.033572	-1.842884	4	121	130	977.954
-1.151917	2.175711	-2.655523	10	126	117	977.948
-3.141593	2.522766	-3.059231	133	115	136	977.923
0.628319	2.558146	0.627191	120	124	120	977.867
-0.837758	2.485945	-1.374853	130	122	127	977.816
0.418879	1.682420	1.353922	121	128	115	977.790
-1.151917	1.707500	-2.531497	2	114	129	977.700
0.628319	1.720612	2.279888	131	1	100	977.658
2.722714	2.830209	2.734943	137	111	137	977.609
1.361357	1.982107	1.720829	129	130	104	977.555
2.932153	2.355462	2.151441	0	128	108	977.552
1.256637	2.103223	1.521685	126	128	107	977.517
0.733038	2.156337	1.151558	119	128	113	977.449
-0.104720	1.523102	2.765920	139	126	118	977.428
-2.932153	1.150348	-0.176418	5	136	34	977.411
0.523599	1.883504	1.360457	124	133	107	977.268
-1.466077	2.833517	-3.085508	1	126	112	977.253
-0.523599	2.364509	-1.644533	5	115	137	977.198
-1.256637	2.108891	-2.532166	6	124	118	977.193
0.733038	2.211602	1.443930	118	132	109	977.185
-2.199115	2.807091	-2.687477	4	109	1	977.125
0.942478	2.097496	1.373172	122	128	110	977.078
-2.722714	2.603559	2.555114	0	126	109	977.065
-0.733038	1.361196	2.914780	132	123	120	976.945
-2.722714	2.487747	2.505912	139	128	107	976.787
0.523599	1.812466	2.597595	3	7	102	976.761
1.466077	2.487957	-0.274279	17	133	130	976.755
-1.151917	2.100482	-2.301084	139	120	118	976.747
-0.314159	1.454061	-2.950416	15	118	134	976.728
0.837758	1.283786	2.462124	6	3	103	976.699
-0.209440	2.343265	-0.779061	133	122	130	976.524
0.837758	1.972312	2.805134	3	12	104	976.517
-1.780236	1.690453	-2.123076	124	122	125	976.401
0.209440	0.725300	-2.975134	20	114	2	976.328
-0.104720	2.440898	-2.133300	9	130	122	976.256
0.104720	1.074714	-2.805147	21	118	139	976.183
1.570796	2.185580	1.287673	12	5	118	976.148
0.000000	1.767999	1.004737	114	134	121	976.136
-1.047198	1.496414	-2.009267	138	119	126	976.124
-1.256637	2.175711	-2.655523	136	121	118	976.108
-0.104720	2.195400	-2.217546	13	136	120	976.052
-3.036873	1.070157	-0.073422	5	135	33	976.043
0.837758	1.748077	1.804354	3	119	130	975.998
1.256637	2.278618	1.170386	11	2	116	975.908
1.989675	1.108079	2.612943	7	10	108	975.904
0.523599	1.728940	1.931535	138	125	124	975.898
-0.314159	2.362948	-2.487477	10	130	119	975.869
2.303835	2.536533	1.466274	134	128	106	975.864
-1.989675	2.219060	2.886631	0	130	105	975.769
-0.209440	2.479849	2.126925	3	113	0	975.456
1.256637	2.097496	1.373172	15	137	124	975.444
2.094395	1.108079	2.612943	6	12	108	975.398
-0.314159	2.996437	-2.089121	6	128	115	975.232
0.209440	1.074714	-2.805147	21	119	139	975.166
-1.570796	2.431406	-2.647820	132	120	121	975.154
-0.418879	2.362948	-2.487477	11	135	115	975.135
-0.733038	2.108277	-2.095907	0	121	128	975.067
-0.628319	1.568892	2.098362	120	131	128	975.038
0.523599	1.645258	2.188109	129	139	101	975.003
2.513274	2.950896	1.797889	11	109	1	974.981
0.314159	1.402149	2.788898	16	119	133	974.964
-0.418879	2.417202	-0.103363	115	130	130	974.949
0.104720	1.770514	3.070982	20	125	132	974.861
-0.628319	1.960212	-2.307561	5	121	128	974.837
-1.780236	2.307188	-2.656134	3	107	139	974.815
1.151917	2.611256	-0.279110	14	135	126	974.758
-1.047198	1.927474	-1.754616	135	119	126	974.754
0.209440	1.914854	1.214468	117	132	118	974.728
0.314159	1.588901	2.301496	135	126	121	974.694
-0.628319	0.602620	0.029270	23	109	16	974.638
-0.209440	2.539532	-0.074548	116	127	128	974.625
-0.628319	2.317634	-2.185225	3	122	125	974.608
0.837758	2.020545	2.088672	130	8	100	974.550
0.209440	2.563452	-2.044028	14	2	120	974.529
0.733038	1.993909	1.312897	119	129	111	974.474
1.047198	1.509287	2.204647	7	118	130	974.401
-3.141593	2.838301	1.980061	5	125	114	974.261
0.733038	1.523102	2.765920	8	6	105	974.192
-2.513274	2.487747	2.505912	2	129	107	974.192
0.628319	1.665496	2.397872	133	1	100	974.120
0.209440	2.682859	-0.817071	12	124	132	974.090
0.104720	1.665187	1.477402	119	133	114	974.078
-0.314159	1.772673	-2.864760	17	121	133	974.040
-2.932153	2.838301	1.980061	8	128	114	974.033
0.837758	1.665496	2.397872	133	1	100	974.003
-2.617994	1.704478	-0.106295	2	1	36	973.962
0.733038	1.490555	2.543284	5	4	103	973.960
-2.303835	2.026196	-2.889057	126	126	110	973.922
0.523599	1.108079	2.612943	11	116	133	973.879
0.733038	2.682859	-0.817071	11	134	121	973.758
1.047198	2.020545	2.088672	131	4	101	973.749
-1.466077	2.324376	-3.111006	137	125	111	973.746
1.047198	1.314142	2.139329	2	139	101	973.719
-2.199115	2.071256	-3.018961	130	126	108	973.690
0.209440	1.692644	1.237670	117	130	118	973.473
-2.303835	2.338060	2.803613	139	129	106	973.410
2.617994	2.635396	1.848850	13	111	137	973.299
-1.466077	2.307188	-2.656134	139	123	114	973.292
-1.884956	2.233709	3.070830	133	121	114	973.259
-0.628319	2.431406	-2.647820	7	128	117	973.244
-2.617994	2.932096	2.377790	6	126	115	973.238
-0.733038	2.453499	-1.008861	125	123	130	973.211
-2.932153	2.487747	2.505912	138	127	108	973.211
-0.314159	2.108277	-2.095907	7	124	126	972.978
-2.303835	2.330158	2.977264	136	127	107	972.832
-0.628319	2.440898	-2.133300	2	122	124	972.828
-2.513274	2.554022	2.320619	6	130	109	972.826
0.733038	1.893828	3.053453	8	12	107	972.747
0.104720	1.182540	-0.798952	25	114	2	972.649
1.361357	2.211602	1.443930	16	137	122	972.604
-1.780236	2.431122	3.086379	137	120	115	972.595
-0.104720	2.431584	2.307631	3	113	0	972.542
0.104720	0.858261	-1.191729	19	108	4	972.524
-0.733038	2.166980	-0.134879	114	137	134	972.484
2.094395	1.240183	2.587255	5	10	106	972.445
-0.628319	2.108277	-2.095907	7	125	122	972.368
-1.151917	2.681411	-2.667965	139	124	115	972.294
1.047198	1.388849	2.233847	9	117	131	972.264
-1.675516	2.362948	-2.487477	127	120	123	972.250
1.466077	2.020545	2.088672	133	1	101	972.186
-0.418879	2.317634	-2.185225	11	130	119	972.185
-0.733038	2.485907	-2.835471	8	129	114	972.161
-0.418879	2.226413	-2.064034	10	128	122	972.140
1.780236	2.431584	2.307631	136	118	132	972.076
-0.942478	2.173644	-2.403429	4	124	116	972.074
0.942478	1.812466	2.597595	6	126	124	972.030
0.104720	0.936702	-0.866461	24	111	4	971.924
-1.047198	1.904429	-2.428029	4	114	130	971.903
0.942478	2.278618	1.170386	13	132	120	971.902
1.047198	1.691817	2.061688	137	1	101	971.889
0.314159	1.969112	1.088273	21	107	11	971.856
-2.513274	3.050410	3.138492	8	108	3	971.713
-0.628319	2.460010	-1.938011	0	121	127	971.612
-2.932153	2.807091	-2.687477	131	114	0	971.591
-0.314159	1.121943	-2.669042	18	113	0	971.446
-1.570796	2.779245	-2.046268	4	108	4	971.387
-0.733038	2.355165	-1.833173	4	114	139	971.343
-3.036873	2.635686	2.834950	4	112	135	971.304
-0.104720	1.927474	-1.754616	8	118	130	971.297
2.617994	2.538504	1.699812	16	112	137	971.258
2.722714	2.676626	2.335353	5	112	136	971.253
0.418879	2.307188	-2.656134	14	10	114	971.228
0.104720	1.402149	2.788898	4	124	122	971.192
-1.466077	2.233709	3.070830	138	125	109	971.136
-2.513274	2.324376	-3.111006	129	126	109	971.114
2.199115	1.720612	2.279888	10	122	128	970.995
0.837758	2.396339	1.200900	120	128	112	970.854
0.523599	2.569130	-0.700837	14	123	133	970.804
-1.780236	2.543197	2.990252	139	121	114	970.682
-0.104720	1.834787	0.751968	112	135	124	970.682
0.000000	1.933328	-1.623328	11	118	130	970.644
2.827433	2.303283	1.855938	17	116	135	970.595
-2.094395	2.830209	2.734943	8	128	113	970.586
-1.675516	2.343434	-2.013692	0	109	6	970.568
-1.570796	1.960212	-2.307561	130	120	120	970.514
-2.827433	1.070157	-0.073422	4	136	33	970.455
0.733038	1.321609	2.687717	13	122	130	970.400
3.036873	2.635396	1.848850	7	127	112	970.325
1.675516	2.450821	0.084741	19	134	135	970.291
-0.942478	1.577029	-2.962888	137	121	120	970.261
0.104720	1.732838	1.127584	116	132	120	970.229
0.942478	2.214075	1.600691	121	132	107	970.097
0.523599	0.704080	2.911636	18	113	0	970.028
0.523599	2.214075	1.600691	20	107	7	970.019
-2.827433	2.717705	2.625995	11	111	136	969.992
-0.104720	2.660483	-0.034608	118	126	126	969.990
-0.837758	1.523102	2.765920	133	128	108	969.909
0.628319	1.934802	2.927634	6	11	105	969.862
0.837758	1.279716	2.812101	10	138	109	969.830
2.094395	2.230554	2.171334	130	128	107	969.803
0.733038	2.125183	2.445598	135	12	102	969.747
1.466077	2.272099	2.018594	128	1	102	969.714
-0.523599	2.608630	-1.378011	136	122	125	969.714
1.361357	2.661713	-0.529511	14	136	124	969.617
0.104720	1.365228	2.563808	139	123	122	969.517
-0.837758	2.212686	-0.544809	118	130	134	969.502
0.837758	1.124930	2.219917	10	113	133	969.493
-1.047198	2.617344	-2.439480	8	132	115	969.471
0.314159	2.244355	0.309899	22	115	0	969.425
1.151917	2.324731	1.511186	14	132	120	969.419
1.047198	2.661713	-0.529511	15	130	127	969.408
0.942478	1.990523	1.450326	122	129	109	969.378
-0.523599	2.744633	-2.391311	7	127	119	969.311
-0.209440	2.978333	-0.412090	122	123	121	969.287
-1.151917	2.768238	-1.679243	6	107	6	969.181
2.722714	2.321510	1.685664	19	115	137	969.098
-2.722714	2.807091	-2.687477	135	112	0	969.054
0.418879	1.739676	2.496017	138	126	122	969.044
-0.733038	2.243347	-2.521049	4	124	119	969.027
-2.513274	2.119564	2.754818	136	132	104	969.016
0.209440	1.691817	2.061688	124	124	126	968.976
-2.722714	2.431584	2.307631	3	131	107	968.940
-1.884956	2.234383	-2.792065	133	123	112	968.930
-0.523599	1.431907	3.015410	137	123	120	968.910
1.151917	1.866694	2.473686	132	4	99	968.907
-0.837758	2.870445	-2.291001	139	124	116	968.878
-0.733038	2.175711	-2.655523	4	125	117	968.863
-1.989675	2.107523	3.129581	129	122	114	968.856
1.151917	1.645258	2.188109	0	1	102	968.835
2.513274	2.304968	2.608978	0	119	130	968.797
0.733038	1.365228	2.563808	139	139	102	968.755
1.047198	2.146467	2.055081	129	4	101	968.754
0.628319	1.880509	1.500204	126	134	106	968.753
-0.523599	2.779245	-2.046268	1	124	118	968.734
1.361357	1.365228	2.563808	4	2	102	968.721
0.523599	0.817732	-3.084486	21	118	0	968.717
-0.733038	2.386110	-1.481351	134	122	128	968.716
0.418879	1.444527	2.664744	7	2	103	968.711
-1.361357	2.175711	-2.655523	133	121	118	968.666
-1.256637	2.071256	-3.018961	137	132	103	968.595
-1.675516	2.043060	-2.653746	2	108	138	968.581
1.256637	2.216256	1.020029	136	123	119	968.470
-0.418879	1.174782	-2.538755	19	113	2	968.455
-0.418879	2.489741	-2.468428	9	129	119	968.454
-2.094395	2.681411	-2.667965	5	110	139	968.452
0.104720	1.958989	0.712772	112	131	127	968.423
-1.047198	1.960212	-2.307561	0	121	118	968.348
2.722714	2.479849	2.126925	10	113	134	968.302
1.989675	1.247736	2.242810	6	136	109	968.178
1.361357	1.691817	2.061688	3	121	126	968.172
-0.942478	2.489741	-2.468428	8	134	114	968.168
-1.047198	2.489741	-2.468428	7	132	114	968.137
0.209440	2.048538	0.806623	20	107	8	968.101
-2.827433	2.604150	-2.885208	135	113	137	968.089
0.942478	1.541082	2.424608	136	0	101	968.051
-0.209440	2.518454	-1.565852	11	119	134	967.995
-1.884956	2.173644	-2.403429	137	107	3	967.972
-0.733038	2.223375	-0.906185	129	120	136	967.938
1.361357	1.321609	2.687717	13	123	132	967.889
-3.141593	2.554022	2.320619	12	113	134	967.849
-2.617994	2.156474	-2.912065	132	126	115	967.841
0.628319	1.402149	2.788898	8	8	104	967.746
-0.523599	1.411944	2.444377	125	135	104	967.706
0.418879	2.043060	-2.653746	14	3	117	967.690
-1.675516	2.722319	-2.954069	4	125	114	967.682
1.361357	2.434090	1.592818	14	136	117	967.653
-0.837758	1.763887	-2.218450	1	119	128	967.634
0.418879	0.806832	3.022155	18	114	139	967.561
0.418879	1.279716	2.812101	10	4	105	967.503
0.523599	1.841033	-2.756932	15	9	115	967.478
0.733038	1.974950	2.220596	133	9	100	967.465
-0.209440	2.449191	-0.633651	131	122	128	967.350
0.942478	1.124930	2.219917	6	138	104	967.346
-0.418879	1.426725	2.102242	120	137	105	967.274
-1.361357	2.100482	-2.301084	135	120	120	967.266
0.733038	2.558146	0.627191	122	122	120	967.255
1.675516	2.519348	0.843503	134	124	111	967.251
-0.523599	1.945677	-2.999805	11	130	113	967.249
-0.733038	2.676780	-1.901158	7	131	117	967.239
0.209440	1.411944	2.444377	138	124	121	967.173
-0.418879	2.534798	-2.266671	7	126	120	967.163
-0.314159	2.485945	-1.374853	8	127	123	967.156
0.523599	1.388849	2.233847	132	135	103	967.103
2.408554	2.417950	2.666662	137	118	132	967.066
1.256637	1.982107	1.720829	128	130	104	967.030
0.418879	2.363394	-0.272918	17	122	135	966.999
0.628319	1.766737	2.722752	5	8	103	966.997
0.628319	1.934862	1.989776	130	6	100	966.927
-1.047198	2.336046	-1.115799	126	120	137	966.925
-0.628319	2.681411	-2.667965	9	128	117	966.917
-1.570796	2.156474	-2.912065	132	122	114	966.890
0.837758	2.423692	1.392696	119	131	110	966.876
-2.408554	2.487747	2.505912	4	130	107	966.684
-0.628319	2.283304	-2.345584	9	128	117	966.679
0.418879	2.569130	-0.700837	14	123	133	966.653
1.989675	1.813159	2.025395	138	129	108	966.638
0.523599	1.331651	2.344497	134	135	103	966.633
-0.209440	2.660113	-2.186513	13	136	118	966.587
-2.408554	2.807091	-2.687477	0	110	0	966.544
0.628319	2.676638	0.540364	121	123	121	966.460
0.000000	2.226413	-2.064034	14	137	122	966.422
-2.094395	2.744633	-2.391311	1	110	1	966.382
0.314159	2.026196	-2.889057	12	2	114	966.327
0.523599	1.766737	2.722752	5	7	103	966.281
-1.047198	2.343265	-0.779061	116	130	133	966.279
-0.209440	2.460010	-1.938011	7	125	126	966.257
0.000000	2.417386	-0.443097	131	122	129	966.249
-0.418879	1.577029	-2.962888	15	118	133	966.205
-2.722714	2.931927	-2.728768	135	109	1	966.159
-3.036873	2.543197	2.990252	0	113	134	966.117
-0.104720	1.360161	-3.018404	12	133	114	966.091
0.733038	1.794553	2.374618	138	7	101	966.038
1.570796	2.146467	2.055081	137	123	126	965.976
0.628319	1.922256	2.347806	1	124	124	965.967
0.314159	0.918305	3.107845	18	116	137	965.946
0.942478	1.286936	1.886053	0	133	103	965.933
-0.314159	2.489741	-2.468428	10	130	118	965.916
0.314159	2.682859	-0.817071	10	129	125	965.848
1.361357	2.676638	0.540364	132	123	114	965.846
-0.837758	2.283304	-2.345584	1	121	123	965.765
0.733038	1.964774	1.855507	127	5	100	965.751
-2.094395	2.635686	2.834950	5	128	110	965.730
-1.570796	1.707244	-0.444770	8	104	4	965.728
-0.418879	1.893828	3.053453	3	133	109	965.712
0.523599	2.125183	2.445598	137	10	102	965.684
0.523599	2.460902	0.490079	120	123	122	965.457
0.418879	1.692644	1.237670	120	127	117	965.382
0.628319	1.895117	2.121107	1	115	131	965.354
0.418879	1.748077	1.804354	127	126	120	965.347
1.151917	2.185580	1.287673	14	135	122	965.278
0.837758	1.766737	2.722752	4	9	103	965.251
2.932153	2.747398	1.727166	7	126	114	965.238
1.675516	1.642346	1.722617	6	114	129	965.187
-1.151917	2.032917	-2.199917	138	119	120	965.096
-2.932153	2.676626	2.335353	2	125	111	965.084
-0.314159	2.293000	-0.124451	116	129	131	965.080
2.199115	0.829198	-1.532491	120	139	33	964.969
-0.209440	0.641441	-2.842109	16	110	4	964.955
-0.418879	2.245628	-1.899216	10	126	124	964.900
1.780236	2.329587	0.035498	20	135	136	964.892
1.780236	2.519348	0.843503	136	124	111	964.822
0.837758	1.889815	2.701570	2	10	103	964.780
0.104720	1.969112	1.088273	16	105	11	964.766
-0.628319	2.364509	-1.644533	4	113	1	964.747
-2.303835	2.431122	3.086379	134	125	109	964.744
-0.104720	2.660113	-2.186513	11	130	119	964.707
0.733038	2.324731	1.511186	23	110	6	964.562
-2.408554	2.324376	-3.111006	131	126	109	964.546
-1.361357	1.908408	-2.648903	0	114	126	964.499
-0.418879	2.173644	-2.403429	7	127	121	964.478
1.047198	2.747398	1.727166	132	114	139	964.452
2.932153	2.950896	1.797889	5	123	116	964.385
-0.733038	1.833945	-2.320278	3	119	129	964.305
-1.361357	2.363101	-2.810456	136	123	115	964.284
1.256637	0.844883	2.679708	11	2	109	964.275
-2.408554	2.996437	-2.089121	129	113	4	964.266
-2.513274	2.807091	-2.687477	137	108	0	964.222
0.628319	2.232413	2.735777	1	14	104	964.194
-0.418879	1.541082	2.424608	127	137	103	964.184
-0.314159	0.927138	-2.569686	19	113	3	964.141
1.884956	2.203804	1.756176	2	114	129	964.087
0.104720	1.283786	2.462124	137	122	123	964.079
-0.314159	2.355165	-1.833173	1	124	124	964.073
0.733038	1.401926	1.822930	135	134	101	964.010
1.047198	1.124930	2.219917	7	139	104	963.999
1.047198	1.194360	2.110440	4	138	103	963.982
1.256637	0.632708	2.566722	14	137	113	963.887
0.628319	2.052181	2.326959	134	10	101	963.827
-1.256637	2.556919	-2.655005	5	125	114	963.698
-1.151917	1.975135	-2.539127	4	115	128	963.617
1.466077	1.990381	1.586005	131	127	106	963.547
0.942478	2.070371	2.879808	139	10	105	963.529
-1.047198	2.079746	-0.897699	120	129	136	963.512
-0.523599	2.223375	-0.906185	129	123	132	963.483
-0.628319	2.768238	-1.679243	8	107	6	963.481
-0.733038	1.268591	-3.122146	15	112	135	963.418
0.628319	1.194776	2.710455	10	4	105	963.402
2.722714	2.355462	2.151441	10	115	133	963.343
-0.942478	1.904429	-2.428029	2	123	116	963.328
-2.513274	2.744633	-2.391311	132	112	2	963.307
0.209440	2.156337	1.151558	17	106	7	963.237
-2.199115	2.417950	2.666662	3	130	107	963.196
0.209440	1.769149	1.550298	120	133	114	963.187
0.104720	1.685196	2.967046	17	123	129	963.163
-2.617994	3.050410	3.138492	6	108	2	963.117
-0.523599	2.019676	-1.980944	8	123	124	963.084
3.036873	2.443112	2.883761	138	114	133	963.042
-0.733038	2.569130	-0.700837	118	126	130	963.032
-0.314159	1.522373	1.764991	117	129	131	962.959
0.209440	1.780769	1.416330	119	132	116	962.936
1.256637	2.307301	1.336200	15	136	120	962.904
-0.733038	2.032917	-2.199917	2	119	130	962.872
-0.942478	2.034712	-2.419505	3	123	116	962.865
-0.209440	2.152901	-1.636788	9	122	129	962.783
3.036873	1.055458	0.170394	8	133	31	962.687
-0.523599	2.226413	-2.064034	3	123	126	962.669
0.418879	1.481086	2.890269	18	122	133	962.658
0.314159	2.065568	2.567730	1	9	103	962.644
-1.047198	2.431122	3.086379	5	130	109	962.598
0.733038	1.130958	2.972931	19	124	133	962.547
0.418879	1.402149	2.788898	17	119	132	962.504
0.942478	2.052181	2.326959	128	4	100	962.407
0.628319	0.817846	2.390688	10	110	138	962.385
-1.151917	2.103695	-2.777707	138	123	116	962.361
-0.733038	1.431907	3.015410	134	122	121	962.320
0.104720	1.444527	2.664744	1	125	121	962.258
-1.570796	2.485907	-2.835471	1	125	112	962.233
2.199115	0.727136	-1.633288	120	1	32	962.211
-0.837758	2.768238	-1.679243	136	121	121	962.105
-3.141593	2.676626	2.335353	12	112	136	962.087
0.104720	1.813159	2.025395	132	128	120	962.086
0.942478	2.049006	1.199930	123	125	112	961.921
-1.151917	2.131223	-1.174311	121	126	134	961.858
-0.733038	2.283304	-2.345584	3	122	123	961.816
-1.361357	2.243347	-2.521049	133	120	122	961.727
0.000000	1.099138	-1.084033	19	110	1	961.686
0.418879	2.177132	2.600419	0	12	103	961.577
-2.827433	1.027004	-0.203653	2	135	34	961.572
0.733038	2.181338	2.313721	132	12	101	961.534
0.837758	1.652871	1.600681	127	135	100	961.531
-0.942478	2.572710	-0.934665	118	126	129	961.525
1.151917	2.084401	1.810502	125	133	104	961.397
-0.733038	1.063758	2.743093	132	124	110	961.368
0.942478	1.691817	2.061688	2	118	131	961.367
0.837758	2.435993	0.683844	9	139	111	961.343
-0.942478	1.892144	-2.005340	0	120	125	961.323
-0.104720	1.199898	-2.777257	20	116	138	961.307
1.884956	2.705107	1.062142	132	124	110	961.200
-0.104720	2.608630	-1.378011	10	118	135	961.100
-0.104720	2.539532	-0.074548	118	125	127	961.085
0.837758	1.724868	2.846246	6	10	105	961.083
-0.418879	2.108277	-2.095907	5	124	126	961.037
-0.314159	2.173644	-2.403429	20	120	0	961.007
-0.837758	2.970019	-1.282382	5	107	6	960.991
-1.466077	2.522766	-3.059231	138	125	111	960.971
0.628319	1.568892	2.098362	137	139	101	960.839
2.617994	2.479849	2.126925	9	113	134	960.811
-0.104720	1.691817	2.061688	127	130	120	960.805
-0.104720	1.541082	2.424608	132	127	119	960.701
-3.141593	2.807091	-2.687477	132	118	138	960.642
-0.104720	1.883504	1.360457	8	104	14	960.551
0.523599	1.770460	2.154208	3	120	129	960.526
-0.418879	1.194776	2.710455	137	126	109	960.489
0.418879	1.866694	2.473686	0	6	102	960.426
0.104720	1.098383	-0.696430	26	114	5	960.291
1.361357	1.875561	1.632831	131	128	105	960.277
0.104720	2.156474	-2.912065	5	11	104	960.254
0.104720	1.612720	-3.080498	12	139	110	960.162
-0.628319	2.173644	-2.403429	8	129	116	960.138
0.733038	2.020545	2.088672	130	8	100	960.134
-1.884956	2.886428	-1.793217	133	109	5	960.129
-0.104720	2.343434	-2.013692	9	127	125	960.076
-1.780236	2.243347	-2.521049	1	107	0	960.041
0.942478	2.396339	1.200900	121	127	112	960.034
-0.733038	2.570050	-1.804492	6	128	120	959.969
-1.466077	2.032917	-2.199917	132	120	122	959.959
-2.303835	2.233709	3.070830	133	126	108	959.950
-0.209440	1.050039	-2.552086	21	114	2	959.941
-3.141593	1.118930	0.045983	7	135	32	959.897
0.104720	2.108277	-2.095907	14	139	121	959.894
-0.209440	1.698726	-2.973576	17	122	132	959.890
-0.104720	2.146582	-1.793788	8	122	128	959.828
0.000000	2.440898	-2.133300	14	138	120	959.814
-2.199115	2.026196	-2.889057	128	125	110	959.772
-0.209440	1.817772	-1.689625	7	116	131	959.625
0.000000	2.568462	0.150655	116	127	125	959.584
-1.780236	2.722319	-2.954069	2	124	114	959.581
0.837758	2.034712	-2.419505	14	15	119	959.530
-0.418879	2.335096	-0.588468	125	125	132	959.471
0.104720	2.646182	-1.614036	6	126	122	959.459
0.837758	2.309655	0.726020	131	123	122	959.448
1.047198	1.393612	1.952016	139	137	101	959.437
-1.361357	2.103695	-2.777707	134	122	116	959.406
-1.780236	2.032917	-2.199917	126	122	122	959.336
0.523599	2.307301	1.336200	21	109	5	959.273
-0.628319	2.386110	-1.481351	137	122	127	959.268
0.314159	2.898932	0.139973	122	123	121	959.261
2.722714	2.833517	-3.085508	129	117	139	959.179
-1.570796	1.821360	-2.984352	128	123	112	959.178
-0.104720	2.355165	-1.833173	8	125	128	959.171
-1.151917	2.052794	-0.008526	112	7	10	959.093
0.104720	0.704080	2.911636	12	110	0	959.072
0.523599	1.972312	2.805134	5	10	104	959.027
-1.256637	2.570050	-1.804492	6	107	6	959.012
2.408554	2.705107	1.062142	11	127	119	958.975
-2.932153	2.801154	2.353143	2	124	113	958.961
0.733038	2.219060	2.886631	2	14	105	958.859
-0.418879	1.393612	1.952016	118	138	106	958.840
1.361357	2.230554	2.171334	131	131	111	958.809
-0.837758	2.563452	-2.044028	138	119	128	958.756
-1.466077	1.886971	-2.196665	131	119	123	958.713
-2.303835	2.744633	-2.391311	136	111	2	958.698
-3.036873	1.055458	0.170394	8	136	31	958.616
0.523599	2.672720	-1.110422	11	130	123	958.579
1.361357	1.846350	1.893983	135	138	102	958.497
0.837758	1.490555	2.543284	5	6	102	958.486
-1.047198	2.243347	-2.521049	139	121	120	958.473
2.617994	2.676626	2.335353	4	112	136	958.443
-3.036873	2.676626	2.335353	0	124	111	958.385
0.733038	1.616061	2.521531	3	6	102	958.373
-0.314159	2.283304	-2.345584	9	128	122	958.347
1.151917	2.278618	1.170386	11	0	116	958.289
-1.047198	2.807091	-2.687477	2	126	114	958.201
-1.884956	2.522766	-3.059231	0	125	111	958.188
0.314159	2.043060	-2.653746	14	1	117	958.180
0.000000	2.394960	0.862133	115	2	112	958.162
0.523599	1.880509	1.500204	126	134	106	958.160
1.047198	1.158594	2.487618	15	119	132	958.097
1.256637	1.589936	0.825020	28	132	14	958.088
-2.932153	2.931927	-2.728768	131	111	2	958.002
2.722714	2.849871	1.512012	7	125	116	957.878
-1.151917	2.431122	3.086379	5	128	110	957.820
-0.733038	2.201829	-0.001735	112	138	134	957.724
0.523599	1.720612	2.279888	130	1	100	957.665
0.209440	1.803705	0.881076	115	129	123	957.602
-2.094395	2.617344	-2.439480	0	110	1	957.590
0.837758	1.314142	2.139329	2	138	102	957.542
2.827433	2.937409	2.947245	133	110	0	957.360
0.000000	2.173644	-2.403429	22	124	0	957.326
0.418879	1.194776	2.710455	11	118	132	957.307
0.523599	2.487957	-0.274279	16	124	134	957.235
0.000000	0.700065	3.115430	14	110	1	957.234
0.733038	1.846350	1.893983	3	122	128	957.211
0.000000	0.997766	-2.693871	21	116	1	957.188
-1.989675	2.043060	-2.653746	137	109	138	957.045
0.837758	1.016938	2.270674	12	112	134	957.013
0.209440	1.099138	-1.084033	22	112	1	956.954
-1.256637	2.676780	-1.901158	8	107	5	956.920
0.837758	1.522373	1.764991	127	131	104	956.897
-0.523599	2.212686	-0.544809	124	126	133	956.868
2.094395	1.411944	2.444377	3	7	104	956.819
0.837758	1.028027	3.036573	21	125	135	956.811
1.466077	0.641441	-2.842109	14	30	128	956.804
-2.094395	2.931927	-2.728768	8	109	1	956.705
-1.675516	2.563452	-2.044028	1	108	5	956.653
-1.256637	2.362948	-2.487477	135	120	122	956.604
1.151917	1.865046	1.763384	132	136	104	956.553
0.733038	1.314142	2.139329	1	138	102	956.501
-2.199115	2.409450	-2.988432	133	124	111	956.406
3.036873	1.823834	-1.560483	4	112	131	956.259
2.408554	2.849871	1.512012	132	126	109	956.169
0.418879	2.307301	1.336200	20	108	5	956.135
-0.942478	1.279716	2.812101	129	125	110	956.131
-2.513274	2.233709	3.070830	131	128	108	956.072
-1.884956	2.107523	3.129581	131	121	114	956.068
