complex_1000_Nova.pdb	-152.054
complex_1001_Nova.pdb	-170.431
complex_1002_Nova.pdb	-68.8823
complex_1003_Nova.pdb	-171.949
complex_1004_Nova.pdb	-106.799
complex_1005_Nova.pdb	-133.473
complex_1006_Nova.pdb	-115.389
complex_1007_Nova.pdb	-160.481
complex_1008_Nova.pdb	-144.016
complex_1009_Nova.pdb	-160.36
complex_100_Nova.pdb	-107.328
complex_1010_Nova.pdb	-165.454
complex_1011_Nova.pdb	-159.878
complex_1012_Nova.pdb	-159.684
complex_1013_Nova.pdb	-144.866
complex_1014_Nova.pdb	-150.66
complex_1015_Nova.pdb	-108.177
complex_1016_Nova.pdb	-147.14
complex_1017_Nova.pdb	-119.352
complex_1018_Nova.pdb	-159.669
complex_1019_Nova.pdb	-103.271
complex_101_Nova.pdb	-169.141
complex_1020_Nova.pdb	-85.4085
complex_1021_Nova.pdb	-163.107
complex_1022_Nova.pdb	-103.221
complex_1023_Nova.pdb	-160.683
complex_1024_Nova.pdb	-125.337
complex_1025_Nova.pdb	-149.951
complex_1026_Nova.pdb	-145.467
complex_1027_Nova.pdb	-54.1859
complex_1028_Nova.pdb	-113.546
complex_1029_Nova.pdb	-185.937
complex_102_Nova.pdb	-178.052
complex_1030_Nova.pdb	-161.867
complex_1031_Nova.pdb	-177.43
complex_1032_Nova.pdb	-178.177
complex_1033_Nova.pdb	-188.837
complex_1034_Nova.pdb	-115.537
complex_1035_Nova.pdb	-164.648
complex_1036_Nova.pdb	-174.958
complex_1037_Nova.pdb	-161.66
complex_1038_Nova.pdb	-126.029
complex_1039_Nova.pdb	-117.796
complex_103_Nova.pdb	-172.614
complex_1040_Nova.pdb	-166.007
complex_1041_Nova.pdb	-154.896
complex_1042_Nova.pdb	-153.992
complex_1043_Nova.pdb	-189.404
complex_1044_Nova.pdb	-172.513
complex_1045_Nova.pdb	-114.274
complex_1046_Nova.pdb	-141.25
complex_1047_Nova.pdb	-155.2
complex_1048_Nova.pdb	-165.549
complex_1049_Nova.pdb	-170.036
complex_104_Nova.pdb	-179.308
complex_1050_Nova.pdb	-155.222
complex_1051_Nova.pdb	-101.499
complex_1052_Nova.pdb	-156.759
complex_1053_Nova.pdb	-169.811
complex_1054_Nova.pdb	-63.9564
complex_1055_Nova.pdb	-150.823
complex_1056_Nova.pdb	-227.941
complex_1057_Nova.pdb	-168.229
complex_1058_Nova.pdb	-134.059
complex_1059_Nova.pdb	-177.231
complex_105_Nova.pdb	-143.247
complex_1060_Nova.pdb	-145.444
complex_1061_Nova.pdb	-57.4226
complex_1062_Nova.pdb	-118.078
complex_1063_Nova.pdb	-124.635
complex_1064_Nova.pdb	-165.496
complex_1065_Nova.pdb	-152.36
complex_1066_Nova.pdb	-198.963
complex_1067_Nova.pdb	-135.787
complex_1068_Nova.pdb	-105.613
complex_1069_Nova.pdb	-153.39
complex_106_Nova.pdb	-146.094
complex_1070_Nova.pdb	-157.083
complex_1071_Nova.pdb	-122.265
complex_1072_Nova.pdb	-97.0227
complex_1073_Nova.pdb	-166.015
complex_1074_Nova.pdb	-160.496
complex_1075_Nova.pdb	-170.963
complex_1076_Nova.pdb	-96.9192
complex_1077_Nova.pdb	-119.256
complex_1078_Nova.pdb	-116.545
complex_1079_Nova.pdb	-127.972
complex_107_Nova.pdb	-78.1122
complex_1080_Nova.pdb	-140.761
complex_1081_Nova.pdb	-168.839
complex_1082_Nova.pdb	-148.211
complex_1083_Nova.pdb	-120.681
complex_1084_Nova.pdb	-134.071
complex_1085_Nova.pdb	-145.601
complex_1086_Nova.pdb	-131.485
complex_1087_Nova.pdb	-169.4
complex_1088_Nova.pdb	-124.615
complex_1089_Nova.pdb	-160.215
complex_108_Nova.pdb	-109.362
complex_1090_Nova.pdb	-163.633
complex_1091_Nova.pdb	-163.06
complex_1092_Nova.pdb	-166.931
complex_1093_Nova.pdb	-206.468
complex_1094_Nova.pdb	-76.9046
complex_1095_Nova.pdb	-92.9456
complex_1096_Nova.pdb	-200.309
complex_1097_Nova.pdb	-133.588
complex_1098_Nova.pdb	-165.985
complex_1099_Nova.pdb	-200.146
complex_109_Nova.pdb	-140.034
complex_10_Nova.pdb	-127.618
complex_1100_Nova.pdb	-151.165
complex_1101_Nova.pdb	-116.319
complex_1102_Nova.pdb	-129.471
complex_1103_Nova.pdb	-104.884
complex_1104_Nova.pdb	-109.369
complex_1105_Nova.pdb	-122.515
complex_1106_Nova.pdb	-147.92
complex_1107_Nova.pdb	-122.204
complex_1108_Nova.pdb	-197.048
complex_1109_Nova.pdb	-150.365
complex_110_Nova.pdb	-145.83
complex_1110_Nova.pdb	-57.7682
complex_1111_Nova.pdb	-183.731
complex_1112_Nova.pdb	-128.306
complex_1113_Nova.pdb	-179.786
complex_1114_Nova.pdb	-136.607
complex_1115_Nova.pdb	-102.138
complex_1116_Nova.pdb	-145.812
complex_1117_Nova.pdb	-150.806
complex_1118_Nova.pdb	-145.216
complex_1119_Nova.pdb	-152.046
complex_111_Nova.pdb	-180.086
complex_1120_Nova.pdb	-130.206
complex_1121_Nova.pdb	-179.613
complex_1122_Nova.pdb	-131.244
complex_1123_Nova.pdb	-100.021
complex_1124_Nova.pdb	-77.7575
complex_1125_Nova.pdb	-167.246
complex_1126_Nova.pdb	-191.487
complex_1127_Nova.pdb	-187.659
complex_1128_Nova.pdb	-132.003
complex_1129_Nova.pdb	-146.598
complex_112_Nova.pdb	-154.456
complex_1130_Nova.pdb	-179.148
complex_1131_Nova.pdb	-150.167
complex_1132_Nova.pdb	-159.765
complex_1133_Nova.pdb	-74.7906
complex_1134_Nova.pdb	-160.671
complex_1135_Nova.pdb	-175.026
complex_1136_Nova.pdb	-125.679
complex_1137_Nova.pdb	-145.235
complex_1138_Nova.pdb	-141.331
complex_1139_Nova.pdb	-150.022
complex_113_Nova.pdb	-138.205
complex_1140_Nova.pdb	-100.26
complex_1141_Nova.pdb	-126.087
complex_1142_Nova.pdb	-138.003
complex_1143_Nova.pdb	-159.297
complex_1144_Nova.pdb	-158.845
complex_1145_Nova.pdb	-130.202
complex_1146_Nova.pdb	-184.378
complex_1147_Nova.pdb	-113.936
complex_1148_Nova.pdb	-106.406
complex_1149_Nova.pdb	-145.778
complex_114_Nova.pdb	-103.593
complex_1150_Nova.pdb	-192.269
complex_1151_Nova.pdb	-107.965
complex_1152_Nova.pdb	-154.796
complex_1153_Nova.pdb	-139.527
complex_1154_Nova.pdb	-133.498
complex_1155_Nova.pdb	-88.0738
complex_1156_Nova.pdb	-151.796
complex_1157_Nova.pdb	-141.856
complex_1158_Nova.pdb	-143.576
complex_1159_Nova.pdb	-130.188
complex_115_Nova.pdb	-163.323
complex_1160_Nova.pdb	-146.889
complex_1161_Nova.pdb	-138.861
complex_1162_Nova.pdb	-100.005
complex_1163_Nova.pdb	-159.245
complex_1164_Nova.pdb	-167.593
complex_1165_Nova.pdb	-142.143
complex_1166_Nova.pdb	-143.192
complex_1167_Nova.pdb	-115.491
complex_1168_Nova.pdb	-162.188
complex_1169_Nova.pdb	-152.625
complex_116_Nova.pdb	-162.868
complex_1170_Nova.pdb	-133.319
complex_1171_Nova.pdb	-129.054
complex_1172_Nova.pdb	-135.243
complex_1173_Nova.pdb	-135.466
complex_1174_Nova.pdb	-134.565
complex_1175_Nova.pdb	-143.314
complex_1176_Nova.pdb	-218.713
complex_1177_Nova.pdb	-145.769
complex_1178_Nova.pdb	-118.057
complex_1179_Nova.pdb	-172.831
complex_117_Nova.pdb	-132.646
complex_1180_Nova.pdb	-136.822
complex_1181_Nova.pdb	-146.465
complex_1182_Nova.pdb	-168.689
complex_1183_Nova.pdb	-122.443
complex_1184_Nova.pdb	-151.818
complex_1185_Nova.pdb	-152.881
complex_1186_Nova.pdb	-143.606
complex_1187_Nova.pdb	-121.976
complex_1188_Nova.pdb	-156.352
complex_1189_Nova.pdb	-163.46
complex_118_Nova.pdb	-153.375
complex_1190_Nova.pdb	-145.397
complex_1191_Nova.pdb	-161.411
complex_1192_Nova.pdb	-173.939
complex_1193_Nova.pdb	-120.646
complex_1194_Nova.pdb	-125.811
complex_1195_Nova.pdb	-112.95
complex_1196_Nova.pdb	-163.054
complex_1197_Nova.pdb	-158.455
complex_1198_Nova.pdb	-172.237
complex_1199_Nova.pdb	-152.086
complex_119_Nova.pdb	-124.467
complex_11_Nova.pdb	-177.418
complex_1200_Nova.pdb	-119.382
complex_1201_Nova.pdb	-150.859
complex_1202_Nova.pdb	-144.759
complex_1203_Nova.pdb	-132.153
complex_1204_Nova.pdb	-139.229
complex_1205_Nova.pdb	-115.208
complex_1206_Nova.pdb	-189.378
complex_1207_Nova.pdb	-82.3188
complex_1208_Nova.pdb	-167.041
complex_1209_Nova.pdb	-141.712
complex_120_Nova.pdb	-154.675
complex_1210_Nova.pdb	-175.14
complex_1211_Nova.pdb	-28.4102
complex_1212_Nova.pdb	-171.075
complex_1213_Nova.pdb	-196.912
complex_1214_Nova.pdb	-161.149
complex_1215_Nova.pdb	-127.821
complex_1216_Nova.pdb	-130.667
complex_1217_Nova.pdb	-178.073
complex_1218_Nova.pdb	-99.5759
complex_1219_Nova.pdb	-161.554
complex_121_Nova.pdb	-133.83
complex_1220_Nova.pdb	-139.856
complex_1221_Nova.pdb	-152.42
complex_1222_Nova.pdb	-90.9884
complex_1223_Nova.pdb	-170.646
complex_1224_Nova.pdb	-118.813
complex_1225_Nova.pdb	-144.029
complex_1226_Nova.pdb	-103.054
complex_1227_Nova.pdb	-182.066
complex_1228_Nova.pdb	-66.6411
complex_1229_Nova.pdb	-143.645
complex_122_Nova.pdb	-127.401
complex_1230_Nova.pdb	-64.3976
complex_1231_Nova.pdb	-177.9
complex_1232_Nova.pdb	-129.574
complex_1233_Nova.pdb	-112.394
complex_1234_Nova.pdb	-134.586
complex_1235_Nova.pdb	-136.539
complex_1236_Nova.pdb	-164.673
complex_1237_Nova.pdb	-123.046
complex_1238_Nova.pdb	-122.389
complex_1239_Nova.pdb	-162.129
complex_123_Nova.pdb	-155.556
complex_1240_Nova.pdb	-103.667
complex_1241_Nova.pdb	-129.095
complex_1242_Nova.pdb	-85.5802
complex_1243_Nova.pdb	-147.758
complex_1244_Nova.pdb	-153.319
complex_1245_Nova.pdb	-124.704
complex_1246_Nova.pdb	-67.5971
complex_1247_Nova.pdb	-131.402
complex_1248_Nova.pdb	-168.799
complex_1249_Nova.pdb	-139.22
complex_124_Nova.pdb	-192.249
complex_1250_Nova.pdb	-153.678
complex_1251_Nova.pdb	-122.738
complex_1252_Nova.pdb	-99.5397
complex_1253_Nova.pdb	-99.8635
complex_1254_Nova.pdb	-119.473
complex_1255_Nova.pdb	-141.031
complex_1256_Nova.pdb	-153.365
complex_1257_Nova.pdb	-156.508
complex_1258_Nova.pdb	-153.296
complex_1259_Nova.pdb	-67.7114
complex_125_Nova.pdb	-162.05
complex_1260_Nova.pdb	-184.817
complex_1261_Nova.pdb	-123.89
complex_1262_Nova.pdb	-165.235
complex_1263_Nova.pdb	-149.786
complex_1264_Nova.pdb	-142.429
complex_1265_Nova.pdb	-150.096
complex_1266_Nova.pdb	-123.481
complex_1267_Nova.pdb	-119.898
complex_1268_Nova.pdb	-182.797
complex_1269_Nova.pdb	-159.521
complex_126_Nova.pdb	-149.558
complex_1270_Nova.pdb	-95.6301
complex_1271_Nova.pdb	-147.137
complex_1272_Nova.pdb	-138.569
complex_1273_Nova.pdb	-150.137
complex_1274_Nova.pdb	-117.041
complex_1275_Nova.pdb	-182.161
complex_1276_Nova.pdb	-160.81
complex_1277_Nova.pdb	-124.539
complex_1278_Nova.pdb	-145.889
complex_1279_Nova.pdb	-121.4
complex_127_Nova.pdb	-210.06
complex_1280_Nova.pdb	-155.993
complex_1281_Nova.pdb	-162.054
complex_1282_Nova.pdb	-199.504
complex_1283_Nova.pdb	-155.145
complex_1284_Nova.pdb	-164.897
complex_1285_Nova.pdb	-192.485
complex_1286_Nova.pdb	-191.004
complex_1287_Nova.pdb	-142.154
complex_1288_Nova.pdb	-129.235
complex_1289_Nova.pdb	-160.383
complex_128_Nova.pdb	-158.333
complex_1290_Nova.pdb	-154.619
complex_1291_Nova.pdb	-150.335
complex_1292_Nova.pdb	-163.263
complex_1293_Nova.pdb	-226.003
complex_1294_Nova.pdb	-106.218
complex_1295_Nova.pdb	-160.6
complex_1296_Nova.pdb	-150.48
complex_1297_Nova.pdb	-147.489
complex_1298_Nova.pdb	-147.524
complex_1299_Nova.pdb	-148.748
complex_129_Nova.pdb	-149.715
complex_12_Nova.pdb	-175.29
complex_1300_Nova.pdb	-157.75
complex_1301_Nova.pdb	-111.349
complex_1302_Nova.pdb	-153.189
complex_1303_Nova.pdb	-134.275
complex_1304_Nova.pdb	-159.727
complex_1305_Nova.pdb	-114.457
complex_1306_Nova.pdb	-155.406
complex_1307_Nova.pdb	-157.778
complex_1308_Nova.pdb	-146.008
complex_1309_Nova.pdb	-144.532
complex_130_Nova.pdb	-175.516
complex_1310_Nova.pdb	-123.203
complex_1311_Nova.pdb	-142.948
complex_1312_Nova.pdb	-183.536
complex_1313_Nova.pdb	-156.042
complex_1314_Nova.pdb	-151.295
complex_1315_Nova.pdb	-164.686
complex_1316_Nova.pdb	-96.3868
complex_1317_Nova.pdb	-111.34
complex_1318_Nova.pdb	-161.35
complex_1319_Nova.pdb	-141.81
complex_131_Nova.pdb	-147.375
complex_1320_Nova.pdb	-105.54
complex_1321_Nova.pdb	-75.5813
complex_1322_Nova.pdb	-96.7551
complex_1323_Nova.pdb	-98.6004
complex_1324_Nova.pdb	-150.987
complex_1325_Nova.pdb	-138.178
complex_1326_Nova.pdb	-159.757
complex_1327_Nova.pdb	-145.133
complex_1328_Nova.pdb	-141.995
complex_1329_Nova.pdb	-155.675
complex_132_Nova.pdb	-176.342
complex_1330_Nova.pdb	-135.923
complex_1331_Nova.pdb	-139.009
complex_1332_Nova.pdb	-191.971
complex_1333_Nova.pdb	-127.005
complex_1334_Nova.pdb	-162.982
complex_1335_Nova.pdb	-107.137
complex_1336_Nova.pdb	-127.394
complex_1337_Nova.pdb	-184.209
complex_1338_Nova.pdb	-132.8
complex_1339_Nova.pdb	-104.365
complex_133_Nova.pdb	-187.584
complex_1340_Nova.pdb	-143.156
complex_1341_Nova.pdb	-128.46
complex_1342_Nova.pdb	-132.672
complex_1343_Nova.pdb	-192.896
complex_1344_Nova.pdb	-190.582
complex_1345_Nova.pdb	-140.39
complex_1346_Nova.pdb	-123.354
complex_1347_Nova.pdb	-177.888
complex_1348_Nova.pdb	-161.615
complex_1349_Nova.pdb	-121.273
complex_134_Nova.pdb	-125.37
complex_1350_Nova.pdb	-136.938
complex_1351_Nova.pdb	-124.852
complex_1352_Nova.pdb	-143.467
complex_1353_Nova.pdb	-147.218
complex_1354_Nova.pdb	-209.788
complex_1355_Nova.pdb	-179.721
complex_1356_Nova.pdb	-144.958
complex_1357_Nova.pdb	-164.185
complex_1358_Nova.pdb	-181.279
complex_1359_Nova.pdb	-151.499
complex_135_Nova.pdb	-178.488
complex_1360_Nova.pdb	-123.285
complex_1361_Nova.pdb	-138.404
complex_1362_Nova.pdb	-148.656
complex_1363_Nova.pdb	-216.097
complex_1364_Nova.pdb	-98.4332
complex_1365_Nova.pdb	-178.425
complex_1366_Nova.pdb	-194.192
complex_1367_Nova.pdb	-103.597
complex_1368_Nova.pdb	-89.0502
complex_1369_Nova.pdb	-153.486
complex_136_Nova.pdb	-172.674
complex_1370_Nova.pdb	-80.7239
complex_1371_Nova.pdb	-90.9169
complex_1372_Nova.pdb	-109.355
complex_1373_Nova.pdb	-169.901
complex_1374_Nova.pdb	-151.626
complex_1375_Nova.pdb	-75.997
complex_1376_Nova.pdb	-138.041
complex_1377_Nova.pdb	-134.274
complex_1378_Nova.pdb	-81.2893
complex_1379_Nova.pdb	-92.8431
complex_137_Nova.pdb	-118.327
complex_1380_Nova.pdb	-165.327
complex_1381_Nova.pdb	-105.063
complex_1382_Nova.pdb	-118.476
complex_1383_Nova.pdb	-108.835
complex_1384_Nova.pdb	-136.957
complex_1385_Nova.pdb	-147.7
complex_1386_Nova.pdb	-138.223
complex_1387_Nova.pdb	-148.298
complex_1388_Nova.pdb	-113.358
complex_1389_Nova.pdb	-143.019
complex_138_Nova.pdb	-154.514
complex_1390_Nova.pdb	-93.1345
complex_1391_Nova.pdb	-154.327
complex_1392_Nova.pdb	-140.38
complex_1393_Nova.pdb	-150.969
complex_1394_Nova.pdb	-159.544
complex_1395_Nova.pdb	-152.226
complex_1396_Nova.pdb	-120.931
complex_1397_Nova.pdb	-109.147
complex_1398_Nova.pdb	-139.634
complex_1399_Nova.pdb	-114.282
complex_139_Nova.pdb	-117.183
complex_13_Nova.pdb	-133.101
complex_1400_Nova.pdb	-155.341
complex_1401_Nova.pdb	-194.454
complex_1402_Nova.pdb	-151.239
complex_1403_Nova.pdb	-158.414
complex_1404_Nova.pdb	-150.634
complex_1405_Nova.pdb	-82.049
complex_1406_Nova.pdb	-119.979
complex_1407_Nova.pdb	-123.455
complex_1408_Nova.pdb	-93.4246
complex_1409_Nova.pdb	-166.744
complex_140_Nova.pdb	-197.534
complex_1410_Nova.pdb	-82.9639
complex_1411_Nova.pdb	-131.913
complex_1412_Nova.pdb	-107.165
complex_1413_Nova.pdb	-143.779
complex_1414_Nova.pdb	-131.089
complex_1415_Nova.pdb	-117.235
complex_1416_Nova.pdb	-135.101
complex_1417_Nova.pdb	-125.728
complex_1418_Nova.pdb	-105.461
complex_1419_Nova.pdb	-107.884
complex_141_Nova.pdb	-119.452
complex_1420_Nova.pdb	-178.501
complex_1421_Nova.pdb	-171.078
complex_1422_Nova.pdb	-92.0963
complex_1423_Nova.pdb	-150.338
complex_1424_Nova.pdb	-182.292
complex_1425_Nova.pdb	-150.324
complex_1426_Nova.pdb	-71.8619
complex_1427_Nova.pdb	-152.521
complex_1428_Nova.pdb	-145.05
complex_1429_Nova.pdb	-163.976
complex_142_Nova.pdb	-118.599
complex_1430_Nova.pdb	-154.717
complex_1431_Nova.pdb	-149.127
complex_1432_Nova.pdb	-148.933
complex_1433_Nova.pdb	-199.116
complex_1434_Nova.pdb	-180.779
complex_1435_Nova.pdb	-164.824
complex_1436_Nova.pdb	-170.374
complex_1437_Nova.pdb	-153.361
complex_1438_Nova.pdb	-169.453
complex_1439_Nova.pdb	-204.579
complex_143_Nova.pdb	-189.615
complex_1440_Nova.pdb	-145.754
complex_1441_Nova.pdb	-137.996
complex_1442_Nova.pdb	-71.1427
complex_1443_Nova.pdb	-144.604
complex_1444_Nova.pdb	-115.291
complex_1445_Nova.pdb	-105.879
complex_1446_Nova.pdb	-100.045
complex_1447_Nova.pdb	-126.359
complex_1448_Nova.pdb	-144.653
complex_1449_Nova.pdb	-165.102
complex_144_Nova.pdb	-201.672
complex_1450_Nova.pdb	-139.395
complex_1451_Nova.pdb	-141.532
complex_1452_Nova.pdb	-178.374
complex_1453_Nova.pdb	-141.844
complex_1454_Nova.pdb	-157.767
complex_1455_Nova.pdb	-140.466
complex_1456_Nova.pdb	-115.643
complex_1457_Nova.pdb	-112.213
complex_1458_Nova.pdb	-110.859
complex_1459_Nova.pdb	-130.487
complex_145_Nova.pdb	-154.379
complex_1460_Nova.pdb	-116.939
complex_1461_Nova.pdb	-166.558
complex_1462_Nova.pdb	-173.157
complex_1463_Nova.pdb	-205.319
complex_1464_Nova.pdb	-206.113
complex_1465_Nova.pdb	-85.1956
complex_1466_Nova.pdb	-104.561
complex_1467_Nova.pdb	-140.562
complex_1468_Nova.pdb	-144.948
complex_1469_Nova.pdb	-120.833
complex_146_Nova.pdb	-183.98
complex_1470_Nova.pdb	-129.893
complex_1471_Nova.pdb	-115.776
complex_1472_Nova.pdb	-165.542
complex_1473_Nova.pdb	-175.812
complex_1474_Nova.pdb	-166.853
complex_1475_Nova.pdb	-117.949
complex_1476_Nova.pdb	-100.764
complex_1477_Nova.pdb	-101.411
complex_1478_Nova.pdb	-150.719
complex_1479_Nova.pdb	-58.0621
complex_147_Nova.pdb	-150.349
complex_1480_Nova.pdb	-151.916
complex_1481_Nova.pdb	-133.434
complex_1482_Nova.pdb	-178.837
complex_1483_Nova.pdb	-165.232
complex_1484_Nova.pdb	-165.825
complex_1485_Nova.pdb	-119.583
complex_1486_Nova.pdb	-98.1592
complex_1487_Nova.pdb	-141.421
complex_1488_Nova.pdb	-132.764
complex_1489_Nova.pdb	-96.521
complex_148_Nova.pdb	-201.969
complex_1490_Nova.pdb	-145.951
complex_1491_Nova.pdb	-138.691
complex_1492_Nova.pdb	-122.622
complex_1493_Nova.pdb	-147.921
complex_1494_Nova.pdb	-162.443
complex_1495_Nova.pdb	-142.02
complex_1496_Nova.pdb	-161.217
complex_1497_Nova.pdb	-156.613
complex_1498_Nova.pdb	-127.348
complex_1499_Nova.pdb	-148.924
complex_149_Nova.pdb	-186.607
complex_14_Nova.pdb	-162.052
complex_1500_Nova.pdb	-138.937
complex_1501_Nova.pdb	-176.585
complex_1502_Nova.pdb	-188.05
complex_1503_Nova.pdb	-102.189
complex_1504_Nova.pdb	-145.299
complex_1505_Nova.pdb	-140.534
complex_1506_Nova.pdb	-185.833
complex_1507_Nova.pdb	-132.555
complex_1508_Nova.pdb	-142.073
complex_1509_Nova.pdb	-169.227
complex_150_Nova.pdb	-192.82
complex_1510_Nova.pdb	-155.065
complex_1511_Nova.pdb	-79.308
complex_1512_Nova.pdb	-206.391
complex_1513_Nova.pdb	-98.0199
complex_1514_Nova.pdb	-138.596
complex_1515_Nova.pdb	-72.828
complex_1516_Nova.pdb	-119.54
complex_1517_Nova.pdb	-116.108
complex_1518_Nova.pdb	-164.718
complex_1519_Nova.pdb	-151.895
complex_151_Nova.pdb	-162.246
complex_1520_Nova.pdb	-136.958
complex_1521_Nova.pdb	-67.2941
complex_1522_Nova.pdb	-127.55
complex_1523_Nova.pdb	-188
complex_1524_Nova.pdb	-107.115
complex_1525_Nova.pdb	-130.277
complex_1526_Nova.pdb	-146.334
complex_1527_Nova.pdb	-195.01
complex_1528_Nova.pdb	-94.8255
complex_1529_Nova.pdb	-155.272
complex_152_Nova.pdb	-139.61
complex_1530_Nova.pdb	-87.2227
complex_1531_Nova.pdb	-158.084
complex_1532_Nova.pdb	-130.122
complex_1533_Nova.pdb	-105.433
complex_1534_Nova.pdb	-136.401
complex_1535_Nova.pdb	-147.795
complex_1536_Nova.pdb	-155.447
complex_1537_Nova.pdb	-97.0245
complex_1538_Nova.pdb	-169.732
complex_1539_Nova.pdb	-163.364
complex_153_Nova.pdb	-179.906
complex_1540_Nova.pdb	-194.98
complex_1541_Nova.pdb	-143.599
complex_1542_Nova.pdb	-204.161
complex_1543_Nova.pdb	-79.2394
complex_1544_Nova.pdb	-140.407
complex_1545_Nova.pdb	-168.689
complex_1546_Nova.pdb	-73.7002
complex_1547_Nova.pdb	-125.074
complex_1548_Nova.pdb	-181.583
complex_1549_Nova.pdb	-143.376
complex_154_Nova.pdb	-148.437
complex_1550_Nova.pdb	-120.044
complex_1551_Nova.pdb	-156.906
complex_1552_Nova.pdb	-72.5892
complex_1553_Nova.pdb	-154.163
complex_1554_Nova.pdb	-114.074
complex_1555_Nova.pdb	-207.269
complex_1556_Nova.pdb	-154.074
complex_1557_Nova.pdb	-208.333
complex_1558_Nova.pdb	-115.61
complex_1559_Nova.pdb	-73.8283
complex_155_Nova.pdb	-76.4284
complex_1560_Nova.pdb	-85.0162
complex_1561_Nova.pdb	-187.177
complex_1562_Nova.pdb	-139.094
complex_1563_Nova.pdb	-170.343
complex_1564_Nova.pdb	-147.001
complex_1565_Nova.pdb	-193.531
complex_1566_Nova.pdb	-162.44
complex_1567_Nova.pdb	-164.989
complex_1568_Nova.pdb	-166.571
complex_1569_Nova.pdb	-156.983
complex_156_Nova.pdb	-157.654
complex_1570_Nova.pdb	-109.979
complex_1571_Nova.pdb	-152.036
complex_1572_Nova.pdb	-123.543
complex_1573_Nova.pdb	-104.805
complex_1574_Nova.pdb	-173.122
complex_1575_Nova.pdb	-145.149
complex_1576_Nova.pdb	-143.705
complex_1577_Nova.pdb	-170.807
complex_1578_Nova.pdb	-138.835
complex_1579_Nova.pdb	-181.764
complex_157_Nova.pdb	-198.499
complex_1580_Nova.pdb	-45.8211
complex_1581_Nova.pdb	-85.6207
complex_1582_Nova.pdb	-102.822
complex_1583_Nova.pdb	-128.743
complex_1584_Nova.pdb	-221.244
complex_1585_Nova.pdb	-100.76
complex_1586_Nova.pdb	-128.419
complex_1587_Nova.pdb	-193.784
complex_1588_Nova.pdb	-113.244
complex_1589_Nova.pdb	-104.446
complex_158_Nova.pdb	-101.622
complex_1590_Nova.pdb	-120.5
complex_1591_Nova.pdb	-171.887
complex_1592_Nova.pdb	-49.2572
complex_1593_Nova.pdb	-172.656
complex_1594_Nova.pdb	-110.173
complex_1595_Nova.pdb	-180.476
complex_1596_Nova.pdb	-164.29
complex_1597_Nova.pdb	-91.0742
complex_1598_Nova.pdb	-133.01
complex_1599_Nova.pdb	-163.541
complex_159_Nova.pdb	-162.33
complex_15_Nova.pdb	-174.012
complex_1600_Nova.pdb	-108.03
complex_1601_Nova.pdb	-153.957
complex_1602_Nova.pdb	-193.379
complex_1603_Nova.pdb	-125.541
complex_1604_Nova.pdb	-172.406
complex_1605_Nova.pdb	-136.751
complex_1606_Nova.pdb	-200.067
complex_1607_Nova.pdb	-136.251
complex_1608_Nova.pdb	-133.815
complex_1609_Nova.pdb	-150.549
complex_160_Nova.pdb	-136.089
complex_1610_Nova.pdb	-117.591
complex_1611_Nova.pdb	-108.956
complex_1612_Nova.pdb	-155.975
complex_1613_Nova.pdb	-145.043
complex_1614_Nova.pdb	-150.899
complex_1615_Nova.pdb	-155.551
complex_1616_Nova.pdb	-144.698
complex_1617_Nova.pdb	-80.7754
complex_1618_Nova.pdb	-195.578
complex_1619_Nova.pdb	-141.964
complex_161_Nova.pdb	-177.502
complex_1620_Nova.pdb	-144.336
complex_1621_Nova.pdb	-171.814
complex_1622_Nova.pdb	-139.401
complex_1623_Nova.pdb	-161.16
complex_1624_Nova.pdb	-129.339
complex_1625_Nova.pdb	-135.723
complex_1626_Nova.pdb	-179.671
complex_1627_Nova.pdb	-185.174
complex_1628_Nova.pdb	-115.597
complex_1629_Nova.pdb	-111.575
complex_162_Nova.pdb	-138.084
complex_1630_Nova.pdb	-116.627
complex_1631_Nova.pdb	-122.188
complex_1632_Nova.pdb	-163.024
complex_1633_Nova.pdb	-80.0588
complex_1634_Nova.pdb	-81.2763
complex_1635_Nova.pdb	-155.631
complex_1636_Nova.pdb	-116.904
complex_1637_Nova.pdb	-189.447
complex_1638_Nova.pdb	-118.846
complex_1639_Nova.pdb	-141.925
complex_163_Nova.pdb	-160.84
complex_1640_Nova.pdb	-156.886
complex_1641_Nova.pdb	-163.038
complex_1642_Nova.pdb	-74.9659
complex_1643_Nova.pdb	-149.865
complex_1644_Nova.pdb	-162.198
complex_1645_Nova.pdb	-134.498
complex_1646_Nova.pdb	-80.9547
complex_1647_Nova.pdb	-130.522
complex_1648_Nova.pdb	-161.281
complex_1649_Nova.pdb	-115.254
complex_164_Nova.pdb	-149.491
complex_1650_Nova.pdb	-67.0336
complex_1651_Nova.pdb	-73.3603
complex_1652_Nova.pdb	-191.503
complex_1653_Nova.pdb	-142.914
complex_1654_Nova.pdb	-161.781
complex_1655_Nova.pdb	-156.013
complex_1656_Nova.pdb	-157.241
complex_1657_Nova.pdb	-158.387
complex_1658_Nova.pdb	-134.016
complex_1659_Nova.pdb	-188.566
complex_165_Nova.pdb	-122.459
complex_1660_Nova.pdb	-75.03
complex_1661_Nova.pdb	-133.536
complex_1662_Nova.pdb	-206.725
complex_1663_Nova.pdb	-138.878
complex_1664_Nova.pdb	-124.367
complex_1665_Nova.pdb	-108.397
complex_1666_Nova.pdb	-143.151
complex_1667_Nova.pdb	-72.9122
complex_1668_Nova.pdb	-133.921
complex_1669_Nova.pdb	-127.995
complex_166_Nova.pdb	-147.296
complex_1670_Nova.pdb	-106.45
complex_1671_Nova.pdb	-187.683
complex_1672_Nova.pdb	-97.779
complex_1673_Nova.pdb	-154.201
complex_1674_Nova.pdb	-123.365
complex_1675_Nova.pdb	-128.566
complex_1676_Nova.pdb	-169.683
complex_1677_Nova.pdb	-158.004
complex_1678_Nova.pdb	-128.395
complex_1679_Nova.pdb	-137.439
complex_167_Nova.pdb	-141.282
complex_1680_Nova.pdb	-154.115
complex_1681_Nova.pdb	-152.725
complex_1682_Nova.pdb	-195.918
complex_1683_Nova.pdb	-108.893
complex_1684_Nova.pdb	-132.549
complex_1685_Nova.pdb	-117.026
complex_1686_Nova.pdb	-137.769
complex_1687_Nova.pdb	-120.965
complex_1688_Nova.pdb	-167.731
complex_1689_Nova.pdb	-89.8876
complex_168_Nova.pdb	-154.059
complex_1690_Nova.pdb	-195.059
complex_1691_Nova.pdb	-103.115
complex_1692_Nova.pdb	-88.3839
complex_1693_Nova.pdb	-91.1087
complex_1694_Nova.pdb	-186.812
complex_1695_Nova.pdb	-126.619
complex_1696_Nova.pdb	-169.446
complex_1697_Nova.pdb	-150.102
complex_1698_Nova.pdb	-167.342
complex_1699_Nova.pdb	-139.982
complex_169_Nova.pdb	-149.056
complex_16_Nova.pdb	-131.628
complex_1700_Nova.pdb	-175.279
complex_1701_Nova.pdb	-67.6554
complex_1702_Nova.pdb	-138.181
complex_1703_Nova.pdb	-200.999
complex_1704_Nova.pdb	-125.022
complex_1705_Nova.pdb	-147.394
complex_1706_Nova.pdb	-170.356
complex_1707_Nova.pdb	-116.31
complex_1708_Nova.pdb	-111.132
complex_1709_Nova.pdb	-42.1455
complex_170_Nova.pdb	-180.119
complex_1710_Nova.pdb	-185.034
complex_1711_Nova.pdb	-167.907
complex_1712_Nova.pdb	-97.69
complex_1713_Nova.pdb	-156.213
complex_1714_Nova.pdb	-175.286
complex_1715_Nova.pdb	-87.7978
complex_1716_Nova.pdb	-167.661
complex_1717_Nova.pdb	-136.555
complex_1718_Nova.pdb	-163.079
complex_1719_Nova.pdb	-117.063
complex_171_Nova.pdb	-176.773
complex_1720_Nova.pdb	-111.364
complex_1721_Nova.pdb	-121.002
complex_1722_Nova.pdb	-158.159
complex_1723_Nova.pdb	-143.479
complex_1724_Nova.pdb	-129.584
complex_1725_Nova.pdb	-98.1172
complex_1726_Nova.pdb	-117.857
complex_1727_Nova.pdb	-121.156
complex_1728_Nova.pdb	-196.972
complex_1729_Nova.pdb	-162.94
complex_172_Nova.pdb	-167.018
complex_1730_Nova.pdb	-203.723
complex_1731_Nova.pdb	-152.905
complex_1732_Nova.pdb	-143.936
complex_1733_Nova.pdb	-191.568
complex_1734_Nova.pdb	-78.6996
complex_1735_Nova.pdb	-140.648
complex_1736_Nova.pdb	-104.48
complex_1737_Nova.pdb	-129.835
complex_1738_Nova.pdb	-140.332
complex_1739_Nova.pdb	-164.514
complex_173_Nova.pdb	-154.236
complex_1740_Nova.pdb	-151.06
complex_1741_Nova.pdb	-113.409
complex_1742_Nova.pdb	-90.705
complex_1743_Nova.pdb	-143.074
complex_1744_Nova.pdb	-162.277
complex_1745_Nova.pdb	-109.903
complex_1746_Nova.pdb	-78.0566
complex_1747_Nova.pdb	-151.784
complex_1748_Nova.pdb	-162.31
complex_1749_Nova.pdb	-157.435
complex_174_Nova.pdb	-215.362
complex_1750_Nova.pdb	-116.289
complex_1751_Nova.pdb	-147.24
complex_1752_Nova.pdb	-121.941
complex_1753_Nova.pdb	-123.232
complex_1754_Nova.pdb	-146.492
complex_1755_Nova.pdb	-154.37
complex_1756_Nova.pdb	-148.061
complex_1757_Nova.pdb	-99.3204
complex_1758_Nova.pdb	-161.25
complex_1759_Nova.pdb	-123.192
complex_175_Nova.pdb	-107.727
complex_1760_Nova.pdb	-110.683
complex_1761_Nova.pdb	-121.649
complex_1762_Nova.pdb	-172.599
complex_1763_Nova.pdb	-110.987
complex_1764_Nova.pdb	-134.025
complex_1765_Nova.pdb	-166.75
complex_1766_Nova.pdb	-179.194
complex_1767_Nova.pdb	-120.743
complex_1768_Nova.pdb	-103.327
complex_1769_Nova.pdb	-110.987
complex_176_Nova.pdb	-157.906
complex_1770_Nova.pdb	-221.147
complex_1771_Nova.pdb	-118.222
complex_1772_Nova.pdb	-164.613
complex_1773_Nova.pdb	-147.802
complex_1774_Nova.pdb	-165.503
complex_1775_Nova.pdb	-74.9463
complex_1776_Nova.pdb	-111.82
complex_1777_Nova.pdb	-145.836
complex_1778_Nova.pdb	-145.271
complex_1779_Nova.pdb	-172.628
complex_177_Nova.pdb	-130.864
complex_1780_Nova.pdb	-149.549
complex_1781_Nova.pdb	-131.84
complex_1782_Nova.pdb	-90.8733
complex_1783_Nova.pdb	-196.07
complex_1784_Nova.pdb	-136.068
complex_1785_Nova.pdb	-126.538
complex_1786_Nova.pdb	-113.895
complex_1787_Nova.pdb	-132.076
complex_1788_Nova.pdb	-177.644
complex_1789_Nova.pdb	-161.584
complex_178_Nova.pdb	-155.947
complex_1790_Nova.pdb	-135.038
complex_1791_Nova.pdb	-90.5506
complex_1792_Nova.pdb	-182.869
complex_1793_Nova.pdb	-157.569
complex_1794_Nova.pdb	-123.351
complex_1795_Nova.pdb	-96.5027
complex_1796_Nova.pdb	-113.172
complex_1797_Nova.pdb	-181.486
complex_1798_Nova.pdb	-112.642
complex_1799_Nova.pdb	-96.295
complex_179_Nova.pdb	-126.183
complex_17_Nova.pdb	-193.341
complex_1800_Nova.pdb	-102.532
complex_1801_Nova.pdb	-146.903
complex_1802_Nova.pdb	-154.477
complex_1803_Nova.pdb	-154.388
complex_1804_Nova.pdb	-178.452
complex_1805_Nova.pdb	-164.377
complex_1806_Nova.pdb	-111.283
complex_1807_Nova.pdb	-209.937
complex_1808_Nova.pdb	-125.232
complex_1809_Nova.pdb	-184.829
complex_180_Nova.pdb	-187.593
complex_1810_Nova.pdb	-69.3919
complex_1811_Nova.pdb	-126.253
complex_1812_Nova.pdb	-185.348
complex_1813_Nova.pdb	-126.912
complex_1814_Nova.pdb	-99.6454
complex_1815_Nova.pdb	-164.647
complex_1816_Nova.pdb	-151.21
complex_1817_Nova.pdb	-150.138
complex_1818_Nova.pdb	-100.535
complex_1819_Nova.pdb	-85.1808
complex_181_Nova.pdb	-131.245
complex_1820_Nova.pdb	-193.501
complex_1821_Nova.pdb	-141.574
complex_1822_Nova.pdb	-167.534
complex_1823_Nova.pdb	-130.787
complex_1824_Nova.pdb	-115.968
complex_1825_Nova.pdb	-141.555
complex_1826_Nova.pdb	-134.641
complex_1827_Nova.pdb	-197.534
complex_1828_Nova.pdb	-159.578
complex_1829_Nova.pdb	-108.661
complex_182_Nova.pdb	-151.23
complex_1830_Nova.pdb	-135.304
complex_1831_Nova.pdb	-121.69
complex_1832_Nova.pdb	-95.6394
complex_1833_Nova.pdb	-144.579
complex_1834_Nova.pdb	-131.895
complex_1835_Nova.pdb	-162.878
complex_1836_Nova.pdb	-193.585
complex_1837_Nova.pdb	-90.0691
complex_1838_Nova.pdb	-128.569
complex_1839_Nova.pdb	-83.9844
complex_183_Nova.pdb	-155.22
complex_1840_Nova.pdb	-158.273
complex_1841_Nova.pdb	-134.877
complex_1842_Nova.pdb	-140.71
complex_1843_Nova.pdb	-196.714
complex_1844_Nova.pdb	-164.891
complex_1845_Nova.pdb	-150.286
complex_1846_Nova.pdb	-164.184
complex_1847_Nova.pdb	-126.614
complex_1848_Nova.pdb	-165.277
complex_1849_Nova.pdb	-135.73
complex_184_Nova.pdb	-147.012
complex_1850_Nova.pdb	-110.419
complex_1851_Nova.pdb	-147.814
complex_1852_Nova.pdb	-101.567
complex_1853_Nova.pdb	-105.862
complex_1854_Nova.pdb	-114.992
complex_1855_Nova.pdb	-103.307
complex_1856_Nova.pdb	-183.972
complex_1857_Nova.pdb	-136.796
complex_1858_Nova.pdb	-94.5055
complex_1859_Nova.pdb	-191.086
complex_185_Nova.pdb	-175.387
complex_1860_Nova.pdb	-159.856
complex_1861_Nova.pdb	-128.036
complex_1862_Nova.pdb	-133.477
complex_1863_Nova.pdb	-183.599
complex_1864_Nova.pdb	-109.636
complex_1865_Nova.pdb	-85.5491
complex_1866_Nova.pdb	-143.396
complex_1867_Nova.pdb	-128.636
complex_1868_Nova.pdb	-120.013
complex_1869_Nova.pdb	-147.761
complex_186_Nova.pdb	-197.407
complex_1870_Nova.pdb	-115.565
complex_1871_Nova.pdb	-172.72
complex_1872_Nova.pdb	-114.227
complex_1873_Nova.pdb	-154.906
complex_1874_Nova.pdb	-117.636
complex_1875_Nova.pdb	-105.221
complex_1876_Nova.pdb	-119.069
complex_1877_Nova.pdb	-100.131
complex_1878_Nova.pdb	-121.971
complex_1879_Nova.pdb	-91.3131
complex_187_Nova.pdb	-139.61
complex_1880_Nova.pdb	-172.997
complex_1881_Nova.pdb	-196.32
complex_1882_Nova.pdb	-169.947
complex_1883_Nova.pdb	-148.203
complex_1884_Nova.pdb	-112.923
complex_1885_Nova.pdb	-153.599
complex_1886_Nova.pdb	-96.8745
complex_1887_Nova.pdb	-114.028
complex_1888_Nova.pdb	-115.665
complex_1889_Nova.pdb	-140.866
complex_188_Nova.pdb	-200.621
complex_1890_Nova.pdb	-200.62
complex_1891_Nova.pdb	-151.496
complex_1892_Nova.pdb	-143.291
complex_1893_Nova.pdb	-129.663
complex_1894_Nova.pdb	-139.875
complex_1895_Nova.pdb	-169.512
complex_1896_Nova.pdb	-167.406
complex_1897_Nova.pdb	-155.944
complex_1898_Nova.pdb	-139.278
complex_1899_Nova.pdb	-103.485
complex_189_Nova.pdb	-161.541
complex_18_Nova.pdb	-132.113
complex_1900_Nova.pdb	-126.413
complex_1901_Nova.pdb	-130.616
complex_1902_Nova.pdb	-155.503
complex_1903_Nova.pdb	-110.279
complex_1904_Nova.pdb	-119.071
complex_1905_Nova.pdb	-121.103
complex_1906_Nova.pdb	-152.93
complex_1907_Nova.pdb	-184.484
complex_1908_Nova.pdb	-192.422
complex_1909_Nova.pdb	-129.301
complex_190_Nova.pdb	-84.4334
complex_1910_Nova.pdb	-133.02
complex_1911_Nova.pdb	-175.077
complex_1912_Nova.pdb	-149.639
complex_1913_Nova.pdb	-158.427
complex_1914_Nova.pdb	-153.598
complex_1915_Nova.pdb	-93.2286
complex_1916_Nova.pdb	-182.59
complex_1917_Nova.pdb	-145.027
complex_1918_Nova.pdb	-124.483
complex_1919_Nova.pdb	-89.1139
complex_191_Nova.pdb	-142.429
complex_1920_Nova.pdb	-154.873
complex_1921_Nova.pdb	-148.848
complex_1922_Nova.pdb	-109.245
complex_1923_Nova.pdb	-111.822
complex_1924_Nova.pdb	-134.167
complex_1925_Nova.pdb	-127.97
complex_1926_Nova.pdb	-138.608
complex_1927_Nova.pdb	-125.985
complex_1928_Nova.pdb	-170.075
complex_1929_Nova.pdb	-128.596
complex_192_Nova.pdb	-152.399
complex_1930_Nova.pdb	-132.786
complex_1931_Nova.pdb	-135.908
complex_1932_Nova.pdb	-172.365
complex_1933_Nova.pdb	-140.361
complex_1934_Nova.pdb	-154.609
complex_1935_Nova.pdb	-138.842
complex_1936_Nova.pdb	-155.458
complex_1937_Nova.pdb	-80.0687
complex_1938_Nova.pdb	-150.26
complex_1939_Nova.pdb	-129.18
complex_193_Nova.pdb	-127.938
complex_1940_Nova.pdb	-110.408
complex_1941_Nova.pdb	-125.241
complex_1942_Nova.pdb	-132.146
complex_1943_Nova.pdb	-77.245
complex_1944_Nova.pdb	-92.3269
complex_1945_Nova.pdb	-149.583
complex_1946_Nova.pdb	-107.124
complex_1947_Nova.pdb	-169.198
complex_1948_Nova.pdb	-140.874
complex_1949_Nova.pdb	-98.3116
complex_194_Nova.pdb	-177.064
complex_1950_Nova.pdb	-76.2405
complex_1951_Nova.pdb	-121.082
complex_1952_Nova.pdb	-136.436
complex_1953_Nova.pdb	-92.8566
complex_1954_Nova.pdb	-193.429
complex_1955_Nova.pdb	-132.218
complex_1956_Nova.pdb	-142.541
complex_1957_Nova.pdb	-127.175
complex_1958_Nova.pdb	-136.712
complex_1959_Nova.pdb	-140.343
complex_195_Nova.pdb	-166.439
complex_1960_Nova.pdb	-141.374
complex_1961_Nova.pdb	-91.5424
complex_1962_Nova.pdb	-146.441
complex_1963_Nova.pdb	-135.35
complex_1964_Nova.pdb	-117.808
complex_1965_Nova.pdb	-135.308
complex_1966_Nova.pdb	-129.927
complex_1967_Nova.pdb	-129.606
complex_1968_Nova.pdb	-142.746
complex_1969_Nova.pdb	-103.34
complex_196_Nova.pdb	-187.116
complex_1970_Nova.pdb	-126.093
complex_1971_Nova.pdb	-124.73
complex_1972_Nova.pdb	-135.096
complex_1973_Nova.pdb	-137.456
complex_1974_Nova.pdb	-127.204
complex_1975_Nova.pdb	-135.907
complex_1976_Nova.pdb	-139.511
complex_1977_Nova.pdb	-154.521
complex_1978_Nova.pdb	-99.2359
complex_1979_Nova.pdb	-107.395
complex_197_Nova.pdb	-148.436
complex_1980_Nova.pdb	-136.825
complex_1981_Nova.pdb	-113.169
complex_1982_Nova.pdb	-160.939
complex_1983_Nova.pdb	-126.403
complex_1984_Nova.pdb	-133.497
complex_1985_Nova.pdb	-108.937
complex_1986_Nova.pdb	-122.845
complex_1987_Nova.pdb	-166.837
complex_1988_Nova.pdb	-109.537
complex_1989_Nova.pdb	-181.876
complex_198_Nova.pdb	-157.719
complex_1990_Nova.pdb	-136.087
complex_1991_Nova.pdb	-124.916
complex_1992_Nova.pdb	-169.791
complex_1993_Nova.pdb	-151.705
complex_1994_Nova.pdb	-191.384
complex_1995_Nova.pdb	-174.758
complex_1996_Nova.pdb	-196.148
complex_1997_Nova.pdb	-69.7152
complex_1998_Nova.pdb	-128.976
complex_1999_Nova.pdb	-117.212
complex_199_Nova.pdb	-172.434
complex_19_Nova.pdb	-75.5345
complex_1_Nova.pdb	-173.819
complex_2000_Nova.pdb	-153.529
complex_200_Nova.pdb	-187.049
complex_201_Nova.pdb	-144.317
complex_202_Nova.pdb	-149.119
complex_203_Nova.pdb	-157.57
complex_204_Nova.pdb	-118.626
complex_205_Nova.pdb	-175.03
complex_206_Nova.pdb	-163.795
complex_207_Nova.pdb	-164.043
complex_208_Nova.pdb	-168.513
complex_209_Nova.pdb	-162.416
complex_20_Nova.pdb	-147.695
complex_210_Nova.pdb	-128.284
complex_211_Nova.pdb	-171.698
complex_212_Nova.pdb	-159.031
complex_213_Nova.pdb	-136.391
complex_214_Nova.pdb	-161.912
complex_215_Nova.pdb	-186.766
complex_216_Nova.pdb	-170.932
complex_217_Nova.pdb	-153.483
complex_218_Nova.pdb	-133.602
complex_219_Nova.pdb	-158.744
complex_21_Nova.pdb	-157.819
complex_220_Nova.pdb	-106.476
complex_221_Nova.pdb	-132.57
complex_222_Nova.pdb	-178.853
complex_223_Nova.pdb	-131.963
complex_224_Nova.pdb	-175.784
complex_225_Nova.pdb	-203.085
complex_226_Nova.pdb	-138.021
complex_227_Nova.pdb	-159.436
complex_228_Nova.pdb	-145.061
complex_229_Nova.pdb	-158.69
complex_22_Nova.pdb	-148.395
complex_230_Nova.pdb	-126.05
complex_231_Nova.pdb	-155.735
complex_232_Nova.pdb	-150.302
complex_233_Nova.pdb	-157.252
complex_234_Nova.pdb	-168.294
complex_235_Nova.pdb	-209.968
complex_236_Nova.pdb	-134.92
complex_237_Nova.pdb	-74.9639
complex_238_Nova.pdb	-136.019
complex_239_Nova.pdb	-96.6067
complex_23_Nova.pdb	-169.266
complex_240_Nova.pdb	-171.262
complex_241_Nova.pdb	-145.072
complex_242_Nova.pdb	-186.99
complex_243_Nova.pdb	-147.414
complex_244_Nova.pdb	-65.4979
complex_245_Nova.pdb	-138.105
complex_246_Nova.pdb	-143.8
complex_247_Nova.pdb	-194.227
complex_248_Nova.pdb	-126.012
complex_249_Nova.pdb	-204.892
complex_24_Nova.pdb	-162.045
complex_250_Nova.pdb	-156.316
complex_251_Nova.pdb	-181.448
complex_252_Nova.pdb	-209.006
complex_253_Nova.pdb	-76.4726
complex_254_Nova.pdb	-180.17
complex_255_Nova.pdb	-173.945
complex_256_Nova.pdb	-162.433
complex_257_Nova.pdb	-149.932
complex_258_Nova.pdb	-173.781
complex_259_Nova.pdb	-140.467
complex_25_Nova.pdb	-198.735
complex_260_Nova.pdb	-164.66
complex_261_Nova.pdb	-135.443
complex_262_Nova.pdb	-194.919
complex_263_Nova.pdb	-122.563
complex_264_Nova.pdb	-155.285
complex_265_Nova.pdb	-161.975
complex_266_Nova.pdb	-145.928
complex_267_Nova.pdb	-135.487
complex_268_Nova.pdb	-149.882
complex_269_Nova.pdb	-119.76
complex_26_Nova.pdb	-160.335
complex_270_Nova.pdb	-154.345
complex_271_Nova.pdb	-150.075
complex_272_Nova.pdb	-158.565
complex_273_Nova.pdb	-116.903
complex_274_Nova.pdb	-126.838
complex_275_Nova.pdb	-123.241
complex_276_Nova.pdb	-98.9336
complex_277_Nova.pdb	-144.499
complex_278_Nova.pdb	-107.505
complex_279_Nova.pdb	-196.054
complex_27_Nova.pdb	-118.68
complex_280_Nova.pdb	-162.642
complex_281_Nova.pdb	-140.243
complex_282_Nova.pdb	-146.132
complex_283_Nova.pdb	-163.108
complex_284_Nova.pdb	-77.0225
complex_285_Nova.pdb	-167.425
complex_286_Nova.pdb	-116.662
complex_287_Nova.pdb	-152.656
complex_288_Nova.pdb	-149.215
complex_289_Nova.pdb	-201.86
complex_28_Nova.pdb	-173.078
complex_290_Nova.pdb	-117.442
complex_291_Nova.pdb	-156.018
complex_292_Nova.pdb	-154.822
complex_293_Nova.pdb	-111.118
complex_294_Nova.pdb	-182.9
complex_295_Nova.pdb	-162.016
complex_296_Nova.pdb	-159.984
complex_297_Nova.pdb	-216.702
complex_298_Nova.pdb	-138.437
complex_299_Nova.pdb	-169.298
complex_29_Nova.pdb	-164.567
complex_2_Nova.pdb	-201.995
complex_300_Nova.pdb	-134.012
complex_301_Nova.pdb	-146.553
complex_302_Nova.pdb	-187.228
complex_303_Nova.pdb	-180.667
complex_304_Nova.pdb	-147.42
complex_305_Nova.pdb	-143.922
complex_306_Nova.pdb	-119.023
complex_307_Nova.pdb	-100.88
complex_308_Nova.pdb	-158.476
complex_309_Nova.pdb	-179.924
complex_30_Nova.pdb	-163.868
complex_310_Nova.pdb	-184.182
complex_311_Nova.pdb	-112.212
complex_312_Nova.pdb	-131.964
complex_313_Nova.pdb	-156.676
complex_314_Nova.pdb	-170.58
complex_315_Nova.pdb	-95.6487
complex_316_Nova.pdb	-165.96
complex_317_Nova.pdb	-147.773
complex_318_Nova.pdb	-148.726
complex_319_Nova.pdb	-139.618
complex_31_Nova.pdb	-151.137
complex_320_Nova.pdb	-135.984
complex_321_Nova.pdb	-123.385
complex_322_Nova.pdb	-137.334
complex_323_Nova.pdb	-166.686
complex_324_Nova.pdb	-194.974
complex_325_Nova.pdb	-147.103
complex_326_Nova.pdb	-150.655
complex_327_Nova.pdb	-110.006
complex_328_Nova.pdb	-134.211
complex_329_Nova.pdb	-152.967
complex_32_Nova.pdb	-150.977
complex_330_Nova.pdb	-144.766
complex_331_Nova.pdb	-156.247
complex_332_Nova.pdb	-172.189
complex_333_Nova.pdb	-178.212
complex_334_Nova.pdb	-139.45
complex_335_Nova.pdb	-184.881
complex_336_Nova.pdb	-129.613
complex_337_Nova.pdb	-160.356
complex_338_Nova.pdb	-128.942
complex_339_Nova.pdb	-161.963
complex_33_Nova.pdb	-207.259
complex_340_Nova.pdb	-211.963
complex_341_Nova.pdb	-141.865
complex_342_Nova.pdb	-167.576
complex_343_Nova.pdb	-141.86
complex_344_Nova.pdb	-153.276
complex_345_Nova.pdb	-153.355
complex_346_Nova.pdb	-158.41
complex_347_Nova.pdb	-199.643
complex_348_Nova.pdb	-126.4
complex_349_Nova.pdb	-153.251
complex_34_Nova.pdb	-146.285
complex_350_Nova.pdb	-210.987
complex_351_Nova.pdb	-115.513
complex_352_Nova.pdb	-220.09
complex_353_Nova.pdb	-138.316
complex_354_Nova.pdb	-197.614
complex_355_Nova.pdb	-137.103
complex_356_Nova.pdb	-162.523
complex_357_Nova.pdb	-168.036
complex_358_Nova.pdb	-176.282
complex_359_Nova.pdb	-126.584
complex_35_Nova.pdb	-172.788
complex_360_Nova.pdb	-164.113
complex_361_Nova.pdb	-170.882
complex_362_Nova.pdb	-142.406
complex_363_Nova.pdb	-152.694
complex_364_Nova.pdb	-172.37
complex_365_Nova.pdb	-96.0127
complex_366_Nova.pdb	-193.618
complex_367_Nova.pdb	-151.819
complex_368_Nova.pdb	-164.131
complex_369_Nova.pdb	-111.627
complex_36_Nova.pdb	-148.936
complex_370_Nova.pdb	-181.659
complex_371_Nova.pdb	-175.522
complex_372_Nova.pdb	-155.061
complex_373_Nova.pdb	-142.354
complex_374_Nova.pdb	-140.632
complex_375_Nova.pdb	-185.246
complex_376_Nova.pdb	-103.576
complex_377_Nova.pdb	-140.063
complex_378_Nova.pdb	-150.816
complex_379_Nova.pdb	-126.324
complex_37_Nova.pdb	-150.504
complex_380_Nova.pdb	-112.962
complex_381_Nova.pdb	-141.255
complex_382_Nova.pdb	-146.236
complex_383_Nova.pdb	-142.402
complex_384_Nova.pdb	-98.6135
complex_385_Nova.pdb	-201.859
complex_386_Nova.pdb	-188.363
complex_387_Nova.pdb	-196.806
complex_388_Nova.pdb	-147.09
complex_389_Nova.pdb	-136.442
complex_38_Nova.pdb	-134.419
complex_390_Nova.pdb	-121.741
complex_391_Nova.pdb	-107.091
complex_392_Nova.pdb	-117.973
complex_393_Nova.pdb	-211.955
complex_394_Nova.pdb	-175.802
complex_395_Nova.pdb	-172.109
complex_396_Nova.pdb	-174.468
complex_397_Nova.pdb	-149.063
complex_398_Nova.pdb	-178.054
complex_399_Nova.pdb	-161.603
complex_39_Nova.pdb	-164.515
complex_3_Nova.pdb	-138.775
complex_400_Nova.pdb	-123.42
complex_401_Nova.pdb	-138.788
complex_402_Nova.pdb	-166.93
complex_403_Nova.pdb	-155.329
complex_404_Nova.pdb	-203.304
complex_405_Nova.pdb	-105.23
complex_406_Nova.pdb	-165.85
complex_407_Nova.pdb	-128.917
complex_408_Nova.pdb	-156.621
complex_409_Nova.pdb	-148.914
complex_40_Nova.pdb	-191.88
complex_410_Nova.pdb	-106.378
complex_411_Nova.pdb	-137.055
complex_412_Nova.pdb	-150.916
complex_413_Nova.pdb	-137.973
complex_414_Nova.pdb	-149.012
complex_415_Nova.pdb	-109.666
complex_416_Nova.pdb	-148.118
complex_417_Nova.pdb	-169.876
complex_418_Nova.pdb	-153.528
complex_419_Nova.pdb	-179.59
complex_41_Nova.pdb	-60.3007
complex_420_Nova.pdb	-127.502
complex_421_Nova.pdb	-198.841
complex_422_Nova.pdb	-144.219
complex_423_Nova.pdb	-143.4
complex_424_Nova.pdb	-142.219
complex_425_Nova.pdb	-83.693
complex_426_Nova.pdb	-145.16
complex_427_Nova.pdb	-176.775
complex_428_Nova.pdb	-164.954
complex_429_Nova.pdb	-157.344
complex_42_Nova.pdb	-148.064
complex_430_Nova.pdb	-175.208
complex_431_Nova.pdb	-165.133
complex_432_Nova.pdb	-190.788
complex_433_Nova.pdb	-173.859
complex_434_Nova.pdb	-182.541
complex_435_Nova.pdb	-167.941
complex_436_Nova.pdb	-152.549
complex_437_Nova.pdb	-161.579
complex_438_Nova.pdb	-112.368
complex_439_Nova.pdb	-165.297
complex_43_Nova.pdb	-151.269
complex_440_Nova.pdb	-117.98
complex_441_Nova.pdb	-163.721
complex_442_Nova.pdb	-144.746
complex_443_Nova.pdb	-151.948
complex_444_Nova.pdb	-123.107
complex_445_Nova.pdb	-136.115
complex_446_Nova.pdb	-151.839
complex_447_Nova.pdb	-185.351
complex_448_Nova.pdb	-161.117
complex_449_Nova.pdb	-158.295
complex_44_Nova.pdb	-162.513
complex_450_Nova.pdb	-129.389
complex_451_Nova.pdb	-118.233
complex_452_Nova.pdb	-173.536
complex_453_Nova.pdb	-175.733
complex_454_Nova.pdb	-108.862
complex_455_Nova.pdb	-123.35
complex_456_Nova.pdb	-155.235
complex_457_Nova.pdb	-123.213
complex_458_Nova.pdb	-139.339
complex_459_Nova.pdb	-125.397
complex_45_Nova.pdb	-158.033
complex_460_Nova.pdb	-140.86
complex_461_Nova.pdb	-177.73
complex_462_Nova.pdb	-72.366
complex_463_Nova.pdb	-137.936
complex_464_Nova.pdb	-186.712
complex_465_Nova.pdb	-178.878
complex_466_Nova.pdb	-122.28
complex_467_Nova.pdb	-118.41
complex_468_Nova.pdb	-198.746
complex_469_Nova.pdb	-158.097
complex_46_Nova.pdb	-158.387
complex_470_Nova.pdb	-161.253
complex_471_Nova.pdb	-108.761
complex_472_Nova.pdb	-104.931
complex_473_Nova.pdb	-139.306
complex_474_Nova.pdb	-119.999
complex_475_Nova.pdb	-177.314
complex_476_Nova.pdb	-178.646
complex_477_Nova.pdb	-85.6744
complex_478_Nova.pdb	-135.538
complex_479_Nova.pdb	-197.481
complex_47_Nova.pdb	-148.445
complex_480_Nova.pdb	-151.491
complex_481_Nova.pdb	-129.076
complex_482_Nova.pdb	-180.067
complex_483_Nova.pdb	-175.259
complex_484_Nova.pdb	-133.588
complex_485_Nova.pdb	-202.177
complex_486_Nova.pdb	-152.225
complex_487_Nova.pdb	-145.465
complex_488_Nova.pdb	-122.964
complex_489_Nova.pdb	-151.186
complex_48_Nova.pdb	-148.828
complex_490_Nova.pdb	-141.971
complex_491_Nova.pdb	-162.201
complex_492_Nova.pdb	-161.552
complex_493_Nova.pdb	-65.1094
complex_494_Nova.pdb	-151.718
complex_495_Nova.pdb	-170.545
complex_496_Nova.pdb	-101.723
complex_497_Nova.pdb	-203.639
complex_498_Nova.pdb	-138.909
complex_499_Nova.pdb	-153.614
complex_49_Nova.pdb	-159.213
complex_4_Nova.pdb	-215.189
complex_500_Nova.pdb	-123.672
complex_501_Nova.pdb	-164.764
complex_502_Nova.pdb	-123.254
complex_503_Nova.pdb	-112.623
complex_504_Nova.pdb	-154.479
complex_505_Nova.pdb	-156.729
complex_506_Nova.pdb	-153.507
complex_507_Nova.pdb	-135.389
complex_508_Nova.pdb	-105.766
complex_509_Nova.pdb	-132.536
complex_50_Nova.pdb	-174.219
complex_510_Nova.pdb	-181.803
complex_511_Nova.pdb	-160.873
complex_512_Nova.pdb	-153.926
complex_513_Nova.pdb	-144.555
complex_514_Nova.pdb	-156.03
complex_515_Nova.pdb	-159.967
complex_516_Nova.pdb	-156.748
complex_517_Nova.pdb	-155.229
complex_518_Nova.pdb	-121.066
complex_519_Nova.pdb	-107.442
complex_51_Nova.pdb	-205.563
complex_520_Nova.pdb	-173.039
complex_521_Nova.pdb	-163.659
complex_522_Nova.pdb	-196.062
complex_523_Nova.pdb	-174.742
complex_524_Nova.pdb	-142.075
complex_525_Nova.pdb	-161.246
complex_526_Nova.pdb	-144.932
complex_527_Nova.pdb	-144.522
complex_528_Nova.pdb	-127.352
complex_529_Nova.pdb	-112.308
complex_52_Nova.pdb	-151.188
complex_530_Nova.pdb	-178.116
complex_531_Nova.pdb	-91.2561
complex_532_Nova.pdb	-146.132
complex_533_Nova.pdb	-156.851
complex_534_Nova.pdb	-153.224
complex_535_Nova.pdb	-165.988
complex_536_Nova.pdb	-137.599
complex_537_Nova.pdb	-141.58
complex_538_Nova.pdb	-132.876
complex_539_Nova.pdb	-120.462
complex_53_Nova.pdb	-140.892
complex_540_Nova.pdb	-108.352
complex_541_Nova.pdb	-161.952
complex_542_Nova.pdb	-165.812
complex_543_Nova.pdb	-164.599
complex_544_Nova.pdb	-104.613
complex_545_Nova.pdb	-136.122
complex_546_Nova.pdb	-146.873
complex_547_Nova.pdb	-131.772
complex_548_Nova.pdb	-211.353
complex_549_Nova.pdb	-145.955
complex_54_Nova.pdb	-83.6775
complex_550_Nova.pdb	-205.89
complex_551_Nova.pdb	-142.96
complex_552_Nova.pdb	-193.674
complex_553_Nova.pdb	-111.032
complex_554_Nova.pdb	-156.748
complex_555_Nova.pdb	-160.8
complex_556_Nova.pdb	-93.7037
complex_557_Nova.pdb	-93.4211
complex_558_Nova.pdb	-169.9
complex_559_Nova.pdb	-136.505
complex_55_Nova.pdb	-141.657
complex_560_Nova.pdb	-162.803
complex_561_Nova.pdb	-146.884
complex_562_Nova.pdb	-128.71
complex_563_Nova.pdb	-85.9166
complex_564_Nova.pdb	-138.134
complex_565_Nova.pdb	-130.625
complex_566_Nova.pdb	-111.828
complex_567_Nova.pdb	-155.242
complex_568_Nova.pdb	-121.528
complex_569_Nova.pdb	-124.823
complex_56_Nova.pdb	-169.955
complex_570_Nova.pdb	-135.014
complex_571_Nova.pdb	-140.146
complex_572_Nova.pdb	-183.736
complex_573_Nova.pdb	-156.339
complex_574_Nova.pdb	-130.512
complex_575_Nova.pdb	-153.302
complex_576_Nova.pdb	-174.085
complex_577_Nova.pdb	-141.477
complex_578_Nova.pdb	-151.883
complex_579_Nova.pdb	-97.639
complex_57_Nova.pdb	-173.382
complex_580_Nova.pdb	-137.65
complex_581_Nova.pdb	-180.272
complex_582_Nova.pdb	-171.949
complex_583_Nova.pdb	-135.253
complex_584_Nova.pdb	-191.115
complex_585_Nova.pdb	-114.162
complex_586_Nova.pdb	-121.472
complex_587_Nova.pdb	-214.094
complex_588_Nova.pdb	-169.879
complex_589_Nova.pdb	-103.401
complex_58_Nova.pdb	-120.436
complex_590_Nova.pdb	-155.7
complex_591_Nova.pdb	-146.59
complex_592_Nova.pdb	-158.564
complex_593_Nova.pdb	-140.427
complex_594_Nova.pdb	-114.789
complex_595_Nova.pdb	-180.954
complex_596_Nova.pdb	-167.767
complex_597_Nova.pdb	-112.356
complex_598_Nova.pdb	-166.486
complex_599_Nova.pdb	-170.421
complex_59_Nova.pdb	-130.988
complex_5_Nova.pdb	-163.359
complex_600_Nova.pdb	-158.093
complex_601_Nova.pdb	-125.427
complex_602_Nova.pdb	-125.852
complex_603_Nova.pdb	-157.03
complex_604_Nova.pdb	-158.711
complex_605_Nova.pdb	-117.55
complex_606_Nova.pdb	-142.956
complex_607_Nova.pdb	-152.607
complex_608_Nova.pdb	-185.871
complex_609_Nova.pdb	-164.875
complex_60_Nova.pdb	-83.9353
complex_610_Nova.pdb	-108.689
complex_611_Nova.pdb	-75.9606
complex_612_Nova.pdb	-128.082
complex_613_Nova.pdb	-183.729
complex_614_Nova.pdb	-152.453
complex_615_Nova.pdb	-136.72
complex_616_Nova.pdb	-84.4591
complex_617_Nova.pdb	-126.197
complex_618_Nova.pdb	-125.207
complex_619_Nova.pdb	-131.322
complex_61_Nova.pdb	-161.016
complex_620_Nova.pdb	-154.444
complex_621_Nova.pdb	-175.906
complex_622_Nova.pdb	-113.673
complex_623_Nova.pdb	-194.162
complex_624_Nova.pdb	-161.642
complex_625_Nova.pdb	-176.867
complex_626_Nova.pdb	-134.72
complex_627_Nova.pdb	-137.889
complex_628_Nova.pdb	-149.621
complex_629_Nova.pdb	-139.632
complex_62_Nova.pdb	-149.152
complex_630_Nova.pdb	-145.152
complex_631_Nova.pdb	-150.596
complex_632_Nova.pdb	-142.919
complex_633_Nova.pdb	-178.266
complex_634_Nova.pdb	-150.221
complex_635_Nova.pdb	-165.472
complex_636_Nova.pdb	-93.2587
complex_637_Nova.pdb	-119.693
complex_638_Nova.pdb	-172.323
complex_639_Nova.pdb	-209.274
complex_63_Nova.pdb	-152.974
complex_640_Nova.pdb	-183.117
complex_641_Nova.pdb	-169.284
complex_642_Nova.pdb	-205.331
complex_643_Nova.pdb	-164.77
complex_644_Nova.pdb	-163.449
complex_645_Nova.pdb	-155.533
complex_646_Nova.pdb	-188.977
complex_647_Nova.pdb	-141.222
complex_648_Nova.pdb	-138.22
complex_649_Nova.pdb	-120.789
complex_64_Nova.pdb	-184.498
complex_650_Nova.pdb	-172.648
complex_651_Nova.pdb	-178.849
complex_652_Nova.pdb	-102.435
complex_653_Nova.pdb	-119.957
complex_654_Nova.pdb	-138.311
complex_655_Nova.pdb	-111.606
complex_656_Nova.pdb	-85.8695
complex_657_Nova.pdb	-118.036
complex_658_Nova.pdb	-180.273
complex_659_Nova.pdb	-141.667
complex_65_Nova.pdb	-167.836
complex_660_Nova.pdb	-81.6882
complex_661_Nova.pdb	-157.195
complex_662_Nova.pdb	-163.518
complex_663_Nova.pdb	-162.087
complex_664_Nova.pdb	-134.652
complex_665_Nova.pdb	-154.911
complex_666_Nova.pdb	-199.344
complex_667_Nova.pdb	-155.645
complex_668_Nova.pdb	-135.104
complex_669_Nova.pdb	-118.835
complex_66_Nova.pdb	-170.016
complex_670_Nova.pdb	-146.269
complex_671_Nova.pdb	-139.631
complex_672_Nova.pdb	-159.432
complex_673_Nova.pdb	-156.532
complex_674_Nova.pdb	-123.079
complex_675_Nova.pdb	-152.097
complex_676_Nova.pdb	-133.379
complex_677_Nova.pdb	-112.999
complex_678_Nova.pdb	-184.248
complex_679_Nova.pdb	-184.711
complex_67_Nova.pdb	-75.9375
complex_680_Nova.pdb	-152.556
complex_681_Nova.pdb	-119.217
complex_682_Nova.pdb	-127.011
complex_683_Nova.pdb	-142.304
complex_684_Nova.pdb	-136.753
complex_685_Nova.pdb	-122.037
complex_686_Nova.pdb	-122.594
complex_687_Nova.pdb	-146.225
complex_688_Nova.pdb	-205.356
complex_689_Nova.pdb	-170.801
complex_68_Nova.pdb	-136.558
complex_690_Nova.pdb	-202.873
complex_691_Nova.pdb	-139.145
complex_692_Nova.pdb	-130.719
complex_693_Nova.pdb	-134.064
complex_694_Nova.pdb	-142.824
complex_695_Nova.pdb	-97.1561
complex_696_Nova.pdb	-133.936
complex_697_Nova.pdb	-126.82
complex_698_Nova.pdb	-126.006
complex_699_Nova.pdb	-160.383
complex_69_Nova.pdb	-141.246
complex_6_Nova.pdb	-101.498
complex_700_Nova.pdb	-188.07
complex_701_Nova.pdb	-108.969
complex_702_Nova.pdb	-104.323
complex_703_Nova.pdb	-134.226
complex_704_Nova.pdb	-106.609
complex_705_Nova.pdb	-108.306
complex_706_Nova.pdb	-177.674
complex_707_Nova.pdb	-173.221
complex_708_Nova.pdb	-143.869
complex_709_Nova.pdb	-153.263
complex_70_Nova.pdb	-140.108
complex_710_Nova.pdb	-154.688
complex_711_Nova.pdb	-117.664
complex_712_Nova.pdb	-81.0801
complex_713_Nova.pdb	-137.663
complex_714_Nova.pdb	-149.804
complex_715_Nova.pdb	-139.776
complex_716_Nova.pdb	-102.209
complex_717_Nova.pdb	-177.134
complex_718_Nova.pdb	-203.019
complex_719_Nova.pdb	-158.986
complex_71_Nova.pdb	-161.369
complex_720_Nova.pdb	-155.485
complex_721_Nova.pdb	-109.105
complex_722_Nova.pdb	-165.982
complex_723_Nova.pdb	-160.695
complex_724_Nova.pdb	-153.414
complex_725_Nova.pdb	-115.783
complex_726_Nova.pdb	-112.689
complex_727_Nova.pdb	-161.143
complex_728_Nova.pdb	-159.271
complex_729_Nova.pdb	-158.381
complex_72_Nova.pdb	-200.194
complex_730_Nova.pdb	-120.258
complex_731_Nova.pdb	-77.2369
complex_732_Nova.pdb	-130.699
complex_733_Nova.pdb	-167.485
complex_734_Nova.pdb	-165.228
complex_735_Nova.pdb	-148.857
complex_736_Nova.pdb	-142.778
complex_737_Nova.pdb	-147.982
complex_738_Nova.pdb	-135.065
complex_739_Nova.pdb	-114.168
complex_73_Nova.pdb	-142.72
complex_740_Nova.pdb	-147.337
complex_741_Nova.pdb	-175.545
complex_742_Nova.pdb	-169.434
complex_743_Nova.pdb	-137.147
complex_744_Nova.pdb	-186.829
complex_745_Nova.pdb	-135.503
complex_746_Nova.pdb	-171.019
complex_747_Nova.pdb	-176.316
complex_748_Nova.pdb	-154.369
complex_749_Nova.pdb	-150.56
complex_74_Nova.pdb	-160.603
complex_750_Nova.pdb	-145.894
complex_751_Nova.pdb	-151.14
complex_752_Nova.pdb	-136.552
complex_753_Nova.pdb	-151.097
complex_754_Nova.pdb	-134.705
complex_755_Nova.pdb	-158.197
complex_756_Nova.pdb	-172.612
complex_757_Nova.pdb	-147.351
complex_758_Nova.pdb	-120.133
complex_759_Nova.pdb	-145.944
complex_75_Nova.pdb	-147.904
complex_760_Nova.pdb	-107.515
complex_761_Nova.pdb	-174.227
complex_762_Nova.pdb	-163.06
complex_763_Nova.pdb	-145.948
complex_764_Nova.pdb	-171.591
complex_765_Nova.pdb	-95.3698
complex_766_Nova.pdb	-170.301
complex_767_Nova.pdb	-138.395
complex_768_Nova.pdb	-118.55
complex_769_Nova.pdb	-115.831
complex_76_Nova.pdb	-160.433
complex_770_Nova.pdb	-169.799
complex_771_Nova.pdb	-168.819
complex_772_Nova.pdb	-134.249
complex_773_Nova.pdb	-137.613
complex_774_Nova.pdb	-206.477
complex_775_Nova.pdb	-119.69
complex_776_Nova.pdb	-169.494
complex_777_Nova.pdb	-102.134
complex_778_Nova.pdb	-123.077
complex_779_Nova.pdb	-175.911
complex_77_Nova.pdb	-158.042
complex_780_Nova.pdb	-164.147
complex_781_Nova.pdb	-137.325
complex_782_Nova.pdb	-120.625
complex_783_Nova.pdb	-151.557
complex_784_Nova.pdb	-175.144
complex_785_Nova.pdb	-184.206
complex_786_Nova.pdb	-133.686
complex_787_Nova.pdb	-124.084
complex_788_Nova.pdb	-131.535
complex_789_Nova.pdb	-209.613
complex_78_Nova.pdb	-185.654
complex_790_Nova.pdb	-144.251
complex_791_Nova.pdb	-144.394
complex_792_Nova.pdb	-145.221
complex_793_Nova.pdb	-167.123
complex_794_Nova.pdb	-116.555
complex_795_Nova.pdb	-102.377
complex_796_Nova.pdb	-181.039
complex_797_Nova.pdb	-84.9367
complex_798_Nova.pdb	-197.552
complex_799_Nova.pdb	-117.092
complex_79_Nova.pdb	-160.582
complex_7_Nova.pdb	-175.75
complex_800_Nova.pdb	-176.608
complex_801_Nova.pdb	-142.695
complex_802_Nova.pdb	-187.888
complex_803_Nova.pdb	-97.1126
complex_804_Nova.pdb	-206.444
complex_805_Nova.pdb	-153.797
complex_806_Nova.pdb	-110.09
complex_807_Nova.pdb	-140.083
complex_808_Nova.pdb	-80.6309
complex_809_Nova.pdb	-180.609
complex_80_Nova.pdb	-91.0242
complex_810_Nova.pdb	-140.617
complex_811_Nova.pdb	-170.179
complex_812_Nova.pdb	-113.217
complex_813_Nova.pdb	-118.444
complex_814_Nova.pdb	-157.886
complex_815_Nova.pdb	-110.843
complex_816_Nova.pdb	-149.793
complex_817_Nova.pdb	-160.627
complex_818_Nova.pdb	-176.393
complex_819_Nova.pdb	-144.66
complex_81_Nova.pdb	-176.882
complex_820_Nova.pdb	-118.523
complex_821_Nova.pdb	-101.081
complex_822_Nova.pdb	-149.331
complex_823_Nova.pdb	-125.145
complex_824_Nova.pdb	-123.803
complex_825_Nova.pdb	-128.892
complex_826_Nova.pdb	-170.776
complex_827_Nova.pdb	-161.363
complex_828_Nova.pdb	-89.1166
complex_829_Nova.pdb	-100.356
complex_82_Nova.pdb	-203.624
complex_830_Nova.pdb	-92.52
complex_831_Nova.pdb	-141.488
complex_832_Nova.pdb	-185.115
complex_833_Nova.pdb	-156.605
complex_834_Nova.pdb	-122.621
complex_835_Nova.pdb	-186.339
complex_836_Nova.pdb	-101.425
complex_837_Nova.pdb	-147.624
complex_838_Nova.pdb	-148.151
complex_839_Nova.pdb	-180.389
complex_83_Nova.pdb	-144.871
complex_840_Nova.pdb	-152.324
complex_841_Nova.pdb	-158.233
complex_842_Nova.pdb	-178.993
complex_843_Nova.pdb	-142.865
complex_844_Nova.pdb	-187.2
complex_845_Nova.pdb	-131.789
complex_846_Nova.pdb	-153.926
complex_847_Nova.pdb	-151.169
complex_848_Nova.pdb	-151.913
complex_849_Nova.pdb	-141.002
complex_84_Nova.pdb	-167.715
complex_850_Nova.pdb	-91.8045
complex_851_Nova.pdb	-188.768
complex_852_Nova.pdb	-150.257
complex_853_Nova.pdb	-140.304
complex_854_Nova.pdb	-195.983
complex_855_Nova.pdb	-175.088
complex_856_Nova.pdb	-142.524
complex_857_Nova.pdb	-157.358
complex_858_Nova.pdb	-193.748
complex_859_Nova.pdb	-124.319
complex_85_Nova.pdb	-100.86
complex_860_Nova.pdb	-103.774
complex_861_Nova.pdb	-166.302
complex_862_Nova.pdb	-191.57
complex_863_Nova.pdb	-146.567
complex_864_Nova.pdb	-160.08
complex_865_Nova.pdb	-154.582
complex_866_Nova.pdb	-180.736
complex_867_Nova.pdb	-111.451
complex_868_Nova.pdb	-137.408
complex_869_Nova.pdb	-148.983
complex_86_Nova.pdb	-168.49
complex_870_Nova.pdb	-161.885
complex_871_Nova.pdb	-123.608
complex_872_Nova.pdb	-143.325
complex_873_Nova.pdb	-135.694
complex_874_Nova.pdb	-155.59
complex_875_Nova.pdb	-156.089
complex_876_Nova.pdb	-150.582
complex_877_Nova.pdb	-157.996
complex_878_Nova.pdb	-169.012
complex_879_Nova.pdb	-187.314
complex_87_Nova.pdb	-125.216
complex_880_Nova.pdb	-168.168
complex_881_Nova.pdb	-143.374
complex_882_Nova.pdb	-136.775
complex_883_Nova.pdb	-159.266
complex_884_Nova.pdb	-141.342
complex_885_Nova.pdb	-137.27
complex_886_Nova.pdb	-80.6564
complex_887_Nova.pdb	-128.862
complex_888_Nova.pdb	-169.234
complex_889_Nova.pdb	-102.763
complex_88_Nova.pdb	-175.446
complex_890_Nova.pdb	-157.923
complex_891_Nova.pdb	-130.962
complex_892_Nova.pdb	-122.7
complex_893_Nova.pdb	-158.043
complex_894_Nova.pdb	-155.728
complex_895_Nova.pdb	-143.231
complex_896_Nova.pdb	-154.865
complex_897_Nova.pdb	-145.426
complex_898_Nova.pdb	-170.589
complex_899_Nova.pdb	-138.611
complex_89_Nova.pdb	-152.784
complex_8_Nova.pdb	-211.011
complex_900_Nova.pdb	-172.941
complex_901_Nova.pdb	-214.837
complex_902_Nova.pdb	-145.382
complex_903_Nova.pdb	-154.945
complex_904_Nova.pdb	-139.542
complex_905_Nova.pdb	-135.767
complex_906_Nova.pdb	-196.438
complex_907_Nova.pdb	-134.594
complex_908_Nova.pdb	-134.368
complex_909_Nova.pdb	-143.005
complex_90_Nova.pdb	-67.4477
complex_910_Nova.pdb	-116.971
complex_911_Nova.pdb	-127.787
complex_912_Nova.pdb	-140.229
complex_913_Nova.pdb	-170.365
complex_914_Nova.pdb	-149.444
complex_915_Nova.pdb	-127.952
complex_916_Nova.pdb	-133.556
complex_917_Nova.pdb	-135.694
complex_918_Nova.pdb	-131.278
complex_919_Nova.pdb	-89.7994
complex_91_Nova.pdb	-141.544
complex_920_Nova.pdb	-173.499
complex_921_Nova.pdb	-155.073
complex_922_Nova.pdb	-113.853
complex_923_Nova.pdb	-130.541
complex_924_Nova.pdb	-174.357
complex_925_Nova.pdb	-171.872
complex_926_Nova.pdb	-145.726
complex_927_Nova.pdb	-163.316
complex_928_Nova.pdb	-163.699
complex_929_Nova.pdb	-125.29
complex_92_Nova.pdb	-143.353
complex_930_Nova.pdb	-147.746
complex_931_Nova.pdb	-100.271
complex_932_Nova.pdb	-175.674
complex_933_Nova.pdb	-178.814
complex_934_Nova.pdb	-134.969
complex_935_Nova.pdb	-150.385
complex_936_Nova.pdb	-169.817
complex_937_Nova.pdb	-150.998
complex_938_Nova.pdb	-155.775
complex_939_Nova.pdb	-160.8
complex_93_Nova.pdb	-68.0036
complex_940_Nova.pdb	-149.399
complex_941_Nova.pdb	-189.388
complex_942_Nova.pdb	-187.802
complex_943_Nova.pdb	-215.125
complex_944_Nova.pdb	-158.707
complex_945_Nova.pdb	-134.513
complex_946_Nova.pdb	-145.86
complex_947_Nova.pdb	-163.572
complex_948_Nova.pdb	-86.9468
complex_949_Nova.pdb	-155.513
complex_94_Nova.pdb	-182.88
complex_950_Nova.pdb	-163.308
complex_951_Nova.pdb	-123.449
complex_952_Nova.pdb	-170.027
complex_953_Nova.pdb	-127.186
complex_954_Nova.pdb	-198.834
complex_955_Nova.pdb	-143.637
complex_956_Nova.pdb	-177.287
complex_957_Nova.pdb	-153.124
complex_958_Nova.pdb	-177.109
complex_959_Nova.pdb	-192.333
complex_95_Nova.pdb	-163.159
complex_960_Nova.pdb	-136.579
complex_961_Nova.pdb	-150.349
complex_962_Nova.pdb	-157.776
complex_963_Nova.pdb	-217.885
complex_964_Nova.pdb	-200.87
complex_965_Nova.pdb	-199.662
complex_966_Nova.pdb	-111.694
complex_967_Nova.pdb	-105.003
complex_968_Nova.pdb	-155.094
complex_969_Nova.pdb	-163.815
complex_96_Nova.pdb	-174.101
complex_970_Nova.pdb	-123.955
complex_971_Nova.pdb	-124.306
complex_972_Nova.pdb	-135.638
complex_973_Nova.pdb	-107.866
complex_974_Nova.pdb	-125.548
complex_975_Nova.pdb	-107.501
complex_976_Nova.pdb	-188.682
complex_977_Nova.pdb	-123.316
complex_978_Nova.pdb	-105.865
complex_979_Nova.pdb	-152.973
complex_97_Nova.pdb	-91.3048
complex_980_Nova.pdb	-144.869
complex_981_Nova.pdb	-148.591
complex_982_Nova.pdb	-201.34
complex_983_Nova.pdb	-173.372
complex_984_Nova.pdb	-147.909
complex_985_Nova.pdb	-187.146
complex_986_Nova.pdb	-163.274
complex_987_Nova.pdb	-125.766
complex_988_Nova.pdb	-143.171
complex_989_Nova.pdb	-147.202
complex_98_Nova.pdb	-132.006
complex_990_Nova.pdb	-115.804
complex_991_Nova.pdb	-205.73
complex_992_Nova.pdb	-143.054
complex_993_Nova.pdb	-82.1944
complex_994_Nova.pdb	-185.722
complex_995_Nova.pdb	-147.47
complex_996_Nova.pdb	-116.885
complex_997_Nova.pdb	-140.994
complex_998_Nova.pdb	-205.926
complex_999_Nova.pdb	-191.987
complex_99_Nova.pdb	-83.4958
complex_9_Nova.pdb	-81.6248
