complex_1000_Nova.pdb	-161.961
complex_1001_Nova.pdb	-153.934
complex_1002_Nova.pdb	-105.037
complex_1003_Nova.pdb	-151.667
complex_1004_Nova.pdb	-138.731
complex_1005_Nova.pdb	-123.286
complex_1006_Nova.pdb	-148.864
complex_1007_Nova.pdb	-141.327
complex_1008_Nova.pdb	-139.177
complex_1009_Nova.pdb	-170.071
complex_100_Nova.pdb	-245.021
complex_1010_Nova.pdb	-154.475
complex_1011_Nova.pdb	-102.922
complex_1012_Nova.pdb	-106.001
complex_1013_Nova.pdb	-157.611
complex_1014_Nova.pdb	-177.434
complex_1015_Nova.pdb	-163.566
complex_1016_Nova.pdb	-157.065
complex_1017_Nova.pdb	-124.026
complex_1018_Nova.pdb	-113
complex_1019_Nova.pdb	-150.294
complex_101_Nova.pdb	-191.557
complex_1020_Nova.pdb	-141.971
complex_1021_Nova.pdb	-143.644
complex_1022_Nova.pdb	-149.954
complex_1023_Nova.pdb	-143.642
complex_1024_Nova.pdb	-106.433
complex_1025_Nova.pdb	-116.212
complex_1026_Nova.pdb	-114.787
complex_1027_Nova.pdb	-176.8
complex_1028_Nova.pdb	-152.38
complex_1029_Nova.pdb	-128.623
complex_102_Nova.pdb	-175.627
complex_1030_Nova.pdb	-144.848
complex_1031_Nova.pdb	-134.831
complex_1032_Nova.pdb	-160.416
complex_1033_Nova.pdb	-169.506
complex_1034_Nova.pdb	-127.781
complex_1035_Nova.pdb	-182.126
complex_1036_Nova.pdb	-180.507
complex_1037_Nova.pdb	-184.923
complex_1038_Nova.pdb	-157.976
complex_1039_Nova.pdb	-107.176
complex_103_Nova.pdb	-205.319
complex_1040_Nova.pdb	-149.418
complex_1041_Nova.pdb	-262.008
complex_1042_Nova.pdb	-199.953
complex_1043_Nova.pdb	-202.022
complex_1044_Nova.pdb	-123.553
complex_1045_Nova.pdb	-151.21
complex_1046_Nova.pdb	-212.027
complex_1047_Nova.pdb	-153.274
complex_1048_Nova.pdb	-172.706
complex_1049_Nova.pdb	-151.81
complex_104_Nova.pdb	-113.311
complex_1050_Nova.pdb	-125.634
complex_1051_Nova.pdb	-204.815
complex_1052_Nova.pdb	-117.871
complex_1053_Nova.pdb	-148.302
complex_1054_Nova.pdb	-151.675
complex_1055_Nova.pdb	-181.09
complex_1056_Nova.pdb	-155.455
complex_1057_Nova.pdb	-105.155
complex_1058_Nova.pdb	-125.243
complex_1059_Nova.pdb	-131.353
complex_105_Nova.pdb	-217.041
complex_1060_Nova.pdb	-158.063
complex_1061_Nova.pdb	-151.409
complex_1062_Nova.pdb	-156.529
complex_1063_Nova.pdb	-116.578
complex_1064_Nova.pdb	-194.487
complex_1065_Nova.pdb	-154.116
complex_1066_Nova.pdb	-110.701
complex_1067_Nova.pdb	-166.544
complex_1068_Nova.pdb	-159.751
complex_1069_Nova.pdb	-145.291
complex_106_Nova.pdb	-141.696
complex_1070_Nova.pdb	-163.079
complex_1071_Nova.pdb	-185.582
complex_1072_Nova.pdb	-181.89
complex_1073_Nova.pdb	-105.251
complex_1074_Nova.pdb	-200.879
complex_1075_Nova.pdb	-124.648
complex_1076_Nova.pdb	-175.267
complex_1077_Nova.pdb	-157.114
complex_1078_Nova.pdb	-161.242
complex_1079_Nova.pdb	-131.26
complex_107_Nova.pdb	-177.409
complex_1080_Nova.pdb	-258.15
complex_1081_Nova.pdb	-199.62
complex_1082_Nova.pdb	-153.899
complex_1083_Nova.pdb	-211.114
complex_1084_Nova.pdb	-159.433
complex_1085_Nova.pdb	-168.125
complex_1086_Nova.pdb	-159.477
complex_1087_Nova.pdb	-181.2
complex_1088_Nova.pdb	-217.42
complex_1089_Nova.pdb	-151.439
complex_108_Nova.pdb	-188.009
complex_1090_Nova.pdb	-132.561
complex_1091_Nova.pdb	-162.801
complex_1092_Nova.pdb	-107.728
complex_1093_Nova.pdb	-172.69
complex_1094_Nova.pdb	-205.036
complex_1095_Nova.pdb	-129.792
complex_1096_Nova.pdb	-109.434
complex_1097_Nova.pdb	-179.015
complex_1098_Nova.pdb	-141.823
complex_1099_Nova.pdb	-119.361
complex_109_Nova.pdb	-194.827
complex_10_Nova.pdb	-151.81
complex_1100_Nova.pdb	-204.844
complex_1101_Nova.pdb	-154.971
complex_1102_Nova.pdb	-156.804
complex_1103_Nova.pdb	-160.202
complex_1104_Nova.pdb	-103.681
complex_1105_Nova.pdb	-135.313
complex_1106_Nova.pdb	-144.099
complex_1107_Nova.pdb	-151.253
complex_1108_Nova.pdb	-140.266
complex_1109_Nova.pdb	-104.771
complex_110_Nova.pdb	-231.305
complex_1110_Nova.pdb	-122.983
complex_1111_Nova.pdb	-139.704
complex_1112_Nova.pdb	-86.7255
complex_1113_Nova.pdb	-184.002
complex_1114_Nova.pdb	-138.161
complex_1115_Nova.pdb	-123.355
complex_1116_Nova.pdb	-125.978
complex_1117_Nova.pdb	-138.439
complex_1118_Nova.pdb	-92.6392
complex_1119_Nova.pdb	-144.495
complex_111_Nova.pdb	-131.73
complex_1120_Nova.pdb	-137.594
complex_1121_Nova.pdb	-162.981
complex_1122_Nova.pdb	-202.174
complex_1123_Nova.pdb	-148.906
complex_1124_Nova.pdb	-208.08
complex_1125_Nova.pdb	-194.277
complex_1126_Nova.pdb	-118.437
complex_1127_Nova.pdb	-194.977
complex_1128_Nova.pdb	-203.653
complex_1129_Nova.pdb	-199.441
complex_112_Nova.pdb	-251.862
complex_1130_Nova.pdb	-154.752
complex_1131_Nova.pdb	-117.539
complex_1132_Nova.pdb	-209.674
complex_1133_Nova.pdb	-136.076
complex_1134_Nova.pdb	-170.259
complex_1135_Nova.pdb	-205.049
complex_1136_Nova.pdb	-144.979
complex_1137_Nova.pdb	-132.982
complex_1138_Nova.pdb	-167.041
complex_1139_Nova.pdb	-169.194
complex_113_Nova.pdb	-149.017
complex_1140_Nova.pdb	-140.03
complex_1141_Nova.pdb	-250.339
complex_1142_Nova.pdb	-181.575
complex_1143_Nova.pdb	-138.088
complex_1144_Nova.pdb	-117.246
complex_1145_Nova.pdb	-118.417
complex_1146_Nova.pdb	-181.682
complex_1147_Nova.pdb	-109.148
complex_1148_Nova.pdb	-154.922
complex_1149_Nova.pdb	-190.387
complex_114_Nova.pdb	-162.369
complex_1150_Nova.pdb	-143.327
complex_1151_Nova.pdb	-205.19
complex_1152_Nova.pdb	-129.598
complex_1153_Nova.pdb	-133.321
complex_1154_Nova.pdb	-148.91
complex_1155_Nova.pdb	-138.205
complex_1156_Nova.pdb	-156.331
complex_1157_Nova.pdb	-153.165
complex_1158_Nova.pdb	-175.72
complex_1159_Nova.pdb	-154.133
complex_115_Nova.pdb	-154.236
complex_1160_Nova.pdb	-171.606
complex_1161_Nova.pdb	-160.611
complex_1162_Nova.pdb	-180.228
complex_1163_Nova.pdb	-146.128
complex_1164_Nova.pdb	-193.975
complex_1165_Nova.pdb	-131.412
complex_1166_Nova.pdb	-135.672
complex_1167_Nova.pdb	-172.862
complex_1168_Nova.pdb	-177.997
complex_1169_Nova.pdb	-288.481
complex_116_Nova.pdb	-176.007
complex_1170_Nova.pdb	-158.045
complex_1171_Nova.pdb	-163.125
complex_1172_Nova.pdb	-178.277
complex_1173_Nova.pdb	-154.031
complex_1174_Nova.pdb	-103.669
complex_1175_Nova.pdb	-120.017
complex_1176_Nova.pdb	-137.421
complex_1177_Nova.pdb	-242.789
complex_1178_Nova.pdb	-107.139
complex_1179_Nova.pdb	-117.447
complex_117_Nova.pdb	-126.201
complex_1180_Nova.pdb	-135.072
complex_1181_Nova.pdb	-203.274
complex_1182_Nova.pdb	-231.603
complex_1183_Nova.pdb	-128.419
complex_1184_Nova.pdb	-164.645
complex_1185_Nova.pdb	-105.285
complex_1186_Nova.pdb	-112.389
complex_1187_Nova.pdb	-226.843
complex_1188_Nova.pdb	-166.026
complex_1189_Nova.pdb	-149.317
complex_118_Nova.pdb	-237.682
complex_1190_Nova.pdb	-141.132
complex_1191_Nova.pdb	-112.52
complex_1192_Nova.pdb	-137.424
complex_1193_Nova.pdb	-151.551
complex_1194_Nova.pdb	-189.646
complex_1195_Nova.pdb	-142.215
complex_1196_Nova.pdb	-150.387
complex_1197_Nova.pdb	-183.46
complex_1198_Nova.pdb	-136.415
complex_1199_Nova.pdb	-169.047
complex_119_Nova.pdb	-257.14
complex_11_Nova.pdb	-233.232
complex_1200_Nova.pdb	-182.521
complex_1201_Nova.pdb	-136.516
complex_1202_Nova.pdb	-119.096
complex_1203_Nova.pdb	-137.201
complex_1204_Nova.pdb	-159.141
complex_1205_Nova.pdb	-157.534
complex_1206_Nova.pdb	-131.529
complex_1207_Nova.pdb	-137.768
complex_1208_Nova.pdb	-206.886
complex_1209_Nova.pdb	-145.395
complex_120_Nova.pdb	-192.436
complex_1210_Nova.pdb	-144.35
complex_1211_Nova.pdb	-154.791
complex_1212_Nova.pdb	-176.585
complex_1213_Nova.pdb	-142.256
complex_1214_Nova.pdb	-175.073
complex_1215_Nova.pdb	-173.744
complex_1216_Nova.pdb	-92.886
complex_1217_Nova.pdb	-113.624
complex_1218_Nova.pdb	-134.1
complex_1219_Nova.pdb	-128.839
complex_121_Nova.pdb	-186.813
complex_1220_Nova.pdb	-152.15
complex_1221_Nova.pdb	-169.356
complex_1222_Nova.pdb	-175.216
complex_1223_Nova.pdb	-119.964
complex_1224_Nova.pdb	-156.193
complex_1225_Nova.pdb	-198.312
complex_1226_Nova.pdb	-168.717
complex_1227_Nova.pdb	-153.468
complex_1228_Nova.pdb	-138.849
complex_1229_Nova.pdb	-114.401
complex_122_Nova.pdb	-121.18
complex_1230_Nova.pdb	-103.209
complex_1231_Nova.pdb	-153.34
complex_1232_Nova.pdb	-146.59
complex_1233_Nova.pdb	-158.057
complex_1234_Nova.pdb	-205.92
complex_1235_Nova.pdb	-129.666
complex_1236_Nova.pdb	-179.293
complex_1237_Nova.pdb	-121.315
complex_1238_Nova.pdb	-151.529
complex_1239_Nova.pdb	-165.124
complex_123_Nova.pdb	-131.926
complex_1240_Nova.pdb	-137.406
complex_1241_Nova.pdb	-238.697
complex_1242_Nova.pdb	-192.152
complex_1243_Nova.pdb	-225.855
complex_1244_Nova.pdb	-152.363
complex_1245_Nova.pdb	-172.745
complex_1246_Nova.pdb	-216.366
complex_1247_Nova.pdb	-116.332
complex_1248_Nova.pdb	-115.631
complex_1249_Nova.pdb	-172.924
complex_124_Nova.pdb	-176.006
complex_1250_Nova.pdb	-144.397
complex_1251_Nova.pdb	-216.763
complex_1252_Nova.pdb	-154.181
complex_1253_Nova.pdb	-117.71
complex_1254_Nova.pdb	-139.538
complex_1255_Nova.pdb	-100.427
complex_1256_Nova.pdb	-220.443
complex_1257_Nova.pdb	-194.598
complex_1258_Nova.pdb	-208.117
complex_1259_Nova.pdb	-105.964
complex_125_Nova.pdb	-206.097
complex_1260_Nova.pdb	-138.321
complex_1261_Nova.pdb	-188.826
complex_1262_Nova.pdb	-215.439
complex_1263_Nova.pdb	-125.553
complex_1264_Nova.pdb	-95.2635
complex_1265_Nova.pdb	-150.808
complex_1266_Nova.pdb	-125.636
complex_1267_Nova.pdb	-198.951
complex_1268_Nova.pdb	-244.56
complex_1269_Nova.pdb	-166.81
complex_126_Nova.pdb	-164.3
complex_1270_Nova.pdb	-164.861
complex_1271_Nova.pdb	-126.657
complex_1272_Nova.pdb	-196.939
complex_1273_Nova.pdb	-196.951
complex_1274_Nova.pdb	-147.249
complex_1275_Nova.pdb	-239.332
complex_1276_Nova.pdb	-123.089
complex_1277_Nova.pdb	-207.166
complex_1278_Nova.pdb	-140.789
complex_1279_Nova.pdb	-132.795
complex_127_Nova.pdb	-246.791
complex_1280_Nova.pdb	-170.473
complex_1281_Nova.pdb	-157.897
complex_1282_Nova.pdb	-197.217
complex_1283_Nova.pdb	-158.972
complex_1284_Nova.pdb	-98.3839
complex_1285_Nova.pdb	-137.464
complex_1286_Nova.pdb	-164.105
complex_1287_Nova.pdb	-128.773
complex_1288_Nova.pdb	-146.928
complex_1289_Nova.pdb	-98.0817
complex_128_Nova.pdb	-245.871
complex_1290_Nova.pdb	-149.459
complex_1291_Nova.pdb	-108.858
complex_1292_Nova.pdb	-158.071
complex_1293_Nova.pdb	-103.386
complex_1294_Nova.pdb	-166.331
complex_1295_Nova.pdb	-203.123
complex_1296_Nova.pdb	-163.268
complex_1297_Nova.pdb	-115.421
complex_1298_Nova.pdb	-150.598
complex_1299_Nova.pdb	-126.001
complex_129_Nova.pdb	-157.517
complex_12_Nova.pdb	-145.96
complex_1300_Nova.pdb	-155.911
complex_1301_Nova.pdb	-144.65
complex_1302_Nova.pdb	-217.938
complex_1303_Nova.pdb	-183.974
complex_1304_Nova.pdb	-165.818
complex_1305_Nova.pdb	-147.287
complex_1306_Nova.pdb	-123.434
complex_1307_Nova.pdb	-179.878
complex_1308_Nova.pdb	-176.511
complex_1309_Nova.pdb	-183.313
complex_130_Nova.pdb	-141.03
complex_1310_Nova.pdb	-158.354
complex_1311_Nova.pdb	-171.416
complex_1312_Nova.pdb	-119.951
complex_1313_Nova.pdb	-106.458
complex_1314_Nova.pdb	-161.646
complex_1315_Nova.pdb	-100.802
complex_1316_Nova.pdb	-136.278
complex_1317_Nova.pdb	-133.367
complex_1318_Nova.pdb	-132.985
complex_1319_Nova.pdb	-155.542
complex_131_Nova.pdb	-165.745
complex_1320_Nova.pdb	-161.553
complex_1321_Nova.pdb	-177.579
complex_1322_Nova.pdb	-117.94
complex_1323_Nova.pdb	-125.706
complex_1324_Nova.pdb	-137.112
complex_1325_Nova.pdb	-137.017
complex_1326_Nova.pdb	-171.918
complex_1327_Nova.pdb	-131.845
complex_1328_Nova.pdb	-153.537
complex_1329_Nova.pdb	-234
complex_132_Nova.pdb	-191.474
complex_1330_Nova.pdb	-150.837
complex_1331_Nova.pdb	-155.151
complex_1332_Nova.pdb	-143.619
complex_1333_Nova.pdb	-166.086
complex_1334_Nova.pdb	-126.341
complex_1335_Nova.pdb	-93.1194
complex_1336_Nova.pdb	-182.768
complex_1337_Nova.pdb	-161.471
complex_1338_Nova.pdb	-95.5398
complex_1339_Nova.pdb	-183.572
complex_133_Nova.pdb	-129.393
complex_1340_Nova.pdb	-162.536
complex_1341_Nova.pdb	-204.663
complex_1342_Nova.pdb	-173.03
complex_1343_Nova.pdb	-153.807
complex_1344_Nova.pdb	-139.607
complex_1345_Nova.pdb	-186.933
complex_1346_Nova.pdb	-121.516
complex_1347_Nova.pdb	-119.102
complex_1348_Nova.pdb	-127.859
complex_1349_Nova.pdb	-152.911
complex_134_Nova.pdb	-192.03
complex_1350_Nova.pdb	-110.551
complex_1351_Nova.pdb	-183.297
complex_1352_Nova.pdb	-123.986
complex_1353_Nova.pdb	-144.675
complex_1354_Nova.pdb	-169.501
complex_1355_Nova.pdb	-137.329
complex_1356_Nova.pdb	-117.177
complex_1357_Nova.pdb	-163.949
complex_1358_Nova.pdb	-137.308
complex_1359_Nova.pdb	-147.544
complex_135_Nova.pdb	-193.178
complex_1360_Nova.pdb	-164.96
complex_1361_Nova.pdb	-165.525
complex_1362_Nova.pdb	-147.286
complex_1363_Nova.pdb	-178.489
complex_1364_Nova.pdb	-138.836
complex_1365_Nova.pdb	-120.004
complex_1366_Nova.pdb	-157.108
complex_1367_Nova.pdb	-150.282
complex_1368_Nova.pdb	-144.709
complex_1369_Nova.pdb	-214.904
complex_136_Nova.pdb	-128.402
complex_1370_Nova.pdb	-105.492
complex_1371_Nova.pdb	-149.049
complex_1372_Nova.pdb	-177.83
complex_1373_Nova.pdb	-188.513
complex_1374_Nova.pdb	-176.189
complex_1375_Nova.pdb	-168.39
complex_1376_Nova.pdb	-123.813
complex_1377_Nova.pdb	-176.901
complex_1378_Nova.pdb	-102.221
complex_1379_Nova.pdb	-85.6369
complex_137_Nova.pdb	-151.805
complex_1380_Nova.pdb	-208.655
complex_1381_Nova.pdb	-119.694
complex_1382_Nova.pdb	-139.905
complex_1383_Nova.pdb	-173.105
complex_1384_Nova.pdb	-145.012
complex_1385_Nova.pdb	-122.666
complex_1386_Nova.pdb	-129.588
complex_1387_Nova.pdb	-177.181
complex_1388_Nova.pdb	-123.438
complex_1389_Nova.pdb	-147.428
complex_138_Nova.pdb	-126.517
complex_1390_Nova.pdb	-135.587
complex_1391_Nova.pdb	-160.178
complex_1392_Nova.pdb	-168.316
complex_1393_Nova.pdb	-135.616
complex_1394_Nova.pdb	-155.956
complex_1395_Nova.pdb	-182.604
complex_1396_Nova.pdb	-203.118
complex_1397_Nova.pdb	-203.043
complex_1398_Nova.pdb	-129.224
complex_1399_Nova.pdb	-150.561
complex_139_Nova.pdb	-138.227
complex_13_Nova.pdb	-184.709
complex_1400_Nova.pdb	-173.607
complex_1401_Nova.pdb	-152.496
complex_1402_Nova.pdb	-151.276
complex_1403_Nova.pdb	-157.436
complex_1404_Nova.pdb	-156.474
complex_1405_Nova.pdb	-126.752
complex_1406_Nova.pdb	-177.007
complex_1407_Nova.pdb	-178.998
complex_1408_Nova.pdb	-140.225
complex_1409_Nova.pdb	-142.395
complex_140_Nova.pdb	-192.215
complex_1410_Nova.pdb	-163.894
complex_1411_Nova.pdb	-163.224
complex_1412_Nova.pdb	-130.459
complex_1413_Nova.pdb	-156.522
complex_1414_Nova.pdb	-157.836
complex_1415_Nova.pdb	-151.761
complex_1416_Nova.pdb	-187.687
complex_1417_Nova.pdb	-107.736
complex_1418_Nova.pdb	-156.066
complex_1419_Nova.pdb	-107.872
complex_141_Nova.pdb	-132.359
complex_1420_Nova.pdb	-153.116
complex_1421_Nova.pdb	-126.614
complex_1422_Nova.pdb	-175.382
complex_1423_Nova.pdb	-168.241
complex_1424_Nova.pdb	-152.433
complex_1425_Nova.pdb	-186.213
complex_1426_Nova.pdb	-262.451
complex_1427_Nova.pdb	-164.085
complex_1428_Nova.pdb	-145.728
complex_1429_Nova.pdb	-143.867
complex_142_Nova.pdb	-236.88
complex_1430_Nova.pdb	-107.826
complex_1431_Nova.pdb	-163.511
complex_1432_Nova.pdb	-132.284
complex_1433_Nova.pdb	-221.831
complex_1434_Nova.pdb	-138.162
complex_1435_Nova.pdb	-149.163
complex_1436_Nova.pdb	-165.82
complex_1437_Nova.pdb	-107.507
complex_1438_Nova.pdb	-167.575
complex_1439_Nova.pdb	-129.908
complex_143_Nova.pdb	-135.397
complex_1440_Nova.pdb	-139.892
complex_1441_Nova.pdb	-210.886
complex_1442_Nova.pdb	-159.961
complex_1443_Nova.pdb	-162.749
complex_1444_Nova.pdb	-138.853
complex_1445_Nova.pdb	-138.375
complex_1446_Nova.pdb	-96.9357
complex_1447_Nova.pdb	-179.687
complex_1448_Nova.pdb	-141.052
complex_1449_Nova.pdb	-191.033
complex_144_Nova.pdb	-271.139
complex_1450_Nova.pdb	-137.422
complex_1451_Nova.pdb	-175.074
complex_1452_Nova.pdb	-195.768
complex_1453_Nova.pdb	-172.342
complex_1454_Nova.pdb	-143.721
complex_1455_Nova.pdb	-156.249
complex_1456_Nova.pdb	-162.581
complex_1457_Nova.pdb	-158.014
complex_1458_Nova.pdb	-103.672
complex_1459_Nova.pdb	-127.176
complex_145_Nova.pdb	-186.129
complex_1460_Nova.pdb	-148.87
complex_1461_Nova.pdb	-155.902
complex_1462_Nova.pdb	-183.421
complex_1463_Nova.pdb	-100.963
complex_1464_Nova.pdb	-141.565
complex_1465_Nova.pdb	-160.63
complex_1466_Nova.pdb	-111.647
complex_1467_Nova.pdb	-138.493
complex_1468_Nova.pdb	-165.342
complex_1469_Nova.pdb	-144.951
complex_146_Nova.pdb	-146.804
complex_1470_Nova.pdb	-136.908
complex_1471_Nova.pdb	-193.005
complex_1472_Nova.pdb	-137.479
complex_1473_Nova.pdb	-128.181
complex_1474_Nova.pdb	-132.002
complex_1475_Nova.pdb	-189.887
complex_1476_Nova.pdb	-96.2186
complex_1477_Nova.pdb	-149.395
complex_1478_Nova.pdb	-146.031
complex_1479_Nova.pdb	-145.674
complex_147_Nova.pdb	-133.879
complex_1480_Nova.pdb	-124.685
complex_1481_Nova.pdb	-74.633
complex_1482_Nova.pdb	-155.604
complex_1483_Nova.pdb	-173.527
complex_1484_Nova.pdb	-166.993
complex_1485_Nova.pdb	-189.436
complex_1486_Nova.pdb	-97.6286
complex_1487_Nova.pdb	-143.107
complex_1488_Nova.pdb	-184.899
complex_1489_Nova.pdb	-174.83
complex_148_Nova.pdb	-157.718
complex_1490_Nova.pdb	-151.137
complex_1491_Nova.pdb	-205.197
complex_1492_Nova.pdb	-125.878
complex_1493_Nova.pdb	-102.56
complex_1494_Nova.pdb	-183.448
complex_1495_Nova.pdb	-99.0762
complex_1496_Nova.pdb	-140.58
complex_1497_Nova.pdb	-207.102
complex_1498_Nova.pdb	-123.205
complex_1499_Nova.pdb	-124.647
complex_149_Nova.pdb	-179.119
complex_14_Nova.pdb	-185.497
complex_1500_Nova.pdb	-111.056
complex_1501_Nova.pdb	-138.453
complex_1502_Nova.pdb	-121.619
complex_1503_Nova.pdb	-94.5265
complex_1504_Nova.pdb	-137.021
complex_1505_Nova.pdb	-164.239
complex_1506_Nova.pdb	-159.486
complex_1507_Nova.pdb	-118.354
complex_1508_Nova.pdb	-202.381
complex_1509_Nova.pdb	-149.587
complex_150_Nova.pdb	-214.585
complex_1510_Nova.pdb	-104.37
complex_1511_Nova.pdb	-131.052
complex_1512_Nova.pdb	-167.347
complex_1513_Nova.pdb	-153.953
complex_1514_Nova.pdb	-165.434
complex_1515_Nova.pdb	-116.428
complex_1516_Nova.pdb	-239.145
complex_1517_Nova.pdb	-161.578
complex_1518_Nova.pdb	-102.961
complex_1519_Nova.pdb	-170.076
complex_151_Nova.pdb	-204.118
complex_1520_Nova.pdb	-141.241
complex_1521_Nova.pdb	-169.482
complex_1522_Nova.pdb	-185.552
complex_1523_Nova.pdb	-188.513
complex_1524_Nova.pdb	-170.46
complex_1525_Nova.pdb	-187.478
complex_1526_Nova.pdb	-110.782
complex_1527_Nova.pdb	-124.414
complex_1528_Nova.pdb	-151.175
complex_1529_Nova.pdb	-163.749
complex_152_Nova.pdb	-141.578
complex_1530_Nova.pdb	-129.106
complex_1531_Nova.pdb	-113.479
complex_1532_Nova.pdb	-123.047
complex_1533_Nova.pdb	-145.821
complex_1534_Nova.pdb	-131.586
complex_1535_Nova.pdb	-181.687
complex_1536_Nova.pdb	-173.656
complex_1537_Nova.pdb	-153.293
complex_1538_Nova.pdb	-221.885
complex_1539_Nova.pdb	-135.94
complex_153_Nova.pdb	-265.935
complex_1540_Nova.pdb	-162.248
complex_1541_Nova.pdb	-140.785
complex_1542_Nova.pdb	-144.48
complex_1543_Nova.pdb	-124.158
complex_1544_Nova.pdb	-147.777
complex_1545_Nova.pdb	-174.329
complex_1546_Nova.pdb	-108.426
complex_1547_Nova.pdb	-169.187
complex_1548_Nova.pdb	-216.022
complex_1549_Nova.pdb	-130.75
complex_154_Nova.pdb	-195.012
complex_1550_Nova.pdb	-120.828
complex_1551_Nova.pdb	-156.313
complex_1552_Nova.pdb	-195.097
complex_1553_Nova.pdb	-208.826
complex_1554_Nova.pdb	-196.282
complex_1555_Nova.pdb	-136.649
complex_1556_Nova.pdb	-100.18
complex_1557_Nova.pdb	-164.193
complex_1558_Nova.pdb	-207.126
complex_1559_Nova.pdb	-211.531
complex_155_Nova.pdb	-127.014
complex_1560_Nova.pdb	-140.282
complex_1561_Nova.pdb	-226.88
complex_1562_Nova.pdb	-142.746
complex_1563_Nova.pdb	-161.548
complex_1564_Nova.pdb	-110.345
complex_1565_Nova.pdb	-161.413
complex_1566_Nova.pdb	-177.338
complex_1567_Nova.pdb	-128.448
complex_1568_Nova.pdb	-190.392
complex_1569_Nova.pdb	-115.768
complex_156_Nova.pdb	-181.94
complex_1570_Nova.pdb	-133.053
complex_1571_Nova.pdb	-180.81
complex_1572_Nova.pdb	-126.471
complex_1573_Nova.pdb	-156.221
complex_1574_Nova.pdb	-160.186
complex_1575_Nova.pdb	-120.789
complex_1576_Nova.pdb	-185.187
complex_1577_Nova.pdb	-244.256
complex_1578_Nova.pdb	-114.603
complex_1579_Nova.pdb	-135.415
complex_157_Nova.pdb	-227.59
complex_1580_Nova.pdb	-155.937
complex_1581_Nova.pdb	-113.602
complex_1582_Nova.pdb	-170.822
complex_1583_Nova.pdb	-151.222
complex_1584_Nova.pdb	-159.595
complex_1585_Nova.pdb	-119.706
complex_1586_Nova.pdb	-188.241
complex_1587_Nova.pdb	-154.544
complex_1588_Nova.pdb	-132.372
complex_1589_Nova.pdb	-155.25
complex_158_Nova.pdb	-268.867
complex_1590_Nova.pdb	-163.143
complex_1591_Nova.pdb	-118.6
complex_1592_Nova.pdb	-101.928
complex_1593_Nova.pdb	-148.119
complex_1594_Nova.pdb	-144.414
complex_1595_Nova.pdb	-127.974
complex_1596_Nova.pdb	-149.51
complex_1597_Nova.pdb	-142.253
complex_1598_Nova.pdb	-175.28
complex_1599_Nova.pdb	-174.86
complex_159_Nova.pdb	-140.518
complex_15_Nova.pdb	-166.133
complex_1600_Nova.pdb	-153.353
complex_1601_Nova.pdb	-149.378
complex_1602_Nova.pdb	-173.288
complex_1603_Nova.pdb	-167.89
complex_1604_Nova.pdb	-193.987
complex_1605_Nova.pdb	-209.537
complex_1606_Nova.pdb	-167.362
complex_1607_Nova.pdb	-106.501
complex_1608_Nova.pdb	-122.87
complex_1609_Nova.pdb	-178.217
complex_160_Nova.pdb	-199.255
complex_1610_Nova.pdb	-133.925
complex_1611_Nova.pdb	-148.07
complex_1612_Nova.pdb	-175.659
complex_1613_Nova.pdb	-182.652
complex_1614_Nova.pdb	-198.806
complex_1615_Nova.pdb	-229.679
complex_1616_Nova.pdb	-141.184
complex_1617_Nova.pdb	-247.16
complex_1618_Nova.pdb	-181.785
complex_1619_Nova.pdb	-179.652
complex_161_Nova.pdb	-162.121
complex_1620_Nova.pdb	-129.253
complex_1621_Nova.pdb	-156.171
complex_1622_Nova.pdb	-128.435
complex_1623_Nova.pdb	-149.735
complex_1624_Nova.pdb	-187.372
complex_1625_Nova.pdb	-218.001
complex_1626_Nova.pdb	-184.936
complex_1627_Nova.pdb	-162.781
complex_1628_Nova.pdb	-99.341
complex_1629_Nova.pdb	-220.625
complex_162_Nova.pdb	-213.513
complex_1630_Nova.pdb	-74.6171
complex_1631_Nova.pdb	-146.101
complex_1632_Nova.pdb	-169.601
complex_1633_Nova.pdb	-163.978
complex_1634_Nova.pdb	-203.836
complex_1635_Nova.pdb	-152.02
complex_1636_Nova.pdb	-134.283
complex_1637_Nova.pdb	-141.277
complex_1638_Nova.pdb	-138.978
complex_1639_Nova.pdb	-202.083
complex_163_Nova.pdb	-205.574
complex_1640_Nova.pdb	-131.235
complex_1641_Nova.pdb	-134.98
complex_1642_Nova.pdb	-113.767
complex_1643_Nova.pdb	-151.507
complex_1644_Nova.pdb	-232.406
complex_1645_Nova.pdb	-178.899
complex_1646_Nova.pdb	-260.113
complex_1647_Nova.pdb	-99.9117
complex_1648_Nova.pdb	-153.567
complex_1649_Nova.pdb	-181.062
complex_164_Nova.pdb	-222.525
complex_1650_Nova.pdb	-132.477
complex_1651_Nova.pdb	-177.245
complex_1652_Nova.pdb	-136.013
complex_1653_Nova.pdb	-135.767
complex_1654_Nova.pdb	-180.697
complex_1655_Nova.pdb	-213.469
complex_1656_Nova.pdb	-107.141
complex_1657_Nova.pdb	-137.114
complex_1658_Nova.pdb	-219.873
complex_1659_Nova.pdb	-161.506
complex_165_Nova.pdb	-210.443
complex_1660_Nova.pdb	-164.907
complex_1661_Nova.pdb	-153.962
complex_1662_Nova.pdb	-161.619
complex_1663_Nova.pdb	-151.425
complex_1664_Nova.pdb	-172.215
complex_1665_Nova.pdb	-132.241
complex_1666_Nova.pdb	-152.77
complex_1667_Nova.pdb	-169.717
complex_1668_Nova.pdb	-119.484
complex_1669_Nova.pdb	-140.263
complex_166_Nova.pdb	-173.045
complex_1670_Nova.pdb	-143.277
complex_1671_Nova.pdb	-188.709
complex_1672_Nova.pdb	-151.661
complex_1673_Nova.pdb	-152.593
complex_1674_Nova.pdb	-101.093
complex_1675_Nova.pdb	-226.251
complex_1676_Nova.pdb	-146.277
complex_1677_Nova.pdb	-186.703
complex_1678_Nova.pdb	-145.293
complex_1679_Nova.pdb	-109.633
complex_167_Nova.pdb	-164.278
complex_1680_Nova.pdb	-123.611
complex_1681_Nova.pdb	-220.931
complex_1682_Nova.pdb	-117.449
complex_1683_Nova.pdb	-125.828
complex_1684_Nova.pdb	-176.922
complex_1685_Nova.pdb	-194.322
complex_1686_Nova.pdb	-136.402
complex_1687_Nova.pdb	-175.238
complex_1688_Nova.pdb	-175.514
complex_1689_Nova.pdb	-149.119
complex_168_Nova.pdb	-183.141
complex_1690_Nova.pdb	-121.185
complex_1691_Nova.pdb	-190.286
complex_1692_Nova.pdb	-161.771
complex_1693_Nova.pdb	-152.838
complex_1694_Nova.pdb	-142.504
complex_1695_Nova.pdb	-136.672
complex_1696_Nova.pdb	-151.244
complex_1697_Nova.pdb	-203.081
complex_1698_Nova.pdb	-178.886
complex_1699_Nova.pdb	-134.442
complex_169_Nova.pdb	-125.38
complex_16_Nova.pdb	-268.05
complex_1700_Nova.pdb	-105.219
complex_1701_Nova.pdb	-166.771
complex_1702_Nova.pdb	-85.2992
complex_1703_Nova.pdb	-160.16
complex_1704_Nova.pdb	-195.13
complex_1705_Nova.pdb	-165.151
complex_1706_Nova.pdb	-98.6238
complex_1707_Nova.pdb	-153.106
complex_1708_Nova.pdb	-123.344
complex_1709_Nova.pdb	-127.6
complex_170_Nova.pdb	-156.657
complex_1710_Nova.pdb	-190.966
complex_1711_Nova.pdb	-105.076
complex_1712_Nova.pdb	-124.452
complex_1713_Nova.pdb	-155.71
complex_1714_Nova.pdb	-134.05
complex_1715_Nova.pdb	-144.765
complex_1716_Nova.pdb	-205.151
complex_1717_Nova.pdb	-136.924
complex_1718_Nova.pdb	-199.185
complex_1719_Nova.pdb	-228.059
complex_171_Nova.pdb	-160.062
complex_1720_Nova.pdb	-113.097
complex_1721_Nova.pdb	-123.757
complex_1722_Nova.pdb	-166.352
complex_1723_Nova.pdb	-183.39
complex_1724_Nova.pdb	-170.094
complex_1725_Nova.pdb	-165.24
complex_1726_Nova.pdb	-155.731
complex_1727_Nova.pdb	-174.854
complex_1728_Nova.pdb	-219.472
complex_1729_Nova.pdb	-154.607
complex_172_Nova.pdb	-212.977
complex_1730_Nova.pdb	-208.74
complex_1731_Nova.pdb	-124.827
complex_1732_Nova.pdb	-216.376
complex_1733_Nova.pdb	-107.386
complex_1734_Nova.pdb	-189.127
complex_1735_Nova.pdb	-167.523
complex_1736_Nova.pdb	-146.329
complex_1737_Nova.pdb	-197.707
complex_1738_Nova.pdb	-148.487
complex_1739_Nova.pdb	-145.865
complex_173_Nova.pdb	-214.109
complex_1740_Nova.pdb	-157.346
complex_1741_Nova.pdb	-139.487
complex_1742_Nova.pdb	-214.421
complex_1743_Nova.pdb	-145.135
complex_1744_Nova.pdb	-219.712
complex_1745_Nova.pdb	-190.287
complex_1746_Nova.pdb	-121.601
complex_1747_Nova.pdb	-169.661
complex_1748_Nova.pdb	-106.473
complex_1749_Nova.pdb	-170.108
complex_174_Nova.pdb	-183.227
complex_1750_Nova.pdb	-115.001
complex_1751_Nova.pdb	-150.935
complex_1752_Nova.pdb	-169.201
complex_1753_Nova.pdb	-135.195
complex_1754_Nova.pdb	-166.305
complex_1755_Nova.pdb	-213.465
complex_1756_Nova.pdb	-144.15
complex_1757_Nova.pdb	-273.467
complex_1758_Nova.pdb	-124.622
complex_1759_Nova.pdb	-78.8573
complex_175_Nova.pdb	-213.354
complex_1760_Nova.pdb	-138.911
complex_1761_Nova.pdb	-182.854
complex_1762_Nova.pdb	-183.971
complex_1763_Nova.pdb	-164.465
complex_1764_Nova.pdb	-125.627
complex_1765_Nova.pdb	-199.924
complex_1766_Nova.pdb	-177.072
complex_1767_Nova.pdb	-119.39
complex_1768_Nova.pdb	-128.957
complex_1769_Nova.pdb	-145.777
complex_176_Nova.pdb	-158.148
complex_1770_Nova.pdb	-170.878
complex_1771_Nova.pdb	-148.691
complex_1772_Nova.pdb	-130.681
complex_1773_Nova.pdb	-135.737
complex_1774_Nova.pdb	-125.015
complex_1775_Nova.pdb	-173.632
complex_1776_Nova.pdb	-235.914
complex_1777_Nova.pdb	-112.822
complex_1778_Nova.pdb	-153.009
complex_1779_Nova.pdb	-221.73
complex_177_Nova.pdb	-149.311
complex_1780_Nova.pdb	-224.654
complex_1781_Nova.pdb	-150.137
complex_1782_Nova.pdb	-202.031
complex_1783_Nova.pdb	-131.116
complex_1784_Nova.pdb	-192.692
complex_1785_Nova.pdb	-158.274
complex_1786_Nova.pdb	-205.613
complex_1787_Nova.pdb	-133.647
complex_1788_Nova.pdb	-172.312
complex_1789_Nova.pdb	-125.466
complex_178_Nova.pdb	-141.525
complex_1790_Nova.pdb	-145.949
complex_1791_Nova.pdb	-123.004
complex_1792_Nova.pdb	-164.584
complex_1793_Nova.pdb	-153.648
complex_1794_Nova.pdb	-151.173
complex_1795_Nova.pdb	-184.684
complex_1796_Nova.pdb	-129.785
complex_1797_Nova.pdb	-166.901
complex_1798_Nova.pdb	-188.352
complex_1799_Nova.pdb	-109.409
complex_179_Nova.pdb	-195.215
complex_17_Nova.pdb	-250.312
complex_1800_Nova.pdb	-202.177
complex_1801_Nova.pdb	-126.594
complex_1802_Nova.pdb	-86.8803
complex_1803_Nova.pdb	-122.145
complex_1804_Nova.pdb	-123.243
complex_1805_Nova.pdb	-137.379
complex_1806_Nova.pdb	-98.3066
complex_1807_Nova.pdb	-80.7412
complex_1808_Nova.pdb	-175.196
complex_1809_Nova.pdb	-154.547
complex_180_Nova.pdb	-190.85
complex_1810_Nova.pdb	-131.746
complex_1811_Nova.pdb	-177.542
complex_1812_Nova.pdb	-116.477
complex_1813_Nova.pdb	-148.22
complex_1814_Nova.pdb	-196.661
complex_1815_Nova.pdb	-106.047
complex_1816_Nova.pdb	-172.41
complex_1817_Nova.pdb	-122.555
complex_1818_Nova.pdb	-186.435
complex_1819_Nova.pdb	-176.02
complex_181_Nova.pdb	-232.483
complex_1820_Nova.pdb	-135.121
complex_1821_Nova.pdb	-138.13
complex_1822_Nova.pdb	-138.266
complex_1823_Nova.pdb	-185.473
complex_1824_Nova.pdb	-208.936
complex_1825_Nova.pdb	-148.569
complex_1826_Nova.pdb	-160.223
complex_1827_Nova.pdb	-112.915
complex_1828_Nova.pdb	-174.951
complex_1829_Nova.pdb	-140.95
complex_182_Nova.pdb	-183.113
complex_1830_Nova.pdb	-204.377
complex_1831_Nova.pdb	-145.26
complex_1832_Nova.pdb	-140.756
complex_1833_Nova.pdb	-185.266
complex_1834_Nova.pdb	-169.771
complex_1835_Nova.pdb	-145.554
complex_1836_Nova.pdb	-170.14
complex_1837_Nova.pdb	-98.8944
complex_1838_Nova.pdb	-148.443
complex_1839_Nova.pdb	-128.05
complex_183_Nova.pdb	-210.275
complex_1840_Nova.pdb	-165.484
complex_1841_Nova.pdb	-180.415
complex_1842_Nova.pdb	-144.55
complex_1843_Nova.pdb	-185.356
complex_1844_Nova.pdb	-171.059
complex_1845_Nova.pdb	-163.891
complex_1846_Nova.pdb	-150.842
complex_1847_Nova.pdb	-203.559
complex_1848_Nova.pdb	-168.345
complex_1849_Nova.pdb	-149.23
complex_184_Nova.pdb	-149.011
complex_1850_Nova.pdb	-198.47
complex_1851_Nova.pdb	-128.919
complex_1852_Nova.pdb	-109.245
complex_1853_Nova.pdb	-143.399
complex_1854_Nova.pdb	-142.592
complex_1855_Nova.pdb	-138.689
complex_1856_Nova.pdb	-148.059
complex_1857_Nova.pdb	-163.772
complex_1858_Nova.pdb	-168.402
complex_1859_Nova.pdb	-218.123
complex_185_Nova.pdb	-202.029
complex_1860_Nova.pdb	-121.216
complex_1861_Nova.pdb	-111.221
complex_1862_Nova.pdb	-183.704
complex_1863_Nova.pdb	-143.218
complex_1864_Nova.pdb	-156.22
complex_1865_Nova.pdb	-146.766
complex_1866_Nova.pdb	-154.625
complex_1867_Nova.pdb	-132.947
complex_1868_Nova.pdb	-158.604
complex_1869_Nova.pdb	-196.999
complex_186_Nova.pdb	-186.061
complex_1870_Nova.pdb	-185.539
complex_1871_Nova.pdb	-155.595
complex_1872_Nova.pdb	-168.28
complex_1873_Nova.pdb	-135.61
complex_1874_Nova.pdb	-125.46
complex_1875_Nova.pdb	-166.461
complex_1876_Nova.pdb	-190.536
complex_1877_Nova.pdb	-139.562
complex_1878_Nova.pdb	-155.614
complex_1879_Nova.pdb	-216.864
complex_187_Nova.pdb	-160.852
complex_1880_Nova.pdb	-175.341
complex_1881_Nova.pdb	-205.267
complex_1882_Nova.pdb	-166.757
complex_1883_Nova.pdb	-160.972
complex_1884_Nova.pdb	-143.13
complex_1885_Nova.pdb	-162.788
complex_1886_Nova.pdb	-160.292
complex_1887_Nova.pdb	-151.408
complex_1888_Nova.pdb	-147.085
complex_1889_Nova.pdb	-243.693
complex_188_Nova.pdb	-139.504
complex_1890_Nova.pdb	-132.678
complex_1891_Nova.pdb	-148.605
complex_1892_Nova.pdb	-128.847
complex_1893_Nova.pdb	-152.517
complex_1894_Nova.pdb	-135.495
complex_1895_Nova.pdb	-139.798
complex_1896_Nova.pdb	-157.135
complex_1897_Nova.pdb	-192.071
complex_1898_Nova.pdb	-120.884
complex_1899_Nova.pdb	-190.877
complex_189_Nova.pdb	-170.437
complex_18_Nova.pdb	-182.697
complex_1900_Nova.pdb	-167.929
complex_1901_Nova.pdb	-174.563
complex_1902_Nova.pdb	-145.883
complex_1903_Nova.pdb	-169.7
complex_1904_Nova.pdb	-101.949
complex_1905_Nova.pdb	-125.611
complex_1906_Nova.pdb	-180.964
complex_1907_Nova.pdb	-126.773
complex_1908_Nova.pdb	-272.098
complex_1909_Nova.pdb	-114.072
complex_190_Nova.pdb	-167.434
complex_1910_Nova.pdb	-144.015
complex_1911_Nova.pdb	-158.956
complex_1912_Nova.pdb	-159.466
complex_1913_Nova.pdb	-183.164
complex_1914_Nova.pdb	-164.097
complex_1915_Nova.pdb	-151.595
complex_1916_Nova.pdb	-206.203
complex_1917_Nova.pdb	-186.683
complex_1918_Nova.pdb	-153.451
complex_1919_Nova.pdb	-198.481
complex_191_Nova.pdb	-212.336
complex_1920_Nova.pdb	-156.088
complex_1921_Nova.pdb	-166.186
complex_1922_Nova.pdb	-158.013
complex_1923_Nova.pdb	-176.441
complex_1924_Nova.pdb	-147.993
complex_1925_Nova.pdb	-110.136
complex_1926_Nova.pdb	-127.939
complex_1927_Nova.pdb	-182.424
complex_1928_Nova.pdb	-106.578
complex_1929_Nova.pdb	-158.478
complex_192_Nova.pdb	-178.106
complex_1930_Nova.pdb	-177.495
complex_1931_Nova.pdb	-113.806
complex_1932_Nova.pdb	-181.699
complex_1933_Nova.pdb	-118.064
complex_1934_Nova.pdb	-146.078
complex_1935_Nova.pdb	-154.251
complex_1936_Nova.pdb	-186.617
complex_1937_Nova.pdb	-167.479
complex_1938_Nova.pdb	-128.98
complex_1939_Nova.pdb	-160.969
complex_193_Nova.pdb	-115.391
complex_1940_Nova.pdb	-152.35
complex_1941_Nova.pdb	-202.644
complex_1942_Nova.pdb	-98.3461
complex_1943_Nova.pdb	-110.982
complex_1944_Nova.pdb	-176.378
complex_1945_Nova.pdb	-169.431
complex_1946_Nova.pdb	-154.623
complex_1947_Nova.pdb	-152.663
complex_1948_Nova.pdb	-160.35
complex_1949_Nova.pdb	-155.733
complex_194_Nova.pdb	-146.71
complex_1950_Nova.pdb	-163.286
complex_1951_Nova.pdb	-137.918
complex_1952_Nova.pdb	-165.023
complex_1953_Nova.pdb	-143.122
complex_1954_Nova.pdb	-145.767
complex_1955_Nova.pdb	-105.451
complex_1956_Nova.pdb	-133.233
complex_1957_Nova.pdb	-126.024
complex_1958_Nova.pdb	-104.069
complex_1959_Nova.pdb	-188.618
complex_195_Nova.pdb	-210.257
complex_1960_Nova.pdb	-137.545
complex_1961_Nova.pdb	-87.9891
complex_1962_Nova.pdb	-135.449
complex_1963_Nova.pdb	-164.01
complex_1964_Nova.pdb	-128.465
complex_1965_Nova.pdb	-177.479
complex_1966_Nova.pdb	-149.929
complex_1967_Nova.pdb	-195.614
complex_1968_Nova.pdb	-166.368
complex_1969_Nova.pdb	-171.405
complex_196_Nova.pdb	-149.796
complex_1970_Nova.pdb	-147.353
complex_1971_Nova.pdb	-143.513
complex_1972_Nova.pdb	-155.289
complex_1973_Nova.pdb	-143.095
complex_1974_Nova.pdb	-153.299
complex_1975_Nova.pdb	-208.847
complex_1976_Nova.pdb	-157.498
complex_1977_Nova.pdb	-134.137
complex_1978_Nova.pdb	-260.806
complex_1979_Nova.pdb	-113.597
complex_197_Nova.pdb	-199.548
complex_1980_Nova.pdb	-115.729
complex_1981_Nova.pdb	-144.34
complex_1982_Nova.pdb	-149.11
complex_1983_Nova.pdb	-182.765
complex_1984_Nova.pdb	-156.839
complex_1985_Nova.pdb	-123.452
complex_1986_Nova.pdb	-230.562
complex_1987_Nova.pdb	-266.56
complex_1988_Nova.pdb	-166.625
complex_1989_Nova.pdb	-135.733
complex_198_Nova.pdb	-169.328
complex_1990_Nova.pdb	-195.78
complex_1991_Nova.pdb	-105.988
complex_1992_Nova.pdb	-170.236
complex_1993_Nova.pdb	-133.853
complex_1994_Nova.pdb	-114.815
complex_1995_Nova.pdb	-172.326
complex_1996_Nova.pdb	-174.186
complex_1997_Nova.pdb	-142.278
complex_1998_Nova.pdb	-129.304
complex_1999_Nova.pdb	-100.454
complex_199_Nova.pdb	-100.487
complex_19_Nova.pdb	-173.792
complex_1_Nova.pdb	-152.169
complex_2000_Nova.pdb	-148.649
complex_200_Nova.pdb	-190.369
complex_201_Nova.pdb	-124.196
complex_202_Nova.pdb	-137.632
complex_203_Nova.pdb	-182.242
complex_204_Nova.pdb	-196.43
complex_205_Nova.pdb	-168.118
complex_206_Nova.pdb	-143.077
complex_207_Nova.pdb	-182.316
complex_208_Nova.pdb	-183.021
complex_209_Nova.pdb	-259.121
complex_20_Nova.pdb	-139.242
complex_210_Nova.pdb	-194.523
complex_211_Nova.pdb	-156.817
complex_212_Nova.pdb	-169.064
complex_213_Nova.pdb	-151.932
complex_214_Nova.pdb	-146.792
complex_215_Nova.pdb	-174.149
complex_216_Nova.pdb	-151.578
complex_217_Nova.pdb	-135.861
complex_218_Nova.pdb	-112.822
complex_219_Nova.pdb	-126.011
complex_21_Nova.pdb	-173.819
complex_220_Nova.pdb	-186.971
complex_221_Nova.pdb	-146.647
complex_222_Nova.pdb	-139.546
complex_223_Nova.pdb	-99.8043
complex_224_Nova.pdb	-168.82
complex_225_Nova.pdb	-135.916
complex_226_Nova.pdb	-180.987
complex_227_Nova.pdb	-133.119
complex_228_Nova.pdb	-129.78
complex_229_Nova.pdb	-132.159
complex_22_Nova.pdb	-174.376
complex_230_Nova.pdb	-149.257
complex_231_Nova.pdb	-179.666
complex_232_Nova.pdb	-244.486
complex_233_Nova.pdb	-177.272
complex_234_Nova.pdb	-113.339
complex_235_Nova.pdb	-152.529
complex_236_Nova.pdb	-106.178
complex_237_Nova.pdb	-193.782
complex_238_Nova.pdb	-192.099
complex_239_Nova.pdb	-193.992
complex_23_Nova.pdb	-151.283
complex_240_Nova.pdb	-151.949
complex_241_Nova.pdb	-169.94
complex_242_Nova.pdb	-231.382
complex_243_Nova.pdb	-196.303
complex_244_Nova.pdb	-276.02
complex_245_Nova.pdb	-169.897
complex_246_Nova.pdb	-123.409
complex_247_Nova.pdb	-158.953
complex_248_Nova.pdb	-208.865
complex_249_Nova.pdb	-236.169
complex_24_Nova.pdb	-184.691
complex_250_Nova.pdb	-135.066
complex_251_Nova.pdb	-163.146
complex_252_Nova.pdb	-196.989
complex_253_Nova.pdb	-121.034
complex_254_Nova.pdb	-126.088
complex_255_Nova.pdb	-147.825
complex_256_Nova.pdb	-252.378
complex_257_Nova.pdb	-147.28
complex_258_Nova.pdb	-140.578
complex_259_Nova.pdb	-144.739
complex_25_Nova.pdb	-185.418
complex_260_Nova.pdb	-221.216
complex_261_Nova.pdb	-194.958
complex_262_Nova.pdb	-127.014
complex_263_Nova.pdb	-167.294
complex_264_Nova.pdb	-180.304
complex_265_Nova.pdb	-145.471
complex_266_Nova.pdb	-194.313
complex_267_Nova.pdb	-214.189
complex_268_Nova.pdb	-246.096
complex_269_Nova.pdb	-161.469
complex_26_Nova.pdb	-238.695
complex_270_Nova.pdb	-138.467
complex_271_Nova.pdb	-186.848
complex_272_Nova.pdb	-160.228
complex_273_Nova.pdb	-182.747
complex_274_Nova.pdb	-155.066
complex_275_Nova.pdb	-137.845
complex_276_Nova.pdb	-121.108
complex_277_Nova.pdb	-205.081
complex_278_Nova.pdb	-212.55
complex_279_Nova.pdb	-255.651
complex_27_Nova.pdb	-197.242
complex_280_Nova.pdb	-185.714
complex_281_Nova.pdb	-144.967
complex_282_Nova.pdb	-167.413
complex_283_Nova.pdb	-180.072
complex_284_Nova.pdb	-167.306
complex_285_Nova.pdb	-119.214
complex_286_Nova.pdb	-168.542
complex_287_Nova.pdb	-155.132
complex_288_Nova.pdb	-178.388
complex_289_Nova.pdb	-186.812
complex_28_Nova.pdb	-171.954
complex_290_Nova.pdb	-197.728
complex_291_Nova.pdb	-219.158
complex_292_Nova.pdb	-151.101
complex_293_Nova.pdb	-166.865
complex_294_Nova.pdb	-170.734
complex_295_Nova.pdb	-157.024
complex_296_Nova.pdb	-155.333
complex_297_Nova.pdb	-114.262
complex_298_Nova.pdb	-204.055
complex_299_Nova.pdb	-139.674
complex_29_Nova.pdb	-118.007
complex_2_Nova.pdb	-252.036
complex_300_Nova.pdb	-197.15
complex_301_Nova.pdb	-261.766
complex_302_Nova.pdb	-124.881
complex_303_Nova.pdb	-255.769
complex_304_Nova.pdb	-202.144
complex_305_Nova.pdb	-208.996
complex_306_Nova.pdb	-164.647
complex_307_Nova.pdb	-128.072
complex_308_Nova.pdb	-134.033
complex_309_Nova.pdb	-155.697
complex_30_Nova.pdb	-206.033
complex_310_Nova.pdb	-141.673
complex_311_Nova.pdb	-210.835
complex_312_Nova.pdb	-202.092
complex_313_Nova.pdb	-136.166
complex_314_Nova.pdb	-175.564
complex_315_Nova.pdb	-248.395
complex_316_Nova.pdb	-138.318
complex_317_Nova.pdb	-103.191
complex_318_Nova.pdb	-104.016
complex_319_Nova.pdb	-156.148
complex_31_Nova.pdb	-258.396
complex_320_Nova.pdb	-139.051
complex_321_Nova.pdb	-141.475
complex_322_Nova.pdb	-144.852
complex_323_Nova.pdb	-215.456
complex_324_Nova.pdb	-123.725
complex_325_Nova.pdb	-230.9
complex_326_Nova.pdb	-120.607
complex_327_Nova.pdb	-187.176
complex_328_Nova.pdb	-140.604
complex_329_Nova.pdb	-130.399
complex_32_Nova.pdb	-178.804
complex_330_Nova.pdb	-138.141
complex_331_Nova.pdb	-173.593
complex_332_Nova.pdb	-203.253
complex_333_Nova.pdb	-219.318
complex_334_Nova.pdb	-129.415
complex_335_Nova.pdb	-201.261
complex_336_Nova.pdb	-126.813
complex_337_Nova.pdb	-136.37
complex_338_Nova.pdb	-126.184
complex_339_Nova.pdb	-115.376
complex_33_Nova.pdb	-228.975
complex_340_Nova.pdb	-93.0941
complex_341_Nova.pdb	-150.896
complex_342_Nova.pdb	-225.124
complex_343_Nova.pdb	-108.426
complex_344_Nova.pdb	-148.116
complex_345_Nova.pdb	-179.241
complex_346_Nova.pdb	-132.334
complex_347_Nova.pdb	-135.286
complex_348_Nova.pdb	-202.963
complex_349_Nova.pdb	-146.614
complex_34_Nova.pdb	-149.786
complex_350_Nova.pdb	-162.647
complex_351_Nova.pdb	-143.751
complex_352_Nova.pdb	-117.08
complex_353_Nova.pdb	-148.046
complex_354_Nova.pdb	-211.104
complex_355_Nova.pdb	-144.832
complex_356_Nova.pdb	-144.787
complex_357_Nova.pdb	-225.752
complex_358_Nova.pdb	-230.129
complex_359_Nova.pdb	-229.409
complex_35_Nova.pdb	-161.151
complex_360_Nova.pdb	-225.98
complex_361_Nova.pdb	-263.835
complex_362_Nova.pdb	-206.158
complex_363_Nova.pdb	-132.619
complex_364_Nova.pdb	-256.568
complex_365_Nova.pdb	-125.214
complex_366_Nova.pdb	-137.445
complex_367_Nova.pdb	-160.001
complex_368_Nova.pdb	-148.723
complex_369_Nova.pdb	-130.257
complex_36_Nova.pdb	-145.948
complex_370_Nova.pdb	-138.831
complex_371_Nova.pdb	-153.31
complex_372_Nova.pdb	-167.642
complex_373_Nova.pdb	-163.946
complex_374_Nova.pdb	-171.126
complex_375_Nova.pdb	-141.436
complex_376_Nova.pdb	-141.071
complex_377_Nova.pdb	-157.424
complex_378_Nova.pdb	-183.207
complex_379_Nova.pdb	-177.955
complex_37_Nova.pdb	-169.685
complex_380_Nova.pdb	-174.412
complex_381_Nova.pdb	-133.995
complex_382_Nova.pdb	-126.635
complex_383_Nova.pdb	-165.032
complex_384_Nova.pdb	-128.282
complex_385_Nova.pdb	-174.941
complex_386_Nova.pdb	-99.276
complex_387_Nova.pdb	-175.203
complex_388_Nova.pdb	-140.506
complex_389_Nova.pdb	-209.344
complex_38_Nova.pdb	-158.632
complex_390_Nova.pdb	-155.698
complex_391_Nova.pdb	-135.441
complex_392_Nova.pdb	-229.3
complex_393_Nova.pdb	-145.671
complex_394_Nova.pdb	-194.633
complex_395_Nova.pdb	-187.841
complex_396_Nova.pdb	-160.619
complex_397_Nova.pdb	-250.373
complex_398_Nova.pdb	-134.02
complex_399_Nova.pdb	-231.789
complex_39_Nova.pdb	-166.863
complex_3_Nova.pdb	-167.127
complex_400_Nova.pdb	-147.699
complex_401_Nova.pdb	-201.619
complex_402_Nova.pdb	-151.901
complex_403_Nova.pdb	-140.782
complex_404_Nova.pdb	-183.157
complex_405_Nova.pdb	-155.808
complex_406_Nova.pdb	-114.825
complex_407_Nova.pdb	-179.492
complex_408_Nova.pdb	-196.696
complex_409_Nova.pdb	-248.245
complex_40_Nova.pdb	-249.487
complex_410_Nova.pdb	-178.866
complex_411_Nova.pdb	-133.14
complex_412_Nova.pdb	-137.242
complex_413_Nova.pdb	-289.818
complex_414_Nova.pdb	-139.57
complex_415_Nova.pdb	-166.102
complex_416_Nova.pdb	-235.316
complex_417_Nova.pdb	-192.539
complex_418_Nova.pdb	-129.985
complex_419_Nova.pdb	-163.193
complex_41_Nova.pdb	-188.6
complex_420_Nova.pdb	-153.58
complex_421_Nova.pdb	-223.322
complex_422_Nova.pdb	-145.458
complex_423_Nova.pdb	-188.242
complex_424_Nova.pdb	-117.405
complex_425_Nova.pdb	-143.423
complex_426_Nova.pdb	-145.306
complex_427_Nova.pdb	-171.651
complex_428_Nova.pdb	-153.564
complex_429_Nova.pdb	-125.805
complex_42_Nova.pdb	-199.344
complex_430_Nova.pdb	-190.282
complex_431_Nova.pdb	-103.636
complex_432_Nova.pdb	-190.165
complex_433_Nova.pdb	-140.4
complex_434_Nova.pdb	-148.158
complex_435_Nova.pdb	-139.816
complex_436_Nova.pdb	-125.738
complex_437_Nova.pdb	-156.531
complex_438_Nova.pdb	-214.126
complex_439_Nova.pdb	-128.244
complex_43_Nova.pdb	-251.941
complex_440_Nova.pdb	-160.494
complex_441_Nova.pdb	-114.346
complex_442_Nova.pdb	-213.114
complex_443_Nova.pdb	-243.263
complex_444_Nova.pdb	-238.993
complex_445_Nova.pdb	-112.973
complex_446_Nova.pdb	-114.555
complex_447_Nova.pdb	-134.655
complex_448_Nova.pdb	-122.514
complex_449_Nova.pdb	-159.685
complex_44_Nova.pdb	-113.604
complex_450_Nova.pdb	-183.966
complex_451_Nova.pdb	-152.891
complex_452_Nova.pdb	-213.083
complex_453_Nova.pdb	-96.5606
complex_454_Nova.pdb	-160.943
complex_455_Nova.pdb	-170.297
complex_456_Nova.pdb	-194.907
complex_457_Nova.pdb	-139.386
complex_458_Nova.pdb	-145.173
complex_459_Nova.pdb	-187.515
complex_45_Nova.pdb	-186.255
complex_460_Nova.pdb	-157.535
complex_461_Nova.pdb	-156.502
complex_462_Nova.pdb	-163.009
complex_463_Nova.pdb	-149.056
complex_464_Nova.pdb	-127.641
complex_465_Nova.pdb	-117.499
complex_466_Nova.pdb	-153.149
complex_467_Nova.pdb	-163.768
complex_468_Nova.pdb	-259.428
complex_469_Nova.pdb	-162.804
complex_46_Nova.pdb	-152.042
complex_470_Nova.pdb	-254.633
complex_471_Nova.pdb	-146.821
complex_472_Nova.pdb	-164.653
complex_473_Nova.pdb	-245.568
complex_474_Nova.pdb	-115.358
complex_475_Nova.pdb	-161.281
complex_476_Nova.pdb	-246.978
complex_477_Nova.pdb	-173.768
complex_478_Nova.pdb	-232.263
complex_479_Nova.pdb	-165.609
complex_47_Nova.pdb	-134.632
complex_480_Nova.pdb	-142.89
complex_481_Nova.pdb	-118.11
complex_482_Nova.pdb	-142.58
complex_483_Nova.pdb	-181.669
complex_484_Nova.pdb	-210.221
complex_485_Nova.pdb	-136.883
complex_486_Nova.pdb	-130.739
complex_487_Nova.pdb	-162.399
complex_488_Nova.pdb	-153.235
complex_489_Nova.pdb	-159.669
complex_48_Nova.pdb	-166.73
complex_490_Nova.pdb	-262.759
complex_491_Nova.pdb	-127.528
complex_492_Nova.pdb	-145.293
complex_493_Nova.pdb	-138.33
complex_494_Nova.pdb	-184.527
complex_495_Nova.pdb	-131.499
complex_496_Nova.pdb	-131.748
complex_497_Nova.pdb	-160.257
complex_498_Nova.pdb	-139.567
complex_499_Nova.pdb	-322.947
complex_49_Nova.pdb	-161.471
complex_4_Nova.pdb	-157.625
complex_500_Nova.pdb	-147.968
complex_501_Nova.pdb	-162.867
complex_502_Nova.pdb	-127.825
complex_503_Nova.pdb	-116.018
complex_504_Nova.pdb	-180.159
complex_505_Nova.pdb	-132.707
complex_506_Nova.pdb	-181.619
complex_507_Nova.pdb	-114.033
complex_508_Nova.pdb	-138.073
complex_509_Nova.pdb	-191.843
complex_50_Nova.pdb	-208.47
complex_510_Nova.pdb	-136.013
complex_511_Nova.pdb	-109.683
complex_512_Nova.pdb	-297.168
complex_513_Nova.pdb	-175.334
complex_514_Nova.pdb	-100.673
complex_515_Nova.pdb	-173.14
complex_516_Nova.pdb	-157.668
complex_517_Nova.pdb	-152.408
complex_518_Nova.pdb	-140.851
complex_519_Nova.pdb	-165.141
complex_51_Nova.pdb	-170.922
complex_520_Nova.pdb	-127.87
complex_521_Nova.pdb	-122.887
complex_522_Nova.pdb	-144.736
complex_523_Nova.pdb	-141.714
complex_524_Nova.pdb	-134.434
complex_525_Nova.pdb	-172.821
complex_526_Nova.pdb	-130.949
complex_527_Nova.pdb	-131.824
complex_528_Nova.pdb	-126.86
complex_529_Nova.pdb	-145.411
complex_52_Nova.pdb	-279.11
complex_530_Nova.pdb	-203.472
complex_531_Nova.pdb	-129.257
complex_532_Nova.pdb	-174.513
complex_533_Nova.pdb	-123.672
complex_534_Nova.pdb	-162.621
complex_535_Nova.pdb	-197.134
complex_536_Nova.pdb	-205.613
complex_537_Nova.pdb	-169.634
complex_538_Nova.pdb	-121.901
complex_539_Nova.pdb	-161.939
complex_53_Nova.pdb	-174.048
complex_540_Nova.pdb	-158.98
complex_541_Nova.pdb	-244.999
complex_542_Nova.pdb	-133.188
complex_543_Nova.pdb	-139.727
complex_544_Nova.pdb	-124.559
complex_545_Nova.pdb	-119.267
complex_546_Nova.pdb	-134.718
complex_547_Nova.pdb	-153.714
complex_548_Nova.pdb	-150.673
complex_549_Nova.pdb	-142.088
complex_54_Nova.pdb	-135.096
complex_550_Nova.pdb	-171.819
complex_551_Nova.pdb	-154.833
complex_552_Nova.pdb	-122.645
complex_553_Nova.pdb	-202.511
complex_554_Nova.pdb	-108.189
complex_555_Nova.pdb	-221.181
complex_556_Nova.pdb	-121.792
complex_557_Nova.pdb	-163.821
complex_558_Nova.pdb	-142.651
complex_559_Nova.pdb	-158.94
complex_55_Nova.pdb	-230.709
complex_560_Nova.pdb	-184.099
complex_561_Nova.pdb	-164.601
complex_562_Nova.pdb	-223.781
complex_563_Nova.pdb	-139.182
complex_564_Nova.pdb	-180.616
complex_565_Nova.pdb	-190.054
complex_566_Nova.pdb	-159.661
complex_567_Nova.pdb	-105.247
complex_568_Nova.pdb	-226.458
complex_569_Nova.pdb	-174.548
complex_56_Nova.pdb	-162.532
complex_570_Nova.pdb	-127.455
complex_571_Nova.pdb	-196.356
complex_572_Nova.pdb	-152.631
complex_573_Nova.pdb	-122.892
complex_574_Nova.pdb	-163.119
complex_575_Nova.pdb	-110.977
complex_576_Nova.pdb	-102.691
complex_577_Nova.pdb	-134.141
complex_578_Nova.pdb	-172.047
complex_579_Nova.pdb	-179.271
complex_57_Nova.pdb	-262.512
complex_580_Nova.pdb	-248.475
complex_581_Nova.pdb	-142.356
complex_582_Nova.pdb	-147.97
complex_583_Nova.pdb	-173.645
complex_584_Nova.pdb	-145.007
complex_585_Nova.pdb	-73.5825
complex_586_Nova.pdb	-160.891
complex_587_Nova.pdb	-180.352
complex_588_Nova.pdb	-207.977
complex_589_Nova.pdb	-179.192
complex_58_Nova.pdb	-235.286
complex_590_Nova.pdb	-141.297
complex_591_Nova.pdb	-126.568
complex_592_Nova.pdb	-129.041
complex_593_Nova.pdb	-123.223
complex_594_Nova.pdb	-200.039
complex_595_Nova.pdb	-186.207
complex_596_Nova.pdb	-219.707
complex_597_Nova.pdb	-149.471
complex_598_Nova.pdb	-173.553
complex_599_Nova.pdb	-149.215
complex_59_Nova.pdb	-144.502
complex_5_Nova.pdb	-142.668
complex_600_Nova.pdb	-209.217
complex_601_Nova.pdb	-198.201
complex_602_Nova.pdb	-182.548
complex_603_Nova.pdb	-165.575
complex_604_Nova.pdb	-108.114
complex_605_Nova.pdb	-189.125
complex_606_Nova.pdb	-127.399
complex_607_Nova.pdb	-134.26
complex_608_Nova.pdb	-126.964
complex_609_Nova.pdb	-202.757
complex_60_Nova.pdb	-202.26
complex_610_Nova.pdb	-219.784
complex_611_Nova.pdb	-130.972
complex_612_Nova.pdb	-169.128
complex_613_Nova.pdb	-140.323
complex_614_Nova.pdb	-103.83
complex_615_Nova.pdb	-220.836
complex_616_Nova.pdb	-172.289
complex_617_Nova.pdb	-173.301
complex_618_Nova.pdb	-145.833
complex_619_Nova.pdb	-235.557
complex_61_Nova.pdb	-151.487
complex_620_Nova.pdb	-189.219
complex_621_Nova.pdb	-204.815
complex_622_Nova.pdb	-135.789
complex_623_Nova.pdb	-112.844
complex_624_Nova.pdb	-166.992
complex_625_Nova.pdb	-129.646
complex_626_Nova.pdb	-160.773
complex_627_Nova.pdb	-156.311
complex_628_Nova.pdb	-121.426
complex_629_Nova.pdb	-224.832
complex_62_Nova.pdb	-172.138
complex_630_Nova.pdb	-110.915
complex_631_Nova.pdb	-160.394
complex_632_Nova.pdb	-185.528
complex_633_Nova.pdb	-165.705
complex_634_Nova.pdb	-130.742
complex_635_Nova.pdb	-228.66
complex_636_Nova.pdb	-124.581
complex_637_Nova.pdb	-168.57
complex_638_Nova.pdb	-220.801
complex_639_Nova.pdb	-162.696
complex_63_Nova.pdb	-163.936
complex_640_Nova.pdb	-128.14
complex_641_Nova.pdb	-166.7
complex_642_Nova.pdb	-179.366
complex_643_Nova.pdb	-151.671
complex_644_Nova.pdb	-126.952
complex_645_Nova.pdb	-242.064
complex_646_Nova.pdb	-151.874
complex_647_Nova.pdb	-136.186
complex_648_Nova.pdb	-148.956
complex_649_Nova.pdb	-224.919
complex_64_Nova.pdb	-170.651
complex_650_Nova.pdb	-205.974
complex_651_Nova.pdb	-148.833
complex_652_Nova.pdb	-165.299
complex_653_Nova.pdb	-108.624
complex_654_Nova.pdb	-168.041
complex_655_Nova.pdb	-109.011
complex_656_Nova.pdb	-131.064
complex_657_Nova.pdb	-150.076
complex_658_Nova.pdb	-121.41
complex_659_Nova.pdb	-102.536
complex_65_Nova.pdb	-164.318
complex_660_Nova.pdb	-179.572
complex_661_Nova.pdb	-159.227
complex_662_Nova.pdb	-159.289
complex_663_Nova.pdb	-145.923
complex_664_Nova.pdb	-128.989
complex_665_Nova.pdb	-126.424
complex_666_Nova.pdb	-164.942
complex_667_Nova.pdb	-124.775
complex_668_Nova.pdb	-110.496
complex_669_Nova.pdb	-135.325
complex_66_Nova.pdb	-161.442
complex_670_Nova.pdb	-113.978
complex_671_Nova.pdb	-109.92
complex_672_Nova.pdb	-131.672
complex_673_Nova.pdb	-129.533
complex_674_Nova.pdb	-222.617
complex_675_Nova.pdb	-188.793
complex_676_Nova.pdb	-240.53
complex_677_Nova.pdb	-157.989
complex_678_Nova.pdb	-147.215
complex_679_Nova.pdb	-199.172
complex_67_Nova.pdb	-180.689
complex_680_Nova.pdb	-154.342
complex_681_Nova.pdb	-179.572
complex_682_Nova.pdb	-214.796
complex_683_Nova.pdb	-221.177
complex_684_Nova.pdb	-100.132
complex_685_Nova.pdb	-166.426
complex_686_Nova.pdb	-143.092
complex_687_Nova.pdb	-173.4
complex_688_Nova.pdb	-197.372
complex_689_Nova.pdb	-139.172
complex_68_Nova.pdb	-171.818
complex_690_Nova.pdb	-114.611
complex_691_Nova.pdb	-138.461
complex_692_Nova.pdb	-141.592
complex_693_Nova.pdb	-145.866
complex_694_Nova.pdb	-211.357
complex_695_Nova.pdb	-246.385
complex_696_Nova.pdb	-119.513
complex_697_Nova.pdb	-166.737
complex_698_Nova.pdb	-190.876
complex_699_Nova.pdb	-134.368
complex_69_Nova.pdb	-155.248
complex_6_Nova.pdb	-143.561
complex_700_Nova.pdb	-129.802
complex_701_Nova.pdb	-172.099
complex_702_Nova.pdb	-124.963
complex_703_Nova.pdb	-156.533
complex_704_Nova.pdb	-130.286
complex_705_Nova.pdb	-146.625
complex_706_Nova.pdb	-93.1382
complex_707_Nova.pdb	-155.252
complex_708_Nova.pdb	-172.502
complex_709_Nova.pdb	-147.964
complex_70_Nova.pdb	-110.345
complex_710_Nova.pdb	-273.076
complex_711_Nova.pdb	-134.33
complex_712_Nova.pdb	-145.453
complex_713_Nova.pdb	-131.465
complex_714_Nova.pdb	-111.987
complex_715_Nova.pdb	-177.877
complex_716_Nova.pdb	-150.345
complex_717_Nova.pdb	-107.752
complex_718_Nova.pdb	-151.35
complex_719_Nova.pdb	-145.638
complex_71_Nova.pdb	-184.318
complex_720_Nova.pdb	-167.281
complex_721_Nova.pdb	-166.099
complex_722_Nova.pdb	-135.158
complex_723_Nova.pdb	-157.285
complex_724_Nova.pdb	-129.185
complex_725_Nova.pdb	-127.005
complex_726_Nova.pdb	-139.121
complex_727_Nova.pdb	-187.403
complex_728_Nova.pdb	-194.598
complex_729_Nova.pdb	-200.258
complex_72_Nova.pdb	-184.428
complex_730_Nova.pdb	-164.901
complex_731_Nova.pdb	-112.359
complex_732_Nova.pdb	-123.506
complex_733_Nova.pdb	-112.455
complex_734_Nova.pdb	-104.529
complex_735_Nova.pdb	-100.826
complex_736_Nova.pdb	-215.403
complex_737_Nova.pdb	-164.328
complex_738_Nova.pdb	-101.361
complex_739_Nova.pdb	-153.898
complex_73_Nova.pdb	-230.658
complex_740_Nova.pdb	-186.972
complex_741_Nova.pdb	-155.217
complex_742_Nova.pdb	-105.637
complex_743_Nova.pdb	-157.446
complex_744_Nova.pdb	-144.552
complex_745_Nova.pdb	-178.799
complex_746_Nova.pdb	-96.9601
complex_747_Nova.pdb	-161.975
complex_748_Nova.pdb	-155.474
complex_749_Nova.pdb	-152.858
complex_74_Nova.pdb	-166.101
complex_750_Nova.pdb	-217.287
complex_751_Nova.pdb	-133.35
complex_752_Nova.pdb	-152.405
complex_753_Nova.pdb	-225.331
complex_754_Nova.pdb	-138.116
complex_755_Nova.pdb	-127.339
complex_756_Nova.pdb	-138.212
complex_757_Nova.pdb	-182.81
complex_758_Nova.pdb	-200.866
complex_759_Nova.pdb	-126.633
complex_75_Nova.pdb	-183.751
complex_760_Nova.pdb	-135.041
complex_761_Nova.pdb	-219.971
complex_762_Nova.pdb	-118.333
complex_763_Nova.pdb	-168.596
complex_764_Nova.pdb	-181.233
complex_765_Nova.pdb	-263.706
complex_766_Nova.pdb	-142.56
complex_767_Nova.pdb	-218.632
complex_768_Nova.pdb	-163.344
complex_769_Nova.pdb	-195.251
complex_76_Nova.pdb	-248.004
complex_770_Nova.pdb	-217.833
complex_771_Nova.pdb	-135.487
complex_772_Nova.pdb	-120.367
complex_773_Nova.pdb	-224.358
complex_774_Nova.pdb	-228.038
complex_775_Nova.pdb	-137.664
complex_776_Nova.pdb	-204.206
complex_777_Nova.pdb	-174.977
complex_778_Nova.pdb	-92.5485
complex_779_Nova.pdb	-152.866
complex_77_Nova.pdb	-140.137
complex_780_Nova.pdb	-141.094
complex_781_Nova.pdb	-173.671
complex_782_Nova.pdb	-210.261
complex_783_Nova.pdb	-188.693
complex_784_Nova.pdb	-147.842
complex_785_Nova.pdb	-190.535
complex_786_Nova.pdb	-142.203
complex_787_Nova.pdb	-177.043
complex_788_Nova.pdb	-140.532
complex_789_Nova.pdb	-126.796
complex_78_Nova.pdb	-167.146
complex_790_Nova.pdb	-101.685
complex_791_Nova.pdb	-166.713
complex_792_Nova.pdb	-142.979
complex_793_Nova.pdb	-128.473
complex_794_Nova.pdb	-123.378
complex_795_Nova.pdb	-105.059
complex_796_Nova.pdb	-217.756
complex_797_Nova.pdb	-145.879
complex_798_Nova.pdb	-145.193
complex_799_Nova.pdb	-136.487
complex_79_Nova.pdb	-195.358
complex_7_Nova.pdb	-162.118
complex_800_Nova.pdb	-183.04
complex_801_Nova.pdb	-160.935
complex_802_Nova.pdb	-236.383
complex_803_Nova.pdb	-151.893
complex_804_Nova.pdb	-144.513
complex_805_Nova.pdb	-163.995
complex_806_Nova.pdb	-205.401
complex_807_Nova.pdb	-176.149
complex_808_Nova.pdb	-120.607
complex_809_Nova.pdb	-128.194
complex_80_Nova.pdb	-265.82
complex_810_Nova.pdb	-189.029
complex_811_Nova.pdb	-180.905
complex_812_Nova.pdb	-147.162
complex_813_Nova.pdb	-199.204
complex_814_Nova.pdb	-123.53
complex_815_Nova.pdb	-236.347
complex_816_Nova.pdb	-148.241
complex_817_Nova.pdb	-155.737
complex_818_Nova.pdb	-139.318
complex_819_Nova.pdb	-200.385
complex_81_Nova.pdb	-90.2268
complex_820_Nova.pdb	-149.107
complex_821_Nova.pdb	-178.859
complex_822_Nova.pdb	-127.144
complex_823_Nova.pdb	-147.452
complex_824_Nova.pdb	-179.984
complex_825_Nova.pdb	-245.6
complex_826_Nova.pdb	-143.8
complex_827_Nova.pdb	-118.891
complex_828_Nova.pdb	-184.99
complex_829_Nova.pdb	-152.893
complex_82_Nova.pdb	-175.181
complex_830_Nova.pdb	-193.382
complex_831_Nova.pdb	-130.311
complex_832_Nova.pdb	-173.591
complex_833_Nova.pdb	-125.972
complex_834_Nova.pdb	-115.414
complex_835_Nova.pdb	-152.198
complex_836_Nova.pdb	-188.99
complex_837_Nova.pdb	-162.45
complex_838_Nova.pdb	-165.564
complex_839_Nova.pdb	-121.41
complex_83_Nova.pdb	-164.731
complex_840_Nova.pdb	-88.6355
complex_841_Nova.pdb	-226.807
complex_842_Nova.pdb	-112.761
complex_843_Nova.pdb	-142.577
complex_844_Nova.pdb	-217.15
complex_845_Nova.pdb	-144.569
complex_846_Nova.pdb	-171.975
complex_847_Nova.pdb	-215.786
complex_848_Nova.pdb	-101.677
complex_849_Nova.pdb	-169.583
complex_84_Nova.pdb	-170.39
complex_850_Nova.pdb	-175.726
complex_851_Nova.pdb	-141.698
complex_852_Nova.pdb	-193.929
complex_853_Nova.pdb	-187.868
complex_854_Nova.pdb	-165.73
complex_855_Nova.pdb	-111.973
complex_856_Nova.pdb	-155.967
complex_857_Nova.pdb	-230.422
complex_858_Nova.pdb	-134.813
complex_859_Nova.pdb	-193.609
complex_85_Nova.pdb	-212.291
complex_860_Nova.pdb	-170.278
complex_861_Nova.pdb	-140.271
complex_862_Nova.pdb	-137.27
complex_863_Nova.pdb	-164.045
complex_864_Nova.pdb	-198.974
complex_865_Nova.pdb	-130.283
complex_866_Nova.pdb	-222.703
complex_867_Nova.pdb	-154.815
complex_868_Nova.pdb	-107.844
complex_869_Nova.pdb	-122.175
complex_86_Nova.pdb	-167.845
complex_870_Nova.pdb	-184.239
complex_871_Nova.pdb	-193.181
complex_872_Nova.pdb	-130.572
complex_873_Nova.pdb	-137.981
complex_874_Nova.pdb	-132.846
complex_875_Nova.pdb	-113.238
complex_876_Nova.pdb	-106.546
complex_877_Nova.pdb	-233.65
complex_878_Nova.pdb	-167.899
complex_879_Nova.pdb	-158.919
complex_87_Nova.pdb	-182.998
complex_880_Nova.pdb	-158.635
complex_881_Nova.pdb	-104.786
complex_882_Nova.pdb	-123.321
complex_883_Nova.pdb	-153.342
complex_884_Nova.pdb	-143.793
complex_885_Nova.pdb	-159.803
complex_886_Nova.pdb	-215.943
complex_887_Nova.pdb	-152.377
complex_888_Nova.pdb	-202.09
complex_889_Nova.pdb	-160.195
complex_88_Nova.pdb	-218.915
complex_890_Nova.pdb	-135.882
complex_891_Nova.pdb	-171.551
complex_892_Nova.pdb	-132.467
complex_893_Nova.pdb	-218.107
complex_894_Nova.pdb	-202.597
complex_895_Nova.pdb	-129.82
complex_896_Nova.pdb	-228.807
complex_897_Nova.pdb	-150.248
complex_898_Nova.pdb	-183.542
complex_899_Nova.pdb	-200.956
complex_89_Nova.pdb	-237.318
complex_8_Nova.pdb	-184.756
complex_900_Nova.pdb	-106.721
complex_901_Nova.pdb	-183.149
complex_902_Nova.pdb	-122.65
complex_903_Nova.pdb	-180.405
complex_904_Nova.pdb	-166.196
complex_905_Nova.pdb	-157.004
complex_906_Nova.pdb	-194.585
complex_907_Nova.pdb	-162.387
complex_908_Nova.pdb	-151.399
complex_909_Nova.pdb	-138.867
complex_90_Nova.pdb	-113.593
complex_910_Nova.pdb	-280.076
complex_911_Nova.pdb	-142.317
complex_912_Nova.pdb	-120.36
complex_913_Nova.pdb	-187.537
complex_914_Nova.pdb	-143.108
complex_915_Nova.pdb	-106.565
complex_916_Nova.pdb	-185.201
complex_917_Nova.pdb	-191.072
complex_918_Nova.pdb	-134.61
complex_919_Nova.pdb	-160.288
complex_91_Nova.pdb	-113.331
complex_920_Nova.pdb	-137.311
complex_921_Nova.pdb	-146.424
complex_922_Nova.pdb	-152.268
complex_923_Nova.pdb	-174.283
complex_924_Nova.pdb	-146.36
complex_925_Nova.pdb	-249.752
complex_926_Nova.pdb	-98.9731
complex_927_Nova.pdb	-138.662
complex_928_Nova.pdb	-149.934
complex_929_Nova.pdb	-176.195
complex_92_Nova.pdb	-254.103
complex_930_Nova.pdb	-180.847
complex_931_Nova.pdb	-125.821
complex_932_Nova.pdb	-169.531
complex_933_Nova.pdb	-173.126
complex_934_Nova.pdb	-125.901
complex_935_Nova.pdb	-185.239
complex_936_Nova.pdb	-83.4975
complex_937_Nova.pdb	-133.368
complex_938_Nova.pdb	-154.299
complex_939_Nova.pdb	-144.419
complex_93_Nova.pdb	-144.161
complex_940_Nova.pdb	-178.387
complex_941_Nova.pdb	-117.194
complex_942_Nova.pdb	-162.31
complex_943_Nova.pdb	-169.711
complex_944_Nova.pdb	-177.179
complex_945_Nova.pdb	-129.223
complex_946_Nova.pdb	-138.912
complex_947_Nova.pdb	-101.423
complex_948_Nova.pdb	-175.228
complex_949_Nova.pdb	-138.922
complex_94_Nova.pdb	-187.801
complex_950_Nova.pdb	-102.298
complex_951_Nova.pdb	-174.584
complex_952_Nova.pdb	-160.314
complex_953_Nova.pdb	-138.621
complex_954_Nova.pdb	-109.448
complex_955_Nova.pdb	-132.652
complex_956_Nova.pdb	-163.064
complex_957_Nova.pdb	-217.875
complex_958_Nova.pdb	-181.684
complex_959_Nova.pdb	-182.283
complex_95_Nova.pdb	-185.756
complex_960_Nova.pdb	-138.086
complex_961_Nova.pdb	-133.732
complex_962_Nova.pdb	-120.294
complex_963_Nova.pdb	-206.812
complex_964_Nova.pdb	-169.008
complex_965_Nova.pdb	-175.043
complex_966_Nova.pdb	-276.309
complex_967_Nova.pdb	-157.564
complex_968_Nova.pdb	-136.33
complex_969_Nova.pdb	-113.693
complex_96_Nova.pdb	-154.31
complex_970_Nova.pdb	-186.08
complex_971_Nova.pdb	-233.094
complex_972_Nova.pdb	-135.849
complex_973_Nova.pdb	-176.389
complex_974_Nova.pdb	-139.913
complex_975_Nova.pdb	-87.2934
complex_976_Nova.pdb	-140.648
complex_977_Nova.pdb	-148.783
complex_978_Nova.pdb	-177.504
complex_979_Nova.pdb	-159.476
complex_97_Nova.pdb	-173.342
complex_980_Nova.pdb	-173.368
complex_981_Nova.pdb	-146.53
complex_982_Nova.pdb	-114.245
complex_983_Nova.pdb	-119.086
complex_984_Nova.pdb	-154.59
complex_985_Nova.pdb	-134.791
complex_986_Nova.pdb	-188.822
complex_987_Nova.pdb	-171.953
complex_988_Nova.pdb	-133.736
complex_989_Nova.pdb	-134.432
complex_98_Nova.pdb	-179.017
complex_990_Nova.pdb	-164.888
complex_991_Nova.pdb	-116.233
complex_992_Nova.pdb	-134.326
complex_993_Nova.pdb	-151.81
complex_994_Nova.pdb	-155.209
complex_995_Nova.pdb	-159.55
complex_996_Nova.pdb	-173.688
complex_997_Nova.pdb	-108.715
complex_998_Nova.pdb	-126.557
complex_999_Nova.pdb	-121.665
complex_99_Nova.pdb	-203.291
complex_9_Nova.pdb	-274.504
